Archive member included because of file (symbol)

C:\depot\Projects\Marmalade\6.3\s3e\edk\lib\android\libedk.a(IwDebug.o)
                              debug\FuseAPI_platform.os (IwDebugTraceSetTraceChannel)
C:\depot\Projects\Marmalade\6.3\s3e\edk\lib\android\libedk.a(edk_helpers.o)
                              debug\FuseAPI_platform.os (s3eEdkThreadRunOnOS)
C:\android-ndk-r8d\sources\cxx-stl\gnu-libstdc++\4.4.3\libs\armeabi\libgnustl_static.a(del_op.o)
                              debug\FuseAPI_platform.os (operator delete(void*))
c:/android-ndk-r8d/toolchains/arm-linux-androideabi-4.4.3/prebuilt/windows/bin/../lib/gcc/arm-linux-androideabi/4.4.3\libgcc.a(_udivsi3.o)
                              debug\cfuhash.os (__aeabi_uidiv)
c:/android-ndk-r8d/toolchains/arm-linux-androideabi-4.4.3/prebuilt/windows/bin/../lib/gcc/arm-linux-androideabi/4.4.3\libgcc.a(_aeabi_ldivmod.o)
                              C:\depot\Projects\Marmalade\6.3\s3e\edk\lib\android\libedk.a(IwDebug.o) (__aeabi_ldivmod)
c:/android-ndk-r8d/toolchains/arm-linux-androideabi-4.4.3/prebuilt/windows/bin/../lib/gcc/arm-linux-androideabi/4.4.3\libgcc.a(_dvmd_lnx.o)
                              c:/android-ndk-r8d/toolchains/arm-linux-androideabi-4.4.3/prebuilt/windows/bin/../lib/gcc/arm-linux-androideabi/4.4.3\libgcc.a(_udivsi3.o) (__div0)
c:/android-ndk-r8d/toolchains/arm-linux-androideabi-4.4.3/prebuilt/windows/bin/../lib/gcc/arm-linux-androideabi/4.4.3\libgcc.a(bpabi.o)
                              c:/android-ndk-r8d/toolchains/arm-linux-androideabi-4.4.3/prebuilt/windows/bin/../lib/gcc/arm-linux-androideabi/4.4.3\libgcc.a(_aeabi_ldivmod.o) (__gnu_ldivmod_helper)
c:/android-ndk-r8d/toolchains/arm-linux-androideabi-4.4.3/prebuilt/windows/bin/../lib/gcc/arm-linux-androideabi/4.4.3\libgcc.a(unwind-arm.o)
                              C:\android-ndk-r8d\sources\cxx-stl\gnu-libstdc++\4.4.3\libs\armeabi\libgnustl_static.a(del_op.o) (__aeabi_unwind_cpp_pr0)
c:/android-ndk-r8d/toolchains/arm-linux-androideabi-4.4.3/prebuilt/windows/bin/../lib/gcc/arm-linux-androideabi/4.4.3\libgcc.a(libunwind.o)
                              c:/android-ndk-r8d/toolchains/arm-linux-androideabi-4.4.3/prebuilt/windows/bin/../lib/gcc/arm-linux-androideabi/4.4.3\libgcc.a(unwind-arm.o) (restore_core_regs)
c:/android-ndk-r8d/toolchains/arm-linux-androideabi-4.4.3/prebuilt/windows/bin/../lib/gcc/arm-linux-androideabi/4.4.3\libgcc.a(pr-support.o)
                              c:/android-ndk-r8d/toolchains/arm-linux-androideabi-4.4.3/prebuilt/windows/bin/../lib/gcc/arm-linux-androideabi/4.4.3\libgcc.a(unwind-arm.o) (__gnu_unwind_execute)
c:/android-ndk-r8d/toolchains/arm-linux-androideabi-4.4.3/prebuilt/windows/bin/../lib/gcc/arm-linux-androideabi/4.4.3\libgcc.a(_divdi3.o)
                              c:/android-ndk-r8d/toolchains/arm-linux-androideabi-4.4.3/prebuilt/windows/bin/../lib/gcc/arm-linux-androideabi/4.4.3\libgcc.a(bpabi.o) (__divdi3)
c:/android-ndk-r8d/toolchains/arm-linux-androideabi-4.4.3/prebuilt/windows/bin/../lib/gcc/arm-linux-androideabi/4.4.3\libgcc.a(_udivdi3.o)
                              c:/android-ndk-r8d/toolchains/arm-linux-androideabi-4.4.3/prebuilt/windows/bin/../lib/gcc/arm-linux-androideabi/4.4.3\libgcc.a(bpabi.o) (__udivdi3)

Discarded input sections

 .text          0x00000000        0x0 C:/android-ndk-r8d/platforms/android-9/arch-arm/usr/lib/crtbegin_so.o
 .bss           0x00000000        0x0 C:/android-ndk-r8d/platforms/android-9/arch-arm/usr/lib/crtbegin_so.o
 .note.GNU-stack
                0x00000000        0x0 C:/android-ndk-r8d/platforms/android-9/arch-arm/usr/lib/crtbegin_so.o
 _ZN7_JNIEnv9FindClassEPKc
                0x00000000        0x0 debug\FuseAPI_platform.os
 _ZN7_JNIEnv17ExceptionOccurredEv
                0x00000000        0x0 debug\FuseAPI_platform.os
 _ZN7_JNIEnv17ExceptionDescribeEv
                0x00000000        0x0 debug\FuseAPI_platform.os
 _ZN7_JNIEnv14ExceptionClearEv
                0x00000000        0x0 debug\FuseAPI_platform.os
 _ZN7_JNIEnv12NewGlobalRefEP8_jobject
                0x00000000        0x0 debug\FuseAPI_platform.os
 _ZN7_JNIEnv15DeleteGlobalRefEP8_jobject
                0x00000000        0x0 debug\FuseAPI_platform.os
 _ZN7_JNIEnv14DeleteLocalRefEP8_jobject
                0x00000000        0x0 debug\FuseAPI_platform.os
 _ZN7_JNIEnv9NewObjectEP7_jclassP10_jmethodIDz
                0x00000000        0x0 debug\FuseAPI_platform.os
 _ZN7_JNIEnv11GetMethodIDEP7_jclassPKcS3_
                0x00000000        0x0 debug\FuseAPI_platform.os
 _ZN7_JNIEnv16CallObjectMethodEP8_jobjectP10_jmethodIDz
                0x00000000        0x0 debug\FuseAPI_platform.os
 _ZN7_JNIEnv17CallBooleanMethodEP8_jobjectP10_jmethodIDz
                0x00000000        0x0 debug\FuseAPI_platform.os
 _ZN7_JNIEnv13CallIntMethodEP8_jobjectP10_jmethodIDz
                0x00000000        0x0 debug\FuseAPI_platform.os
 _ZN7_JNIEnv14CallVoidMethodEP8_jobjectP10_jmethodIDz
[...]
Memory Configuration

Name             Origin             Length             Attributes
*default*        0x00000000         0xffffffff

Linker script and memory map

LOAD C:/android-ndk-r8d/platforms/android-9/arch-arm/usr/lib/crtbegin_so.o
LOAD debug\FuseAPI_platform.os
LOAD debug\FuseAPI.os
LOAD debug\FuseAPI_register.os
LOAD debug\cfu.os
LOAD debug\cfuconf.os
LOAD debug\cfuhash.os
LOAD debug\cfulist.os
LOAD debug\cfuopt.os
LOAD debug\cfustring.os
LOAD debug\cfuthread_queue.os
LOAD debug\cfutime.os
LOAD debug\libcfu-config.os
LOAD C:\depot\Projects\Marmalade\6.3\s3e\edk\lib\android\libedk.a
LOAD C:\depot\Projects\Marmalade\6.3\s3e\edk\lib\android/libplaceholderplaceholderplaceholderplaceholderplaceholder.so
LOAD C:\android-ndk-r8d\platforms\android-9\arch-arm\usr\lib/liblog.so
LOAD C:\android-ndk-r8d\sources\cxx-stl\gnu-libstdc++\4.4.3\libs\armeabi\libgnustl_static.a
LOAD c:/android-ndk-r8d/toolchains/arm-linux-androideabi-4.4.3/prebuilt/windows/bin/../lib/gcc/arm-linux-androideabi/4.4.3\libgcc.a
LOAD C:\android-ndk-r8d\platforms\android-9\arch-arm\usr\lib/libstdc++.so
LOAD C:\android-ndk-r8d\platforms\android-9\arch-arm\usr\lib/libm.so
LOAD C:\android-ndk-r8d\platforms\android-9\arch-arm\usr\lib/libc.so
LOAD c:/android-ndk-r8d/toolchains/arm-linux-androideabi-4.4.3/prebuilt/windows/bin/../lib/gcc/arm-linux-androideabi/4.4.3\libgcc.a
LOAD C:\android-ndk-r8d\platforms\android-9\arch-arm\usr\lib/libc.so
LOAD C:\android-ndk-r8d\platforms\android-9\arch-arm\usr\lib/libdl.so
LOAD c:/android-ndk-r8d/toolchains/arm-linux-androideabi-4.4.3/prebuilt/windows/bin/../lib/gcc/arm-linux-androideabi/4.4.3\libgcc.a
LOAD C:/android-ndk-r8d/platforms/android-9/arch-arm/usr/lib/crtend_so.o
                0x000000f4                . = (0x0 + SIZEOF_HEADERS)

.note.gnu.build-id
 *(.note.gnu.build-id)

.hash           0x000000f4      0x398
 *(.hash)
 .hash          0x000000f4      0x398 C:/android-ndk-r8d/platforms/android-9/arch-arm/usr/lib/crtbegin_so.o

.gnu.hash
 *(.gnu.hash)

.dynsym         0x0000048c      0x830
 *(.dynsym)
 .dynsym        0x0000048c      0x830 C:/android-ndk-r8d/platforms/android-9/arch-arm/usr/lib/crtbegin_so.o

.dynstr         0x00000cbc      0x7f5
 *(.dynstr)
 .dynstr        0x00000cbc      0x7f5 C:/android-ndk-r8d/platforms/android-9/arch-arm/usr/lib/crtbegin_so.o

.gnu.version    0x000014b2        0x0 load address 0x000014b1
 *(.gnu.version)
 .gnu.version   0x00000000        0x0 C:/android-ndk-r8d/platforms/android-9/arch-arm/usr/lib/crtbegin_so.o

.gnu.version_d  0x000014b4        0x0 load address 0x000014b1
 *(.gnu.version_d)
 .gnu.version_d
                0x00000000        0x0 C:/android-ndk-r8d/platforms/android-9/arch-arm/usr/lib/crtbegin_so.o

.gnu.version_r  0x000014b4        0x0 load address 0x000014b1
 *(.gnu.version_r)
 .gnu.version_r
                0x00000000        0x0 C:/android-ndk-r8d/platforms/android-9/arch-arm/usr/lib/crtbegin_so.o

.rel.dyn        0x000014b4      0x470
 *(.rel.init)
 *(.rel.text .rel.text.* .rel.gnu.linkonce.t.*)
 *(.rel.fini)
 *(.rel.rodata .rel.rodata.* .rel.gnu.linkonce.r.*)
 *(.rel.data.rel.ro* .rel.gnu.linkonce.d.rel.ro.*)
 .rel.data.rel.ro
                0x000014b4      0x2a0 C:/android-ndk-r8d/platforms/android-9/arch-arm/usr/lib/crtbegin_so.o
 *(.rel.data .rel.data.* .rel.gnu.linkonce.d.*)
 *(.rel.tdata .rel.tdata.* .rel.gnu.linkonce.td.*)
 *(.rel.tbss .rel.tbss.* .rel.gnu.linkonce.tb.*)
 *(.rel.ctors)
 *(.rel.dtors)
 *(.rel.got)
 .rel.got       0x00001754      0x1b8 C:/android-ndk-r8d/platforms/android-9/arch-arm/usr/lib/crtbegin_so.o
 *(.rel.bss .rel.bss.* .rel.gnu.linkonce.b.*)
 .rel.fini_array
                0x0000190c        0x8 C:/android-ndk-r8d/platforms/android-9/arch-arm/usr/lib/crtbegin_so.o
 .rel.init_array
                0x00001914       0x10 C:/android-ndk-r8d/platforms/android-9/arch-arm/usr/lib/crtbegin_so.o

.rela.dyn
 *(.rela.init)
 *(.rela.text .rela.text.* .rela.gnu.linkonce.t.*)
 *(.rela.fini)
 *(.rela.rodata .rela.rodata.* .rela.gnu.linkonce.r.*)
 *(.rela.data .rela.data.* .rela.gnu.linkonce.d.*)
 *(.rela.tdata .rela.tdata.* .rela.gnu.linkonce.td.*)
 *(.rela.tbss .rela.tbss.* .rela.gnu.linkonce.tb.*)
 *(.rela.ctors)
 *(.rela.dtors)
 *(.rela.got)
 *(.rela.bss .rela.bss.* .rela.gnu.linkonce.b.*)

.rel.plt        0x00001924      0x120
 *(.rel.plt)
 .rel.plt       0x00001924      0x120 C:/android-ndk-r8d/platforms/android-9/arch-arm/usr/lib/crtbegin_so.o

.rela.plt
 *(.rela.plt)

.init
 *(.init)

.plt            0x00001a44      0x1c4
 *(.plt)
 .plt           0x00001a44      0x1c4 C:/android-ndk-r8d/platforms/android-9/arch-arm/usr/lib/crtbegin_so.o

.text           0x00001c08     0xa3e4
 *(.text .stub .text.* .gnu.linkonce.t.*)
 .text.exit     0x00001c08       0x10 C:/android-ndk-r8d/platforms/android-9/arch-arm/usr/lib/crtbegin_so.o
                0x00001c08                __on_dlclose
 .text._ZN7_JNIEnv9FindClassEPKc
                0x00001c18       0x38 debug\FuseAPI_platform.os
                0x00001c18                _JNIEnv::FindClass(char const*)
 .text._ZN7_JNIEnv17ExceptionOccurredEv
                0x00001c50       0x30 debug\FuseAPI_platform.os
                0x00001c50                _JNIEnv::ExceptionOccurred()
 .text._ZN7_JNIEnv17ExceptionDescribeEv
                0x00001c80       0x28 debug\FuseAPI_platform.os
                0x00001c80                _JNIEnv::ExceptionDescribe()
 .text._ZN7_JNIEnv14ExceptionClearEv
                0x00001ca8       0x28 debug\FuseAPI_platform.os
                0x00001ca8                _JNIEnv::ExceptionClear()
 .text._ZN7_JNIEnv12NewGlobalRefEP8_jobject
                0x00001cd0       0x38 debug\FuseAPI_platform.os
                0x00001cd0                _JNIEnv::NewGlobalRef(_jobject*)
 .text._ZN7_JNIEnv15DeleteGlobalRefEP8_jobject
                0x00001d08       0x30 debug\FuseAPI_platform.os
                0x00001d08                _JNIEnv::DeleteGlobalRef(_jobject*)
 .text._ZN7_JNIEnv14DeleteLocalRefEP8_jobject
                0x00001d38       0x30 debug\FuseAPI_platform.os
                0x00001d38                _JNIEnv::DeleteLocalRef(_jobject*)
 .text._ZN7_JNIEnv9NewObjectEP7_jclassP10_jmethodIDz
                0x00001d68       0x5c debug\FuseAPI_platform.os
                0x00001d68                _JNIEnv::NewObject(_jclass*, _jmethodID*, ...)
 .text._ZN7_JNIEnv11GetMethodIDEP7_jclassPKcS3_
                0x00001dc4       0x48 debug\FuseAPI_platform.os
                0x00001dc4                _JNIEnv::GetMethodID(_jclass*, char const*, char const*)
 .text._ZN7_JNIEnv16CallObjectMethodEP8_jobjectP10_jmethodIDz
                0x00001e0c       0x5c debug\FuseAPI_platform.os
                0x00001e0c                _JNIEnv::CallObjectMethod(_jobject*, _jmethodID*, ...)
 .text._ZN7_JNIEnv17CallBooleanMethodEP8_jobjectP10_jmethodIDz
                0x00001e68       0x5c debug\FuseAPI_platform.os
                0x00001e68                _JNIEnv::CallBooleanMethod(_jobject*, _jmethodID*, ...)
 .text._ZN7_JNIEnv13CallIntMethodEP8_jobjectP10_jmethodIDz
                0x00001ec4       0x5c debug\FuseAPI_platform.os
                0x00001ec4                _JNIEnv::CallIntMethod(_jobject*, _jmethodID*, ...)
 .text._ZN7_JNIEnv14CallVoidMethodEP8_jobjectP10_jmethodIDz
                0x00001f20       0x4c debug\FuseAPI_platform.os
                0x00001f20                _JNIEnv::CallVoidMethod(_jobject*, _jmethodID*, ...)
 .text._ZN7_JNIEnv12NewStringUTFEPKc
                0x00001f6c       0x38 debug\FuseAPI_platform.os
                0x00001f6c                _JNIEnv::NewStringUTF(char const*)
 .text._ZN7_JNIEnv15RegisterNativesEP7_jclassPK15JNINativeMethodi
                0x00001fa4       0x48 debug\FuseAPI_platform.os
                0x00001fa4                _JNIEnv::RegisterNatives(_jclass*, JNINativeMethod const*, int)
 .text._ZN7_JavaVM6GetEnvEPPvi
                0x00001fec       0x40 debug\FuseAPI_platform.os
                0x00001fec                _JavaVM::GetEnv(void**, int)
 .text._ZL15s3eEdkJNIGetEnvv
                0x0000202c       0x44 debug\FuseAPI_platform.os
 .text._ZL27s3eEdkAndroidFindClass_realPKc
                0x00002070       0xa4 debug\FuseAPI_platform.os
 .text._ZL22s3eEdkAndroidFindClassPKc
                0x00002114       0x38 debug\FuseAPI_platform.os
 .text._Z27FuseAPISessionStartReceivedP7_JNIEnvP8_jobject
                0x0000214c       0xac debug\FuseAPI_platform.os
                0x0000214c                FuseAPISessionStartReceived(_JNIEnv*, _jobject*)
 .text._Z17FuseAPILoginErrorP7_JNIEnvP8_jobjecti
                0x000021f8       0xc0 debug\FuseAPI_platform.os
                0x000021f8                FuseAPILoginError(_JNIEnv*, _jobject*, int)
 .text._Z29FuseAPIAdAvailabilityResponseP7_JNIEnvP8_jobjectii
                0x000022b8       0xd0 debug\FuseAPI_platform.os
                0x000022b8                FuseAPIAdAvailabilityResponse(_JNIEnv*, _jobject*, int, int)
 .text._Z18FuseAPIAdWillCloseP7_JNIEnvP8_jobject
                0x00002388       0xac debug\FuseAPI_platform.os
                0x00002388                FuseAPIAdWillClose(_JNIEnv*, _jobject*)
 .text._Z18FuseAPIAdDisplayedP7_JNIEnvP8_jobject
                0x00002434       0xac debug\FuseAPI_platform.os
                0x00002434                FuseAPIAdDisplayed(_JNIEnv*, _jobject*)
 .text._Z16FuseAPIAdClickedP7_JNIEnvP8_jobject
                0x000024e0       0xac debug\FuseAPI_platform.os
                0x000024e0                FuseAPIAdClicked(_JNIEnv*, _jobject*)
 .text._Z25FuseAPINotificationActionP7_JNIEnvP8_jobjectP8_jstring
                0x0000258c       0xcc debug\FuseAPI_platform.os
                0x0000258c                FuseAPINotificationAction(_JNIEnv*, _jobject*, _jstring*)
 .text._Z27FuseAPIAccountLoginCompleteP7_JNIEnvP8_jobjectiP8_jstring
                0x00002658       0xd8 debug\FuseAPI_platform.os
                0x00002658                FuseAPIAccountLoginComplete(_JNIEnv*, _jobject*, int, _jstring*)
 .text._Z18FuseAPITimeUpdatedP7_JNIEnvP8_jobjecti
                0x00002730       0xc0 debug\FuseAPI_platform.os
                0x00002730                FuseAPITimeUpdated(_JNIEnv*, _jobject*, int)
 .text._Z17FuseGameDataErrorP7_JNIEnvP8_jobjectii
                0x000027f0       0xd0 debug\FuseAPI_platform.os
                0x000027f0                FuseGameDataError(_JNIEnv*, _jobject*, int, int)
 .text._Z27FuseGameDataSetAcknowledgedP7_JNIEnvP8_jobjecti
                0x000028c0       0xc0 debug\FuseAPI_platform.os
                0x000028c0                FuseGameDataSetAcknowledged(_JNIEnv*, _jobject*, int)
 .text._Z29FuseAPIFriendsListUpdateStartP7_JNIEnvP8_jobjecti
                0x00002980       0xec debug\FuseAPI_platform.os
                0x00002980                FuseAPIFriendsListUpdateStart(_JNIEnv*, _jobject*, int)
 .text._Z30FuseAPIFriendsListUpdatePlayerP7_JNIEnvP8_jobjectP8_jstringS4_S4_S4_iib
                0x00002a6c      0x248 debug\FuseAPI_platform.os
                0x00002a6c                FuseAPIFriendsListUpdatePlayer(_JNIEnv*, _jobject*, _jstring*, _jstring*, _jstring*, _jstring*, int, int, bool)
 .text._Z27FuseAPIFriendsListUpdateEndP7_JNIEnvP8_jobject
                0x00002cb4       0xac debug\FuseAPI_platform.os
                0x00002cb4                FuseAPIFriendsListUpdateEnd(_JNIEnv*, _jobject*)
 .text._Z20FuseFriendsListErrorP7_JNIEnvP8_jobjecti
                0x00002d60       0xc0 debug\FuseAPI_platform.os
                0x00002d60                FuseFriendsListError(_JNIEnv*, _jobject*, int)
 .text._Z20FuseMailAcknowledgedP7_JNIEnvP8_jobjectiP8_jstringi
                0x00002e20       0xe8 debug\FuseAPI_platform.os
                0x00002e20                FuseMailAcknowledged(_JNIEnv*, _jobject*, int, _jstring*, int)
 .text._Z26FuseAPIMailListUpdateStartP7_JNIEnvP8_jobjecti
                0x00002f08       0xf0 debug\FuseAPI_platform.os
                0x00002f08                FuseAPIMailListUpdateStart(_JNIEnv*, _jobject*, int)
 .text._Z21FuseAPIMailListUpdateP7_JNIEnvP8_jobjectiP8_jstringS4_S4_S4_
                0x00002ff8      0x180 debug\FuseAPI_platform.os
                0x00002ff8                FuseAPIMailListUpdate(_JNIEnv*, _jobject*, int, _jstring*, _jstring*, _jstring*, _jstring*)
 .text._Z25FuseAPIMailListUpdateGiftP7_JNIEnvP8_jobjectiP8_jstringS4_i
                0x00003178      0x154 debug\FuseAPI_platform.os
                0x00003178                FuseAPIMailListUpdateGift(_JNIEnv*, _jobject*, int, _jstring*, _jstring*, int)
 .text._Z20FuseMailListReceivedP7_JNIEnvP8_jobjectP8_jstring
                0x000032cc       0xcc debug\FuseAPI_platform.os
                0x000032cc                FuseMailListReceived(_JNIEnv*, _jobject*, _jstring*)
 .text._Z13FuseMailErrorP7_JNIEnvP8_jobjecti
                0x00003398       0xc0 debug\FuseAPI_platform.os
                0x00003398                FuseMailError(_JNIEnv*, _jobject*, int)
 .text._Z17FuseMailListErrorP7_JNIEnvP8_jobjecti
                0x00003458       0xc0 debug\FuseAPI_platform.os
                0x00003458                FuseMailListError(_JNIEnv*, _jobject*, int)
 .text._Z26FuseGameConfigurationStartP7_JNIEnvP8_jobjecti
                0x00003518       0xc8 debug\FuseAPI_platform.os
                0x00003518                FuseGameConfigurationStart(_JNIEnv*, _jobject*, int)
 .text._Z29FuseGameConfigurationKeyValueP7_JNIEnvP8_jobjectP8_jstringS4_
                0x000035e0       0xd0 debug\FuseAPI_platform.os
                0x000035e0                FuseGameConfigurationKeyValue(_JNIEnv*, _jobject*, _jstring*, _jstring*)
 .text._Z29FuseGameConfigurationReceivedP7_JNIEnvP8_jobject
                0x000036b0       0xc4 debug\FuseAPI_platform.os
                0x000036b0                FuseGameConfigurationReceived(_JNIEnv*, _jobject*)
 .text._Z28FuseAPIGameDataReceivedStartP7_JNIEnvP8_jobject
                0x00003774       0x8c debug\FuseAPI_platform.os
                0x00003774                FuseAPIGameDataReceivedStart(_JNIEnv*, _jobject*)
 .text._Z26FuseAPIGameDataReceivedKVPP7_JNIEnvP8_jobjectbP8_jstringS4_
                0x00003800      0x10c debug\FuseAPI_platform.os
                0x00003800                FuseAPIGameDataReceivedKVP(_JNIEnv*, _jobject*, bool, _jstring*, _jstring*)
 .text._Z26FuseAPIGameDataReceivedEndP7_JNIEnvP8_jobjectP8_jstringi
                0x0000390c       0xf8 debug\FuseAPI_platform.os
                0x0000390c                FuseAPIGameDataReceivedEnd(_JNIEnv*, _jobject*, _jstring*, int)
 .text._Z9FusePausePvS_
                0x00003a04       0x68 debug\FuseAPI_platform.os
                0x00003a04                FusePause(void*, void*)
 .text._Z10FuseResumePvS_
                0x00003a6c       0x24 debug\FuseAPI_platform.os
                0x00003a6c                FuseResume(void*, void*)
 .text._Z20FuseAPIInit_platformv
                0x00003a90     0x14e8 debug\FuseAPI_platform.os
                0x00003a90                FuseAPIInit_platform()
 .text._Z25FuseAPITerminate_platformv
                0x00004f78       0x50 debug\FuseAPI_platform.os
                0x00004f78                FuseAPITerminate_platform()
 .text._Z28FuseAPIStartSession_platformPKc
                0x00004fc8       0x68 debug\FuseAPI_platform.os
                0x00004fc8                FuseAPIStartSession_platform(char const*)
 .text._Z28FuseAPIPauseSession_platformv
                0x00005030       0x4c debug\FuseAPI_platform.os
                0x00005030                FuseAPIPauseSession_platform()
 .text._Z29FuseAPIResumeSession_platformv
                0x0000507c       0x4c debug\FuseAPI_platform.os
                0x0000507c                FuseAPIResumeSession_platform()
 .text._Z32FuseAPITerminateSession_platformv
                0x000050c8       0x4c debug\FuseAPI_platform.os
                0x000050c8                FuseAPITerminateSession_platform()
 .text._Z44FuseAPIRegisterForPushNotifications_platformPKc
                0x00005114       0x68 debug\FuseAPI_platform.os
                0x00005114                FuseAPIRegisterForPushNotifications_platform(char const*)
 .text._Z29FuseAPIRegisterEvent_platformPKc
                0x0000517c       0x68 debug\FuseAPI_platform.os
                0x0000517c                FuseAPIRegisterEvent_platform(char const*)
 .text._Z38FuseAPIRegisterEventWithParam_platformPKcS0_S0_S0_PKd
                0x000051e4       0xe4 debug\FuseAPI_platform.os
                0x000051e4                FuseAPIRegisterEventWithParam_platform(char const*, char const*, char const*, char const*, double const*)
 .text._Z42FuseAPIRegisterEventWithEventData_platformPKcS0_S0_P13cfuhash_table
                0x000052c8      0x1c4 debug\FuseAPI_platform.os
                0x000052c8                FuseAPIRegisterEventWithEventData_platform(char const*, char const*, char const*, cfuhash_table*)
 .text._Z43FuseAPIRegisterEventWithDictionary_platformPKcP13cfuhash_table
                0x0000548c      0x17c debug\FuseAPI_platform.os
                0x0000548c                FuseAPIRegisterEventWithDictionary_platform(char const*, cfuhash_table*)
 .text._Z37FuseAPIRegisterInAppPurchase_platform17FusePurchaseStatePKcS1_S1_lS1_PKdS1_
                0x00005608      0x11c debug\FuseAPI_platform.os
                0x00005608                FuseAPIRegisterInAppPurchase_platform(FusePurchaseState, char const*, char const*, char const*, long, char const*, double const*, char const*)
 .text._Z32FuseAPICheckAdAvailable_platformv
                0x00005724       0x4c debug\FuseAPI_platform.os
                0x00005724                FuseAPICheckAdAvailable_platform()
 .text._Z22FuseAPIShowAd_platformv
                0x00005770       0x4c debug\FuseAPI_platform.os
                0x00005770                FuseAPIShowAd_platform()
 .text._Z36FuseAPIDisplayNotifications_platformv
                0x000057bc       0x4c debug\FuseAPI_platform.os
                0x000057bc                FuseAPIDisplayNotifications_platform()
 .text._Z32FuseAPIDisplayMoreGames_platformv
                0x00005808       0x4c debug\FuseAPI_platform.os
                0x00005808                FuseAPIDisplayMoreGames_platform()
 .text._Z30FuseAPIRegisterGender_platformi
                0x00005854       0x54 debug\FuseAPI_platform.os
                0x00005854                FuseAPIRegisterGender_platform(int)
 .text._Z29FuseAPIFacebookLogin_platformPKcS0_S0_
                0x000058a8       0xa8 debug\FuseAPI_platform.os
                0x000058a8                FuseAPIFacebookLogin_platform(char const*, char const*, char const*)
 .text._Z28FuseAPITwitterLogin_platformPKc
                0x00005950       0x68 debug\FuseAPI_platform.os
                0x00005950                FuseAPITwitterLogin_platform(char const*)
 .text._Z27FuseAPIDeviceLogin_platformPKc
                0x000059b8       0x68 debug\FuseAPI_platform.os
                0x000059b8                FuseAPIDeviceLogin_platform(char const*)
 .text._Z25FuseAPIFuseLogin_platformPKcS0_
                0x00005a20       0x88 debug\FuseAPI_platform.os
                0x00005a20                FuseAPIFuseLogin_platform(char const*, char const*)
 .text._Z31FuseAPIGameCenterLogin_platformv
                0x00005aa8        0x4 debug\FuseAPI_platform.os
                0x00005aa8                FuseAPIGameCenterLogin_platform()
 .text._Z31FuseAPIGooglePlayLogin_platformPKcS0_
                0x00005aac       0x88 debug\FuseAPI_platform.os
                0x00005aac                FuseAPIGooglePlayLogin_platform(char const*, char const*)
 .text._Z36FuseAPIGetOriginalAccountId_platformv
                0x00005b34       0x64 debug\FuseAPI_platform.os
                0x00005b34                FuseAPIGetOriginalAccountId_platform()
 .text._Z39FuseAPIGetOriginalAccountAlias_platformv
                0x00005b98       0x64 debug\FuseAPI_platform.os
                0x00005b98                FuseAPIGetOriginalAccountAlias_platform()
 .text._Z38FuseAPIGetOriginalAccountType_platformv
                0x00005bfc       0x54 debug\FuseAPI_platform.os
                0x00005bfc                FuseAPIGetOriginalAccountType_platform()
 .text._Z25FuseAPIGetFuseID_platformv
                0x00005c50       0x64 debug\FuseAPI_platform.os
                0x00005c50                FuseAPIGetFuseID_platform()
 .text._Z27FuseAPIgamesPlayed_platformv
                0x00005cb4       0x54 debug\FuseAPI_platform.os
                0x00005cb4                FuseAPIgamesPlayed_platform()
 .text._Z30FuseAPILibraryVersion_platformv
                0x00005d08       0x64 debug\FuseAPI_platform.os
                0x00005d08                FuseAPILibraryVersion_platform()
 .text._Z25FuseAPIConnected_platformv
                0x00005d6c       0x64 debug\FuseAPI_platform.os
                0x00005d6c                FuseAPIConnected_platform()
 .text._Z30FuseAPITimeFromServer_platformv
                0x00005dd0       0x4c debug\FuseAPI_platform.os
                0x00005dd0                FuseAPITimeFromServer_platform()
 .text._Z26FuseAPIEnableData_platformb
                0x00005e1c       0x50 debug\FuseAPI_platform.os
                0x00005e1c                FuseAPIEnableData_platform(bool)
 .text._Z27FuseAPISetGameData_platformPKcS0_P13cfuhash_table
                0x00005e6c      0x1bc debug\FuseAPI_platform.os
                0x00005e6c                FuseAPISetGameData_platform(char const*, char const*, cfuhash_table*)
 .text._Z27FuseAPIGetGameData_platformPKcS0_PS0_i
                0x00006028      0x154 debug\FuseAPI_platform.os
                0x00006028                FuseAPIGetGameData_platform(char const*, char const*, char const**, int)
 .text._Z43FuseAPIUpdateFriendsListFromServer_platformv
                0x0000617c       0x4c debug\FuseAPI_platform.os
                0x0000617c                FuseAPIUpdateFriendsListFromServer_platform()
 .text._Z30FuseAPIGetFriendsList_platformPi
                0x000061c8       0x3c debug\FuseAPI_platform.os
                0x000061c8                FuseAPIGetFriendsList_platform(int*)
 .text._Z37FuseAPIGetMailListFromServer_platformv
                0x00006204       0x4c debug\FuseAPI_platform.os
                0x00006204                FuseAPIGetMailListFromServer_platform()
 .text._Z43FuseAPIGetMailListFriendFromServer_platformPKc
                0x00006250       0x68 debug\FuseAPI_platform.os
                0x00006250                FuseAPIGetMailListFriendFromServer_platform(char const*)
 .text._Z33FuseAPISetMailAsReceived_platformi
                0x000062b8       0x54 debug\FuseAPI_platform.os
                0x000062b8                FuseAPISetMailAsReceived_platform(int)
 .text._Z32FuseAPISendMailWithGift_platformPKcS0_ii
                0x0000630c       0xa8 debug\FuseAPI_platform.os
                0x0000630c                FuseAPISendMailWithGift_platform(char const*, char const*, int, int)
 .text._Z24FuseAPISendMail_platformPKcS0_
                0x000063b4       0x90 debug\FuseAPI_platform.os
                0x000063b4                FuseAPISendMail_platform(char const*, char const*)
 .text._Z27FuseAPIGetMailList_platformPi
                0x00006444       0x3c debug\FuseAPI_platform.os
                0x00006444                FuseAPIGetMailList_platform(int*)
 .text._Z41FuseAPIGetGameConfigurationValue_platformPKc
                0x00006480       0x80 debug\FuseAPI_platform.os
                0x00006480                FuseAPIGetGameConfigurationValue_platform(char const*)
 .text._Z29FuseAPIRegisterLevel_platformi
                0x00006500       0x54 debug\FuseAPI_platform.os
                0x00006500                FuseAPIRegisterLevel_platform(int)
 .text._Z32FuseAPIRegisterCurrency_platformii
                0x00006554       0x60 debug\FuseAPI_platform.os
                0x00006554                FuseAPIRegisterCurrency_platform(int, int)
 .text._Z34FuseAPIRegisterFlurryView_platformv
                0x000065b4       0x4c debug\FuseAPI_platform.os
                0x000065b4                FuseAPIRegisterFlurryView_platform()
 .text._Z35FuseAPIRegisterFlurryClick_platformv
                0x00006600       0x4c debug\FuseAPI_platform.os
                0x00006600                FuseAPIRegisterFlurryClick_platform()
 .text._Z36FuseAPIRegisterTapjoyReward_platformi
                0x0000664c       0x54 debug\FuseAPI_platform.os
                0x0000664c                FuseAPIRegisterTapjoyReward_platform(int)
 .text._Z41__static_initialization_and_destruction_0ii
                0x000066a0       0x54 debug\FuseAPI_platform.os
 .text._GLOBAL__I_C__depot_Projects_Marmalade_6.3_extensions_FuseAPI_source_android_FuseAPI_platform.cpp
                0x000066f4       0x18 debug\FuseAPI_platform.os
 .text._Z11FuseAPIInitv
                0x0000670c       0x24 debug\FuseAPI.os
                0x0000670c                FuseAPIInit()
 .text._Z16FuseAPITerminatev
                0x00006730        0xc debug\FuseAPI.os
                0x00006730                FuseAPITerminate()
 .text.FuseAPIStartSession
                0x0000673c       0x1c debug\FuseAPI.os
                0x0000673c                FuseAPIStartSession
 .text.FuseAPIPauseSession
                0x00006758        0xc debug\FuseAPI.os
                0x00006758                FuseAPIPauseSession
 .text.FuseAPIResumeSession
                0x00006764        0xc debug\FuseAPI.os
                0x00006764                FuseAPIResumeSession
 .text.FuseAPITerminateSession
                0x00006770        0xc debug\FuseAPI.os
                0x00006770                FuseAPITerminateSession
 .text.FuseAPIRegisterForPushNotifications
                0x0000677c       0x1c debug\FuseAPI.os
                0x0000677c                FuseAPIRegisterForPushNotifications
 .text.FuseAPIRegisterEvent
                0x00006798       0x1c debug\FuseAPI.os
                0x00006798                FuseAPIRegisterEvent
 .text.FuseAPIRegisterEventWithParam
                0x000067b4       0x44 debug\FuseAPI.os
                0x000067b4                FuseAPIRegisterEventWithParam
 .text.FuseAPIRegisterEventWithEventData
                0x000067f8       0x3c debug\FuseAPI.os
                0x000067f8                FuseAPIRegisterEventWithEventData
 .text.FuseAPIRegisterEventWithDictionary
                0x00006834       0x24 debug\FuseAPI.os
                0x00006834                FuseAPIRegisterEventWithDictionary
 .text.FuseAPIRegisterInAppPurchase
                0x00006858       0x54 debug\FuseAPI.os
                0x00006858                FuseAPIRegisterInAppPurchase
 .text.FuseAPICheckAdAvailable
                0x000068ac        0xc debug\FuseAPI.os
                0x000068ac                FuseAPICheckAdAvailable
 .text.FuseAPIShowAd
                0x000068b8        0xc debug\FuseAPI.os
                0x000068b8                FuseAPIShowAd
 .text.FuseAPIDisplayNotifications
                0x000068c4        0xc debug\FuseAPI.os
                0x000068c4                FuseAPIDisplayNotifications
 .text.FuseAPIDisplayMoreGames
                0x000068d0        0xc debug\FuseAPI.os
                0x000068d0                FuseAPIDisplayMoreGames
 .text.FuseAPIRegisterGender
                0x000068dc       0x1c debug\FuseAPI.os
                0x000068dc                FuseAPIRegisterGender
 .text.FuseAPIFacebookLogin
                0x000068f8       0x2c debug\FuseAPI.os
                0x000068f8                FuseAPIFacebookLogin
 .text.FuseAPITwitterLogin
                0x00006924       0x1c debug\FuseAPI.os
                0x00006924                FuseAPITwitterLogin
 .text.FuseAPIGameCenterLogin
                0x00006940        0xc debug\FuseAPI.os
                0x00006940                FuseAPIGameCenterLogin
 .text.FuseAPIDeviceLogin
                0x0000694c       0x1c debug\FuseAPI.os
                0x0000694c                FuseAPIDeviceLogin
 .text.FuseAPIFuseLogin
                0x00006968       0x24 debug\FuseAPI.os
                0x00006968                FuseAPIFuseLogin
 .text.FuseAPIGooglePlayLogin
                0x0000698c       0x24 debug\FuseAPI.os
                0x0000698c                FuseAPIGooglePlayLogin
 .text.FuseAPIGetOriginalAccountId
                0x000069b0       0x14 debug\FuseAPI.os
                0x000069b0                FuseAPIGetOriginalAccountId
 .text.FuseAPIGetOriginalAccountAlias
                0x000069c4       0x14 debug\FuseAPI.os
                0x000069c4                FuseAPIGetOriginalAccountAlias
 .text.FuseAPIGetOriginalAccountType
                0x000069d8       0x14 debug\FuseAPI.os
                0x000069d8                FuseAPIGetOriginalAccountType
 .text.FuseAPIGetFuseID
                0x000069ec       0x14 debug\FuseAPI.os
                0x000069ec                FuseAPIGetFuseID
 .text.FuseAPIgamesPlayed
                0x00006a00       0x14 debug\FuseAPI.os
                0x00006a00                FuseAPIgamesPlayed
 .text.FuseAPILibraryVersion
                0x00006a14       0x14 debug\FuseAPI.os
                0x00006a14                FuseAPILibraryVersion
 .text.FuseAPIConnected
                0x00006a28       0x14 debug\FuseAPI.os
                0x00006a28                FuseAPIConnected
 .text.FuseAPITimeFromServer
                0x00006a3c        0xc debug\FuseAPI.os
                0x00006a3c                FuseAPITimeFromServer
 .text.FuseAPIEnableData
                0x00006a48       0x24 debug\FuseAPI.os
                0x00006a48                FuseAPIEnableData
 .text.FuseAPISetGameData
                0x00006a6c       0x34 debug\FuseAPI.os
                0x00006a6c                FuseAPISetGameData
 .text.FuseAPIGetGameData
                0x00006aa0       0x3c debug\FuseAPI.os
                0x00006aa0                FuseAPIGetGameData
 .text.FuseAPIUpdateFriendsListFromServer
                0x00006adc        0xc debug\FuseAPI.os
                0x00006adc                FuseAPIUpdateFriendsListFromServer
 .text.FuseAPIGetFriendsList
                0x00006ae8       0x24 debug\FuseAPI.os
                0x00006ae8                FuseAPIGetFriendsList
 .text.FuseAPIGetMailListFromServer
                0x00006b0c        0xc debug\FuseAPI.os
                0x00006b0c                FuseAPIGetMailListFromServer
 .text.FuseAPIGetMailListFriendFromServer
                0x00006b18       0x1c debug\FuseAPI.os
                0x00006b18                FuseAPIGetMailListFriendFromServer
 .text.FuseAPISetMailAsReceived
                0x00006b34       0x1c debug\FuseAPI.os
                0x00006b34                FuseAPISetMailAsReceived
 .text.FuseAPISendMailWithGift
                0x00006b50       0x3c debug\FuseAPI.os
                0x00006b50                FuseAPISendMailWithGift
 .text.FuseAPISendMail
                0x00006b8c       0x2c debug\FuseAPI.os
                0x00006b8c                FuseAPISendMail
 .text.FuseAPIGetMailList
                0x00006bb8       0x24 debug\FuseAPI.os
                0x00006bb8                FuseAPIGetMailList
 .text.FuseAPIGetGameConfigurationValue
                0x00006bdc       0x24 debug\FuseAPI.os
                0x00006bdc                FuseAPIGetGameConfigurationValue
 .text.FuseAPIRegisterLevel
                0x00006c00       0x1c debug\FuseAPI.os
                0x00006c00                FuseAPIRegisterLevel
 .text.FuseAPIRegisterCurrency
                0x00006c1c       0x24 debug\FuseAPI.os
                0x00006c1c                FuseAPIRegisterCurrency
 .text.FuseAPIRegisterFlurryView
                0x00006c40        0xc debug\FuseAPI.os
                0x00006c40                FuseAPIRegisterFlurryView
 .text.FuseAPIRegisterFlurryClick
                0x00006c4c        0xc debug\FuseAPI.os
                0x00006c4c                FuseAPIRegisterFlurryClick
 .text.FuseAPIRegisterTapjoyReward
                0x00006c58       0x1c debug\FuseAPI.os
                0x00006c58                FuseAPIRegisterTapjoyReward
 .text._ZL24FuseAPIStartSession_wrapPKc
                0x00006c74       0x98 debug\FuseAPI_register.os
 .text._ZL24FuseAPIPauseSession_wrapv
                0x00006d0c       0x88 debug\FuseAPI_register.os
 .text._ZL25FuseAPIResumeSession_wrapv
                0x00006d94       0x88 debug\FuseAPI_register.os
 .text._ZL28FuseAPITerminateSession_wrapv
                0x00006e1c       0x88 debug\FuseAPI_register.os
 .text._ZL40FuseAPIRegisterForPushNotifications_wrapPKc
                0x00006ea4       0x98 debug\FuseAPI_register.os
 .text._ZL25FuseAPIRegisterEvent_wrapPKc
                0x00006f3c       0x98 debug\FuseAPI_register.os
 .text._ZL34FuseAPIRegisterEventWithParam_wrapPKcS0_S0_S0_PKd
                0x00006fd4       0xc8 debug\FuseAPI_register.os
 .text._ZL38FuseAPIRegisterEventWithEventData_wrapPKcS0_S0_P13cfuhash_table
                0x0000709c       0xc0 debug\FuseAPI_register.os
 .text._ZL39FuseAPIRegisterEventWithDictionary_wrapPKcP13cfuhash_table
                0x0000715c       0xa0 debug\FuseAPI_register.os
 .text._ZL33FuseAPIRegisterInAppPurchase_wrap17FusePurchaseStatePKcS1_S1_lS1_PKdS1_
                0x000071fc       0xe0 debug\FuseAPI_register.os
 .text._ZL28FuseAPICheckAdAvailable_wrapv
                0x000072dc       0x88 debug\FuseAPI_register.os
 .text._ZL18FuseAPIShowAd_wrapv
                0x00007364       0x88 debug\FuseAPI_register.os
 .text._ZL32FuseAPIDisplayNotifications_wrapv
                0x000073ec       0x88 debug\FuseAPI_register.os
 .text._ZL28FuseAPIDisplayMoreGames_wrapv
                0x00007474       0x88 debug\FuseAPI_register.os
 .text._ZL26FuseAPIRegisterGender_wrapi
                0x000074fc       0x98 debug\FuseAPI_register.os
 .text._ZL25FuseAPIFacebookLogin_wrapPKcS0_S0_
                0x00007594       0xac debug\FuseAPI_register.os
 .text._ZL24FuseAPITwitterLogin_wrapPKc
                0x00007640       0x98 debug\FuseAPI_register.os
 .text._ZL23FuseAPIDeviceLogin_wrapPKc
                0x000076d8       0x98 debug\FuseAPI_register.os
 .text._ZL21FuseAPIFuseLogin_wrapPKcS0_
                0x00007770       0xa0 debug\FuseAPI_register.os
 .text._ZL27FuseAPIGameCenterLogin_wrapv
                0x00007810       0x88 debug\FuseAPI_register.os
 .text._ZL27FuseAPIGooglePlayLogin_wrapPKcS0_
                0x00007898       0xa0 debug\FuseAPI_register.os
 .text._ZL32FuseAPIGetOriginalAccountId_wrapv
                0x00007938       0x90 debug\FuseAPI_register.os
 .text._ZL35FuseAPIGetOriginalAccountAlias_wrapv
                0x000079c8       0x90 debug\FuseAPI_register.os
 .text._ZL34FuseAPIGetOriginalAccountType_wrapv
                0x00007a58       0x90 debug\FuseAPI_register.os
 .text._ZL21FuseAPIGetFuseID_wrapv
                0x00007ae8       0x90 debug\FuseAPI_register.os
 .text._ZL23FuseAPIgamesPlayed_wrapv
                0x00007b78       0x90 debug\FuseAPI_register.os
 .text._ZL26FuseAPILibraryVersion_wrapv
                0x00007c08       0x90 debug\FuseAPI_register.os
 .text._ZL21FuseAPIConnected_wrapv
                0x00007c98       0xa0 debug\FuseAPI_register.os
 .text._ZL26FuseAPITimeFromServer_wrapv
                0x00007d38       0x88 debug\FuseAPI_register.os
 .text._ZL22FuseAPIEnableData_wrapb
                0x00007dc0       0xa4 debug\FuseAPI_register.os
 .text._ZL23FuseAPISetGameData_wrapPKcS0_P13cfuhash_table
                0x00007e64       0xb4 debug\FuseAPI_register.os
 .text._ZL23FuseAPIGetGameData_wrapPKcS0_PS0_i
                0x00007f18       0xc0 debug\FuseAPI_register.os
 .text._ZL39FuseAPIUpdateFriendsListFromServer_wrapv
                0x00007fd8       0x88 debug\FuseAPI_register.os
 .text._ZL26FuseAPIGetFriendsList_wrapPi
                0x00008060       0xa0 debug\FuseAPI_register.os
 .text._ZL33FuseAPIGetMailListFromServer_wrapv
                0x00008100       0x88 debug\FuseAPI_register.os
 .text._ZL39FuseAPIGetMailListFriendFromServer_wrapPKc
                0x00008188       0x98 debug\FuseAPI_register.os
 .text._ZL29FuseAPISetMailAsReceived_wrapi
                0x00008220       0x98 debug\FuseAPI_register.os
 .text._ZL28FuseAPISendMailWithGift_wrapPKcS0_ii
                0x000082b8       0xc0 debug\FuseAPI_register.os
 .text._ZL20FuseAPISendMail_wrapPKcS0_
                0x00008378       0xa8 debug\FuseAPI_register.os
 .text._ZL23FuseAPIGetMailList_wrapPi
                0x00008420       0xa0 debug\FuseAPI_register.os
 .text._ZL37FuseAPIGetGameConfigurationValue_wrapPKc
                0x000084c0       0xa0 debug\FuseAPI_register.os
 .text._ZL25FuseAPIRegisterLevel_wrapi
                0x00008560       0x98 debug\FuseAPI_register.os
 .text._ZL28FuseAPIRegisterCurrency_wrapii
                0x000085f8       0xa0 debug\FuseAPI_register.os
 .text._ZL30FuseAPIRegisterFlurryView_wrapv
                0x00008698       0x88 debug\FuseAPI_register.os
 .text._ZL31FuseAPIRegisterFlurryClick_wrapv
                0x00008720       0x88 debug\FuseAPI_register.os
 .text._ZL32FuseAPIRegisterTapjoyReward_wrapi
                0x000087a8       0x98 debug\FuseAPI_register.os
 .text.FuseAPIRegister
                0x00008840       0x50 debug\FuseAPI_register.os
                0x00008840                FuseAPIRegister
 .text.FuseAPIUnRegister
                0x00008890       0x44 debug\FuseAPI_register.os
                0x00008890                FuseAPIUnRegister
 .text._Z18FuseAPIRegisterExtv
                0x000088d4      0x384 debug\FuseAPI_register.os
                0x000088d4                FuseAPIRegisterExt()
 .text.RegisterExt
                0x00008c58        0xc debug\FuseAPI_register.os
                0x00008c58                RegisterExt
 .text.hash_func
                0x00008c64       0x84 debug\cfuhash.os
 .text.hash_size
                0x00008ce8       0x40 debug\cfuhash.os
 .text.hash_key_dup
                0x00008d28       0x40 debug\cfuhash.os
 .text.hash_key_dup_lower_case
                0x00008d68       0x9c debug\cfuhash.os
 .text.hash_value
                0x00008e04       0xa4 debug\cfuhash.os
 .text._cfuhash_new
                0x00008ea8       0xf0 debug\cfuhash.os
 .text.cfuhash_new_with_initial_size
                0x00008f98       0x3c debug\cfuhash.os
                0x00008f98                cfuhash_new_with_initial_size
 .text.lock_hash
                0x00008fd4       0x54 debug\cfuhash.os
 .text.unlock_hash
                0x00009028       0x54 debug\cfuhash.os
 .text.hash_cmp
                0x0000907c       0xa8 debug\cfuhash.os
 .text.hash_add_entry
                0x00009124       0xf0 debug\cfuhash.os
 .text.cfuhash_put_data
                0x00009214      0x228 debug\cfuhash.os
                0x00009214                cfuhash_put_data
 .text.cfuhash_put
                0x0000943c       0x64 debug\cfuhash.os
                0x0000943c                cfuhash_put
 .text.cfuhash_clear
                0x000094a0      0x188 debug\cfuhash.os
                0x000094a0                cfuhash_clear
 .text.cfuhash_each_data
                0x00009628       0x5c debug\cfuhash.os
                0x00009628                cfuhash_each_data
 .text.cfuhash_next_data
                0x00009684      0x170 debug\cfuhash.os
                0x00009684                cfuhash_next_data
 .text._cfuhash_destroy_entry
                0x000097f4       0x90 debug\cfuhash.os
 .text.cfuhash_each
                0x00009884       0x50 debug\cfuhash.os
                0x00009884                cfuhash_each
 .text.cfuhash_next
                0x000098d4       0x50 debug\cfuhash.os
                0x000098d4                cfuhash_next
 .text.cfuhash_destroy_with_free_fn
                0x00009924      0x108 debug\cfuhash.os
                0x00009924                cfuhash_destroy_with_free_fn
 .text.cfuhash_destroy
                0x00009a2c       0x28 debug\cfuhash.os
                0x00009a2c                cfuhash_destroy
 .text.cfuhash_rehash
                0x00009a54      0x1b8 debug\cfuhash.os
                0x00009a54                cfuhash_rehash
 .text.cfuhash_num_entries
                0x00009c0c       0x30 debug\cfuhash.os
                0x00009c0c                cfuhash_num_entries
 .text.IwDebugTraceSetTraceChannel
                0x00009c3c       0x1c C:\depot\Projects\Marmalade\6.3\s3e\edk\lib\android\libedk.a(IwDebug.o)
                0x00009c3c                IwDebugTraceSetTraceChannel
 .text._GLOBAL__I_Z__sdk_modules_iwcore_source_IwDebug.cpp
                0x00009c58       0xa4 C:\depot\Projects\Marmalade\6.3\s3e\edk\lib\android\libedk.a(IwDebug.o)
 .text.IwDebugTraceIsChannelOn
                0x00009cfc      0x2b8 C:\depot\Projects\Marmalade\6.3\s3e\edk\lib\android\libedk.a(IwDebug.o)
                0x00009cfc                IwDebugTraceIsChannelOn
 .text.IwDebugTraceLinePrintf
                0x00009fb4      0x10c C:\depot\Projects\Marmalade\6.3\s3e\edk\lib\android\libedk.a(IwDebug.o)
                0x00009fb4                IwDebugTraceLinePrintf
 .text.s3eEdkThreadRunOnOS
                0x0000a0c0       0x30 C:\depot\Projects\Marmalade\6.3\s3e\edk\lib\android\libedk.a(edk_helpers.o)
                0x0000a0c0                s3eEdkThreadRunOnOS
 .text._ZdlPv   0x0000a0f0        0xc C:\android-ndk-r8d\sources\cxx-stl\gnu-libstdc++\4.4.3\libs\armeabi\libgnustl_static.a(del_op.o)
                0x0000a0f0                operator delete(void*)
 .text          0x0000a0fc       0xc4 c:/android-ndk-r8d/toolchains/arm-linux-androideabi-4.4.3/prebuilt/windows/bin/../lib/gcc/arm-linux-androideabi/4.4.3\libgcc.a(_udivsi3.o)
                0x0000a0fc                __udivsi3
                0x0000a0fc                __aeabi_uidiv
                0x0000a1a8                __aeabi_uidivmod
 .text          0x0000a1c0       0x1c c:/android-ndk-r8d/toolchains/arm-linux-androideabi-4.4.3/prebuilt/windows/bin/../lib/gcc/arm-linux-androideabi/4.4.3\libgcc.a(_aeabi_ldivmod.o)
                0x0000a1c0                __aeabi_ldivmod
 .text          0x0000a1dc       0x10 c:/android-ndk-r8d/toolchains/arm-linux-androideabi-4.4.3/prebuilt/windows/bin/../lib/gcc/arm-linux-androideabi/4.4.3\libgcc.a(_dvmd_lnx.o)
                0x0000a1dc                __div0
 .text          0x0000a1ec       0x88 c:/android-ndk-r8d/toolchains/arm-linux-androideabi-4.4.3/prebuilt/windows/bin/../lib/gcc/arm-linux-androideabi/4.4.3\libgcc.a(bpabi.o)
                0x0000a1ec                __gnu_uldivmod_helper
                0x0000a230                __gnu_ldivmod_helper
 .text          0x0000a274      0xec4 c:/android-ndk-r8d/toolchains/arm-linux-androideabi-4.4.3/prebuilt/windows/bin/../lib/gcc/arm-linux-androideabi/4.4.3\libgcc.a(unwind-arm.o)
                0x0000ac9c                __gnu_Unwind_RaiseException
                0x0000a7f4                __aeabi_unwind_cpp_pr0
                0x0000a324                _Unwind_GetCFA
                0x0000a2c0                _Unwind_VRS_Set
                0x0000aa38                __gnu_Unwind_Backtrace
                0x0000adcc                _Unwind_VRS_Pop
                0x0000a7e4                __aeabi_unwind_cpp_pr2
                0x0000a330                _Unwind_DeleteException
                0x0000a32c                _Unwind_Complete
                0x0000ad60                __gnu_Unwind_Resume
                0x0000ac28                __gnu_Unwind_ForcedUnwind
                0x0000ad40                __gnu_Unwind_Resume_or_Rethrow
                0x0000a274                _Unwind_VRS_Get
                0x0000a7ec                __aeabi_unwind_cpp_pr1
 .text          0x0000b138      0x1a8 c:/android-ndk-r8d/toolchains/arm-linux-androideabi-4.4.3/prebuilt/windows/bin/../lib/gcc/arm-linux-androideabi/4.4.3\libgcc.a(libunwind.o)
                0x0000b298                ___Unwind_ForcedUnwind
                0x0000b154                __gnu_Unwind_Save_VFP
                0x0000b274                _Unwind_Resume_or_Rethrow
                0x0000b274                ___Unwind_Resume_or_Rethrow
                0x0000b2bc                _Unwind_Backtrace
                0x0000b138                __restore_core_regs
                0x0000b174                __gnu_Unwind_Save_VFP_D_16_to_31
                0x0000b164                __gnu_Unwind_Save_VFP_D
                0x0000b2bc                ___Unwind_Backtrace
                0x0000b22c                ___Unwind_RaiseException
                0x0000b250                ___Unwind_Resume
                0x0000b17c                __gnu_Unwind_Restore_WMMXD
                0x0000b14c                __gnu_Unwind_Restore_VFP
                0x0000b250                _Unwind_Resume
                0x0000b15c                __gnu_Unwind_Restore_VFP_D
                0x0000b16c                __gnu_Unwind_Restore_VFP_D_16_to_31
                0x0000b22c                _Unwind_RaiseException
                0x0000b138                restore_core_regs
                0x0000b218                __gnu_Unwind_Save_WMMXC
                0x0000b204                __gnu_Unwind_Restore_WMMXC
                0x0000b298                _Unwind_ForcedUnwind
                0x0000b1c0                __gnu_Unwind_Save_WMMXD
 .text          0x0000b2e0      0x484 c:/android-ndk-r8d/toolchains/arm-linux-androideabi-4.4.3/prebuilt/windows/bin/../lib/gcc/arm-linux-androideabi/4.4.3\libgcc.a(pr-support.o)
                0x0000b380                _Unwind_GetRegionStart
                0x0000b3ac                __gnu_unwind_execute
                0x0000b338                _Unwind_GetTextRelBase
                0x0000b348                _Unwind_GetLanguageSpecificData
                0x0000b724                __gnu_unwind_frame
                0x0000b340                _Unwind_GetDataRelBase
 .text          0x0000b764      0x47c c:/android-ndk-r8d/toolchains/arm-linux-androideabi-4.4.3/prebuilt/windows/bin/../lib/gcc/arm-linux-androideabi/4.4.3\libgcc.a(_divdi3.o)
                0x0000b764                __divdi3
 .text          0x0000bbe0      0x40c c:/android-ndk-r8d/toolchains/arm-linux-androideabi-4.4.3/prebuilt/windows/bin/../lib/gcc/arm-linux-androideabi/4.4.3\libgcc.a(_udivdi3.o)
                0x0000bbe0                __udivdi3
 *(.gnu.warning)
 *(.glue_7t)
 .glue_7t       0x00000000        0x0 linker stubs
 *(.glue_7)
 .glue_7        0x00000000        0x0 linker stubs
 *(.vfp11_veneer)
 .vfp11_veneer  0x00000000        0x0 linker stubs
 *(.v4_bx)
 .v4_bx         0x00000000        0x0 linker stubs

.fini
 *(.fini)
                0x0000bfec                PROVIDE (__etext, .)
                0x0000bfec                PROVIDE (_etext, .)
                0x0000bfec                PROVIDE (etext, .)

.rodata         0x0000bfec     0x1c34
 *(.rodata .rodata.* .gnu.linkonce.r.*)
 .rodata        0x0000bfec      0xf3c debug\FuseAPI_platform.os
 .rodata        0x0000cf28      0xb5c debug\FuseAPI_register.os
 .rodata.str1.4
                0x0000da84      0x19c C:\depot\Projects\Marmalade\6.3\s3e\edk\lib\android\libedk.a(IwDebug.o)
                                0x1a0 (size before relaxing)

.rodata1
 *(.rodata1)

.ARM.extab      0x0000dc20       0x24
 *(.ARM.extab* .gnu.linkonce.armextab.*)
 .ARM.extab     0x0000dc20       0x24 c:/android-ndk-r8d/toolchains/arm-linux-androideabi-4.4.3/prebuilt/windows/bin/../lib/gcc/arm-linux-androideabi/4.4.3\libgcc.a(unwind-arm.o)
                0x0000dc44                __exidx_start = .

.ARM.exidx      0x0000dc44      0x100
 *(.ARM.exidx* .gnu.linkonce.armexidx.*)
 .ARM.exidx.text._ZdlPv
                0x0000dc44        0x8 C:\android-ndk-r8d\sources\cxx-stl\gnu-libstdc++\4.4.3\libs\armeabi\libgnustl_static.a(del_op.o)
 .ARM.exidx     0x0000dc4c       0x10 c:/android-ndk-r8d/toolchains/arm-linux-androideabi-4.4.3/prebuilt/windows/bin/../lib/gcc/arm-linux-androideabi/4.4.3\libgcc.a(bpabi.o)
 .ARM.exidx     0x0000dc5c       0xa0 c:/android-ndk-r8d/toolchains/arm-linux-androideabi-4.4.3/prebuilt/windows/bin/../lib/gcc/arm-linux-androideabi/4.4.3\libgcc.a(unwind-arm.o)
 .ARM.exidx     0x0000dcfc       0x38 c:/android-ndk-r8d/toolchains/arm-linux-androideabi-4.4.3/prebuilt/windows/bin/../lib/gcc/arm-linux-androideabi/4.4.3\libgcc.a(pr-support.o)
 .ARM.exidx     0x0000dd34        0x8 c:/android-ndk-r8d/toolchains/arm-linux-androideabi-4.4.3/prebuilt/windows/bin/../lib/gcc/arm-linux-androideabi/4.4.3\libgcc.a(_divdi3.o)
 .ARM.exidx     0x0000dd3c        0x8 c:/android-ndk-r8d/toolchains/arm-linux-androideabi-4.4.3/prebuilt/windows/bin/../lib/gcc/arm-linux-androideabi/4.4.3\libgcc.a(_udivdi3.o)
                0x0000dd44                __exidx_end = .

.eh_frame_hdr
 *(.eh_frame_hdr)

.eh_frame
 *(.eh_frame)

.gcc_except_table
 *(.gcc_except_table .gcc_except_table.*)
                0x0000dd44                . = (ALIGN (0x1000) - ((0x1000 - .) & 0xfff))
                0x0000ec4c                . = (0x1000 DATA_SEGMENT_ALIGN 0x1000)

.eh_frame
 *(.eh_frame)

.gcc_except_table
 *(.gcc_except_table .gcc_except_table.*)

.tdata
 *(.tdata .tdata.* .gnu.linkonce.td.*)

.tbss
 *(.tbss .tbss.* .gnu.linkonce.tb.*)
 *(.tcommon)

.preinit_array
 *(.preinit_array)

.init_array     0x0000ec4c        0xc
 *(SORT(.init_array.*))
 *(.init_array)
 .init_array    0x0000ec4c        0x4 debug\FuseAPI_platform.os
 .init_array    0x0000ec50        0x4 C:\depot\Projects\Marmalade\6.3\s3e\edk\lib\android\libedk.a(IwDebug.o)
 .init_array    0x0000ec54        0x4 C:/android-ndk-r8d/platforms/android-9/arch-arm/usr/lib/crtend_so.o

.fini_array     0x0000ec58        0x8
 *(.fini_array)
 .fini_array    0x0000ec58        0x4 C:/android-ndk-r8d/platforms/android-9/arch-arm/usr/lib/crtbegin_so.o
 .fini_array    0x0000ec5c        0x4 C:/android-ndk-r8d/platforms/android-9/arch-arm/usr/lib/crtend_so.o
 *(SORT(.fini_array.*))

.ctors
 *crtbegin.o(.ctors)
 *crtbegin?.o(.ctors)
 *(EXCLUDE_FILE(*crtend?.o *crtend.o) .ctors)
 *(SORT(.ctors.*))
 *(.ctors)

.dtors
 *crtbegin.o(.dtors)
 *crtbegin?.o(.dtors)
 *(EXCLUDE_FILE(*crtend?.o *crtend.o) .dtors)
 *(SORT(.dtors.*))
 *(.dtors)

.jcr
 *(.jcr)

.data.rel.ro    0x0000ec60      0x150
 *(.data.rel.ro.local* .gnu.linkonce.d.rel.ro.local.*)
 *(.data.rel.ro* .gnu.linkonce.d.rel.ro.*)
 .data.rel.ro   0x0000ec60      0x150 debug\FuseAPI_platform.os

.dynamic        0x0000edb0       0xd8
 *(.dynamic)
 .dynamic       0x0000edb0       0xd8 C:/android-ndk-r8d/platforms/android-9/arch-arm/usr/lib/crtbegin_so.o
                0x0000edb0                _DYNAMIC

.got            0x0000ee88      0x178
 *(.got.plt)
 .got.plt       0x0000ee88       0x9c C:/android-ndk-r8d/platforms/android-9/arch-arm/usr/lib/crtbegin_so.o
                0x0000ee88                _GLOBAL_OFFSET_TABLE_
 *(.got)
 .got           0x0000ef24       0xdc C:/android-ndk-r8d/platforms/android-9/arch-arm/usr/lib/crtbegin_so.o
                0x0000f000                . = (. DATA_SEGMENT_RELRO_END 0x0)

.data           0x0000f000        0x4
                0x0000f000                __data_start = .
 *(.data .data.* .gnu.linkonce.d.*)
 .data          0x0000f000        0x4 C:/android-ndk-r8d/platforms/android-9/arch-arm/usr/lib/crtbegin_so.o
                0x0000f000                __dso_handle

.data1
 *(.data1)
                0x0000f004                _edata = .
                0x0000f004                PROVIDE (edata, .)
                0x0000f004                __bss_start = .
                0x0000f004                __bss_start__ = .

.bss            0x0000f004     0x1b10
 *(.dynbss)
 .dynbss        0x00000000        0x0 C:/android-ndk-r8d/platforms/android-9/arch-arm/usr/lib/crtbegin_so.o
 *(.bss .bss.* .gnu.linkonce.b.*)
 .bss           0x0000f004       0xe8 debug\FuseAPI_platform.os
                0x0000f004                g_playerList
                0x0000f008                g_playerIndex
                0x0000f010                g_numMailEntries
                0x0000f00c                g_mailList
                0x0000f018                gameData
                0x0000f014                gameConfig
 .bss           0x0000f0ec     0x1a28 C:\depot\Projects\Marmalade\6.3\s3e\edk\lib\android\libedk.a(IwDebug.o)
                0x0000f0ec                g_DebugGlobals
 *(COMMON)
                0x00010b14                . = ALIGN ((. != 0x0)?0x4:0x1)
                0x00010b14                _bss_end__ = .
                0x00010b14                __bss_end__ = .
                0x00010b14                . = ALIGN (0x4)
                0x00010b14                . = ALIGN (0x4)
                0x00010b14                __end__ = .
                0x00010b14                _end = .
                0x00010b14                PROVIDE (end, .)
                0x00010b14                . = DATA_SEGMENT_END (.)

.stab
 *(.stab)

.stabstr
 *(.stabstr)

.stab.excl
 *(.stab.excl)

.stab.exclstr
 *(.stab.exclstr)

.stab.index
 *(.stab.index)

.stab.indexstr
 *(.stab.indexstr)

.comment        0x00000000      0x18d
 *(.comment)
 .comment       0x00000000       0x25 C:/android-ndk-r8d/platforms/android-9/arch-arm/usr/lib/crtbegin_so.o
                                 0x26 (size before relaxing)
 .comment       0x00000025       0x12 debug\FuseAPI_platform.os
 .comment       0x00000037       0x12 debug\FuseAPI.os
 .comment       0x00000049       0x12 debug\FuseAPI_register.os
 .comment       0x0000005b       0x12 debug\cfu.os
 .comment       0x0000006d       0x12 debug\cfuconf.os
 .comment       0x0000007f       0x12 debug\cfuhash.os
 .comment       0x00000091       0x12 debug\cfulist.os
 .comment       0x000000a3       0x12 debug\cfuopt.os
 .comment       0x000000b5       0x12 debug\cfustring.os
 .comment       0x000000c7       0x12 debug\cfuthread_queue.os
 .comment       0x000000d9       0x12 debug\cfutime.os
 .comment       0x000000eb       0x12 debug\libcfu-config.os
 .comment       0x000000fd       0x12 C:\depot\Projects\Marmalade\6.3\s3e\edk\lib\android\libedk.a(IwDebug.o)
 .comment       0x0000010f       0x12 C:\depot\Projects\Marmalade\6.3\s3e\edk\lib\android\libedk.a(edk_helpers.o)
 .comment       0x00000121       0x12 C:\android-ndk-r8d\sources\cxx-stl\gnu-libstdc++\4.4.3\libs\armeabi\libgnustl_static.a(del_op.o)
 .comment       0x00000133       0x12 c:/android-ndk-r8d/toolchains/arm-linux-androideabi-4.4.3/prebuilt/windows/bin/../lib/gcc/arm-linux-androideabi/4.4.3\libgcc.a(bpabi.o)
 .comment       0x00000145       0x12 c:/android-ndk-r8d/toolchains/arm-linux-androideabi-4.4.3/prebuilt/windows/bin/../lib/gcc/arm-linux-androideabi/4.4.3\libgcc.a(unwind-arm.o)
 .comment       0x00000157       0x12 c:/android-ndk-r8d/toolchains/arm-linux-androideabi-4.4.3/prebuilt/windows/bin/../lib/gcc/arm-linux-androideabi/4.4.3\libgcc.a(pr-support.o)
 .comment       0x00000169       0x12 c:/android-ndk-r8d/toolchains/arm-linux-androideabi-4.4.3/prebuilt/windows/bin/../lib/gcc/arm-linux-androideabi/4.4.3\libgcc.a(_divdi3.o)
 .comment       0x0000017b       0x12 c:/android-ndk-r8d/toolchains/arm-linux-androideabi-4.4.3/prebuilt/windows/bin/../lib/gcc/arm-linux-androideabi/4.4.3\libgcc.a(_udivdi3.o)

.debug
 *(.debug)

.line
 *(.line)

.debug_srcinfo
 *(.debug_srcinfo)

.debug_sfnames
 *(.debug_sfnames)

.debug_aranges  0x00000000      0xe08
 *(.debug_aranges)
 .debug_aranges
                0x00000000      0x330 debug\FuseAPI_platform.os
 .debug_aranges
                0x00000330      0x198 debug\FuseAPI.os
 .debug_aranges
                0x000004c8      0x1a8 debug\FuseAPI_register.os
 .debug_aranges
                0x00000670       0x48 debug\cfu.os
 .debug_aranges
                0x000006b8      0x118 debug\cfuconf.os
 .debug_aranges
                0x000007d0      0x1b0 debug\cfuhash.os
 .debug_aranges
                0x00000980      0x140 debug\cfulist.os
 .debug_aranges
                0x00000ac0       0xc0 debug\cfuopt.os
 .debug_aranges
                0x00000b80       0xd8 debug\cfustring.os
 .debug_aranges
                0x00000c58       0x50 debug\cfuthread_queue.os
 .debug_aranges
                0x00000ca8       0x40 debug\cfutime.os
 .debug_aranges
                0x00000ce8       0x20 c:/android-ndk-r8d/toolchains/arm-linux-androideabi-4.4.3/prebuilt/windows/bin/../lib/gcc/arm-linux-androideabi/4.4.3\libgcc.a(_udivsi3.o)
 .debug_aranges
                0x00000d08       0x20 c:/android-ndk-r8d/toolchains/arm-linux-androideabi-4.4.3/prebuilt/windows/bin/../lib/gcc/arm-linux-androideabi/4.4.3\libgcc.a(_aeabi_ldivmod.o)
 .debug_aranges
                0x00000d28       0x20 c:/android-ndk-r8d/toolchains/arm-linux-androideabi-4.4.3/prebuilt/windows/bin/../lib/gcc/arm-linux-androideabi/4.4.3\libgcc.a(_dvmd_lnx.o)
 .debug_aranges
                0x00000d48       0x20 c:/android-ndk-r8d/toolchains/arm-linux-androideabi-4.4.3/prebuilt/windows/bin/../lib/gcc/arm-linux-androideabi/4.4.3\libgcc.a(bpabi.o)
 .debug_aranges
                0x00000d68       0x20 c:/android-ndk-r8d/toolchains/arm-linux-androideabi-4.4.3/prebuilt/windows/bin/../lib/gcc/arm-linux-androideabi/4.4.3\libgcc.a(unwind-arm.o)
 .debug_aranges
                0x00000d88       0x20 c:/android-ndk-r8d/toolchains/arm-linux-androideabi-4.4.3/prebuilt/windows/bin/../lib/gcc/arm-linux-androideabi/4.4.3\libgcc.a(libunwind.o)
 .debug_aranges
                0x00000da8       0x20 c:/android-ndk-r8d/toolchains/arm-linux-androideabi-4.4.3/prebuilt/windows/bin/../lib/gcc/arm-linux-androideabi/4.4.3\libgcc.a(pr-support.o)
 .debug_aranges
                0x00000dc8       0x20 c:/android-ndk-r8d/toolchains/arm-linux-androideabi-4.4.3/prebuilt/windows/bin/../lib/gcc/arm-linux-androideabi/4.4.3\libgcc.a(_divdi3.o)
 .debug_aranges
                0x00000de8       0x20 c:/android-ndk-r8d/toolchains/arm-linux-androideabi-4.4.3/prebuilt/windows/bin/../lib/gcc/arm-linux-androideabi/4.4.3\libgcc.a(_udivdi3.o)

.debug_pubnames
                0x00000000     0x1fd3
 *(.debug_pubnames)
 .debug_pubnames
                0x00000000      0xc40 debug\FuseAPI_platform.os
 .debug_pubnames
                0x00000c40      0x546 debug\FuseAPI.os
 .debug_pubnames
                0x00001186       0x63 debug\FuseAPI_register.os
 .debug_pubnames
                0x000011e9       0x75 debug\cfu.os
 .debug_pubnames
                0x0000125e      0x110 debug\cfuconf.os
 .debug_pubnames
                0x0000136e      0x37c debug\cfuhash.os
 .debug_pubnames
                0x000016ea      0x2db debug\cfulist.os
 .debug_pubnames
                0x000019c5       0x9c debug\cfuopt.os
 .debug_pubnames
                0x00001a61      0x1cb debug\cfustring.os
 .debug_pubnames
                0x00001c2c       0x8c debug\cfuthread_queue.os
 .debug_pubnames
                0x00001cb8       0x69 debug\cfutime.os
 .debug_pubnames
                0x00001d21       0x45 c:/android-ndk-r8d/toolchains/arm-linux-androideabi-4.4.3/prebuilt/windows/bin/../lib/gcc/arm-linux-androideabi/4.4.3\libgcc.a(bpabi.o)
 .debug_pubnames
                0x00001d66      0x177 c:/android-ndk-r8d/toolchains/arm-linux-androideabi-4.4.3/prebuilt/windows/bin/../lib/gcc/arm-linux-androideabi/4.4.3\libgcc.a(unwind-arm.o)
 .debug_pubnames
                0x00001edd       0xb7 c:/android-ndk-r8d/toolchains/arm-linux-androideabi-4.4.3/prebuilt/windows/bin/../lib/gcc/arm-linux-androideabi/4.4.3\libgcc.a(pr-support.o)
 .debug_pubnames
                0x00001f94       0x1f c:/android-ndk-r8d/toolchains/arm-linux-androideabi-4.4.3/prebuilt/windows/bin/../lib/gcc/arm-linux-androideabi/4.4.3\libgcc.a(_divdi3.o)
 .debug_pubnames
                0x00001fb3       0x20 c:/android-ndk-r8d/toolchains/arm-linux-androideabi-4.4.3/prebuilt/windows/bin/../lib/gcc/arm-linux-androideabi/4.4.3\libgcc.a(_udivdi3.o)

.debug_info     0x00000000    0x1139f
 *(.debug_info .gnu.linkonce.wi.*)
 .debug_info    0x00000000     0x7efa debug\FuseAPI_platform.os
 .debug_info    0x00007efa      0x9cc debug\FuseAPI.os
 .debug_info    0x000088c6      0xb28 debug\FuseAPI_register.os
 .debug_info    0x000093ee      0x1d3 debug\cfu.os
 .debug_info    0x000095c1     0x1042 debug\cfuconf.os
 .debug_info    0x0000a603     0x175f debug\cfuhash.os
 .debug_info    0x0000bd62      0xd74 debug\cfulist.os
 .debug_info    0x0000cad6      0xc45 debug\cfuopt.os
 .debug_info    0x0000d71b      0xb71 debug\cfustring.os
 .debug_info    0x0000e28c      0x448 debug\cfuthread_queue.os
 .debug_info    0x0000e6d4      0x266 debug\cfutime.os
 .debug_info    0x0000e93a        0x0 debug\libcfu-config.os
 .debug_info    0x0000e93a       0xd9 c:/android-ndk-r8d/toolchains/arm-linux-androideabi-4.4.3/prebuilt/windows/bin/../lib/gcc/arm-linux-androideabi/4.4.3\libgcc.a(_udivsi3.o)
 .debug_info    0x0000ea13       0xd3 c:/android-ndk-r8d/toolchains/arm-linux-androideabi-4.4.3/prebuilt/windows/bin/../lib/gcc/arm-linux-androideabi/4.4.3\libgcc.a(_aeabi_ldivmod.o)
 .debug_info    0x0000eae6       0xd9 c:/android-ndk-r8d/toolchains/arm-linux-androideabi-4.4.3/prebuilt/windows/bin/../lib/gcc/arm-linux-androideabi/4.4.3\libgcc.a(_dvmd_lnx.o)
 .debug_info    0x0000ebbf       0xde c:/android-ndk-r8d/toolchains/arm-linux-androideabi-4.4.3/prebuilt/windows/bin/../lib/gcc/arm-linux-androideabi/4.4.3\libgcc.a(bpabi.o)
 .debug_info    0x0000ec9d     0x1424 c:/android-ndk-r8d/toolchains/arm-linux-androideabi-4.4.3/prebuilt/windows/bin/../lib/gcc/arm-linux-androideabi/4.4.3\libgcc.a(unwind-arm.o)
 .debug_info    0x000100c1       0xd7 c:/android-ndk-r8d/toolchains/arm-linux-androideabi-4.4.3/prebuilt/windows/bin/../lib/gcc/arm-linux-androideabi/4.4.3\libgcc.a(libunwind.o)
 .debug_info    0x00010198      0x636 c:/android-ndk-r8d/toolchains/arm-linux-androideabi-4.4.3/prebuilt/windows/bin/../lib/gcc/arm-linux-androideabi/4.4.3\libgcc.a(pr-support.o)
 .debug_info    0x000107ce      0x606 c:/android-ndk-r8d/toolchains/arm-linux-androideabi-4.4.3/prebuilt/windows/bin/../lib/gcc/arm-linux-androideabi/4.4.3\libgcc.a(_divdi3.o)
 .debug_info    0x00010dd4      0x5cb c:/android-ndk-r8d/toolchains/arm-linux-androideabi-4.4.3/prebuilt/windows/bin/../lib/gcc/arm-linux-androideabi/4.4.3\libgcc.a(_udivdi3.o)

.debug_abbrev   0x00000000     0x1eb6
 *(.debug_abbrev)
 .debug_abbrev  0x00000000      0x345 debug\FuseAPI_platform.os
 .debug_abbrev  0x00000345      0x16d debug\FuseAPI.os
 .debug_abbrev  0x000004b2      0x1eb debug\FuseAPI_register.os
 .debug_abbrev  0x0000069d       0xbc debug\cfu.os
 .debug_abbrev  0x00000759      0x2a1 debug\cfuconf.os
 .debug_abbrev  0x000009fa      0x278 debug\cfuhash.os
 .debug_abbrev  0x00000c72      0x225 debug\cfulist.os
 .debug_abbrev  0x00000e97      0x23d debug\cfuopt.os
 .debug_abbrev  0x000010d4      0x1da debug\cfustring.os
 .debug_abbrev  0x000012ae      0x181 debug\cfuthread_queue.os
 .debug_abbrev  0x0000142f       0xf9 debug\cfutime.os
 .debug_abbrev  0x00001528        0x1 debug\libcfu-config.os
 .debug_abbrev  0x00001529       0x14 c:/android-ndk-r8d/toolchains/arm-linux-androideabi-4.4.3/prebuilt/windows/bin/../lib/gcc/arm-linux-androideabi/4.4.3\libgcc.a(_udivsi3.o)
 .debug_abbrev  0x0000153d       0x14 c:/android-ndk-r8d/toolchains/arm-linux-androideabi-4.4.3/prebuilt/windows/bin/../lib/gcc/arm-linux-androideabi/4.4.3\libgcc.a(_aeabi_ldivmod.o)
 .debug_abbrev  0x00001551       0x14 c:/android-ndk-r8d/toolchains/arm-linux-androideabi-4.4.3/prebuilt/windows/bin/../lib/gcc/arm-linux-androideabi/4.4.3\libgcc.a(_dvmd_lnx.o)
 .debug_abbrev  0x00001565       0x6a c:/android-ndk-r8d/toolchains/arm-linux-androideabi-4.4.3/prebuilt/windows/bin/../lib/gcc/arm-linux-androideabi/4.4.3\libgcc.a(bpabi.o)
 .debug_abbrev  0x000015cf      0x3bb c:/android-ndk-r8d/toolchains/arm-linux-androideabi-4.4.3/prebuilt/windows/bin/../lib/gcc/arm-linux-androideabi/4.4.3\libgcc.a(unwind-arm.o)
 .debug_abbrev  0x0000198a       0x14 c:/android-ndk-r8d/toolchains/arm-linux-androideabi-4.4.3/prebuilt/windows/bin/../lib/gcc/arm-linux-androideabi/4.4.3\libgcc.a(libunwind.o)
 .debug_abbrev  0x0000199e      0x220 c:/android-ndk-r8d/toolchains/arm-linux-androideabi-4.4.3/prebuilt/windows/bin/../lib/gcc/arm-linux-androideabi/4.4.3\libgcc.a(pr-support.o)
 .debug_abbrev  0x00001bbe      0x18b c:/android-ndk-r8d/toolchains/arm-linux-androideabi-4.4.3/prebuilt/windows/bin/../lib/gcc/arm-linux-androideabi/4.4.3\libgcc.a(_divdi3.o)
 .debug_abbrev  0x00001d49      0x16d c:/android-ndk-r8d/toolchains/arm-linux-androideabi-4.4.3/prebuilt/windows/bin/../lib/gcc/arm-linux-androideabi/4.4.3\libgcc.a(_udivdi3.o)

.debug_line     0x00000000     0x4138
 *(.debug_line)
 .debug_line    0x00000000      0xb8d debug\FuseAPI_platform.os
 .debug_line    0x00000b8d      0x41b debug\FuseAPI.os
 .debug_line    0x00000fa8      0x55e debug\FuseAPI_register.os
 .debug_line    0x00001506       0xfc debug\cfu.os
 .debug_line    0x00001602      0x5f4 debug\cfuconf.os
 .debug_line    0x00001bf6      0x7e0 debug\cfuhash.os
 .debug_line    0x000023d6      0x4fa debug\cfulist.os
 .debug_line    0x000028d0      0x455 debug\cfuopt.os
 .debug_line    0x00002d25      0x4a5 debug\cfustring.os
 .debug_line    0x000031ca      0x1aa debug\cfuthread_queue.os
 .debug_line    0x00003374      0x1e6 debug\cfutime.os
 .debug_line    0x0000355a        0x0 debug\libcfu-config.os
 .debug_line    0x0000355a       0xaa c:/android-ndk-r8d/toolchains/arm-linux-androideabi-4.4.3/prebuilt/windows/bin/../lib/gcc/arm-linux-androideabi/4.4.3\libgcc.a(_udivsi3.o)
 .debug_line    0x00003604       0x83 c:/android-ndk-r8d/toolchains/arm-linux-androideabi-4.4.3/prebuilt/windows/bin/../lib/gcc/arm-linux-androideabi/4.4.3\libgcc.a(_aeabi_ldivmod.o)
 .debug_line    0x00003687       0x89 c:/android-ndk-r8d/toolchains/arm-linux-androideabi-4.4.3/prebuilt/windows/bin/../lib/gcc/arm-linux-androideabi/4.4.3\libgcc.a(_dvmd_lnx.o)
 .debug_line    0x00003710       0x89 c:/android-ndk-r8d/toolchains/arm-linux-androideabi-4.4.3/prebuilt/windows/bin/../lib/gcc/arm-linux-androideabi/4.4.3\libgcc.a(bpabi.o)
 .debug_line    0x00003799      0x4b0 c:/android-ndk-r8d/toolchains/arm-linux-androideabi-4.4.3/prebuilt/windows/bin/../lib/gcc/arm-linux-androideabi/4.4.3\libgcc.a(unwind-arm.o)
 .debug_line    0x00003c49       0xcf c:/android-ndk-r8d/toolchains/arm-linux-androideabi-4.4.3/prebuilt/windows/bin/../lib/gcc/arm-linux-androideabi/4.4.3\libgcc.a(libunwind.o)
 .debug_line    0x00003d18      0x1b0 c:/android-ndk-r8d/toolchains/arm-linux-androideabi-4.4.3/prebuilt/windows/bin/../lib/gcc/arm-linux-androideabi/4.4.3\libgcc.a(pr-support.o)
 .debug_line    0x00003ec8      0x140 c:/android-ndk-r8d/toolchains/arm-linux-androideabi-4.4.3/prebuilt/windows/bin/../lib/gcc/arm-linux-androideabi/4.4.3\libgcc.a(_divdi3.o)
 .debug_line    0x00004008      0x130 c:/android-ndk-r8d/toolchains/arm-linux-androideabi-4.4.3/prebuilt/windows/bin/../lib/gcc/arm-linux-androideabi/4.4.3\libgcc.a(_udivdi3.o)

.debug_frame    0x00000000     0x2e7c
 *(.debug_frame)
 .debug_frame   0x00000000      0xb14 debug\FuseAPI_platform.os
 .debug_frame   0x00000b14      0x550 debug\FuseAPI.os
 .debug_frame   0x00001064      0x58c debug\FuseAPI_register.os
 .debug_frame   0x000015f0       0xb0 debug\cfu.os
 .debug_frame   0x000016a0      0x384 debug\cfuconf.os
 .debug_frame   0x00001a24      0x558 debug\cfuhash.os
 .debug_frame   0x00001f7c      0x404 debug\cfulist.os
 .debug_frame   0x00002380      0x254 debug\cfuopt.os
 .debug_frame   0x000025d4      0x2dc debug\cfustring.os
 .debug_frame   0x000028b0       0xd4 debug\cfuthread_queue.os
 .debug_frame   0x00002984       0x94 debug\cfutime.os
 .debug_frame   0x00002a18       0x28 c:/android-ndk-r8d/toolchains/arm-linux-androideabi-4.4.3/prebuilt/windows/bin/../lib/gcc/arm-linux-androideabi/4.4.3\libgcc.a(_udivsi3.o)
 .debug_frame   0x00002a40       0x60 c:/android-ndk-r8d/toolchains/arm-linux-androideabi-4.4.3/prebuilt/windows/bin/../lib/gcc/arm-linux-androideabi/4.4.3\libgcc.a(bpabi.o)
 .debug_frame   0x00002aa0      0x248 c:/android-ndk-r8d/toolchains/arm-linux-androideabi-4.4.3/prebuilt/windows/bin/../lib/gcc/arm-linux-androideabi/4.4.3\libgcc.a(unwind-arm.o)
 .debug_frame   0x00002ce8      0x108 c:/android-ndk-r8d/toolchains/arm-linux-androideabi-4.4.3/prebuilt/windows/bin/../lib/gcc/arm-linux-androideabi/4.4.3\libgcc.a(pr-support.o)
 .debug_frame   0x00002df0       0x44 c:/android-ndk-r8d/toolchains/arm-linux-androideabi-4.4.3/prebuilt/windows/bin/../lib/gcc/arm-linux-androideabi/4.4.3\libgcc.a(_divdi3.o)
 .debug_frame   0x00002e34       0x48 c:/android-ndk-r8d/toolchains/arm-linux-androideabi-4.4.3/prebuilt/windows/bin/../lib/gcc/arm-linux-androideabi/4.4.3\libgcc.a(_udivdi3.o)

.debug_str      0x00000000     0x9667
 *(.debug_str)
 .debug_str     0x00000000     0x6b75 debug\FuseAPI_platform.os
                               0x6d27 (size before relaxing)
 .debug_str     0x00006b75      0x13d debug\FuseAPI.os
                                0x81a (size before relaxing)
 .debug_str     0x00006cb2      0x601 debug\FuseAPI_register.os
                                0xb94 (size before relaxing)
 .debug_str     0x000072b3      0x116 debug\cfu.os
                                0x209 (size before relaxing)
 .debug_str     0x000073c9      0x491 debug\cfuconf.os
                                0x6d9 (size before relaxing)
 .debug_str     0x0000785a      0x564 debug\cfuhash.os
                                0x846 (size before relaxing)
 .debug_str     0x00007dbe      0x39f debug\cfulist.os
                                0x5b5 (size before relaxing)
 .debug_str     0x0000815d      0x437 debug\cfuopt.os
                                0x68c (size before relaxing)
 .debug_str     0x00008594      0x2af debug\cfustring.os
                                0x4c9 (size before relaxing)
 .debug_str     0x00008843      0x239 debug\cfuthread_queue.os
                                0x37b (size before relaxing)
 .debug_str     0x00008a7c      0x123 debug\cfutime.os
                                0x2a4 (size before relaxing)
 .debug_str     0x00008b9f       0x8b c:/android-ndk-r8d/toolchains/arm-linux-androideabi-4.4.3/prebuilt/windows/bin/../lib/gcc/arm-linux-androideabi/4.4.3\libgcc.a(bpabi.o)
                                 0xbc (size before relaxing)
 .debug_str     0x00008c2a      0x7da c:/android-ndk-r8d/toolchains/arm-linux-androideabi-4.4.3/prebuilt/windows/bin/../lib/gcc/arm-linux-androideabi/4.4.3\libgcc.a(unwind-arm.o)
                                0x8d2 (size before relaxing)
 .debug_str     0x00009404      0x11b c:/android-ndk-r8d/toolchains/arm-linux-androideabi-4.4.3/prebuilt/windows/bin/../lib/gcc/arm-linux-androideabi/4.4.3\libgcc.a(pr-support.o)
                                0x438 (size before relaxing)
 .debug_str     0x0000951f      0x13e c:/android-ndk-r8d/toolchains/arm-linux-androideabi-4.4.3/prebuilt/windows/bin/../lib/gcc/arm-linux-androideabi/4.4.3\libgcc.a(_divdi3.o)
                                0x1f3 (size before relaxing)
 .debug_str     0x0000965d        0xa c:/android-ndk-r8d/toolchains/arm-linux-androideabi-4.4.3/prebuilt/windows/bin/../lib/gcc/arm-linux-androideabi/4.4.3\libgcc.a(_udivdi3.o)
                                0x1f4 (size before relaxing)

.debug_loc      0x00000000     0x5f93
 *(.debug_loc)
 .debug_loc     0x00000000     0x10e9 debug\FuseAPI_platform.os
 .debug_loc     0x000010e9      0x744 debug\FuseAPI.os
 .debug_loc     0x0000182d      0x79d debug\FuseAPI_register.os
 .debug_loc     0x00001fca       0xfc debug\cfu.os
 .debug_loc     0x000020c6      0x577 debug\cfuconf.os
 .debug_loc     0x0000263d      0x841 debug\cfuhash.os
 .debug_loc     0x00002e7e      0x62c debug\cfulist.os
 .debug_loc     0x000034aa      0x392 debug\cfuopt.os
 .debug_loc     0x0000383c      0x446 debug\cfustring.os
 .debug_loc     0x00003c82      0x134 debug\cfuthread_queue.os
 .debug_loc     0x00003db6       0xd0 debug\cfutime.os
 .debug_loc     0x00003e86      0x120 c:/android-ndk-r8d/toolchains/arm-linux-androideabi-4.4.3/prebuilt/windows/bin/../lib/gcc/arm-linux-androideabi/4.4.3\libgcc.a(bpabi.o)
 .debug_loc     0x00003fa6      0xfef c:/android-ndk-r8d/toolchains/arm-linux-androideabi-4.4.3/prebuilt/windows/bin/../lib/gcc/arm-linux-androideabi/4.4.3\libgcc.a(unwind-arm.o)
 .debug_loc     0x00004f95      0x2f9 c:/android-ndk-r8d/toolchains/arm-linux-androideabi-4.4.3/prebuilt/windows/bin/../lib/gcc/arm-linux-androideabi/4.4.3\libgcc.a(pr-support.o)
 .debug_loc     0x0000528e      0x6cf c:/android-ndk-r8d/toolchains/arm-linux-androideabi-4.4.3/prebuilt/windows/bin/../lib/gcc/arm-linux-androideabi/4.4.3\libgcc.a(_divdi3.o)
 .debug_loc     0x0000595d      0x636 c:/android-ndk-r8d/toolchains/arm-linux-androideabi-4.4.3/prebuilt/windows/bin/../lib/gcc/arm-linux-androideabi/4.4.3\libgcc.a(_udivdi3.o)

.debug_macinfo
 *(.debug_macinfo)

.debug_weaknames
 *(.debug_weaknames)

.debug_funcnames
 *(.debug_funcnames)

.debug_typenames
 *(.debug_typenames)

.debug_varnames
 *(.debug_varnames)

.debug_pubtypes
 *(.debug_pubtypes)

.debug_ranges   0x00000000      0xfe8
 *(.debug_ranges)
 .debug_ranges  0x00000000      0x320 debug\FuseAPI_platform.os
 .debug_ranges  0x00000320      0x188 debug\FuseAPI.os
 .debug_ranges  0x000004a8      0x198 debug\FuseAPI_register.os
 .debug_ranges  0x00000640       0x38 debug\cfu.os
 .debug_ranges  0x00000678      0x120 debug\cfuconf.os
 .debug_ranges  0x00000798      0x1a0 debug\cfuhash.os
 .debug_ranges  0x00000938      0x130 debug\cfulist.os
 .debug_ranges  0x00000a68       0xc8 debug\cfuopt.os
 .debug_ranges  0x00000b30       0xf8 debug\cfustring.os
 .debug_ranges  0x00000c28       0x40 debug\cfuthread_queue.os
 .debug_ranges  0x00000c68       0x30 debug\cfutime.os
 .debug_ranges  0x00000c98      0x1f8 c:/android-ndk-r8d/toolchains/arm-linux-androideabi-4.4.3/prebuilt/windows/bin/../lib/gcc/arm-linux-androideabi/4.4.3\libgcc.a(unwind-arm.o)
 .debug_ranges  0x00000e90       0x30 c:/android-ndk-r8d/toolchains/arm-linux-androideabi-4.4.3/prebuilt/windows/bin/../lib/gcc/arm-linux-androideabi/4.4.3\libgcc.a(pr-support.o)
 .debug_ranges  0x00000ec0       0xa0 c:/android-ndk-r8d/toolchains/arm-linux-androideabi-4.4.3/prebuilt/windows/bin/../lib/gcc/arm-linux-androideabi/4.4.3\libgcc.a(_divdi3.o)
 .debug_ranges  0x00000f60       0x88 c:/android-ndk-r8d/toolchains/arm-linux-androideabi-4.4.3/prebuilt/windows/bin/../lib/gcc/arm-linux-androideabi/4.4.3\libgcc.a(_udivdi3.o)

.gnu.attributes
 *(.gnu.attributes)

.note.gnu.arm.ident
 *(.note.gnu.arm.ident)

/DISCARD/
 *(.note.GNU-stack)
 *(.gnu_debuglink)
OUTPUT(C:\depot\Projects\Marmalade\6.3\extensions\FuseAPI\lib\android\libFuseAPI_d.so elf32-littlearm)

.ARM.attributes
                0x00000000       0x31
 .ARM.attributes
                0x00000000       0x2d C:/android-ndk-r8d/platforms/android-9/arch-arm/usr/lib/crtbegin_so.o
 .ARM.attributes
                0x0000002d       0x2d debug\FuseAPI_platform.os
 .ARM.attributes
                0x0000005a       0x2b debug\FuseAPI.os
 .ARM.attributes
                0x00000085       0x2b debug\FuseAPI_register.os
 .ARM.attributes
                0x000000b0       0x2b debug\cfu.os
 .ARM.attributes
                0x000000db       0x2b debug\cfuconf.os
 .ARM.attributes
                0x00000106       0x2d debug\cfuhash.os
 .ARM.attributes
                0x00000133       0x2b debug\cfulist.os
 .ARM.attributes
                0x0000015e       0x2d debug\cfuopt.os
 .ARM.attributes
                0x0000018b       0x2d debug\cfustring.os
 .ARM.attributes
                0x000001b8       0x2b debug\cfuthread_queue.os
 .ARM.attributes
                0x000001e3       0x2d debug\cfutime.os
 .ARM.attributes
                0x00000210       0x29 debug\libcfu-config.os
 .ARM.attributes
                0x00000239       0x2b C:\depot\Projects\Marmalade\6.3\s3e\edk\lib\android\libedk.a(IwDebug.o)
 .ARM.attributes
                0x00000264       0x2b C:\depot\Projects\Marmalade\6.3\s3e\edk\lib\android\libedk.a(edk_helpers.o)
 .ARM.attributes
                0x0000028f       0x29 C:\android-ndk-r8d\sources\cxx-stl\gnu-libstdc++\4.4.3\libs\armeabi\libgnustl_static.a(del_op.o)
 .ARM.attributes
                0x000002b8       0x19 c:/android-ndk-r8d/toolchains/arm-linux-androideabi-4.4.3/prebuilt/windows/bin/../lib/gcc/arm-linux-androideabi/4.4.3\libgcc.a(_udivsi3.o)
 .ARM.attributes
                0x000002d1       0x19 c:/android-ndk-r8d/toolchains/arm-linux-androideabi-4.4.3/prebuilt/windows/bin/../lib/gcc/arm-linux-androideabi/4.4.3\libgcc.a(_aeabi_ldivmod.o)
 .ARM.attributes
                0x000002ea       0x19 c:/android-ndk-r8d/toolchains/arm-linux-androideabi-4.4.3/prebuilt/windows/bin/../lib/gcc/arm-linux-androideabi/4.4.3\libgcc.a(_dvmd_lnx.o)
 .ARM.attributes
                0x00000303       0x29 c:/android-ndk-r8d/toolchains/arm-linux-androideabi-4.4.3/prebuilt/windows/bin/../lib/gcc/arm-linux-androideabi/4.4.3\libgcc.a(bpabi.o)
 .ARM.attributes
                0x0000032c       0x29 c:/android-ndk-r8d/toolchains/arm-linux-androideabi-4.4.3/prebuilt/windows/bin/../lib/gcc/arm-linux-androideabi/4.4.3\libgcc.a(unwind-arm.o)
 .ARM.attributes
                0x00000355       0x19 c:/android-ndk-r8d/toolchains/arm-linux-androideabi-4.4.3/prebuilt/windows/bin/../lib/gcc/arm-linux-androideabi/4.4.3\libgcc.a(libunwind.o)
 .ARM.attributes
                0x0000036e       0x29 c:/android-ndk-r8d/toolchains/arm-linux-androideabi-4.4.3/prebuilt/windows/bin/../lib/gcc/arm-linux-androideabi/4.4.3\libgcc.a(pr-support.o)
 .ARM.attributes
                0x00000397       0x29 c:/android-ndk-r8d/toolchains/arm-linux-androideabi-4.4.3/prebuilt/windows/bin/../lib/gcc/arm-linux-androideabi/4.4.3\libgcc.a(_divdi3.o)
 .ARM.attributes
                0x000003c0       0x29 c:/android-ndk-r8d/toolchains/arm-linux-androideabi-4.4.3/prebuilt/windows/bin/../lib/gcc/arm-linux-androideabi/4.4.3\libgcc.a(_udivdi3.o)
 .ARM.attributes
                0x000003e9       0x1f C:/android-ndk-r8d/platforms/android-9/arch-arm/usr/lib/crtend_so.o
