Archive member included because of file (symbol)

C:\depot\Projects\Marmalade\6.3\s3e\edk\lib\android\libedk.a(IwDebug.o)
                              debug\FuseAPI_platform.os (IwDebugTraceSetTraceChannel)
C:\depot\Projects\Marmalade\6.3\s3e\edk\lib\android\libedk.a(edk_helpers.o)
                              debug\FuseAPI_platform.os (s3eEdkThreadRunOnOS)
C:\android-ndk-r8d\sources\cxx-stl\gnu-libstdc++\4.4.3\libs\armeabi\libgnustl_static.a(del_op.o)
                              debug\FuseAPI_platform.os (operator delete(void*))
c:/android-ndk-r8d/toolchains/arm-linux-androideabi-4.4.3/prebuilt/windows/bin/../lib/gcc/arm-linux-androideabi/4.4.3\libgcc.a(_udivsi3.o)
                              debug\cfuhash.os (__aeabi_uidiv)
c:/android-ndk-r8d/toolchains/arm-linux-androideabi-4.4.3/prebuilt/windows/bin/../lib/gcc/arm-linux-androideabi/4.4.3\libgcc.a(_aeabi_ldivmod.o)
                              C:\depot\Projects\Marmalade\6.3\s3e\edk\lib\android\libedk.a(IwDebug.o) (__aeabi_ldivmod)
c:/android-ndk-r8d/toolchains/arm-linux-androideabi-4.4.3/prebuilt/windows/bin/../lib/gcc/arm-linux-androideabi/4.4.3\libgcc.a(_dvmd_lnx.o)
                              c:/android-ndk-r8d/toolchains/arm-linux-androideabi-4.4.3/prebuilt/windows/bin/../lib/gcc/arm-linux-androideabi/4.4.3\libgcc.a(_udivsi3.o) (__div0)
c:/android-ndk-r8d/toolchains/arm-linux-androideabi-4.4.3/prebuilt/windows/bin/../lib/gcc/arm-linux-androideabi/4.4.3\libgcc.a(bpabi.o)
                              c:/android-ndk-r8d/toolchains/arm-linux-androideabi-4.4.3/prebuilt/windows/bin/../lib/gcc/arm-linux-androideabi/4.4.3\libgcc.a(_aeabi_ldivmod.o) (__gnu_ldivmod_helper)
c:/android-ndk-r8d/toolchains/arm-linux-androideabi-4.4.3/prebuilt/windows/bin/../lib/gcc/arm-linux-androideabi/4.4.3\libgcc.a(unwind-arm.o)
                              C:\android-ndk-r8d\sources\cxx-stl\gnu-libstdc++\4.4.3\libs\armeabi\libgnustl_static.a(del_op.o) (__aeabi_unwind_cpp_pr0)
c:/android-ndk-r8d/toolchains/arm-linux-androideabi-4.4.3/prebuilt/windows/bin/../lib/gcc/arm-linux-androideabi/4.4.3\libgcc.a(libunwind.o)
                              c:/android-ndk-r8d/toolchains/arm-linux-androideabi-4.4.3/prebuilt/windows/bin/../lib/gcc/arm-linux-androideabi/4.4.3\libgcc.a(unwind-arm.o) (restore_core_regs)
c:/android-ndk-r8d/toolchains/arm-linux-androideabi-4.4.3/prebuilt/windows/bin/../lib/gcc/arm-linux-androideabi/4.4.3\libgcc.a(pr-support.o)
                              c:/android-ndk-r8d/toolchains/arm-linux-androideabi-4.4.3/prebuilt/windows/bin/../lib/gcc/arm-linux-androideabi/4.4.3\libgcc.a(unwind-arm.o) (__gnu_unwind_execute)
c:/android-ndk-r8d/toolchains/arm-linux-androideabi-4.4.3/prebuilt/windows/bin/../lib/gcc/arm-linux-androideabi/4.4.3\libgcc.a(_divdi3.o)
                              c:/android-ndk-r8d/toolchains/arm-linux-androideabi-4.4.3/prebuilt/windows/bin/../lib/gcc/arm-linux-androideabi/4.4.3\libgcc.a(bpabi.o) (__divdi3)
c:/android-ndk-r8d/toolchains/arm-linux-androideabi-4.4.3/prebuilt/windows/bin/../lib/gcc/arm-linux-androideabi/4.4.3\libgcc.a(_udivdi3.o)
                              c:/android-ndk-r8d/toolchains/arm-linux-androideabi-4.4.3/prebuilt/windows/bin/../lib/gcc/arm-linux-androideabi/4.4.3\libgcc.a(bpabi.o) (__udivdi3)

Discarded input sections

 .text          0x00000000        0x0 C:/android-ndk-r8d/platforms/android-9/arch-arm/usr/lib/crtbegin_so.o
 .bss           0x00000000        0x0 C:/android-ndk-r8d/platforms/android-9/arch-arm/usr/lib/crtbegin_so.o
 .note.GNU-stack
                0x00000000        0x0 C:/android-ndk-r8d/platforms/android-9/arch-arm/usr/lib/crtbegin_so.o
 _ZN7_JNIEnv9FindClassEPKc
                0x00000000        0x0 debug\FuseAPI_platform.os
 _ZN7_JNIEnv17ExceptionOccurredEv
                0x00000000        0x0 debug\FuseAPI_platform.os
 _ZN7_JNIEnv17ExceptionDescribeEv
                0x00000000        0x0 debug\FuseAPI_platform.os
 _ZN7_JNIEnv14ExceptionClearEv
                0x00000000        0x0 debug\FuseAPI_platform.os
 _ZN7_JNIEnv12NewGlobalRefEP8_jobject
                0x00000000        0x0 debug\FuseAPI_platform.os
 _ZN7_JNIEnv15DeleteGlobalRefEP8_jobject
                0x00000000        0x0 debug\FuseAPI_platform.os
 _ZN7_JNIEnv14DeleteLocalRefEP8_jobject
                0x00000000        0x0 debug\FuseAPI_platform.os
 _ZN7_JNIEnv9NewObjectEP7_jclassP10_jmethodIDz
                0x00000000        0x0 debug\FuseAPI_platform.os
 _ZN7_JNIEnv11GetMethodIDEP7_jclassPKcS3_
                0x00000000        0x0 debug\FuseAPI_platform.os
 _ZN7_JNIEnv16CallObjectMethodEP8_jobjectP10_jmethodIDz
                0x00000000        0x0 debug\FuseAPI_platform.os
 _ZN7_JNIEnv17CallBooleanMethodEP8_jobjectP10_jmethodIDz
                0x00000000        0x0 debug\FuseAPI_platform.os
 _ZN7_JNIEnv13CallIntMethodEP8_jobjectP10_jmethodIDz
                0x00000000        0x0 debug\FuseAPI_platform.os
 _ZN7_JNIEnv14CallVoidMethodEP8_jobjectP10_jmethodIDz
[...]
Memory Configuration

Name             Origin             Length             Attributes
*default*        0x00000000         0xffffffff

Linker script and memory map

LOAD C:/android-ndk-r8d/platforms/android-9/arch-arm/usr/lib/crtbegin_so.o
LOAD debug\FuseAPI_platform.os
LOAD debug\FuseAPI.os
LOAD debug\FuseAPI_register.os
LOAD debug\cfu.os
LOAD debug\cfuconf.os
LOAD debug\cfuhash.os
LOAD debug\cfulist.os
LOAD debug\cfuopt.os
LOAD debug\cfustring.os
LOAD debug\cfuthread_queue.os
LOAD debug\cfutime.os
LOAD debug\libcfu-config.os
LOAD C:\depot\Projects\Marmalade\6.3\s3e\edk\lib\android\libedk.a
LOAD C:\depot\Projects\Marmalade\6.3\s3e\edk\lib\android/libplaceholderplaceholderplaceholderplaceholderplaceholder.so
LOAD C:\android-ndk-r8d\platforms\android-9\arch-arm\usr\lib/liblog.so
LOAD C:\android-ndk-r8d\sources\cxx-stl\gnu-libstdc++\4.4.3\libs\armeabi\libgnustl_static.a
LOAD c:/android-ndk-r8d/toolchains/arm-linux-androideabi-4.4.3/prebuilt/windows/bin/../lib/gcc/arm-linux-androideabi/4.4.3\libgcc.a
LOAD C:\android-ndk-r8d\platforms\android-9\arch-arm\usr\lib/libstdc++.so
LOAD C:\android-ndk-r8d\platforms\android-9\arch-arm\usr\lib/libm.so
LOAD C:\android-ndk-r8d\platforms\android-9\arch-arm\usr\lib/libc.so
LOAD c:/android-ndk-r8d/toolchains/arm-linux-androideabi-4.4.3/prebuilt/windows/bin/../lib/gcc/arm-linux-androideabi/4.4.3\libgcc.a
LOAD C:\android-ndk-r8d\platforms\android-9\arch-arm\usr\lib/libc.so
LOAD C:\android-ndk-r8d\platforms\android-9\arch-arm\usr\lib/libdl.so
LOAD c:/android-ndk-r8d/toolchains/arm-linux-androideabi-4.4.3/prebuilt/windows/bin/../lib/gcc/arm-linux-androideabi/4.4.3\libgcc.a
LOAD C:/android-ndk-r8d/platforms/android-9/arch-arm/usr/lib/crtend_so.o
                0x000000f4                . = (0x0 + SIZEOF_HEADERS)

.note.gnu.build-id
 *(.note.gnu.build-id)

.hash           0x000000f4      0x398
 *(.hash)
 .hash          0x000000f4      0x398 C:/android-ndk-r8d/platforms/android-9/arch-arm/usr/lib/crtbegin_so.o

.gnu.hash
 *(.gnu.hash)

.dynsym         0x0000048c      0x830
 *(.dynsym)
 .dynsym        0x0000048c      0x830 C:/android-ndk-r8d/platforms/android-9/arch-arm/usr/lib/crtbegin_so.o

.dynstr         0x00000cbc      0x7f5
 *(.dynstr)
 .dynstr        0x00000cbc      0x7f5 C:/android-ndk-r8d/platforms/android-9/arch-arm/usr/lib/crtbegin_so.o

.gnu.version    0x000014b2        0x0 load address 0x000014b1
 *(.gnu.version)
 .gnu.version   0x00000000        0x0 C:/android-ndk-r8d/platforms/android-9/arch-arm/usr/lib/crtbegin_so.o

.gnu.version_d  0x000014b4        0x0 load address 0x000014b1
 *(.gnu.version_d)
 .gnu.version_d
                0x00000000        0x0 C:/android-ndk-r8d/platforms/android-9/arch-arm/usr/lib/crtbegin_so.o

.gnu.version_r  0x000014b4        0x0 load address 0x000014b1
 *(.gnu.version_r)
 .gnu.version_r
                0x00000000        0x0 C:/android-ndk-r8d/platforms/android-9/arch-arm/usr/lib/crtbegin_so.o

.rel.dyn        0x000014b4      0x478
 *(.rel.init)
 *(.rel.text .rel.text.* .rel.gnu.linkonce.t.*)
 *(.rel.fini)
 *(.rel.rodata .rel.rodata.* .rel.gnu.linkonce.r.*)
 *(.rel.data.rel.ro* .rel.gnu.linkonce.d.rel.ro.*)
 .rel.data.rel.ro
                0x000014b4      0x2a0 C:/android-ndk-r8d/platforms/android-9/arch-arm/usr/lib/crtbegin_so.o
 *(.rel.data .rel.data.* .rel.gnu.linkonce.d.*)
 *(.rel.tdata .rel.tdata.* .rel.gnu.linkonce.td.*)
 *(.rel.tbss .rel.tbss.* .rel.gnu.linkonce.tb.*)
 *(.rel.ctors)
 *(.rel.dtors)
 *(.rel.got)
 .rel.got       0x00001754      0x1c0 C:/android-ndk-r8d/platforms/android-9/arch-arm/usr/lib/crtbegin_so.o
 *(.rel.bss .rel.bss.* .rel.gnu.linkonce.b.*)
 .rel.fini_array
                0x00001914        0x8 C:/android-ndk-r8d/platforms/android-9/arch-arm/usr/lib/crtbegin_so.o
 .rel.init_array
                0x0000191c       0x10 C:/android-ndk-r8d/platforms/android-9/arch-arm/usr/lib/crtbegin_so.o

.rela.dyn
 *(.rela.init)
 *(.rela.text .rela.text.* .rela.gnu.linkonce.t.*)
 *(.rela.fini)
 *(.rela.rodata .rela.rodata.* .rela.gnu.linkonce.r.*)
 *(.rela.data .rela.data.* .rela.gnu.linkonce.d.*)
 *(.rela.tdata .rela.tdata.* .rela.gnu.linkonce.td.*)
 *(.rela.tbss .rela.tbss.* .rela.gnu.linkonce.tb.*)
 *(.rela.ctors)
 *(.rela.dtors)
 *(.rela.got)
 *(.rela.bss .rela.bss.* .rela.gnu.linkonce.b.*)

.rel.plt        0x0000192c      0x120
 *(.rel.plt)
 .rel.plt       0x0000192c      0x120 C:/android-ndk-r8d/platforms/android-9/arch-arm/usr/lib/crtbegin_so.o

.rela.plt
 *(.rela.plt)

.init
 *(.init)

.plt            0x00001a4c      0x1c4
 *(.plt)
 .plt           0x00001a4c      0x1c4 C:/android-ndk-r8d/platforms/android-9/arch-arm/usr/lib/crtbegin_so.o

.text           0x00001c10     0xa5b4
 *(.text .stub .text.* .gnu.linkonce.t.*)
 .text.exit     0x00001c10       0x10 C:/android-ndk-r8d/platforms/android-9/arch-arm/usr/lib/crtbegin_so.o
                0x00001c10                __on_dlclose
 .text._ZN7_JNIEnv9FindClassEPKc
                0x00001c20       0x38 debug\FuseAPI_platform.os
                0x00001c20                _JNIEnv::FindClass(char const*)
 .text._ZN7_JNIEnv17ExceptionOccurredEv
                0x00001c58       0x30 debug\FuseAPI_platform.os
                0x00001c58                _JNIEnv::ExceptionOccurred()
 .text._ZN7_JNIEnv17ExceptionDescribeEv
                0x00001c88       0x28 debug\FuseAPI_platform.os
                0x00001c88                _JNIEnv::ExceptionDescribe()
 .text._ZN7_JNIEnv14ExceptionClearEv
                0x00001cb0       0x28 debug\FuseAPI_platform.os
                0x00001cb0                _JNIEnv::ExceptionClear()
 .text._ZN7_JNIEnv12NewGlobalRefEP8_jobject
                0x00001cd8       0x38 debug\FuseAPI_platform.os
                0x00001cd8                _JNIEnv::NewGlobalRef(_jobject*)
 .text._ZN7_JNIEnv15DeleteGlobalRefEP8_jobject
                0x00001d10       0x30 debug\FuseAPI_platform.os
                0x00001d10                _JNIEnv::DeleteGlobalRef(_jobject*)
 .text._ZN7_JNIEnv14DeleteLocalRefEP8_jobject
                0x00001d40       0x30 debug\FuseAPI_platform.os
                0x00001d40                _JNIEnv::DeleteLocalRef(_jobject*)
 .text._ZN7_JNIEnv9NewObjectEP7_jclassP10_jmethodIDz
                0x00001d70       0x5c debug\FuseAPI_platform.os
                0x00001d70                _JNIEnv::NewObject(_jclass*, _jmethodID*, ...)
 .text._ZN7_JNIEnv11GetMethodIDEP7_jclassPKcS3_
                0x00001dcc       0x48 debug\FuseAPI_platform.os
                0x00001dcc                _JNIEnv::GetMethodID(_jclass*, char const*, char const*)
 .text._ZN7_JNIEnv16CallObjectMethodEP8_jobjectP10_jmethodIDz
                0x00001e14       0x5c debug\FuseAPI_platform.os
                0x00001e14                _JNIEnv::CallObjectMethod(_jobject*, _jmethodID*, ...)
 .text._ZN7_JNIEnv17CallBooleanMethodEP8_jobjectP10_jmethodIDz
                0x00001e70       0x5c debug\FuseAPI_platform.os
                0x00001e70                _JNIEnv::CallBooleanMethod(_jobject*, _jmethodID*, ...)
 .text._ZN7_JNIEnv13CallIntMethodEP8_jobjectP10_jmethodIDz
                0x00001ecc       0x5c debug\FuseAPI_platform.os
                0x00001ecc                _JNIEnv::CallIntMethod(_jobject*, _jmethodID*, ...)
 .text._ZN7_JNIEnv14CallVoidMethodEP8_jobjectP10_jmethodIDz
                0x00001f28       0x4c debug\FuseAPI_platform.os
                0x00001f28                _JNIEnv::CallVoidMethod(_jobject*, _jmethodID*, ...)
 .text._ZN7_JNIEnv12NewStringUTFEPKc
                0x00001f74       0x38 debug\FuseAPI_platform.os
                0x00001f74                _JNIEnv::NewStringUTF(char const*)
 .text._ZN7_JNIEnv15RegisterNativesEP7_jclassPK15JNINativeMethodi
                0x00001fac       0x48 debug\FuseAPI_platform.os
                0x00001fac                _JNIEnv::RegisterNatives(_jclass*, JNINativeMethod const*, int)
 .text._ZN7_JavaVM6GetEnvEPPvi
                0x00001ff4       0x40 debug\FuseAPI_platform.os
                0x00001ff4                _JavaVM::GetEnv(void**, int)
 .text._ZL15s3eEdkJNIGetEnvv
                0x00002034       0x44 debug\FuseAPI_platform.os
 .text._ZL27s3eEdkAndroidFindClass_realPKc
                0x00002078       0xa4 debug\FuseAPI_platform.os
 .text._ZL22s3eEdkAndroidFindClassPKc
                0x0000211c       0x38 debug\FuseAPI_platform.os
 .text._Z27FuseAPISessionStartReceivedP7_JNIEnvP8_jobject
                0x00002154       0xac debug\FuseAPI_platform.os
                0x00002154                FuseAPISessionStartReceived(_JNIEnv*, _jobject*)
 .text._Z17FuseAPILoginErrorP7_JNIEnvP8_jobjecti
                0x00002200       0xc0 debug\FuseAPI_platform.os
                0x00002200                FuseAPILoginError(_JNIEnv*, _jobject*, int)
 .text._Z29FuseAPIAdAvailabilityResponseP7_JNIEnvP8_jobjectii
                0x000022c0       0xd0 debug\FuseAPI_platform.os
                0x000022c0                FuseAPIAdAvailabilityResponse(_JNIEnv*, _jobject*, int, int)
 .text._Z18FuseAPIAdWillCloseP7_JNIEnvP8_jobject
                0x00002390       0xac debug\FuseAPI_platform.os
                0x00002390                FuseAPIAdWillClose(_JNIEnv*, _jobject*)
 .text._Z18FuseAPIAdDisplayedP7_JNIEnvP8_jobject
                0x0000243c       0xac debug\FuseAPI_platform.os
                0x0000243c                FuseAPIAdDisplayed(_JNIEnv*, _jobject*)
 .text._Z16FuseAPIAdClickedP7_JNIEnvP8_jobject
                0x000024e8       0xac debug\FuseAPI_platform.os
                0x000024e8                FuseAPIAdClicked(_JNIEnv*, _jobject*)
 .text._Z25FuseAPINotificationActionP7_JNIEnvP8_jobjectP8_jstring
                0x00002594       0xcc debug\FuseAPI_platform.os
                0x00002594                FuseAPINotificationAction(_JNIEnv*, _jobject*, _jstring*)
 .text._Z27FuseAPIAccountLoginCompleteP7_JNIEnvP8_jobjectiP8_jstring
                0x00002660       0xd8 debug\FuseAPI_platform.os
                0x00002660                FuseAPIAccountLoginComplete(_JNIEnv*, _jobject*, int, _jstring*)
 .text._Z18FuseAPITimeUpdatedP7_JNIEnvP8_jobjecti
                0x00002738       0xc0 debug\FuseAPI_platform.os
                0x00002738                FuseAPITimeUpdated(_JNIEnv*, _jobject*, int)
 .text._Z17FuseGameDataErrorP7_JNIEnvP8_jobjectii
                0x000027f8       0xd0 debug\FuseAPI_platform.os
                0x000027f8                FuseGameDataError(_JNIEnv*, _jobject*, int, int)
 .text._Z27FuseGameDataSetAcknowledgedP7_JNIEnvP8_jobjecti
                0x000028c8       0xc0 debug\FuseAPI_platform.os
                0x000028c8                FuseGameDataSetAcknowledged(_JNIEnv*, _jobject*, int)
 .text._Z29FuseAPIFriendsListUpdateStartP7_JNIEnvP8_jobjecti
                0x00002988       0xec debug\FuseAPI_platform.os
                0x00002988                FuseAPIFriendsListUpdateStart(_JNIEnv*, _jobject*, int)
 .text._Z30FuseAPIFriendsListUpdatePlayerP7_JNIEnvP8_jobjectP8_jstringS4_S4_S4_iib
                0x00002a74      0x248 debug\FuseAPI_platform.os
                0x00002a74                FuseAPIFriendsListUpdatePlayer(_JNIEnv*, _jobject*, _jstring*, _jstring*, _jstring*, _jstring*, int, int, bool)
 .text._Z27FuseAPIFriendsListUpdateEndP7_JNIEnvP8_jobject
                0x00002cbc       0xac debug\FuseAPI_platform.os
                0x00002cbc                FuseAPIFriendsListUpdateEnd(_JNIEnv*, _jobject*)
 .text._Z20FuseFriendsListErrorP7_JNIEnvP8_jobjecti
                0x00002d68       0xc0 debug\FuseAPI_platform.os
                0x00002d68                FuseFriendsListError(_JNIEnv*, _jobject*, int)
 .text._Z20FuseMailAcknowledgedP7_JNIEnvP8_jobjectiP8_jstringi
                0x00002e28       0xe8 debug\FuseAPI_platform.os
                0x00002e28                FuseMailAcknowledged(_JNIEnv*, _jobject*, int, _jstring*, int)
 .text._Z26FuseAPIMailListUpdateStartP7_JNIEnvP8_jobjecti
                0x00002f10       0xf0 debug\FuseAPI_platform.os
                0x00002f10                FuseAPIMailListUpdateStart(_JNIEnv*, _jobject*, int)
 .text._Z21FuseAPIMailListUpdateP7_JNIEnvP8_jobjectiP8_jstringS4_S4_S4_
                0x00003000      0x180 debug\FuseAPI_platform.os
                0x00003000                FuseAPIMailListUpdate(_JNIEnv*, _jobject*, int, _jstring*, _jstring*, _jstring*, _jstring*)
 .text._Z25FuseAPIMailListUpdateGiftP7_JNIEnvP8_jobjectiP8_jstringS4_i
                0x00003180      0x154 debug\FuseAPI_platform.os
                0x00003180                FuseAPIMailListUpdateGift(_JNIEnv*, _jobject*, int, _jstring*, _jstring*, int)
 .text._Z20FuseMailListReceivedP7_JNIEnvP8_jobjectP8_jstring
                0x000032d4       0xcc debug\FuseAPI_platform.os
                0x000032d4                FuseMailListReceived(_JNIEnv*, _jobject*, _jstring*)
 .text._Z13FuseMailErrorP7_JNIEnvP8_jobjecti
                0x000033a0       0xc0 debug\FuseAPI_platform.os
                0x000033a0                FuseMailError(_JNIEnv*, _jobject*, int)
 .text._Z17FuseMailListErrorP7_JNIEnvP8_jobjecti
                0x00003460       0xc0 debug\FuseAPI_platform.os
                0x00003460                FuseMailListError(_JNIEnv*, _jobject*, int)
 .text._Z26FuseGameConfigurationStartP7_JNIEnvP8_jobjecti
                0x00003520       0xc8 debug\FuseAPI_platform.os
                0x00003520                FuseGameConfigurationStart(_JNIEnv*, _jobject*, int)
 .text._Z29FuseGameConfigurationKeyValueP7_JNIEnvP8_jobjectP8_jstringS4_
                0x000035e8       0xd0 debug\FuseAPI_platform.os
                0x000035e8                FuseGameConfigurationKeyValue(_JNIEnv*, _jobject*, _jstring*, _jstring*)
 .text._Z29FuseGameConfigurationReceivedP7_JNIEnvP8_jobject
                0x000036b8       0xc4 debug\FuseAPI_platform.os
                0x000036b8                FuseGameConfigurationReceived(_JNIEnv*, _jobject*)
 .text._Z28FuseAPIGameDataReceivedStartP7_JNIEnvP8_jobject
                0x0000377c       0xd4 debug\FuseAPI_platform.os
                0x0000377c                FuseAPIGameDataReceivedStart(_JNIEnv*, _jobject*)
 .text._Z26FuseAPIGameDataReceivedKVPP7_JNIEnvP8_jobjectbP8_jstringS4_
                0x00003850      0x10c debug\FuseAPI_platform.os
                0x00003850                FuseAPIGameDataReceivedKVP(_JNIEnv*, _jobject*, bool, _jstring*, _jstring*)
 .text._Z26FuseAPIGameDataReceivedEndP7_JNIEnvP8_jobjectP8_jstringi
                0x0000395c      0x140 debug\FuseAPI_platform.os
                0x0000395c                FuseAPIGameDataReceivedEnd(_JNIEnv*, _jobject*, _jstring*, int)
 .text._Z9FusePausePvS_
                0x00003a9c       0x68 debug\FuseAPI_platform.os
                0x00003a9c                FusePause(void*, void*)
 .text._Z10FuseResumePvS_
                0x00003b04       0x24 debug\FuseAPI_platform.os
                0x00003b04                FuseResume(void*, void*)
 .text._Z20FuseAPIInit_platformv
                0x00003b28     0x14e8 debug\FuseAPI_platform.os
                0x00003b28                FuseAPIInit_platform()
 .text._Z25FuseAPITerminate_platformv
                0x00005010       0x50 debug\FuseAPI_platform.os
                0x00005010                FuseAPITerminate_platform()
 .text._Z28FuseAPIStartSession_platformPKc
                0x00005060       0x68 debug\FuseAPI_platform.os
                0x00005060                FuseAPIStartSession_platform(char const*)
 .text._Z28FuseAPIPauseSession_platformv
                0x000050c8       0x4c debug\FuseAPI_platform.os
                0x000050c8                FuseAPIPauseSession_platform()
 .text._Z29FuseAPIResumeSession_platformv
                0x00005114       0x4c debug\FuseAPI_platform.os
                0x00005114                FuseAPIResumeSession_platform()
 .text._Z32FuseAPITerminateSession_platformv
                0x00005160       0x4c debug\FuseAPI_platform.os
                0x00005160                FuseAPITerminateSession_platform()
 .text._Z44FuseAPIRegisterForPushNotifications_platformPKc
                0x000051ac       0x68 debug\FuseAPI_platform.os
                0x000051ac                FuseAPIRegisterForPushNotifications_platform(char const*)
 .text._Z29FuseAPIRegisterEvent_platformPKc
                0x00005214       0x68 debug\FuseAPI_platform.os
                0x00005214                FuseAPIRegisterEvent_platform(char const*)
 .text._Z38FuseAPIRegisterEventWithParam_platformPKcS0_S0_S0_PKd
                0x0000527c       0xe4 debug\FuseAPI_platform.os
                0x0000527c                FuseAPIRegisterEventWithParam_platform(char const*, char const*, char const*, char const*, double const*)
 .text._Z42FuseAPIRegisterEventWithEventData_platformPKcS0_S0_P13cfuhash_table
                0x00005360      0x1c4 debug\FuseAPI_platform.os
                0x00005360                FuseAPIRegisterEventWithEventData_platform(char const*, char const*, char const*, cfuhash_table*)
 .text._Z43FuseAPIRegisterEventWithDictionary_platformPKcP13cfuhash_table
                0x00005524      0x17c debug\FuseAPI_platform.os
                0x00005524                FuseAPIRegisterEventWithDictionary_platform(char const*, cfuhash_table*)
 .text._Z44FuseAPIRegisterInAppPurchaseAndroid_platform17FusePurchaseStatePKcS1_S1_lS1_PKdS1_
                0x000056a0      0x11c debug\FuseAPI_platform.os
                0x000056a0                FuseAPIRegisterInAppPurchaseAndroid_platform(FusePurchaseState, char const*, char const*, char const*, long, char const*, double const*, char const*)
 .text._Z40FuseAPIRegisterInAppPurchaseiOS_platform17FusePurchaseStatePKciPdS1_S1_
                0x000057bc       0x1c debug\FuseAPI_platform.os
                0x000057bc                FuseAPIRegisterInAppPurchaseiOS_platform(FusePurchaseState, char const*, int, double*, char const*, char const*)
 .text._Z32FuseAPICheckAdAvailable_platformv
                0x000057d8       0x4c debug\FuseAPI_platform.os
                0x000057d8                FuseAPICheckAdAvailable_platform()
 .text._Z22FuseAPIShowAd_platformv
                0x00005824       0x4c debug\FuseAPI_platform.os
                0x00005824                FuseAPIShowAd_platform()
 .text._Z36FuseAPIDisplayNotifications_platformv
                0x00005870       0x4c debug\FuseAPI_platform.os
                0x00005870                FuseAPIDisplayNotifications_platform()
 .text._Z32FuseAPIDisplayMoreGames_platformv
                0x000058bc       0x4c debug\FuseAPI_platform.os
                0x000058bc                FuseAPIDisplayMoreGames_platform()
 .text._Z30FuseAPIRegisterGender_platformi
                0x00005908       0x54 debug\FuseAPI_platform.os
                0x00005908                FuseAPIRegisterGender_platform(int)
 .text._Z29FuseAPIFacebookLogin_platformPKcS0_S0_
                0x0000595c       0xa8 debug\FuseAPI_platform.os
                0x0000595c                FuseAPIFacebookLogin_platform(char const*, char const*, char const*)
 .text._Z28FuseAPITwitterLogin_platformPKc
                0x00005a04       0x68 debug\FuseAPI_platform.os
                0x00005a04                FuseAPITwitterLogin_platform(char const*)
 .text._Z27FuseAPIDeviceLogin_platformPKc
                0x00005a6c       0x68 debug\FuseAPI_platform.os
                0x00005a6c                FuseAPIDeviceLogin_platform(char const*)
 .text._Z25FuseAPIFuseLogin_platformPKcS0_
                0x00005ad4       0x88 debug\FuseAPI_platform.os
                0x00005ad4                FuseAPIFuseLogin_platform(char const*, char const*)
 .text._Z31FuseAPIGameCenterLogin_platformv
                0x00005b5c        0x4 debug\FuseAPI_platform.os
                0x00005b5c                FuseAPIGameCenterLogin_platform()
 .text._Z31FuseAPIGooglePlayLogin_platformPKcS0_
                0x00005b60       0x88 debug\FuseAPI_platform.os
                0x00005b60                FuseAPIGooglePlayLogin_platform(char const*, char const*)
 .text._Z36FuseAPIGetOriginalAccountId_platformv
                0x00005be8       0x64 debug\FuseAPI_platform.os
                0x00005be8                FuseAPIGetOriginalAccountId_platform()
 .text._Z39FuseAPIGetOriginalAccountAlias_platformv
                0x00005c4c       0x64 debug\FuseAPI_platform.os
                0x00005c4c                FuseAPIGetOriginalAccountAlias_platform()
 .text._Z38FuseAPIGetOriginalAccountType_platformv
                0x00005cb0       0x54 debug\FuseAPI_platform.os
                0x00005cb0                FuseAPIGetOriginalAccountType_platform()
 .text._Z25FuseAPIGetFuseID_platformv
                0x00005d04       0x64 debug\FuseAPI_platform.os
                0x00005d04                FuseAPIGetFuseID_platform()
 .text._Z27FuseAPIgamesPlayed_platformv
                0x00005d68       0x54 debug\FuseAPI_platform.os
                0x00005d68                FuseAPIgamesPlayed_platform()
 .text._Z30FuseAPILibraryVersion_platformv
                0x00005dbc       0x64 debug\FuseAPI_platform.os
                0x00005dbc                FuseAPILibraryVersion_platform()
 .text._Z25FuseAPIConnected_platformv
                0x00005e20       0x64 debug\FuseAPI_platform.os
                0x00005e20                FuseAPIConnected_platform()
 .text._Z30FuseAPITimeFromServer_platformv
                0x00005e84       0x4c debug\FuseAPI_platform.os
                0x00005e84                FuseAPITimeFromServer_platform()
 .text._Z26FuseAPIEnableData_platformb
                0x00005ed0       0x50 debug\FuseAPI_platform.os
                0x00005ed0                FuseAPIEnableData_platform(bool)
 .text._Z27FuseAPISetGameData_platformPKcS0_P13cfuhash_table
                0x00005f20      0x1bc debug\FuseAPI_platform.os
                0x00005f20                FuseAPISetGameData_platform(char const*, char const*, cfuhash_table*)
 .text._Z27FuseAPIGetGameData_platformPKcS0_PS0_i
                0x000060dc      0x154 debug\FuseAPI_platform.os
                0x000060dc                FuseAPIGetGameData_platform(char const*, char const*, char const**, int)
 .text._Z43FuseAPIUpdateFriendsListFromServer_platformv
                0x00006230       0x4c debug\FuseAPI_platform.os
                0x00006230                FuseAPIUpdateFriendsListFromServer_platform()
 .text._Z30FuseAPIGetFriendsList_platformPi
                0x0000627c       0x3c debug\FuseAPI_platform.os
                0x0000627c                FuseAPIGetFriendsList_platform(int*)
 .text._Z37FuseAPIGetMailListFromServer_platformv
                0x000062b8       0x4c debug\FuseAPI_platform.os
                0x000062b8                FuseAPIGetMailListFromServer_platform()
 .text._Z43FuseAPIGetMailListFriendFromServer_platformPKc
                0x00006304       0x68 debug\FuseAPI_platform.os
                0x00006304                FuseAPIGetMailListFriendFromServer_platform(char const*)
 .text._Z33FuseAPISetMailAsReceived_platformi
                0x0000636c       0x54 debug\FuseAPI_platform.os
                0x0000636c                FuseAPISetMailAsReceived_platform(int)
 .text._Z32FuseAPISendMailWithGift_platformPKcS0_ii
                0x000063c0       0xa8 debug\FuseAPI_platform.os
                0x000063c0                FuseAPISendMailWithGift_platform(char const*, char const*, int, int)
 .text._Z24FuseAPISendMail_platformPKcS0_
                0x00006468       0x90 debug\FuseAPI_platform.os
                0x00006468                FuseAPISendMail_platform(char const*, char const*)
 .text._Z27FuseAPIGetMailList_platformPi
                0x000064f8       0x3c debug\FuseAPI_platform.os
                0x000064f8                FuseAPIGetMailList_platform(int*)
 .text._Z41FuseAPIGetGameConfigurationValue_platformPKc
                0x00006534       0x80 debug\FuseAPI_platform.os
                0x00006534                FuseAPIGetGameConfigurationValue_platform(char const*)
 .text._Z29FuseAPIRegisterLevel_platformi
                0x000065b4       0x54 debug\FuseAPI_platform.os
                0x000065b4                FuseAPIRegisterLevel_platform(int)
 .text._Z32FuseAPIRegisterCurrency_platformii
                0x00006608       0x60 debug\FuseAPI_platform.os
                0x00006608                FuseAPIRegisterCurrency_platform(int, int)
 .text._Z34FuseAPIRegisterFlurryView_platformv
                0x00006668       0x4c debug\FuseAPI_platform.os
                0x00006668                FuseAPIRegisterFlurryView_platform()
 .text._Z35FuseAPIRegisterFlurryClick_platformv
                0x000066b4       0x4c debug\FuseAPI_platform.os
                0x000066b4                FuseAPIRegisterFlurryClick_platform()
 .text._Z36FuseAPIRegisterTapjoyReward_platformi
                0x00006700       0x54 debug\FuseAPI_platform.os
                0x00006700                FuseAPIRegisterTapjoyReward_platform(int)
 .text._Z41__static_initialization_and_destruction_0ii
                0x00006754       0x54 debug\FuseAPI_platform.os
 .text._GLOBAL__I_C__depot_Projects_Marmalade_6.3_extensions_FuseAPI_source_android_FuseAPI_platform.cpp
                0x000067a8       0x18 debug\FuseAPI_platform.os
 .text._Z11FuseAPIInitv
                0x000067c0       0x24 debug\FuseAPI.os
                0x000067c0                FuseAPIInit()
 .text._Z16FuseAPITerminatev
                0x000067e4        0xc debug\FuseAPI.os
                0x000067e4                FuseAPITerminate()
 .text.FuseAPIStartSession
                0x000067f0       0x1c debug\FuseAPI.os
                0x000067f0                FuseAPIStartSession
 .text.FuseAPIPauseSession
                0x0000680c        0xc debug\FuseAPI.os
                0x0000680c                FuseAPIPauseSession
 .text.FuseAPIResumeSession
                0x00006818        0xc debug\FuseAPI.os
                0x00006818                FuseAPIResumeSession
 .text.FuseAPITerminateSession
                0x00006824        0xc debug\FuseAPI.os
                0x00006824                FuseAPITerminateSession
 .text.FuseAPIRegisterForPushNotifications
                0x00006830       0x1c debug\FuseAPI.os
                0x00006830                FuseAPIRegisterForPushNotifications
 .text.FuseAPIRegisterEvent
                0x0000684c       0x1c debug\FuseAPI.os
                0x0000684c                FuseAPIRegisterEvent
 .text.FuseAPIRegisterEventWithParam
                0x00006868       0x44 debug\FuseAPI.os
                0x00006868                FuseAPIRegisterEventWithParam
 .text.FuseAPIRegisterEventWithEventData
                0x000068ac       0x3c debug\FuseAPI.os
                0x000068ac                FuseAPIRegisterEventWithEventData
 .text.FuseAPIRegisterEventWithDictionary
                0x000068e8       0x24 debug\FuseAPI.os
                0x000068e8                FuseAPIRegisterEventWithDictionary
 .text.FuseAPIRegisterInAppPurchaseAndroid
                0x0000690c       0x54 debug\FuseAPI.os
                0x0000690c                FuseAPIRegisterInAppPurchaseAndroid
 .text.FuseAPIRegisterInAppPurchaseiOS
                0x00006960       0x44 debug\FuseAPI.os
                0x00006960                FuseAPIRegisterInAppPurchaseiOS
 .text.FuseAPICheckAdAvailable
                0x000069a4        0xc debug\FuseAPI.os
                0x000069a4                FuseAPICheckAdAvailable
 .text.FuseAPIShowAd
                0x000069b0        0xc debug\FuseAPI.os
                0x000069b0                FuseAPIShowAd
 .text.FuseAPIDisplayNotifications
                0x000069bc        0xc debug\FuseAPI.os
                0x000069bc                FuseAPIDisplayNotifications
 .text.FuseAPIDisplayMoreGames
                0x000069c8        0xc debug\FuseAPI.os
                0x000069c8                FuseAPIDisplayMoreGames
 .text.FuseAPIRegisterGender
                0x000069d4       0x1c debug\FuseAPI.os
                0x000069d4                FuseAPIRegisterGender
 .text.FuseAPIFacebookLogin
                0x000069f0       0x2c debug\FuseAPI.os
                0x000069f0                FuseAPIFacebookLogin
 .text.FuseAPITwitterLogin
                0x00006a1c       0x1c debug\FuseAPI.os
                0x00006a1c                FuseAPITwitterLogin
 .text.FuseAPIGameCenterLogin
                0x00006a38        0xc debug\FuseAPI.os
                0x00006a38                FuseAPIGameCenterLogin
 .text.FuseAPIDeviceLogin
                0x00006a44       0x1c debug\FuseAPI.os
                0x00006a44                FuseAPIDeviceLogin
 .text.FuseAPIFuseLogin
                0x00006a60       0x24 debug\FuseAPI.os
                0x00006a60                FuseAPIFuseLogin
 .text.FuseAPIGooglePlayLogin
                0x00006a84       0x24 debug\FuseAPI.os
                0x00006a84                FuseAPIGooglePlayLogin
 .text.FuseAPIGetOriginalAccountId
                0x00006aa8       0x14 debug\FuseAPI.os
                0x00006aa8                FuseAPIGetOriginalAccountId
 .text.FuseAPIGetOriginalAccountAlias
                0x00006abc       0x14 debug\FuseAPI.os
                0x00006abc                FuseAPIGetOriginalAccountAlias
 .text.FuseAPIGetOriginalAccountType
                0x00006ad0       0x14 debug\FuseAPI.os
                0x00006ad0                FuseAPIGetOriginalAccountType
 .text.FuseAPIGetFuseID
                0x00006ae4       0x14 debug\FuseAPI.os
                0x00006ae4                FuseAPIGetFuseID
 .text.FuseAPIgamesPlayed
                0x00006af8       0x14 debug\FuseAPI.os
                0x00006af8                FuseAPIgamesPlayed
 .text.FuseAPILibraryVersion
                0x00006b0c       0x14 debug\FuseAPI.os
                0x00006b0c                FuseAPILibraryVersion
 .text.FuseAPIConnected
                0x00006b20       0x14 debug\FuseAPI.os
                0x00006b20                FuseAPIConnected
 .text.FuseAPITimeFromServer
                0x00006b34        0xc debug\FuseAPI.os
                0x00006b34                FuseAPITimeFromServer
 .text.FuseAPIEnableData
                0x00006b40       0x24 debug\FuseAPI.os
                0x00006b40                FuseAPIEnableData
 .text.FuseAPISetGameData
                0x00006b64       0x34 debug\FuseAPI.os
                0x00006b64                FuseAPISetGameData
 .text.FuseAPIGetGameData
                0x00006b98       0x3c debug\FuseAPI.os
                0x00006b98                FuseAPIGetGameData
 .text.FuseAPIUpdateFriendsListFromServer
                0x00006bd4        0xc debug\FuseAPI.os
                0x00006bd4                FuseAPIUpdateFriendsListFromServer
 .text.FuseAPIGetFriendsList
                0x00006be0       0x24 debug\FuseAPI.os
                0x00006be0                FuseAPIGetFriendsList
 .text.FuseAPIGetMailListFromServer
                0x00006c04        0xc debug\FuseAPI.os
                0x00006c04                FuseAPIGetMailListFromServer
 .text.FuseAPIGetMailListFriendFromServer
                0x00006c10       0x1c debug\FuseAPI.os
                0x00006c10                FuseAPIGetMailListFriendFromServer
 .text.FuseAPISetMailAsReceived
                0x00006c2c       0x1c debug\FuseAPI.os
                0x00006c2c                FuseAPISetMailAsReceived
 .text.FuseAPISendMailWithGift
                0x00006c48       0x3c debug\FuseAPI.os
                0x00006c48                FuseAPISendMailWithGift
 .text.FuseAPISendMail
                0x00006c84       0x2c debug\FuseAPI.os
                0x00006c84                FuseAPISendMail
 .text.FuseAPIGetMailList
                0x00006cb0       0x24 debug\FuseAPI.os
                0x00006cb0                FuseAPIGetMailList
 .text.FuseAPIGetGameConfigurationValue
                0x00006cd4       0x24 debug\FuseAPI.os
                0x00006cd4                FuseAPIGetGameConfigurationValue
 .text.FuseAPIRegisterLevel
                0x00006cf8       0x1c debug\FuseAPI.os
                0x00006cf8                FuseAPIRegisterLevel
 .text.FuseAPIRegisterCurrency
                0x00006d14       0x24 debug\FuseAPI.os
                0x00006d14                FuseAPIRegisterCurrency
 .text.FuseAPIRegisterFlurryView
                0x00006d38        0xc debug\FuseAPI.os
                0x00006d38                FuseAPIRegisterFlurryView
 .text.FuseAPIRegisterFlurryClick
                0x00006d44        0xc debug\FuseAPI.os
                0x00006d44                FuseAPIRegisterFlurryClick
 .text.FuseAPIRegisterTapjoyReward
                0x00006d50       0x1c debug\FuseAPI.os
                0x00006d50                FuseAPIRegisterTapjoyReward
 .text._ZL24FuseAPIStartSession_wrapPKc
                0x00006d6c       0x98 debug\FuseAPI_register.os
 .text._ZL24FuseAPIPauseSession_wrapv
                0x00006e04       0x88 debug\FuseAPI_register.os
 .text._ZL25FuseAPIResumeSession_wrapv
                0x00006e8c       0x88 debug\FuseAPI_register.os
 .text._ZL28FuseAPITerminateSession_wrapv
                0x00006f14       0x88 debug\FuseAPI_register.os
 .text._ZL40FuseAPIRegisterForPushNotifications_wrapPKc
                0x00006f9c       0x98 debug\FuseAPI_register.os
 .text._ZL25FuseAPIRegisterEvent_wrapPKc
                0x00007034       0x98 debug\FuseAPI_register.os
 .text._ZL34FuseAPIRegisterEventWithParam_wrapPKcS0_S0_S0_PKd
                0x000070cc       0xc8 debug\FuseAPI_register.os
 .text._ZL38FuseAPIRegisterEventWithEventData_wrapPKcS0_S0_P13cfuhash_table
                0x00007194       0xc0 debug\FuseAPI_register.os
 .text._ZL39FuseAPIRegisterEventWithDictionary_wrapPKcP13cfuhash_table
                0x00007254       0xa0 debug\FuseAPI_register.os
 .text._ZL40FuseAPIRegisterInAppPurchaseAndroid_wrap17FusePurchaseStatePKcS1_S1_lS1_PKdS1_
                0x000072f4       0xe0 debug\FuseAPI_register.os
 .text._ZL36FuseAPIRegisterInAppPurchaseiOS_wrap17FusePurchaseStatePKciPdS1_S1_
                0x000073d4       0xd0 debug\FuseAPI_register.os
 .text._ZL28FuseAPICheckAdAvailable_wrapv
                0x000074a4       0x88 debug\FuseAPI_register.os
 .text._ZL18FuseAPIShowAd_wrapv
                0x0000752c       0x88 debug\FuseAPI_register.os
 .text._ZL32FuseAPIDisplayNotifications_wrapv
                0x000075b4       0x88 debug\FuseAPI_register.os
 .text._ZL28FuseAPIDisplayMoreGames_wrapv
                0x0000763c       0x88 debug\FuseAPI_register.os
 .text._ZL26FuseAPIRegisterGender_wrapi
                0x000076c4       0x98 debug\FuseAPI_register.os
 .text._ZL25FuseAPIFacebookLogin_wrapPKcS0_S0_
                0x0000775c       0xac debug\FuseAPI_register.os
 .text._ZL24FuseAPITwitterLogin_wrapPKc
                0x00007808       0x98 debug\FuseAPI_register.os
 .text._ZL23FuseAPIDeviceLogin_wrapPKc
                0x000078a0       0x98 debug\FuseAPI_register.os
 .text._ZL21FuseAPIFuseLogin_wrapPKcS0_
                0x00007938       0xa0 debug\FuseAPI_register.os
 .text._ZL27FuseAPIGameCenterLogin_wrapv
                0x000079d8       0x88 debug\FuseAPI_register.os
 .text._ZL27FuseAPIGooglePlayLogin_wrapPKcS0_
                0x00007a60       0xa0 debug\FuseAPI_register.os
 .text._ZL32FuseAPIGetOriginalAccountId_wrapv
                0x00007b00       0x90 debug\FuseAPI_register.os
 .text._ZL35FuseAPIGetOriginalAccountAlias_wrapv
                0x00007b90       0x90 debug\FuseAPI_register.os
 .text._ZL34FuseAPIGetOriginalAccountType_wrapv
                0x00007c20       0x90 debug\FuseAPI_register.os
 .text._ZL21FuseAPIGetFuseID_wrapv
                0x00007cb0       0x90 debug\FuseAPI_register.os
 .text._ZL23FuseAPIgamesPlayed_wrapv
                0x00007d40       0x90 debug\FuseAPI_register.os
 .text._ZL26FuseAPILibraryVersion_wrapv
                0x00007dd0       0x90 debug\FuseAPI_register.os
 .text._ZL21FuseAPIConnected_wrapv
                0x00007e60       0xa0 debug\FuseAPI_register.os
 .text._ZL26FuseAPITimeFromServer_wrapv
                0x00007f00       0x88 debug\FuseAPI_register.os
 .text._ZL22FuseAPIEnableData_wrapb
                0x00007f88       0xa4 debug\FuseAPI_register.os
 .text._ZL23FuseAPISetGameData_wrapPKcS0_P13cfuhash_table
                0x0000802c       0xb4 debug\FuseAPI_register.os
 .text._ZL23FuseAPIGetGameData_wrapPKcS0_PS0_i
                0x000080e0       0xc0 debug\FuseAPI_register.os
 .text._ZL39FuseAPIUpdateFriendsListFromServer_wrapv
                0x000081a0       0x88 debug\FuseAPI_register.os
 .text._ZL26FuseAPIGetFriendsList_wrapPi
                0x00008228       0xa0 debug\FuseAPI_register.os
 .text._ZL33FuseAPIGetMailListFromServer_wrapv
                0x000082c8       0x88 debug\FuseAPI_register.os
 .text._ZL39FuseAPIGetMailListFriendFromServer_wrapPKc
                0x00008350       0x98 debug\FuseAPI_register.os
 .text._ZL29FuseAPISetMailAsReceived_wrapi
                0x000083e8       0x98 debug\FuseAPI_register.os
 .text._ZL28FuseAPISendMailWithGift_wrapPKcS0_ii
                0x00008480       0xc0 debug\FuseAPI_register.os
 .text._ZL20FuseAPISendMail_wrapPKcS0_
                0x00008540       0xa8 debug\FuseAPI_register.os
 .text._ZL23FuseAPIGetMailList_wrapPi
                0x000085e8       0xa0 debug\FuseAPI_register.os
 .text._ZL37FuseAPIGetGameConfigurationValue_wrapPKc
                0x00008688       0xa0 debug\FuseAPI_register.os
 .text._ZL25FuseAPIRegisterLevel_wrapi
                0x00008728       0x98 debug\FuseAPI_register.os
 .text._ZL28FuseAPIRegisterCurrency_wrapii
                0x000087c0       0xa0 debug\FuseAPI_register.os
 .text._ZL30FuseAPIRegisterFlurryView_wrapv
                0x00008860       0x88 debug\FuseAPI_register.os
 .text._ZL31FuseAPIRegisterFlurryClick_wrapv
                0x000088e8       0x88 debug\FuseAPI_register.os
 .text._ZL32FuseAPIRegisterTapjoyReward_wrapi
                0x00008970       0x98 debug\FuseAPI_register.os
 .text.FuseAPIRegister
                0x00008a08       0x50 debug\FuseAPI_register.os
                0x00008a08                FuseAPIRegister
 .text.FuseAPIUnRegister
                0x00008a58       0x44 debug\FuseAPI_register.os
                0x00008a58                FuseAPIUnRegister
 .text._Z18FuseAPIRegisterExtv
                0x00008a9c      0x394 debug\FuseAPI_register.os
                0x00008a9c                FuseAPIRegisterExt()
 .text.RegisterExt
                0x00008e30        0xc debug\FuseAPI_register.os
                0x00008e30                RegisterExt
 .text.hash_func
                0x00008e3c       0x84 debug\cfuhash.os
 .text.hash_size
                0x00008ec0       0x40 debug\cfuhash.os
 .text.hash_key_dup
                0x00008f00       0x40 debug\cfuhash.os
 .text.hash_key_dup_lower_case
                0x00008f40       0x9c debug\cfuhash.os
 .text.hash_value
                0x00008fdc       0xa4 debug\cfuhash.os
 .text._cfuhash_new
                0x00009080       0xf0 debug\cfuhash.os
 .text.cfuhash_new_with_initial_size
                0x00009170       0x3c debug\cfuhash.os
                0x00009170                cfuhash_new_with_initial_size
 .text.lock_hash
                0x000091ac       0x54 debug\cfuhash.os
 .text.unlock_hash
                0x00009200       0x54 debug\cfuhash.os
 .text.hash_cmp
                0x00009254       0xa8 debug\cfuhash.os
 .text.hash_add_entry
                0x000092fc       0xf0 debug\cfuhash.os
 .text.cfuhash_put_data
                0x000093ec      0x228 debug\cfuhash.os
                0x000093ec                cfuhash_put_data
 .text.cfuhash_put
                0x00009614       0x64 debug\cfuhash.os
                0x00009614                cfuhash_put
 .text.cfuhash_clear
                0x00009678      0x188 debug\cfuhash.os
                0x00009678                cfuhash_clear
 .text.cfuhash_each_data
                0x00009800       0x5c debug\cfuhash.os
                0x00009800                cfuhash_each_data
 .text.cfuhash_next_data
                0x0000985c      0x170 debug\cfuhash.os
                0x0000985c                cfuhash_next_data
 .text._cfuhash_destroy_entry
                0x000099cc       0x90 debug\cfuhash.os
 .text.cfuhash_each
                0x00009a5c       0x50 debug\cfuhash.os
                0x00009a5c                cfuhash_each
 .text.cfuhash_next
                0x00009aac       0x50 debug\cfuhash.os
                0x00009aac                cfuhash_next
 .text.cfuhash_destroy_with_free_fn
                0x00009afc      0x108 debug\cfuhash.os
                0x00009afc                cfuhash_destroy_with_free_fn
 .text.cfuhash_destroy
                0x00009c04       0x28 debug\cfuhash.os
                0x00009c04                cfuhash_destroy
 .text.cfuhash_rehash
                0x00009c2c      0x1b8 debug\cfuhash.os
                0x00009c2c                cfuhash_rehash
 .text.cfuhash_num_entries
                0x00009de4       0x30 debug\cfuhash.os
                0x00009de4                cfuhash_num_entries
 .text.IwDebugTraceSetTraceChannel
                0x00009e14       0x1c C:\depot\Projects\Marmalade\6.3\s3e\edk\lib\android\libedk.a(IwDebug.o)
                0x00009e14                IwDebugTraceSetTraceChannel
 .text._GLOBAL__I_Z__sdk_modules_iwcore_source_IwDebug.cpp
                0x00009e30       0xa4 C:\depot\Projects\Marmalade\6.3\s3e\edk\lib\android\libedk.a(IwDebug.o)
 .text.IwDebugTraceIsChannelOn
                0x00009ed4      0x2b8 C:\depot\Projects\Marmalade\6.3\s3e\edk\lib\android\libedk.a(IwDebug.o)
                0x00009ed4                IwDebugTraceIsChannelOn
 .text.IwDebugTraceLinePrintf
                0x0000a18c      0x10c C:\depot\Projects\Marmalade\6.3\s3e\edk\lib\android\libedk.a(IwDebug.o)
                0x0000a18c                IwDebugTraceLinePrintf
 .text.s3eEdkThreadRunOnOS
                0x0000a298       0x30 C:\depot\Projects\Marmalade\6.3\s3e\edk\lib\android\libedk.a(edk_helpers.o)
                0x0000a298                s3eEdkThreadRunOnOS
 .text._ZdlPv   0x0000a2c8        0xc C:\android-ndk-r8d\sources\cxx-stl\gnu-libstdc++\4.4.3\libs\armeabi\libgnustl_static.a(del_op.o)
                0x0000a2c8                operator delete(void*)
 .text          0x0000a2d4       0xc4 c:/android-ndk-r8d/toolchains/arm-linux-androideabi-4.4.3/prebuilt/windows/bin/../lib/gcc/arm-linux-androideabi/4.4.3\libgcc.a(_udivsi3.o)
                0x0000a2d4                __udivsi3
                0x0000a2d4                __aeabi_uidiv
                0x0000a380                __aeabi_uidivmod
 .text          0x0000a398       0x1c c:/android-ndk-r8d/toolchains/arm-linux-androideabi-4.4.3/prebuilt/windows/bin/../lib/gcc/arm-linux-androideabi/4.4.3\libgcc.a(_aeabi_ldivmod.o)
                0x0000a398                __aeabi_ldivmod
 .text          0x0000a3b4       0x10 c:/android-ndk-r8d/toolchains/arm-linux-androideabi-4.4.3/prebuilt/windows/bin/../lib/gcc/arm-linux-androideabi/4.4.3\libgcc.a(_dvmd_lnx.o)
                0x0000a3b4                __div0
 .text          0x0000a3c4       0x88 c:/android-ndk-r8d/toolchains/arm-linux-androideabi-4.4.3/prebuilt/windows/bin/../lib/gcc/arm-linux-androideabi/4.4.3\libgcc.a(bpabi.o)
                0x0000a3c4                __gnu_uldivmod_helper
                0x0000a408                __gnu_ldivmod_helper
 .text          0x0000a44c      0xec4 c:/android-ndk-r8d/toolchains/arm-linux-androideabi-4.4.3/prebuilt/windows/bin/../lib/gcc/arm-linux-androideabi/4.4.3\libgcc.a(unwind-arm.o)
                0x0000ae74                __gnu_Unwind_RaiseException
                0x0000a9cc                __aeabi_unwind_cpp_pr0
                0x0000a4fc                _Unwind_GetCFA
                0x0000a498                _Unwind_VRS_Set
                0x0000ac10                __gnu_Unwind_Backtrace
                0x0000afa4                _Unwind_VRS_Pop
                0x0000a9bc                __aeabi_unwind_cpp_pr2
                0x0000a508                _Unwind_DeleteException
                0x0000a504                _Unwind_Complete
                0x0000af38                __gnu_Unwind_Resume
                0x0000ae00                __gnu_Unwind_ForcedUnwind
                0x0000af18                __gnu_Unwind_Resume_or_Rethrow
                0x0000a44c                _Unwind_VRS_Get
                0x0000a9c4                __aeabi_unwind_cpp_pr1
 .text          0x0000b310      0x1a8 c:/android-ndk-r8d/toolchains/arm-linux-androideabi-4.4.3/prebuilt/windows/bin/../lib/gcc/arm-linux-androideabi/4.4.3\libgcc.a(libunwind.o)
                0x0000b470                ___Unwind_ForcedUnwind
                0x0000b32c                __gnu_Unwind_Save_VFP
                0x0000b44c                _Unwind_Resume_or_Rethrow
                0x0000b44c                ___Unwind_Resume_or_Rethrow
                0x0000b494                _Unwind_Backtrace
                0x0000b310                __restore_core_regs
                0x0000b34c                __gnu_Unwind_Save_VFP_D_16_to_31
                0x0000b33c                __gnu_Unwind_Save_VFP_D
                0x0000b494                ___Unwind_Backtrace
                0x0000b404                ___Unwind_RaiseException
                0x0000b428                ___Unwind_Resume
                0x0000b354                __gnu_Unwind_Restore_WMMXD
                0x0000b324                __gnu_Unwind_Restore_VFP
                0x0000b428                _Unwind_Resume
                0x0000b334                __gnu_Unwind_Restore_VFP_D
                0x0000b344                __gnu_Unwind_Restore_VFP_D_16_to_31
                0x0000b404                _Unwind_RaiseException
                0x0000b310                restore_core_regs
                0x0000b3f0                __gnu_Unwind_Save_WMMXC
                0x0000b3dc                __gnu_Unwind_Restore_WMMXC
                0x0000b470                _Unwind_ForcedUnwind
                0x0000b398                __gnu_Unwind_Save_WMMXD
 .text          0x0000b4b8      0x484 c:/android-ndk-r8d/toolchains/arm-linux-androideabi-4.4.3/prebuilt/windows/bin/../lib/gcc/arm-linux-androideabi/4.4.3\libgcc.a(pr-support.o)
                0x0000b558                _Unwind_GetRegionStart
                0x0000b584                __gnu_unwind_execute
                0x0000b510                _Unwind_GetTextRelBase
                0x0000b520                _Unwind_GetLanguageSpecificData
                0x0000b8fc                __gnu_unwind_frame
                0x0000b518                _Unwind_GetDataRelBase
 .text          0x0000b93c      0x47c c:/android-ndk-r8d/toolchains/arm-linux-androideabi-4.4.3/prebuilt/windows/bin/../lib/gcc/arm-linux-androideabi/4.4.3\libgcc.a(_divdi3.o)
                0x0000b93c                __divdi3
 .text          0x0000bdb8      0x40c c:/android-ndk-r8d/toolchains/arm-linux-androideabi-4.4.3/prebuilt/windows/bin/../lib/gcc/arm-linux-androideabi/4.4.3\libgcc.a(_udivdi3.o)
                0x0000bdb8                __udivdi3
 *(.gnu.warning)
 *(.glue_7t)
 .glue_7t       0x00000000        0x0 linker stubs
 *(.glue_7)
 .glue_7        0x00000000        0x0 linker stubs
 *(.vfp11_veneer)
 .vfp11_veneer  0x00000000        0x0 linker stubs
 *(.v4_bx)
 .v4_bx         0x00000000        0x0 linker stubs

.fini
 *(.fini)
                0x0000c1c4                PROVIDE (__etext, .)
                0x0000c1c4                PROVIDE (_etext, .)
                0x0000c1c4                PROVIDE (etext, .)

.rodata         0x0000c1c4     0x1c84
 *(.rodata .rodata.* .gnu.linkonce.r.*)
 .rodata        0x0000c1c4      0xf3c debug\FuseAPI_platform.os
 .rodata        0x0000d100      0xbac debug\FuseAPI_register.os
 .rodata.str1.4
                0x0000dcac      0x19c C:\depot\Projects\Marmalade\6.3\s3e\edk\lib\android\libedk.a(IwDebug.o)
                                0x1a0 (size before relaxing)

.rodata1
 *(.rodata1)

.ARM.extab      0x0000de48       0x24
 *(.ARM.extab* .gnu.linkonce.armextab.*)
 .ARM.extab     0x0000de48       0x24 c:/android-ndk-r8d/toolchains/arm-linux-androideabi-4.4.3/prebuilt/windows/bin/../lib/gcc/arm-linux-androideabi/4.4.3\libgcc.a(unwind-arm.o)
                0x0000de6c                __exidx_start = .

.ARM.exidx      0x0000de6c      0x100
 *(.ARM.exidx* .gnu.linkonce.armexidx.*)
 .ARM.exidx.text._ZdlPv
                0x0000de6c        0x8 C:\android-ndk-r8d\sources\cxx-stl\gnu-libstdc++\4.4.3\libs\armeabi\libgnustl_static.a(del_op.o)
 .ARM.exidx     0x0000de74       0x10 c:/android-ndk-r8d/toolchains/arm-linux-androideabi-4.4.3/prebuilt/windows/bin/../lib/gcc/arm-linux-androideabi/4.4.3\libgcc.a(bpabi.o)
 .ARM.exidx     0x0000de84       0xa0 c:/android-ndk-r8d/toolchains/arm-linux-androideabi-4.4.3/prebuilt/windows/bin/../lib/gcc/arm-linux-androideabi/4.4.3\libgcc.a(unwind-arm.o)
 .ARM.exidx     0x0000df24       0x38 c:/android-ndk-r8d/toolchains/arm-linux-androideabi-4.4.3/prebuilt/windows/bin/../lib/gcc/arm-linux-androideabi/4.4.3\libgcc.a(pr-support.o)
 .ARM.exidx     0x0000df5c        0x8 c:/android-ndk-r8d/toolchains/arm-linux-androideabi-4.4.3/prebuilt/windows/bin/../lib/gcc/arm-linux-androideabi/4.4.3\libgcc.a(_divdi3.o)
 .ARM.exidx     0x0000df64        0x8 c:/android-ndk-r8d/toolchains/arm-linux-androideabi-4.4.3/prebuilt/windows/bin/../lib/gcc/arm-linux-androideabi/4.4.3\libgcc.a(_udivdi3.o)
                0x0000df6c                __exidx_end = .

.eh_frame_hdr
 *(.eh_frame_hdr)

.eh_frame
 *(.eh_frame)

.gcc_except_table
 *(.gcc_except_table .gcc_except_table.*)
                0x0000df6c                . = (ALIGN (0x1000) - ((0x1000 - .) & 0xfff))
                0x0000ec48                . = (0x1000 DATA_SEGMENT_ALIGN 0x1000)

.eh_frame
 *(.eh_frame)

.gcc_except_table
 *(.gcc_except_table .gcc_except_table.*)

.tdata
 *(.tdata .tdata.* .gnu.linkonce.td.*)

.tbss
 *(.tbss .tbss.* .gnu.linkonce.tb.*)
 *(.tcommon)

.preinit_array
 *(.preinit_array)

.init_array     0x0000ec48        0xc
 *(SORT(.init_array.*))
 *(.init_array)
 .init_array    0x0000ec48        0x4 debug\FuseAPI_platform.os
 .init_array    0x0000ec4c        0x4 C:\depot\Projects\Marmalade\6.3\s3e\edk\lib\android\libedk.a(IwDebug.o)
 .init_array    0x0000ec50        0x4 C:/android-ndk-r8d/platforms/android-9/arch-arm/usr/lib/crtend_so.o

.fini_array     0x0000ec54        0x8
 *(.fini_array)
 .fini_array    0x0000ec54        0x4 C:/android-ndk-r8d/platforms/android-9/arch-arm/usr/lib/crtbegin_so.o
 .fini_array    0x0000ec58        0x4 C:/android-ndk-r8d/platforms/android-9/arch-arm/usr/lib/crtend_so.o
 *(SORT(.fini_array.*))

.ctors
 *crtbegin.o(.ctors)
 *crtbegin?.o(.ctors)
 *(EXCLUDE_FILE(*crtend?.o *crtend.o) .ctors)
 *(SORT(.ctors.*))
 *(.ctors)

.dtors
 *crtbegin.o(.dtors)
 *crtbegin?.o(.dtors)
 *(EXCLUDE_FILE(*crtend?.o *crtend.o) .dtors)
 *(SORT(.dtors.*))
 *(.dtors)

.jcr
 *(.jcr)

.data.rel.ro    0x0000ec5c      0x150
 *(.data.rel.ro.local* .gnu.linkonce.d.rel.ro.local.*)
 *(.data.rel.ro* .gnu.linkonce.d.rel.ro.*)
 .data.rel.ro   0x0000ec5c      0x150 debug\FuseAPI_platform.os

.dynamic        0x0000edac       0xd8
 *(.dynamic)
 .dynamic       0x0000edac       0xd8 C:/android-ndk-r8d/platforms/android-9/arch-arm/usr/lib/crtbegin_so.o
                0x0000edac                _DYNAMIC

.got            0x0000ee84      0x17c
 *(.got.plt)
 .got.plt       0x0000ee84       0x9c C:/android-ndk-r8d/platforms/android-9/arch-arm/usr/lib/crtbegin_so.o
                0x0000ee84                _GLOBAL_OFFSET_TABLE_
 *(.got)
 .got           0x0000ef20       0xe0 C:/android-ndk-r8d/platforms/android-9/arch-arm/usr/lib/crtbegin_so.o
                0x0000f000                . = (. DATA_SEGMENT_RELRO_END 0x0)

.data           0x0000f000        0x4
                0x0000f000                __data_start = .
 *(.data .data.* .gnu.linkonce.d.*)
 .data          0x0000f000        0x4 C:/android-ndk-r8d/platforms/android-9/arch-arm/usr/lib/crtbegin_so.o
                0x0000f000                __dso_handle

.data1
 *(.data1)
                0x0000f004                _edata = .
                0x0000f004                PROVIDE (edata, .)
                0x0000f004                __bss_start = .
                0x0000f004                __bss_start__ = .

.bss            0x0000f004     0x1b14
 *(.dynbss)
 .dynbss        0x00000000        0x0 C:/android-ndk-r8d/platforms/android-9/arch-arm/usr/lib/crtbegin_so.o
 *(.bss .bss.* .gnu.linkonce.b.*)
 .bss           0x0000f004       0xec debug\FuseAPI_platform.os
                0x0000f004                g_playerList
                0x0000f008                g_playerIndex
                0x0000f010                g_numMailEntries
                0x0000f00c                g_mailList
                0x0000f01c                gameData
                0x0000f019                lockEnd
                0x0000f018                lockStart
                0x0000f014                gameConfig
 .bss           0x0000f0f0     0x1a28 C:\depot\Projects\Marmalade\6.3\s3e\edk\lib\android\libedk.a(IwDebug.o)
                0x0000f0f0                g_DebugGlobals
 *(COMMON)
                0x00010b18                . = ALIGN ((. != 0x0)?0x4:0x1)
                0x00010b18                _bss_end__ = .
                0x00010b18                __bss_end__ = .
                0x00010b18                . = ALIGN (0x4)
                0x00010b18                . = ALIGN (0x4)
                0x00010b18                __end__ = .
                0x00010b18                _end = .
                0x00010b18                PROVIDE (end, .)
                0x00010b18                . = DATA_SEGMENT_END (.)

.stab
 *(.stab)

.stabstr
 *(.stabstr)

.stab.excl
 *(.stab.excl)

.stab.exclstr
 *(.stab.exclstr)

.stab.index
 *(.stab.index)

.stab.indexstr
 *(.stab.indexstr)

.comment        0x00000000      0x18d
 *(.comment)
 .comment       0x00000000       0x25 C:/android-ndk-r8d/platforms/android-9/arch-arm/usr/lib/crtbegin_so.o
                                 0x26 (size before relaxing)
 .comment       0x00000025       0x12 debug\FuseAPI_platform.os
 .comment       0x00000037       0x12 debug\FuseAPI.os
 .comment       0x00000049       0x12 debug\FuseAPI_register.os
 .comment       0x0000005b       0x12 debug\cfu.os
 .comment       0x0000006d       0x12 debug\cfuconf.os
 .comment       0x0000007f       0x12 debug\cfuhash.os
 .comment       0x00000091       0x12 debug\cfulist.os
 .comment       0x000000a3       0x12 debug\cfuopt.os
 .comment       0x000000b5       0x12 debug\cfustring.os
 .comment       0x000000c7       0x12 debug\cfuthread_queue.os
 .comment       0x000000d9       0x12 debug\cfutime.os
 .comment       0x000000eb       0x12 debug\libcfu-config.os
 .comment       0x000000fd       0x12 C:\depot\Projects\Marmalade\6.3\s3e\edk\lib\android\libedk.a(IwDebug.o)
 .comment       0x0000010f       0x12 C:\depot\Projects\Marmalade\6.3\s3e\edk\lib\android\libedk.a(edk_helpers.o)
 .comment       0x00000121       0x12 C:\android-ndk-r8d\sources\cxx-stl\gnu-libstdc++\4.4.3\libs\armeabi\libgnustl_static.a(del_op.o)
 .comment       0x00000133       0x12 c:/android-ndk-r8d/toolchains/arm-linux-androideabi-4.4.3/prebuilt/windows/bin/../lib/gcc/arm-linux-androideabi/4.4.3\libgcc.a(bpabi.o)
 .comment       0x00000145       0x12 c:/android-ndk-r8d/toolchains/arm-linux-androideabi-4.4.3/prebuilt/windows/bin/../lib/gcc/arm-linux-androideabi/4.4.3\libgcc.a(unwind-arm.o)
 .comment       0x00000157       0x12 c:/android-ndk-r8d/toolchains/arm-linux-androideabi-4.4.3/prebuilt/windows/bin/../lib/gcc/arm-linux-androideabi/4.4.3\libgcc.a(pr-support.o)
 .comment       0x00000169       0x12 c:/android-ndk-r8d/toolchains/arm-linux-androideabi-4.4.3/prebuilt/windows/bin/../lib/gcc/arm-linux-androideabi/4.4.3\libgcc.a(_divdi3.o)
 .comment       0x0000017b       0x12 c:/android-ndk-r8d/toolchains/arm-linux-androideabi-4.4.3/prebuilt/windows/bin/../lib/gcc/arm-linux-androideabi/4.4.3\libgcc.a(_udivdi3.o)

.debug
 *(.debug)

.line
 *(.line)

.debug_srcinfo
 *(.debug_srcinfo)

.debug_sfnames
 *(.debug_sfnames)

.debug_aranges  0x00000000      0xe20
 *(.debug_aranges)
 .debug_aranges
                0x00000000      0x338 debug\FuseAPI_platform.os
 .debug_aranges
                0x00000338      0x1a0 debug\FuseAPI.os
 .debug_aranges
                0x000004d8      0x1b0 debug\FuseAPI_register.os
 .debug_aranges
                0x00000688       0x48 debug\cfu.os
 .debug_aranges
                0x000006d0      0x118 debug\cfuconf.os
 .debug_aranges
                0x000007e8      0x1b0 debug\cfuhash.os
 .debug_aranges
                0x00000998      0x140 debug\cfulist.os
 .debug_aranges
                0x00000ad8       0xc0 debug\cfuopt.os
 .debug_aranges
                0x00000b98       0xd8 debug\cfustring.os
 .debug_aranges
                0x00000c70       0x50 debug\cfuthread_queue.os
 .debug_aranges
                0x00000cc0       0x40 debug\cfutime.os
 .debug_aranges
                0x00000d00       0x20 c:/android-ndk-r8d/toolchains/arm-linux-androideabi-4.4.3/prebuilt/windows/bin/../lib/gcc/arm-linux-androideabi/4.4.3\libgcc.a(_udivsi3.o)
 .debug_aranges
                0x00000d20       0x20 c:/android-ndk-r8d/toolchains/arm-linux-androideabi-4.4.3/prebuilt/windows/bin/../lib/gcc/arm-linux-androideabi/4.4.3\libgcc.a(_aeabi_ldivmod.o)
 .debug_aranges
                0x00000d40       0x20 c:/android-ndk-r8d/toolchains/arm-linux-androideabi-4.4.3/prebuilt/windows/bin/../lib/gcc/arm-linux-androideabi/4.4.3\libgcc.a(_dvmd_lnx.o)
 .debug_aranges
                0x00000d60       0x20 c:/android-ndk-r8d/toolchains/arm-linux-androideabi-4.4.3/prebuilt/windows/bin/../lib/gcc/arm-linux-androideabi/4.4.3\libgcc.a(bpabi.o)
 .debug_aranges
                0x00000d80       0x20 c:/android-ndk-r8d/toolchains/arm-linux-androideabi-4.4.3/prebuilt/windows/bin/../lib/gcc/arm-linux-androideabi/4.4.3\libgcc.a(unwind-arm.o)
 .debug_aranges
                0x00000da0       0x20 c:/android-ndk-r8d/toolchains/arm-linux-androideabi-4.4.3/prebuilt/windows/bin/../lib/gcc/arm-linux-androideabi/4.4.3\libgcc.a(libunwind.o)
 .debug_aranges
                0x00000dc0       0x20 c:/android-ndk-r8d/toolchains/arm-linux-androideabi-4.4.3/prebuilt/windows/bin/../lib/gcc/arm-linux-androideabi/4.4.3\libgcc.a(pr-support.o)
 .debug_aranges
                0x00000de0       0x20 c:/android-ndk-r8d/toolchains/arm-linux-androideabi-4.4.3/prebuilt/windows/bin/../lib/gcc/arm-linux-androideabi/4.4.3\libgcc.a(_divdi3.o)
 .debug_aranges
                0x00000e00       0x20 c:/android-ndk-r8d/toolchains/arm-linux-androideabi-4.4.3/prebuilt/windows/bin/../lib/gcc/arm-linux-androideabi/4.4.3\libgcc.a(_udivdi3.o)

.debug_pubnames
                0x00000000     0x204c
 *(.debug_pubnames)
 .debug_pubnames
                0x00000000      0xc8e debug\FuseAPI_platform.os
 .debug_pubnames
                0x00000c8e      0x571 debug\FuseAPI.os
 .debug_pubnames
                0x000011ff       0x63 debug\FuseAPI_register.os
 .debug_pubnames
                0x00001262       0x75 debug\cfu.os
 .debug_pubnames
                0x000012d7      0x110 debug\cfuconf.os
 .debug_pubnames
                0x000013e7      0x37c debug\cfuhash.os
 .debug_pubnames
                0x00001763      0x2db debug\cfulist.os
 .debug_pubnames
                0x00001a3e       0x9c debug\cfuopt.os
 .debug_pubnames
                0x00001ada      0x1cb debug\cfustring.os
 .debug_pubnames
                0x00001ca5       0x8c debug\cfuthread_queue.os
 .debug_pubnames
                0x00001d31       0x69 debug\cfutime.os
 .debug_pubnames
                0x00001d9a       0x45 c:/android-ndk-r8d/toolchains/arm-linux-androideabi-4.4.3/prebuilt/windows/bin/../lib/gcc/arm-linux-androideabi/4.4.3\libgcc.a(bpabi.o)
 .debug_pubnames
                0x00001ddf      0x177 c:/android-ndk-r8d/toolchains/arm-linux-androideabi-4.4.3/prebuilt/windows/bin/../lib/gcc/arm-linux-androideabi/4.4.3\libgcc.a(unwind-arm.o)
 .debug_pubnames
                0x00001f56       0xb7 c:/android-ndk-r8d/toolchains/arm-linux-androideabi-4.4.3/prebuilt/windows/bin/../lib/gcc/arm-linux-androideabi/4.4.3\libgcc.a(pr-support.o)
 .debug_pubnames
                0x0000200d       0x1f c:/android-ndk-r8d/toolchains/arm-linux-androideabi-4.4.3/prebuilt/windows/bin/../lib/gcc/arm-linux-androideabi/4.4.3\libgcc.a(_divdi3.o)
 .debug_pubnames
                0x0000202c       0x20 c:/android-ndk-r8d/toolchains/arm-linux-androideabi-4.4.3/prebuilt/windows/bin/../lib/gcc/arm-linux-androideabi/4.4.3\libgcc.a(_udivdi3.o)

.debug_info     0x00000000    0x1152d
 *(.debug_info .gnu.linkonce.wi.*)
 .debug_info    0x00000000     0x7f9e debug\FuseAPI_platform.os
 .debug_info    0x00007f9e      0xa41 debug\FuseAPI.os
 .debug_info    0x000089df      0xb9d debug\FuseAPI_register.os
 .debug_info    0x0000957c      0x1d3 debug\cfu.os
 .debug_info    0x0000974f     0x1042 debug\cfuconf.os
 .debug_info    0x0000a791     0x175f debug\cfuhash.os
 .debug_info    0x0000bef0      0xd74 debug\cfulist.os
 .debug_info    0x0000cc64      0xc45 debug\cfuopt.os
 .debug_info    0x0000d8a9      0xb71 debug\cfustring.os
 .debug_info    0x0000e41a      0x448 debug\cfuthread_queue.os
 .debug_info    0x0000e862      0x266 debug\cfutime.os
 .debug_info    0x0000eac8        0x0 debug\libcfu-config.os
 .debug_info    0x0000eac8       0xd9 c:/android-ndk-r8d/toolchains/arm-linux-androideabi-4.4.3/prebuilt/windows/bin/../lib/gcc/arm-linux-androideabi/4.4.3\libgcc.a(_udivsi3.o)
 .debug_info    0x0000eba1       0xd3 c:/android-ndk-r8d/toolchains/arm-linux-androideabi-4.4.3/prebuilt/windows/bin/../lib/gcc/arm-linux-androideabi/4.4.3\libgcc.a(_aeabi_ldivmod.o)
 .debug_info    0x0000ec74       0xd9 c:/android-ndk-r8d/toolchains/arm-linux-androideabi-4.4.3/prebuilt/windows/bin/../lib/gcc/arm-linux-androideabi/4.4.3\libgcc.a(_dvmd_lnx.o)
 .debug_info    0x0000ed4d       0xde c:/android-ndk-r8d/toolchains/arm-linux-androideabi-4.4.3/prebuilt/windows/bin/../lib/gcc/arm-linux-androideabi/4.4.3\libgcc.a(bpabi.o)
 .debug_info    0x0000ee2b     0x1424 c:/android-ndk-r8d/toolchains/arm-linux-androideabi-4.4.3/prebuilt/windows/bin/../lib/gcc/arm-linux-androideabi/4.4.3\libgcc.a(unwind-arm.o)
 .debug_info    0x0001024f       0xd7 c:/android-ndk-r8d/toolchains/arm-linux-androideabi-4.4.3/prebuilt/windows/bin/../lib/gcc/arm-linux-androideabi/4.4.3\libgcc.a(libunwind.o)
 .debug_info    0x00010326      0x636 c:/android-ndk-r8d/toolchains/arm-linux-androideabi-4.4.3/prebuilt/windows/bin/../lib/gcc/arm-linux-androideabi/4.4.3\libgcc.a(pr-support.o)
 .debug_info    0x0001095c      0x606 c:/android-ndk-r8d/toolchains/arm-linux-androideabi-4.4.3/prebuilt/windows/bin/../lib/gcc/arm-linux-androideabi/4.4.3\libgcc.a(_divdi3.o)
 .debug_info    0x00010f62      0x5cb c:/android-ndk-r8d/toolchains/arm-linux-androideabi-4.4.3/prebuilt/windows/bin/../lib/gcc/arm-linux-androideabi/4.4.3\libgcc.a(_udivdi3.o)

.debug_abbrev   0x00000000     0x1ec5
 *(.debug_abbrev)
 .debug_abbrev  0x00000000      0x345 debug\FuseAPI_platform.os
 .debug_abbrev  0x00000345      0x17c debug\FuseAPI.os
 .debug_abbrev  0x000004c1      0x1eb debug\FuseAPI_register.os
 .debug_abbrev  0x000006ac       0xbc debug\cfu.os
 .debug_abbrev  0x00000768      0x2a1 debug\cfuconf.os
 .debug_abbrev  0x00000a09      0x278 debug\cfuhash.os
 .debug_abbrev  0x00000c81      0x225 debug\cfulist.os
 .debug_abbrev  0x00000ea6      0x23d debug\cfuopt.os
 .debug_abbrev  0x000010e3      0x1da debug\cfustring.os
 .debug_abbrev  0x000012bd      0x181 debug\cfuthread_queue.os
 .debug_abbrev  0x0000143e       0xf9 debug\cfutime.os
 .debug_abbrev  0x00001537        0x1 debug\libcfu-config.os
 .debug_abbrev  0x00001538       0x14 c:/android-ndk-r8d/toolchains/arm-linux-androideabi-4.4.3/prebuilt/windows/bin/../lib/gcc/arm-linux-androideabi/4.4.3\libgcc.a(_udivsi3.o)
 .debug_abbrev  0x0000154c       0x14 c:/android-ndk-r8d/toolchains/arm-linux-androideabi-4.4.3/prebuilt/windows/bin/../lib/gcc/arm-linux-androideabi/4.4.3\libgcc.a(_aeabi_ldivmod.o)
 .debug_abbrev  0x00001560       0x14 c:/android-ndk-r8d/toolchains/arm-linux-androideabi-4.4.3/prebuilt/windows/bin/../lib/gcc/arm-linux-androideabi/4.4.3\libgcc.a(_dvmd_lnx.o)
 .debug_abbrev  0x00001574       0x6a c:/android-ndk-r8d/toolchains/arm-linux-androideabi-4.4.3/prebuilt/windows/bin/../lib/gcc/arm-linux-androideabi/4.4.3\libgcc.a(bpabi.o)
 .debug_abbrev  0x000015de      0x3bb c:/android-ndk-r8d/toolchains/arm-linux-androideabi-4.4.3/prebuilt/windows/bin/../lib/gcc/arm-linux-androideabi/4.4.3\libgcc.a(unwind-arm.o)
 .debug_abbrev  0x00001999       0x14 c:/android-ndk-r8d/toolchains/arm-linux-androideabi-4.4.3/prebuilt/windows/bin/../lib/gcc/arm-linux-androideabi/4.4.3\libgcc.a(libunwind.o)
 .debug_abbrev  0x000019ad      0x220 c:/android-ndk-r8d/toolchains/arm-linux-androideabi-4.4.3/prebuilt/windows/bin/../lib/gcc/arm-linux-androideabi/4.4.3\libgcc.a(pr-support.o)
 .debug_abbrev  0x00001bcd      0x18b c:/android-ndk-r8d/toolchains/arm-linux-androideabi-4.4.3/prebuilt/windows/bin/../lib/gcc/arm-linux-androideabi/4.4.3\libgcc.a(_divdi3.o)
 .debug_abbrev  0x00001d58      0x16d c:/android-ndk-r8d/toolchains/arm-linux-androideabi-4.4.3/prebuilt/windows/bin/../lib/gcc/arm-linux-androideabi/4.4.3\libgcc.a(_udivdi3.o)

.debug_line     0x00000000     0x4186
 *(.debug_line)
 .debug_line    0x00000000      0xbae debug\FuseAPI_platform.os
 .debug_line    0x00000bae      0x42e debug\FuseAPI.os
 .debug_line    0x00000fdc      0x578 debug\FuseAPI_register.os
 .debug_line    0x00001554       0xfc debug\cfu.os
 .debug_line    0x00001650      0x5f4 debug\cfuconf.os
 .debug_line    0x00001c44      0x7e0 debug\cfuhash.os
 .debug_line    0x00002424      0x4fa debug\cfulist.os
 .debug_line    0x0000291e      0x455 debug\cfuopt.os
 .debug_line    0x00002d73      0x4a5 debug\cfustring.os
 .debug_line    0x00003218      0x1aa debug\cfuthread_queue.os
 .debug_line    0x000033c2      0x1e6 debug\cfutime.os
 .debug_line    0x000035a8        0x0 debug\libcfu-config.os
 .debug_line    0x000035a8       0xaa c:/android-ndk-r8d/toolchains/arm-linux-androideabi-4.4.3/prebuilt/windows/bin/../lib/gcc/arm-linux-androideabi/4.4.3\libgcc.a(_udivsi3.o)
 .debug_line    0x00003652       0x83 c:/android-ndk-r8d/toolchains/arm-linux-androideabi-4.4.3/prebuilt/windows/bin/../lib/gcc/arm-linux-androideabi/4.4.3\libgcc.a(_aeabi_ldivmod.o)
 .debug_line    0x000036d5       0x89 c:/android-ndk-r8d/toolchains/arm-linux-androideabi-4.4.3/prebuilt/windows/bin/../lib/gcc/arm-linux-androideabi/4.4.3\libgcc.a(_dvmd_lnx.o)
 .debug_line    0x0000375e       0x89 c:/android-ndk-r8d/toolchains/arm-linux-androideabi-4.4.3/prebuilt/windows/bin/../lib/gcc/arm-linux-androideabi/4.4.3\libgcc.a(bpabi.o)
 .debug_line    0x000037e7      0x4b0 c:/android-ndk-r8d/toolchains/arm-linux-androideabi-4.4.3/prebuilt/windows/bin/../lib/gcc/arm-linux-androideabi/4.4.3\libgcc.a(unwind-arm.o)
 .debug_line    0x00003c97       0xcf c:/android-ndk-r8d/toolchains/arm-linux-androideabi-4.4.3/prebuilt/windows/bin/../lib/gcc/arm-linux-androideabi/4.4.3\libgcc.a(libunwind.o)
 .debug_line    0x00003d66      0x1b0 c:/android-ndk-r8d/toolchains/arm-linux-androideabi-4.4.3/prebuilt/windows/bin/../lib/gcc/arm-linux-androideabi/4.4.3\libgcc.a(pr-support.o)
 .debug_line    0x00003f16      0x140 c:/android-ndk-r8d/toolchains/arm-linux-androideabi-4.4.3/prebuilt/windows/bin/../lib/gcc/arm-linux-androideabi/4.4.3\libgcc.a(_divdi3.o)
 .debug_line    0x00004056      0x130 c:/android-ndk-r8d/toolchains/arm-linux-androideabi-4.4.3/prebuilt/windows/bin/../lib/gcc/arm-linux-androideabi/4.4.3\libgcc.a(_udivdi3.o)

.debug_frame    0x00000000     0x2ec8
 *(.debug_frame)
 .debug_frame   0x00000000      0xb28 debug\FuseAPI_platform.os
 .debug_frame   0x00000b28      0x56c debug\FuseAPI.os
 .debug_frame   0x00001094      0x5a8 debug\FuseAPI_register.os
 .debug_frame   0x0000163c       0xb0 debug\cfu.os
 .debug_frame   0x000016ec      0x384 debug\cfuconf.os
 .debug_frame   0x00001a70      0x558 debug\cfuhash.os
 .debug_frame   0x00001fc8      0x404 debug\cfulist.os
 .debug_frame   0x000023cc      0x254 debug\cfuopt.os
 .debug_frame   0x00002620      0x2dc debug\cfustring.os
 .debug_frame   0x000028fc       0xd4 debug\cfuthread_queue.os
 .debug_frame   0x000029d0       0x94 debug\cfutime.os
 .debug_frame   0x00002a64       0x28 c:/android-ndk-r8d/toolchains/arm-linux-androideabi-4.4.3/prebuilt/windows/bin/../lib/gcc/arm-linux-androideabi/4.4.3\libgcc.a(_udivsi3.o)
 .debug_frame   0x00002a8c       0x60 c:/android-ndk-r8d/toolchains/arm-linux-androideabi-4.4.3/prebuilt/windows/bin/../lib/gcc/arm-linux-androideabi/4.4.3\libgcc.a(bpabi.o)
 .debug_frame   0x00002aec      0x248 c:/android-ndk-r8d/toolchains/arm-linux-androideabi-4.4.3/prebuilt/windows/bin/../lib/gcc/arm-linux-androideabi/4.4.3\libgcc.a(unwind-arm.o)
 .debug_frame   0x00002d34      0x108 c:/android-ndk-r8d/toolchains/arm-linux-androideabi-4.4.3/prebuilt/windows/bin/../lib/gcc/arm-linux-androideabi/4.4.3\libgcc.a(pr-support.o)
 .debug_frame   0x00002e3c       0x44 c:/android-ndk-r8d/toolchains/arm-linux-androideabi-4.4.3/prebuilt/windows/bin/../lib/gcc/arm-linux-androideabi/4.4.3\libgcc.a(_divdi3.o)
 .debug_frame   0x00002e80       0x48 c:/android-ndk-r8d/toolchains/arm-linux-androideabi-4.4.3/prebuilt/windows/bin/../lib/gcc/arm-linux-androideabi/4.4.3\libgcc.a(_udivdi3.o)

.debug_str      0x00000000     0x9794
 *(.debug_str)
 .debug_str     0x00000000     0x6c32 debug\FuseAPI_platform.os
                               0x6de4 (size before relaxing)
 .debug_str     0x00006c32      0x181 debug\FuseAPI.os
                                0x869 (size before relaxing)
 .debug_str     0x00006db3      0x62d debug\FuseAPI_register.os
                                0xbe8 (size before relaxing)
 .debug_str     0x000073e0      0x116 debug\cfu.os
                                0x209 (size before relaxing)
 .debug_str     0x000074f6      0x491 debug\cfuconf.os
                                0x6d9 (size before relaxing)
 .debug_str     0x00007987      0x564 debug\cfuhash.os
                                0x846 (size before relaxing)
 .debug_str     0x00007eeb      0x39f debug\cfulist.os
                                0x5b5 (size before relaxing)
 .debug_str     0x0000828a      0x437 debug\cfuopt.os
                                0x68c (size before relaxing)
 .debug_str     0x000086c1      0x2af debug\cfustring.os
                                0x4c9 (size before relaxing)
 .debug_str     0x00008970      0x239 debug\cfuthread_queue.os
                                0x37b (size before relaxing)
 .debug_str     0x00008ba9      0x123 debug\cfutime.os
                                0x2a4 (size before relaxing)
 .debug_str     0x00008ccc       0x8b c:/android-ndk-r8d/toolchains/arm-linux-androideabi-4.4.3/prebuilt/windows/bin/../lib/gcc/arm-linux-androideabi/4.4.3\libgcc.a(bpabi.o)
                                 0xbc (size before relaxing)
 .debug_str     0x00008d57      0x7da c:/android-ndk-r8d/toolchains/arm-linux-androideabi-4.4.3/prebuilt/windows/bin/../lib/gcc/arm-linux-androideabi/4.4.3\libgcc.a(unwind-arm.o)
                                0x8d2 (size before relaxing)
 .debug_str     0x00009531      0x11b c:/android-ndk-r8d/toolchains/arm-linux-androideabi-4.4.3/prebuilt/windows/bin/../lib/gcc/arm-linux-androideabi/4.4.3\libgcc.a(pr-support.o)
                                0x438 (size before relaxing)
 .debug_str     0x0000964c      0x13e c:/android-ndk-r8d/toolchains/arm-linux-androideabi-4.4.3/prebuilt/windows/bin/../lib/gcc/arm-linux-androideabi/4.4.3\libgcc.a(_divdi3.o)
                                0x1f3 (size before relaxing)
 .debug_str     0x0000978a        0xa c:/android-ndk-r8d/toolchains/arm-linux-androideabi-4.4.3/prebuilt/windows/bin/../lib/gcc/arm-linux-androideabi/4.4.3\libgcc.a(_udivdi3.o)
                                0x1f4 (size before relaxing)

.debug_loc      0x00000000     0x600b
 *(.debug_loc)
 .debug_loc     0x00000000     0x1109 debug\FuseAPI_platform.os
 .debug_loc     0x00001109      0x770 debug\FuseAPI.os
 .debug_loc     0x00001879      0x7c9 debug\FuseAPI_register.os
 .debug_loc     0x00002042       0xfc debug\cfu.os
 .debug_loc     0x0000213e      0x577 debug\cfuconf.os
 .debug_loc     0x000026b5      0x841 debug\cfuhash.os
 .debug_loc     0x00002ef6      0x62c debug\cfulist.os
 .debug_loc     0x00003522      0x392 debug\cfuopt.os
 .debug_loc     0x000038b4      0x446 debug\cfustring.os
 .debug_loc     0x00003cfa      0x134 debug\cfuthread_queue.os
 .debug_loc     0x00003e2e       0xd0 debug\cfutime.os
 .debug_loc     0x00003efe      0x120 c:/android-ndk-r8d/toolchains/arm-linux-androideabi-4.4.3/prebuilt/windows/bin/../lib/gcc/arm-linux-androideabi/4.4.3\libgcc.a(bpabi.o)
 .debug_loc     0x0000401e      0xfef c:/android-ndk-r8d/toolchains/arm-linux-androideabi-4.4.3/prebuilt/windows/bin/../lib/gcc/arm-linux-androideabi/4.4.3\libgcc.a(unwind-arm.o)
 .debug_loc     0x0000500d      0x2f9 c:/android-ndk-r8d/toolchains/arm-linux-androideabi-4.4.3/prebuilt/windows/bin/../lib/gcc/arm-linux-androideabi/4.4.3\libgcc.a(pr-support.o)
 .debug_loc     0x00005306      0x6cf c:/android-ndk-r8d/toolchains/arm-linux-androideabi-4.4.3/prebuilt/windows/bin/../lib/gcc/arm-linux-androideabi/4.4.3\libgcc.a(_divdi3.o)
 .debug_loc     0x000059d5      0x636 c:/android-ndk-r8d/toolchains/arm-linux-androideabi-4.4.3/prebuilt/windows/bin/../lib/gcc/arm-linux-androideabi/4.4.3\libgcc.a(_udivdi3.o)

.debug_macinfo
 *(.debug_macinfo)

.debug_weaknames
 *(.debug_weaknames)

.debug_funcnames
 *(.debug_funcnames)

.debug_typenames
 *(.debug_typenames)

.debug_varnames
 *(.debug_varnames)

.debug_pubtypes
 *(.debug_pubtypes)

.debug_ranges   0x00000000     0x1000
 *(.debug_ranges)
 .debug_ranges  0x00000000      0x328 debug\FuseAPI_platform.os
 .debug_ranges  0x00000328      0x190 debug\FuseAPI.os
 .debug_ranges  0x000004b8      0x1a0 debug\FuseAPI_register.os
 .debug_ranges  0x00000658       0x38 debug\cfu.os
 .debug_ranges  0x00000690      0x120 debug\cfuconf.os
 .debug_ranges  0x000007b0      0x1a0 debug\cfuhash.os
 .debug_ranges  0x00000950      0x130 debug\cfulist.os
 .debug_ranges  0x00000a80       0xc8 debug\cfuopt.os
 .debug_ranges  0x00000b48       0xf8 debug\cfustring.os
 .debug_ranges  0x00000c40       0x40 debug\cfuthread_queue.os
 .debug_ranges  0x00000c80       0x30 debug\cfutime.os
 .debug_ranges  0x00000cb0      0x1f8 c:/android-ndk-r8d/toolchains/arm-linux-androideabi-4.4.3/prebuilt/windows/bin/../lib/gcc/arm-linux-androideabi/4.4.3\libgcc.a(unwind-arm.o)
 .debug_ranges  0x00000ea8       0x30 c:/android-ndk-r8d/toolchains/arm-linux-androideabi-4.4.3/prebuilt/windows/bin/../lib/gcc/arm-linux-androideabi/4.4.3\libgcc.a(pr-support.o)
 .debug_ranges  0x00000ed8       0xa0 c:/android-ndk-r8d/toolchains/arm-linux-androideabi-4.4.3/prebuilt/windows/bin/../lib/gcc/arm-linux-androideabi/4.4.3\libgcc.a(_divdi3.o)
 .debug_ranges  0x00000f78       0x88 c:/android-ndk-r8d/toolchains/arm-linux-androideabi-4.4.3/prebuilt/windows/bin/../lib/gcc/arm-linux-androideabi/4.4.3\libgcc.a(_udivdi3.o)

.gnu.attributes
 *(.gnu.attributes)

.note.gnu.arm.ident
 *(.note.gnu.arm.ident)

/DISCARD/
 *(.note.GNU-stack)
 *(.gnu_debuglink)
OUTPUT(C:\depot\Projects\Marmalade\6.3\extensions\FuseAPI\lib\android\libFuseAPI_d.so elf32-littlearm)

.ARM.attributes
                0x00000000       0x31
 .ARM.attributes
                0x00000000       0x2d C:/android-ndk-r8d/platforms/android-9/arch-arm/usr/lib/crtbegin_so.o
 .ARM.attributes
                0x0000002d       0x2d debug\FuseAPI_platform.os
 .ARM.attributes
                0x0000005a       0x2b debug\FuseAPI.os
 .ARM.attributes
                0x00000085       0x2b debug\FuseAPI_register.os
 .ARM.attributes
                0x000000b0       0x2b debug\cfu.os
 .ARM.attributes
                0x000000db       0x2b debug\cfuconf.os
 .ARM.attributes
                0x00000106       0x2d debug\cfuhash.os
 .ARM.attributes
                0x00000133       0x2b debug\cfulist.os
 .ARM.attributes
                0x0000015e       0x2d debug\cfuopt.os
 .ARM.attributes
                0x0000018b       0x2d debug\cfustring.os
 .ARM.attributes
                0x000001b8       0x2b debug\cfuthread_queue.os
 .ARM.attributes
                0x000001e3       0x2d debug\cfutime.os
 .ARM.attributes
                0x00000210       0x29 debug\libcfu-config.os
 .ARM.attributes
                0x00000239       0x2b C:\depot\Projects\Marmalade\6.3\s3e\edk\lib\android\libedk.a(IwDebug.o)
 .ARM.attributes
                0x00000264       0x2b C:\depot\Projects\Marmalade\6.3\s3e\edk\lib\android\libedk.a(edk_helpers.o)
 .ARM.attributes
                0x0000028f       0x29 C:\android-ndk-r8d\sources\cxx-stl\gnu-libstdc++\4.4.3\libs\armeabi\libgnustl_static.a(del_op.o)
 .ARM.attributes
                0x000002b8       0x19 c:/android-ndk-r8d/toolchains/arm-linux-androideabi-4.4.3/prebuilt/windows/bin/../lib/gcc/arm-linux-androideabi/4.4.3\libgcc.a(_udivsi3.o)
 .ARM.attributes
                0x000002d1       0x19 c:/android-ndk-r8d/toolchains/arm-linux-androideabi-4.4.3/prebuilt/windows/bin/../lib/gcc/arm-linux-androideabi/4.4.3\libgcc.a(_aeabi_ldivmod.o)
 .ARM.attributes
                0x000002ea       0x19 c:/android-ndk-r8d/toolchains/arm-linux-androideabi-4.4.3/prebuilt/windows/bin/../lib/gcc/arm-linux-androideabi/4.4.3\libgcc.a(_dvmd_lnx.o)
 .ARM.attributes
                0x00000303       0x29 c:/android-ndk-r8d/toolchains/arm-linux-androideabi-4.4.3/prebuilt/windows/bin/../lib/gcc/arm-linux-androideabi/4.4.3\libgcc.a(bpabi.o)
 .ARM.attributes
                0x0000032c       0x29 c:/android-ndk-r8d/toolchains/arm-linux-androideabi-4.4.3/prebuilt/windows/bin/../lib/gcc/arm-linux-androideabi/4.4.3\libgcc.a(unwind-arm.o)
 .ARM.attributes
                0x00000355       0x19 c:/android-ndk-r8d/toolchains/arm-linux-androideabi-4.4.3/prebuilt/windows/bin/../lib/gcc/arm-linux-androideabi/4.4.3\libgcc.a(libunwind.o)
 .ARM.attributes
                0x0000036e       0x29 c:/android-ndk-r8d/toolchains/arm-linux-androideabi-4.4.3/prebuilt/windows/bin/../lib/gcc/arm-linux-androideabi/4.4.3\libgcc.a(pr-support.o)
 .ARM.attributes
                0x00000397       0x29 c:/android-ndk-r8d/toolchains/arm-linux-androideabi-4.4.3/prebuilt/windows/bin/../lib/gcc/arm-linux-androideabi/4.4.3\libgcc.a(_divdi3.o)
 .ARM.attributes
                0x000003c0       0x29 c:/android-ndk-r8d/toolchains/arm-linux-androideabi-4.4.3/prebuilt/windows/bin/../lib/gcc/arm-linux-androideabi/4.4.3\libgcc.a(_udivdi3.o)
 .ARM.attributes
                0x000003e9       0x1f C:/android-ndk-r8d/platforms/android-9/arch-arm/usr/lib/crtend_so.o
