Archive member included because of file (symbol)

/Applications/Marmalade.app/Contents/s3e/edk/lib/android/libedk.a(edk_helpers.o)
                              release/FuseAPI_platform.os (s3eEdkThreadRunOnOS)
/Developer/android-ndk-r8/sources/cxx-stl/gnu-libstdc++/libs/armeabi/libgnustl_static.a(del_op.o)
                              release/FuseAPI_platform.os (_ZdlPv)
/Developer/android-ndk-r8/toolchains/arm-linux-androideabi-4.4.3/prebuilt/darwin-x86/bin/../lib/gcc/arm-linux-androideabi/4.4.3/libgcc.a(_udivsi3.o)
                              release/cfuhash.os (__aeabi_uidiv)
/Developer/android-ndk-r8/toolchains/arm-linux-androideabi-4.4.3/prebuilt/darwin-x86/bin/../lib/gcc/arm-linux-androideabi/4.4.3/libgcc.a(_dvmd_lnx.o)
                              /Developer/android-ndk-r8/toolchains/arm-linux-androideabi-4.4.3/prebuilt/darwin-x86/bin/../lib/gcc/arm-linux-androideabi/4.4.3/libgcc.a(_udivsi3.o) (__div0)

Discarded input sections

 _ZN7_JNIEnv11GetMethodIDEP7_jclassPKcS3_
                0x00000000        0x0 release/FuseAPI_platform.os
 _ZN7_JNIEnv14CallVoidMethodEP8_jobjectP10_jmethodIDz
                0x00000000        0x0 release/FuseAPI_platform.os
 _ZN7_JNIEnv16CallObjectMethodEP8_jobjectP10_jmethodIDz
                0x00000000        0x0 release/FuseAPI_platform.os
 _ZN7_JNIEnv13CallIntMethodEP8_jobjectP10_jmethodIDz
                0x00000000        0x0 release/FuseAPI_platform.os
 _ZN7_JNIEnv17CallBooleanMethodEP8_jobjectP10_jmethodIDz
                0x00000000        0x0 release/FuseAPI_platform.os
 _ZN7_JNIEnv9NewObjectEP7_jclassP10_jmethodIDz
                0x00000000        0x0 release/FuseAPI_platform.os
 .note.GNU-stack
                0x00000000        0x0 release/FuseAPI_platform.os
 .note.GNU-stack
                0x00000000        0x0 release/FuseAPI.os
 .note.GNU-stack
                0x00000000        0x0 release/FuseAPI_register.os
 .note.GNU-stack
                0x00000000        0x0 release/cfu.os
 .note.GNU-stack
                0x00000000        0x0 release/cfuconf.os
 .note.GNU-stack
                0x00000000        0x0 release/cfuhash.os
 .note.GNU-stack
                0x00000000        0x0 release/cfulist.os
 .note.GNU-stack
                0x00000000        0x0 release/cfuopt.os
 .note.GNU-stack
                0x00000000        0x0 release/cfustring.os
 .note.GNU-stack
                0x00000000        0x0 release/cfuthread_queue.os
 .note.GNU-stack
                0x00000000        0x0 release/cfutime.os
 .note.GNU-stack
                0x00000000        0x0 release/libcfu-config.os
 .note.GNU-stack
                0x00000000        0x0 /Applications/Marmalade.app/Contents/s3e/edk/lib/android/libedk.a(edk_helpers.o)
 .note.GNU-stack
                0x00000000        0x0 /Developer/android-ndk-r8/sources/cxx-stl/gnu-libstdc++/libs/armeabi/libgnustl_static.a(del_op.o)
 .note.GNU-stack
                0x00000000        0x0 /Developer/android-ndk-r8/toolchains/arm-linux-androideabi-4.4.3/prebuilt/darwin-x86/bin/../lib/gcc/arm-linux-androideabi/4.4.3/libgcc.a(_udivsi3.o)
 .note.GNU-stack
                0x00000000        0x0 /Developer/android-ndk-r8/toolchains/arm-linux-androideabi-4.4.3/prebuilt/darwin-x86/bin/../lib/gcc/arm-linux-androideabi/4.4.3/libgcc.a(_dvmd_lnx.o)

Memory Configuration

Name             Origin             Length             Attributes
*default*        0x00000000         0xffffffff

Linker script and memory map

LOAD /Developer/android-ndk-r8/platforms/android-9/arch-arm/usr/lib/crtbegin_so.o
LOAD release/FuseAPI_platform.os
LOAD release/FuseAPI.os
LOAD release/FuseAPI_register.os
LOAD release/cfu.os
LOAD release/cfuconf.os
LOAD release/cfuhash.os
LOAD release/cfulist.os
LOAD release/cfuopt.os
LOAD release/cfustring.os
LOAD release/cfuthread_queue.os
LOAD release/cfutime.os
LOAD release/libcfu-config.os
LOAD /Applications/Marmalade.app/Contents/s3e/edk/lib/android/libedk.a
LOAD /Applications/Marmalade.app/Contents/s3e/edk/lib/android/libplaceholderplaceholderplaceholderplaceholderplaceholder.so
LOAD /Developer/android-ndk-r8/platforms/android-9/arch-arm/usr/lib/liblog.so
LOAD /Developer/android-ndk-r8/sources/cxx-stl/gnu-libstdc++/libs/armeabi/libgnustl_static.a
LOAD /Developer/android-ndk-r8/toolchains/arm-linux-androideabi-4.4.3/prebuilt/darwin-x86/bin/../lib/gcc/arm-linux-androideabi/4.4.3/libgcc.a
LOAD /Developer/android-ndk-r8/platforms/android-9/arch-arm/usr/lib/libstdc++.so
LOAD /Developer/android-ndk-r8/platforms/android-9/arch-arm/usr/lib/libm.so
LOAD /Developer/android-ndk-r8/platforms/android-9/arch-arm/usr/lib/libc.so
LOAD /Developer/android-ndk-r8/toolchains/arm-linux-androideabi-4.4.3/prebuilt/darwin-x86/bin/../lib/gcc/arm-linux-androideabi/4.4.3/libgcc.a
LOAD /Developer/android-ndk-r8/platforms/android-9/arch-arm/usr/lib/libc.so
LOAD /Developer/android-ndk-r8/platforms/android-9/arch-arm/usr/lib/libdl.so
LOAD /Developer/android-ndk-r8/toolchains/arm-linux-androideabi-4.4.3/prebuilt/darwin-x86/bin/../lib/gcc/arm-linux-androideabi/4.4.3/libgcc.a
LOAD /Developer/android-ndk-r8/platforms/android-9/arch-arm/usr/lib/crtend_so.o
                0x000000d4                . = (0x0 + SIZEOF_HEADERS)

.note.gnu.build-id
 *(.note.gnu.build-id)

.hash           0x000000d4      0x1ac
 *(.hash)
 .hash          0x000000d4      0x1ac /Developer/android-ndk-r8/platforms/android-9/arch-arm/usr/lib/crtbegin_so.o

.gnu.hash
 *(.gnu.hash)

.dynsym         0x00000280      0x440
 *(.dynsym)
 .dynsym        0x00000280      0x440 /Developer/android-ndk-r8/platforms/android-9/arch-arm/usr/lib/crtbegin_so.o

.dynstr         0x000006c0      0x397
 *(.dynstr)
 .dynstr        0x000006c0      0x397 /Developer/android-ndk-r8/platforms/android-9/arch-arm/usr/lib/crtbegin_so.o

.gnu.version    0x00000a58        0x0 load address 0x00000a57
 *(.gnu.version)
 .gnu.version   0x00000000        0x0 /Developer/android-ndk-r8/platforms/android-9/arch-arm/usr/lib/crtbegin_so.o

.gnu.version_d  0x00000a58        0x0 load address 0x00000a57
 *(.gnu.version_d)
 .gnu.version_d
                0x00000000        0x0 /Developer/android-ndk-r8/platforms/android-9/arch-arm/usr/lib/crtbegin_so.o

.gnu.version_r  0x00000a58        0x0 load address 0x00000a57
 *(.gnu.version_r)
 .gnu.version_r
                0x00000000        0x0 /Developer/android-ndk-r8/platforms/android-9/arch-arm/usr/lib/crtbegin_so.o

.rel.dyn        0x00000a58      0x440
 *(.rel.init)
 *(.rel.text .rel.text.* .rel.gnu.linkonce.t.*)
 .rel.text      0x00000a58        0x8 /Developer/android-ndk-r8/platforms/android-9/arch-arm/usr/lib/crtbegin_so.o
 *(.rel.fini)
 *(.rel.rodata .rel.rodata.* .rel.gnu.linkonce.r.*)
 *(.rel.data.rel.ro* .rel.gnu.linkonce.d.rel.ro.*)
 .rel.data.rel.ro
                0x00000a60      0x2a0 /Developer/android-ndk-r8/platforms/android-9/arch-arm/usr/lib/crtbegin_so.o
 *(.rel.data .rel.data.* .rel.gnu.linkonce.d.*)
 *(.rel.tdata .rel.tdata.* .rel.gnu.linkonce.td.*)
 *(.rel.tbss .rel.tbss.* .rel.gnu.linkonce.tb.*)
 *(.rel.ctors)
 *(.rel.dtors)
 *(.rel.got)
 .rel.got       0x00000d00      0x188 /Developer/android-ndk-r8/platforms/android-9/arch-arm/usr/lib/crtbegin_so.o
 *(.rel.bss .rel.bss.* .rel.gnu.linkonce.b.*)
 .rel.fini_array
                0x00000e88        0x8 /Developer/android-ndk-r8/platforms/android-9/arch-arm/usr/lib/crtbegin_so.o
 .rel.init_array
                0x00000e90        0x8 /Developer/android-ndk-r8/platforms/android-9/arch-arm/usr/lib/crtbegin_so.o

.rela.dyn
 *(.rela.init)
 *(.rela.text .rela.text.* .rela.gnu.linkonce.t.*)
 *(.rela.fini)
 *(.rela.rodata .rela.rodata.* .rela.gnu.linkonce.r.*)
 *(.rela.data .rela.data.* .rela.gnu.linkonce.d.*)
 *(.rela.tdata .rela.tdata.* .rela.gnu.linkonce.td.*)
 *(.rela.tbss .rela.tbss.* .rela.gnu.linkonce.tb.*)
 *(.rela.ctors)
 *(.rela.dtors)
 *(.rela.got)
 *(.rela.bss .rela.bss.* .rela.gnu.linkonce.b.*)

.rel.plt        0x00000e98      0x170
 *(.rel.plt)
 .rel.plt       0x00000e98      0x170 /Developer/android-ndk-r8/platforms/android-9/arch-arm/usr/lib/crtbegin_so.o

.rela.plt
 *(.rela.plt)

.init
 *(.init)

.plt            0x00001008      0x23c
 *(.plt)
 .plt           0x00001008      0x23c /Developer/android-ndk-r8/platforms/android-9/arch-arm/usr/lib/crtbegin_so.o

.text           0x00001248     0xccf0
 *(.text .stub .text.* .gnu.linkonce.t.*)
 .text          0x00001248       0x10 /Developer/android-ndk-r8/platforms/android-9/arch-arm/usr/lib/crtbegin_so.o
 .text          0x00001258     0x2b38 release/FuseAPI_platform.os
                0x00002c54                _Z27FuseAPIGetGameData_platformPKcS0_PS0_i
                0x00001924                _Z29FuseAPIAdAvailabilityResponseP7_JNIEnvP8_jobjectii
                0x00001690                _Z20FuseFriendsListErrorP7_JNIEnvP8_jobjecti
                0x0000284c                _Z25FuseAPIFuseLogin_platformPKcS0_
                0x000018ac                _Z18FuseAPIAdDisplayedP7_JNIEnvP8_jobject
                0x00002748                _Z41FuseAPIGetGameConfigurationValue_platformPKc
                0x00001df8                _Z35FuseAPIRegisterFlurryClick_platformv
                0x000019e8                _Z26FuseAPIGameDataReceivedKVPP7_JNIEnvP8_jobjectbP8_jstringS4_
                0x00001a7c                _Z26FuseGameConfigurationStartP7_JNIEnvP8_jobjecti
                0x00002170                _Z22FuseAPIShowAd_platformv
                0x00002abc                _Z38FuseAPIRegisterEventWithParam_platformPKcS0_S0_S0_PKd
                0x00001cf8                _Z26FuseAPIEnableData_platformb
                0x000019ac                _Z27FuseAPISessionStartReceivedP7_JNIEnvP8_jobject
                0x00001afc                _Z29FuseAPIFriendsListUpdateStartP7_JNIEnvP8_jobjecti
                0x00002028                _Z38FuseAPIGetOriginalAccountType_platformv
                0x0000156c                _Z17FuseMailListErrorP7_JNIEnvP8_jobjecti
                0x00001754                _Z17FuseGameDataErrorP7_JNIEnvP8_jobjectii
                0x0000296c                _Z32FuseAPISendMailWithGift_platformPKcS0_ii
                0x0000133c                _Z21FuseAPIMailListUpdateP7_JNIEnvP8_jobjectiP8_jstringS4_S4_S4_
                0x000015b0                _Z13FuseMailErrorP7_JNIEnvP8_jobjecti
                0x00001260                _Z30FuseAPIGetFriendsList_platformPi
                0x00001828                _Z25FuseAPINotificationActionP7_JNIEnvP8_jobjectP8_jstring
                0x00002078                _Z30FuseAPIRegisterGender_platformi
                0x000024a8                _Z43FuseAPIGetMailListFriendFromServer_platformPKc
                0x0000125c                _Z31FuseAPIGameCenterLogin_platformv
                0x00001258                _Z40FuseAPIRegisterInAppPurchaseiOS_platform17FusePurchaseStatePKciPdS1_S1_
                0x00002358                _Z30FuseAPILibraryVersion_platformv
                0x00002a0c                _Z29FuseAPIFacebookLogin_platformPKcS0_S0_
                0x00001870                _Z16FuseAPIAdClickedP7_JNIEnvP8_jobject
                0x00002668                _Z28FuseAPIStartSession_platformPKc
                0x000013d0                _Z30FuseAPIFriendsListUpdatePlayerP7_JNIEnvP8_jobjectP8_jstringS4_S4_S4_iib
                0x00001f60                _Z9FusePausePvS_
                0x000020d0                _Z32FuseAPIDisplayMoreGames_platformv
                0x00002e68                _Z43FuseAPIRegisterEventWithDictionary_platformPKcP13cfuhash_table
                0x00001e98                _Z25FuseAPITerminate_platformv
                0x0000326c                _Z20FuseAPIInit_platformv
                0x00001ba8                _Z33FuseAPISetMailAsReceived_platformi
                0x00002120                _Z36FuseAPIDisplayNotifications_platformv
                0x00001b48                _Z32FuseAPIRegisterCurrency_platformii
                0x00002260                _Z29FuseAPIResumeSession_platformv
                0x00001710                _Z27FuseGameDataSetAcknowledgedP7_JNIEnvP8_jobjecti
                0x00002518                _Z27FuseAPIDeviceLogin_platformPKc
                0x00001d50                _Z30FuseAPITimeFromServer_platformv
                0x00001a28                _Z29FuseGameConfigurationKeyValueP7_JNIEnvP8_jobjectP8_jstringS4_
                0x00002454                _Z36FuseAPIGetOriginalAccountId_platformv
                0x00001fd8                _Z27FuseAPIgamesPlayed_platformv
                0x000015f4                _Z20FuseMailListReceivedP7_JNIEnvP8_jobjectP8_jstring
                0x00001a68                _Z28FuseAPIGameDataReceivedStartP7_JNIEnvP8_jobject
                0x00001f0c                _Z10FuseResumePvS_
                0x000026d8                _Z29FuseAPIRegisterEvent_platformPKc
                0x00001ab0                _Z26FuseAPIMailListUpdateStartP7_JNIEnvP8_jobjecti
                0x000016d4                _Z27FuseAPIFriendsListUpdateEndP7_JNIEnvP8_jobject
                0x00002f94                _Z27FuseAPISetGameData_platformPKcS0_P13cfuhash_table
                0x00002210                _Z32FuseAPITerminateSession_platformv
                0x000021c0                _Z32FuseAPICheckAdAvailable_platformv
                0x00001c58                _Z37FuseAPIGetMailListFromServer_platformv
                0x000023ac                _Z25FuseAPIGetFuseID_platformv
                0x0000151c                _Z29FuseGameConfigurationReceivedP7_JNIEnvP8_jobject
                0x000014b8                _Z26FuseAPIGameDataReceivedEndP7_JNIEnvP8_jobjectP8_jstringi
                0x000030f4                _Z42FuseAPIRegisterEventWithEventData_platformPKcS0_S0_P13cfuhash_table
                0x00001da0                _Z36FuseAPIRegisterTapjoyReward_platformi
                0x0000163c                _Z20FuseMailAcknowledgedP7_JNIEnvP8_jobjectiP8_jstringi
                0x00002588                _Z44FuseAPIRegisterForPushNotifications_platformPKc
                0x000022b0                _Z28FuseAPIPauseSession_platformv
                0x000027bc                _Z31FuseAPIGooglePlayLogin_platformPKcS0_
                0x00001e48                _Z34FuseAPIRegisterFlurryView_platformv
                0x00002300                _Z25FuseAPIConnected_platformv
                0x000018e8                _Z18FuseAPIAdWillCloseP7_JNIEnvP8_jobject
                0x0000127c                _Z27FuseAPIGetMailList_platformPi
                0x000012b8                _Z25FuseAPIMailListUpdateGiftP7_JNIEnvP8_jobjectiP8_jstringS4_i
                0x00001968                _Z17FuseAPILoginErrorP7_JNIEnvP8_jobjecti
                0x000017dc                _Z27FuseAPIAccountLoginCompleteP7_JNIEnvP8_jobjectiP8_jstring
                0x000028dc                _Z24FuseAPISendMail_platformPKcS0_
                0x000025f8                _Z28FuseAPITwitterLogin_platformPKc
                0x00001c00                _Z29FuseAPIRegisterLevel_platformi
                0x00002400                _Z39FuseAPIGetOriginalAccountAlias_platformv
                0x00001ca8                _Z43FuseAPIUpdateFriendsListFromServer_platformv
                0x00001798                _Z18FuseAPITimeUpdatedP7_JNIEnvP8_jobjecti
                0x00002d54                _Z44FuseAPIRegisterInAppPurchaseAndroid_platform17FusePurchaseStatePKcS1_S1_lS1_PKdS1_
 .text._ZN7_JNIEnv11GetMethodIDEP7_jclassPKcS3_
                0x00003d90       0x14 release/FuseAPI_platform.os
                0x00003d90                _ZN7_JNIEnv11GetMethodIDEP7_jclassPKcS3_
 .text._ZN7_JNIEnv14CallVoidMethodEP8_jobjectP10_jmethodIDz
                0x00003da4       0x34 release/FuseAPI_platform.os
                0x00003da4                _ZN7_JNIEnv14CallVoidMethodEP8_jobjectP10_jmethodIDz
 .text._ZN7_JNIEnv16CallObjectMethodEP8_jobjectP10_jmethodIDz
                0x00003dd8       0x34 release/FuseAPI_platform.os
                0x00003dd8                _ZN7_JNIEnv16CallObjectMethodEP8_jobjectP10_jmethodIDz
 .text._ZN7_JNIEnv13CallIntMethodEP8_jobjectP10_jmethodIDz
                0x00003e0c       0x34 release/FuseAPI_platform.os
                0x00003e0c                _ZN7_JNIEnv13CallIntMethodEP8_jobjectP10_jmethodIDz
 .text._ZN7_JNIEnv17CallBooleanMethodEP8_jobjectP10_jmethodIDz
                0x00003e40       0x34 release/FuseAPI_platform.os
                0x00003e40                _ZN7_JNIEnv17CallBooleanMethodEP8_jobjectP10_jmethodIDz
 .text._ZN7_JNIEnv9NewObjectEP7_jclassP10_jmethodIDz
                0x00003e74       0x34 release/FuseAPI_platform.os
                0x00003e74                _ZN7_JNIEnv9NewObjectEP7_jclassP10_jmethodIDz
 .text          0x00003ea8       0xc4 release/FuseAPI.os
                0x00003ec0                FuseAPIGetMailList
                0x00003ec8                FuseAPISendMailWithGift
                0x00003ed0                FuseAPIGetMailListFriendFromServer
                0x00003f4c                FuseAPIRegisterEvent
                0x00003ee8                FuseAPIEnableData
                0x00003ed4                FuseAPIGetMailListFromServer
                0x00003edc                FuseAPIUpdateFriendsListFromServer
                0x00003f34                FuseAPICheckAdAvailable
                0x00003ef4                FuseAPILibraryVersion
                0x00003ecc                FuseAPISetMailAsReceived
                0x00003f10                FuseAPIFuseLogin
                0x00003f24                FuseAPIRegisterGender
                0x00003f48                FuseAPIRegisterEventWithParam
                0x00003eb8                FuseAPIRegisterLevel
                0x00003ebc                FuseAPIGetGameConfigurationValue
                0x00003f1c                FuseAPITwitterLogin
                0x00003f54                FuseAPITerminateSession
                0x00003ef0                FuseAPIConnected
                0x00003f14                FuseAPIDeviceLogin
                0x00003eec                FuseAPITimeFromServer
                0x00003f28                FuseAPIDisplayMoreGames
                0x00003ea8                FuseAPIRegisterTapjoyReward
                0x00003f58                FuseAPIResumeSession
                0x00003f68                _Z11FuseAPIInitv
                0x00003ee0                FuseAPIGetGameData
                0x00003f3c                FuseAPIRegisterInAppPurchaseAndroid
                0x00003f30                FuseAPIShowAd
                0x00003f64                _Z16FuseAPITerminatev
                0x00003f40                FuseAPIRegisterEventWithDictionary
                0x00003efc                FuseAPIGetFuseID
                0x00003f08                FuseAPIGetOriginalAccountId
                0x00003ed8                FuseAPIGetFriendsList
                0x00003f50                FuseAPIRegisterForPushNotifications
                0x00003eb4                FuseAPIRegisterCurrency
                0x00003f04                FuseAPIGetOriginalAccountAlias
                0x00003f20                FuseAPIFacebookLogin
                0x00003ef8                FuseAPIgamesPlayed
                0x00003f2c                FuseAPIDisplayNotifications
                0x00003f44                FuseAPIRegisterEventWithEventData
                0x00003f38                FuseAPIRegisterInAppPurchaseiOS
                0x00003eac                FuseAPIRegisterFlurryClick
                0x00003f18                FuseAPIGameCenterLogin
                0x00003f00                FuseAPIGetOriginalAccountType
                0x00003ec4                FuseAPISendMail
                0x00003ee4                FuseAPISetGameData
                0x00003f0c                FuseAPIGooglePlayLogin
                0x00003f60                FuseAPIStartSession
                0x00003f5c                FuseAPIPauseSession
                0x00003eb0                FuseAPIRegisterFlurryView
 .text          0x00003f6c     0x1184 release/FuseAPI_register.os
                0x00004ab0                FuseAPIUnRegister
                0x00004ae0                FuseAPIRegister
                0x00004b14                RegisterExt
                0x00003f6c                _Z18FuseAPIRegisterExtv
 .text          0x000050f0       0x98 release/cfu.os
                0x000050f0                cfu_get_type
                0x0000516c                cfu_is_conf
                0x00005118                cfu_is_list
                0x00005150                cfu_is_time
                0x00005134                cfu_is_string
                0x000050fc                cfu_is_hash
 .text          0x00005188     0x101c release/cfuconf.os
                0x00005194                cfuconf_get_directives
                0x00005dd0                cfuconf_parse_buffer
                0x000054d4                cfuconf_destroy
                0x00005ea0                cfuconf_parse_file
                0x00006008                cfuconf_get_directive_one_arg
                0x00005188                cfuconf_get_containers
                0x000054b4                cfuconf_get_directive_two_args
                0x000060ac                cfuconf_pretty_print_conf
                0x000053b8                cfuconf_get_directive_n_args
 .text          0x000061a4     0x3e8c release/cfuhash.os
                0x000074f4                cfuhash_new_with_free_fn
                0x00006a20                cfuhash_pretty_print
                0x000063ec                cfuhash_each
                0x00006da4                cfuhash_rehash
                0x000065b0                cfuhash_destroy_with_free_fn
                0x00007c74                cfuhash_keys
                0x00006298                cfuhash_next_data
                0x0000916c                cfuhash_delete_data
                0x00008e38                cfuhash_clear
                0x00006200                cfuhash_clear_flag
                0x0000707c                cfuhash_get_data
                0x000075ac                cfuhash_bencode_strings
                0x00006214                cfuhash_set_thresholds
                0x00006fd0                cfuhash_each_data
                0x00006380                cfuhash_num_buckets
                0x00008190                cfuhash_get
                0x000061ec                cfuhash_set_flag
                0x00007370                cfuhash_new_with_flags
                0x00006b10                cfuhash_keys_data
                0x00006374                cfuhash_num_entries
                0x00008390                cfuhash_copy
                0x00009640                cfuhash_put_data
                0x00009b64                cfuhash_put
                0x00006858                cfuhash_foreach
                0x00007fa0                cfuhash_exists_data
                0x00007420                cfuhash_new_with_initial_size
                0x0000652c                cfuhash_num_buckets_used
                0x000066dc                cfuhash_foreach_remove
                0x00006928                cfuhash_destroy
                0x00007dc0                cfuhash_exists
                0x00006474                cfuhash_next
                0x000061e4                cfuhash_get_flags
                0x000079d0                cfuhash_delete
                0x000072c4                cfuhash_new
                0x00006288                cfuhash_set_free_function
                0x00006250                cfuhash_set_hash_function
                0x000063a0                cfuhash_unlock
                0x00008d2c                cfuhash_merge
                0x0000638c                cfuhash_lock
 .text          0x0000a030     0x10d4 release/cfulist.os
                0x0000ac5c                cfulist_push_string
                0x0000ab3c                cfulist_enqueue
                0x0000a358                cfulist_nth_data
                0x0000a27c                cfulist_last_data
                0x0000a5e8                cfulist_pop_data
                0x0000a9c0                cfulist_unshift_string
                0x0000aac0                cfulist_enqueue_string
                0x0000a414                cfulist_destroy_with_free_fn
                0x0000adc4                cfulist_shift
                0x0000a030                cfulist_num_entries
                0x0000aebc                cfulist_unshift
                0x0000a108                cfulist_unshift_data
                0x0000aa38                cfulist_enqueue_data
                0x0000a90c                cfulist_join
                0x0000a4a8                cfulist_shift_data
                0x0000a6c4                cfulist_each_data
                0x0000abb0                cfulist_dequeue_data
                0x0000a0d8                cfulist_new
                0x0000a038                cfulist_reset_each
                0x0000a048                cfulist_next_data
                0x0000af2c                cfulist_dequeue_string
                0x0000a714                cfulist_new_with_free_fn
                0x0000a74c                cfulist_pop_string
                0x0000a2e4                cfulist_foreach
                0x0000a18c                cfulist_push_data
                0x0000a554                cfulist_pop
                0x0000acd8                cfulist_push
                0x0000a7e4                cfulist_map
                0x0000b054                cfulist_destroy
                0x0000ae40                cfulist_dequeue
                0x0000a214                cfulist_first_data
                0x0000ad4c                cfulist_shift_string
 .text          0x0000b104      0xb48 release/cfuopt.os
                0x0000b3e8                cfuopt_pretty_print
                0x0000b4f4                cfuopt_destroy
                0x0000b120                cfuopt_get_help_str
                0x0000b7e8                cfuopt_parse
                0x0000b320                _param_map_fn
                0x0000b7b4                cfuopt_new
                0x0000b538                cfuopt_add_entry
 .text          0x0000bc4c     0x1e74 release/cfustring.os
                0x0000cba0                cfustring_c_str_split
                0x0000bd4c                cfustring_append_n
                0x0000bef4                cfustring_dup_c_str_n
                0x0000c6a0                cfustring_dup
                0x0000c7c4                cfustring_split_to_c_str
                0x0000bc4c                cfustring_clear
                0x0000da38                cfustring_sprintf_c_str
                0x0000bce0                cfustring_dup_c_str
                0x0000c4c8                cfustring_append
                0x0000bf34                cfustring_new
                0x0000bf50                cfustring_split
                0x0000da08                cfustring_sprintf
                0x0000bd14                cfustring_get_buffer_copy
                0x0000bc6c                cfustring_get_buffer
                0x0000c5a0                cfustring_new_from_string
                0x0000bc74                cfustring_new_with_initial_size
                0x0000bcc0                cfustring_destroy
                0x0000d0c4                cfustring_vsprintf
 .text          0x0000dac0      0x284 release/cfuthread_queue.os
                0x0000dccc                cfuthread_queue_new
                0x0000dba4                cfuthread_queue_new_with_cleanup
                0x0000dac0                cfuthread_queue_destroy
                0x0000db08                cfuthread_queue_make_request
 *fill*         0x0000dd44        0x4 00000000
 .text          0x0000dd48       0x80 release/cfutime.os
                0x0000ddac                cfutime_new
                0x0000dd94                cfutime_end
                0x0000dda0                cfutime_begin
                0x0000dd48                cfutime_elapsed
                0x0000dd90                cfutime_free
 .text          0x0000ddc8        0x0 release/libcfu-config.os
 .text          0x0000ddc8        0x0 /Applications/Marmalade.app/Contents/s3e/edk/lib/android/libedk.a(edk_helpers.o)
 .text.s3eEdkThreadRunOnOSAsync
                0x0000ddc8       0x30 /Applications/Marmalade.app/Contents/s3e/edk/lib/android/libedk.a(edk_helpers.o)
                0x0000ddc8                s3eEdkThreadRunOnOSAsync
 .text.s3eEdkThreadRunOnOS
                0x0000ddf8       0x30 /Applications/Marmalade.app/Contents/s3e/edk/lib/android/libedk.a(edk_helpers.o)
                0x0000ddf8                s3eEdkThreadRunOnOS
 .text.s3eEdkErrorSetString
                0x0000de28       0x30 /Applications/Marmalade.app/Contents/s3e/edk/lib/android/libedk.a(edk_helpers.o)
                0x0000de28                s3eEdkErrorSetString
 .text          0x0000de58        0x0 /Developer/android-ndk-r8/sources/cxx-stl/gnu-libstdc++/libs/armeabi/libgnustl_static.a(del_op.o)
 .text._ZdlPv   0x0000de58        0xc /Developer/android-ndk-r8/sources/cxx-stl/gnu-libstdc++/libs/armeabi/libgnustl_static.a(del_op.o)
                0x0000de58                _ZdlPv
 .text          0x0000de64       0xc4 /Developer/android-ndk-r8/toolchains/arm-linux-androideabi-4.4.3/prebuilt/darwin-x86/bin/../lib/gcc/arm-linux-androideabi/4.4.3/libgcc.a(_udivsi3.o)
                0x0000de64                __udivsi3
                0x0000de64                __aeabi_uidiv
                0x0000df10                __aeabi_uidivmod
 .text          0x0000df28       0x10 /Developer/android-ndk-r8/toolchains/arm-linux-androideabi-4.4.3/prebuilt/darwin-x86/bin/../lib/gcc/arm-linux-androideabi/4.4.3/libgcc.a(_dvmd_lnx.o)
                0x0000df28                __div0
 .text          0x0000df38        0x0 /Developer/android-ndk-r8/platforms/android-9/arch-arm/usr/lib/crtend_so.o
 *(.gnu.warning)
 *(.glue_7t)
 .glue_7t       0x00000000        0x0 linker stubs
 *(.glue_7)
 .glue_7        0x00000000        0x0 linker stubs
 *(.vfp11_veneer)
 .vfp11_veneer  0x00000000        0x0 linker stubs
 *(.v4_bx)
 .v4_bx         0x00000000        0x0 linker stubs

.fini
 *(.fini)
                0x0000df38                PROVIDE (__etext, .)
                0x0000df38                PROVIDE (_etext, .)
                0x0000df38                PROVIDE (etext, .)

.rodata         0x0000df38      0xd40
 *(.rodata .rodata.* .gnu.linkonce.r.*)
 .rodata.str1.4
                0x0000df38      0xbb9 release/FuseAPI_platform.os
                                0xbbc (size before relaxing)
 *fill*         0x0000eaf1        0x3 00
 .rodata.str1.4
                0x0000eaf4        0x8 release/FuseAPI_register.os
 .rodata.str1.4
                0x0000eafc       0xaf release/cfuconf.os
                                 0xb8 (size before relaxing)
 *fill*         0x0000ebab        0x1 00
 .rodata.str1.4
                0x0000ebac       0x1c release/cfuhash.os
                                 0x24 (size before relaxing)
 .rodata.str1.4
                0x0000ebc8       0xa6 release/cfuopt.os
                                 0xb4 (size before relaxing)
 *fill*         0x0000ec6e        0x2 00
 .rodata.str1.4
                0x0000ec70        0x8 release/cfustring.os

.rodata1
 *(.rodata1)

.ARM.extab      0x0000ec78        0x0
 *(.ARM.extab* .gnu.linkonce.armextab.*)
 .ARM.extab.text._ZdlPv
                0x0000ec78        0x0 /Developer/android-ndk-r8/sources/cxx-stl/gnu-libstdc++/libs/armeabi/libgnustl_static.a(del_op.o)
                0x0000ec78                __exidx_start = .

.ARM.exidx      0x0000ec78        0x8
 *(.ARM.exidx* .gnu.linkonce.armexidx.*)
 .ARM.exidx.text._ZdlPv
                0x0000ec78        0x8 /Developer/android-ndk-r8/sources/cxx-stl/gnu-libstdc++/libs/armeabi/libgnustl_static.a(del_op.o)
                0x0000ec80                __exidx_end = .

.eh_frame_hdr
 *(.eh_frame_hdr)

.eh_frame
 *(.eh_frame)

.gcc_except_table
 *(.gcc_except_table .gcc_except_table.*)
                0x0000ec80                . = (ALIGN (0x1000) - ((0x1000 - .) & 0xfff))
                0x0000f000                . = (0x1000 DATA_SEGMENT_ALIGN 0x1000)

.eh_frame
 *(.eh_frame)

.gcc_except_table
 *(.gcc_except_table .gcc_except_table.*)

.tdata
 *(.tdata .tdata.* .gnu.linkonce.td.*)

.tbss
 *(.tbss .tbss.* .gnu.linkonce.tb.*)
 *(.tcommon)

.preinit_array
 *(.preinit_array)

.init_array     0x0000f000        0xc
 *(SORT(.init_array.*))
 *(.init_array)
 .init_array    0x0000f000        0x4 /Developer/android-ndk-r8/platforms/android-9/arch-arm/usr/lib/crtbegin_so.o
                0x0000f000                __INIT_ARRAY__
 .init_array    0x0000f004        0x4 release/FuseAPI_platform.os
 .init_array    0x0000f008        0x4 /Developer/android-ndk-r8/platforms/android-9/arch-arm/usr/lib/crtend_so.o

.fini_array     0x0000f00c        0xc
 *(.fini_array)
 .fini_array    0x0000f00c        0x8 /Developer/android-ndk-r8/platforms/android-9/arch-arm/usr/lib/crtbegin_so.o
                0x0000f00c                __FINI_ARRAY__
 .fini_array    0x0000f014        0x4 /Developer/android-ndk-r8/platforms/android-9/arch-arm/usr/lib/crtend_so.o
 *(SORT(.fini_array.*))

.ctors
 *crtbegin.o(.ctors)
 *crtbegin?.o(.ctors)
 *(EXCLUDE_FILE(*crtend?.o *crtend.o) .ctors)
 *(SORT(.ctors.*))
 *(.ctors)

.dtors
 *crtbegin.o(.dtors)
 *crtbegin?.o(.dtors)
 *(EXCLUDE_FILE(*crtend?.o *crtend.o) .dtors)
 *(SORT(.dtors.*))
 *(.dtors)

.jcr
 *(.jcr)

.data.rel.ro    0x0000f018      0x150
 *(.data.rel.ro.local* .gnu.linkonce.d.rel.ro.local.*)
 *(.data.rel.ro* .gnu.linkonce.d.rel.ro.*)
 .data.rel.ro   0x0000f018      0x150 release/FuseAPI_platform.os

.dynamic        0x0000f168       0xf0
 *(.dynamic)
 .dynamic       0x0000f168       0xf0 /Developer/android-ndk-r8/platforms/android-9/arch-arm/usr/lib/crtbegin_so.o
                0x0000f168                _DYNAMIC
                0x0000f258                . = (. DATA_SEGMENT_RELRO_END 0x0)

.got            0x0000f258      0x188
 *(.got.plt)
 .got.plt       0x0000f258       0xc4 /Developer/android-ndk-r8/platforms/android-9/arch-arm/usr/lib/crtbegin_so.o
                0x0000f258                _GLOBAL_OFFSET_TABLE_
 *(.got)
 .got           0x0000f31c       0xc4 /Developer/android-ndk-r8/platforms/android-9/arch-arm/usr/lib/crtbegin_so.o

.data           0x0000f3e0        0x0
                0x0000f3e0                __data_start = .
 *(.data .data.* .gnu.linkonce.d.*)
 .data          0x0000f3e0        0x0 /Developer/android-ndk-r8/platforms/android-9/arch-arm/usr/lib/crtbegin_so.o
 .data          0x0000f3e0        0x0 release/FuseAPI_platform.os
 .data          0x0000f3e0        0x0 release/FuseAPI.os
 .data          0x0000f3e0        0x0 release/FuseAPI_register.os
 .data          0x0000f3e0        0x0 release/cfu.os
 .data          0x0000f3e0        0x0 release/cfuconf.os
 .data          0x0000f3e0        0x0 release/cfuhash.os
 .data          0x0000f3e0        0x0 release/cfulist.os
 .data          0x0000f3e0        0x0 release/cfuopt.os
 .data          0x0000f3e0        0x0 release/cfustring.os
 .data          0x0000f3e0        0x0 release/cfuthread_queue.os
 .data          0x0000f3e0        0x0 release/cfutime.os
 .data          0x0000f3e0        0x0 release/libcfu-config.os
 .data          0x0000f3e0        0x0 /Applications/Marmalade.app/Contents/s3e/edk/lib/android/libedk.a(edk_helpers.o)
 .data          0x0000f3e0        0x0 /Developer/android-ndk-r8/sources/cxx-stl/gnu-libstdc++/libs/armeabi/libgnustl_static.a(del_op.o)
 .data          0x0000f3e0        0x0 /Developer/android-ndk-r8/toolchains/arm-linux-androideabi-4.4.3/prebuilt/darwin-x86/bin/../lib/gcc/arm-linux-androideabi/4.4.3/libgcc.a(_udivsi3.o)
 .data          0x0000f3e0        0x0 /Developer/android-ndk-r8/toolchains/arm-linux-androideabi-4.4.3/prebuilt/darwin-x86/bin/../lib/gcc/arm-linux-androideabi/4.4.3/libgcc.a(_dvmd_lnx.o)
 .data          0x0000f3e0        0x0 /Developer/android-ndk-r8/platforms/android-9/arch-arm/usr/lib/crtend_so.o

.data1
 *(.data1)
                0x0000f3e0                _edata = .
                0x0000f3e0                PROVIDE (edata, .)
                0x0000f3e0                __bss_start = .
                0x0000f3e0                __bss_start__ = .

.bss            0x0000f3e0       0xf8
 *(.dynbss)
 .dynbss        0x00000000        0x0 /Developer/android-ndk-r8/platforms/android-9/arch-arm/usr/lib/crtbegin_so.o
 *(.bss .bss.* .gnu.linkonce.b.*)
 .bss           0x0000f3e0       0x10 /Developer/android-ndk-r8/platforms/android-9/arch-arm/usr/lib/crtbegin_so.o
                0x0000f3e0                __dso_handle
 .bss           0x0000f3f0       0xe8 release/FuseAPI_platform.os
                0x0000f3f4                g_playerList
                0x0000f3f0                g_playerIndex
                0x0000f3f8                g_numMailEntries
                0x0000f3fc                g_mailList
                0x0000f400                gameData
                0x0000f404                gameConfig
 .bss           0x0000f4d8        0x0 release/FuseAPI.os
 .bss           0x0000f4d8        0x0 release/FuseAPI_register.os
 .bss           0x0000f4d8        0x0 release/cfu.os
 .bss           0x0000f4d8        0x0 release/cfuconf.os
 .bss           0x0000f4d8        0x0 release/cfuhash.os
 .bss           0x0000f4d8        0x0 release/cfulist.os
 .bss           0x0000f4d8        0x0 release/cfuopt.os
 .bss           0x0000f4d8        0x0 release/cfustring.os
 .bss           0x0000f4d8        0x0 release/cfuthread_queue.os
 .bss           0x0000f4d8        0x0 release/cfutime.os
 .bss           0x0000f4d8        0x0 release/libcfu-config.os
 .bss           0x0000f4d8        0x0 /Applications/Marmalade.app/Contents/s3e/edk/lib/android/libedk.a(edk_helpers.o)
 .bss           0x0000f4d8        0x0 /Developer/android-ndk-r8/sources/cxx-stl/gnu-libstdc++/libs/armeabi/libgnustl_static.a(del_op.o)
 .bss           0x0000f4d8        0x0 /Developer/android-ndk-r8/toolchains/arm-linux-androideabi-4.4.3/prebuilt/darwin-x86/bin/../lib/gcc/arm-linux-androideabi/4.4.3/libgcc.a(_udivsi3.o)
 .bss           0x0000f4d8        0x0 /Developer/android-ndk-r8/toolchains/arm-linux-androideabi-4.4.3/prebuilt/darwin-x86/bin/../lib/gcc/arm-linux-androideabi/4.4.3/libgcc.a(_dvmd_lnx.o)
 .bss           0x0000f4d8        0x0 /Developer/android-ndk-r8/platforms/android-9/arch-arm/usr/lib/crtend_so.o
 *(COMMON)
                0x0000f4d8                . = ALIGN ((. != 0x0)?0x4:0x1)
                0x0000f4d8                _bss_end__ = .
                0x0000f4d8                __bss_end__ = .
                0x0000f4d8                . = ALIGN (0x4)
                0x0000f4d8                . = ALIGN (0x4)
                0x0000f4d8                __end__ = .
                0x0000f4d8                _end = .
                0x0000f4d8                PROVIDE (end, .)
                0x0000f4d8                . = DATA_SEGMENT_END (.)

.stab
 *(.stab)

.stabstr
 *(.stabstr)

.stab.excl
 *(.stab.excl)

.stab.exclstr
 *(.stab.exclstr)

.stab.index
 *(.stab.index)

.stab.indexstr
 *(.stab.indexstr)

.comment        0x00000000       0xfc
 *(.comment)
 .comment       0x00000000       0x12 release/FuseAPI_platform.os
 .comment       0x00000012       0x12 release/FuseAPI.os
 .comment       0x00000024       0x12 release/FuseAPI_register.os
 .comment       0x00000036       0x12 release/cfu.os
 .comment       0x00000048       0x12 release/cfuconf.os
 .comment       0x0000005a       0x12 release/cfuhash.os
 .comment       0x0000006c       0x12 release/cfulist.os
 .comment       0x0000007e       0x12 release/cfuopt.os
 .comment       0x00000090       0x12 release/cfustring.os
 .comment       0x000000a2       0x12 release/cfuthread_queue.os
 .comment       0x000000b4       0x12 release/cfutime.os
 .comment       0x000000c6       0x12 release/libcfu-config.os
 .comment       0x000000d8       0x12 /Applications/Marmalade.app/Contents/s3e/edk/lib/android/libedk.a(edk_helpers.o)
 .comment       0x000000ea       0x12 /Developer/android-ndk-r8/sources/cxx-stl/gnu-libstdc++/libs/armeabi/libgnustl_static.a(del_op.o)

.debug
 *(.debug)

.line
 *(.line)

.debug_srcinfo
 *(.debug_srcinfo)

.debug_sfnames
 *(.debug_sfnames)

.debug_aranges  0x00000000       0x40
 *(.debug_aranges)
 .debug_aranges
                0x00000000       0x20 /Developer/android-ndk-r8/toolchains/arm-linux-androideabi-4.4.3/prebuilt/darwin-x86/bin/../lib/gcc/arm-linux-androideabi/4.4.3/libgcc.a(_udivsi3.o)
 .debug_aranges
                0x00000020       0x20 /Developer/android-ndk-r8/toolchains/arm-linux-androideabi-4.4.3/prebuilt/darwin-x86/bin/../lib/gcc/arm-linux-androideabi/4.4.3/libgcc.a(_dvmd_lnx.o)

.debug_pubnames
 *(.debug_pubnames)

.debug_info     0x00000000      0x1e6
 *(.debug_info .gnu.linkonce.wi.*)
 .debug_info    0x00000000       0xf3 /Developer/android-ndk-r8/toolchains/arm-linux-androideabi-4.4.3/prebuilt/darwin-x86/bin/../lib/gcc/arm-linux-androideabi/4.4.3/libgcc.a(_udivsi3.o)
 .debug_info    0x000000f3       0xf3 /Developer/android-ndk-r8/toolchains/arm-linux-androideabi-4.4.3/prebuilt/darwin-x86/bin/../lib/gcc/arm-linux-androideabi/4.4.3/libgcc.a(_dvmd_lnx.o)

.debug_abbrev   0x00000000       0x28
 *(.debug_abbrev)
 .debug_abbrev  0x00000000       0x14 /Developer/android-ndk-r8/toolchains/arm-linux-androideabi-4.4.3/prebuilt/darwin-x86/bin/../lib/gcc/arm-linux-androideabi/4.4.3/libgcc.a(_udivsi3.o)
 .debug_abbrev  0x00000014       0x14 /Developer/android-ndk-r8/toolchains/arm-linux-androideabi-4.4.3/prebuilt/darwin-x86/bin/../lib/gcc/arm-linux-androideabi/4.4.3/libgcc.a(_dvmd_lnx.o)

.debug_line     0x00000000      0x17f
 *(.debug_line)
 .debug_line    0x00000000       0xd0 /Developer/android-ndk-r8/toolchains/arm-linux-androideabi-4.4.3/prebuilt/darwin-x86/bin/../lib/gcc/arm-linux-androideabi/4.4.3/libgcc.a(_udivsi3.o)
 .debug_line    0x000000d0       0xaf /Developer/android-ndk-r8/toolchains/arm-linux-androideabi-4.4.3/prebuilt/darwin-x86/bin/../lib/gcc/arm-linux-androideabi/4.4.3/libgcc.a(_dvmd_lnx.o)

.debug_frame    0x00000000       0x28
 *(.debug_frame)
 .debug_frame   0x00000000       0x28 /Developer/android-ndk-r8/toolchains/arm-linux-androideabi-4.4.3/prebuilt/darwin-x86/bin/../lib/gcc/arm-linux-androideabi/4.4.3/libgcc.a(_udivsi3.o)

.debug_str
 *(.debug_str)

.debug_loc
 *(.debug_loc)

.debug_macinfo
 *(.debug_macinfo)

.debug_weaknames
 *(.debug_weaknames)

.debug_funcnames
 *(.debug_funcnames)

.debug_typenames
 *(.debug_typenames)

.debug_varnames
 *(.debug_varnames)

.debug_pubtypes
 *(.debug_pubtypes)

.debug_ranges
 *(.debug_ranges)

.gnu.attributes
 *(.gnu.attributes)

.note.gnu.arm.ident
 *(.note.gnu.arm.ident)

/DISCARD/
 *(.note.GNU-stack)
 *(.gnu_debuglink)
OUTPUT(/Applications/Marmalade.app/Contents/extensions/FuseAPI/lib/android/libFuseAPI.so elf32-littlearm)

.ARM.attributes
                0x00000000       0x2b
 .ARM.attributes
                0x00000000       0x19 /Developer/android-ndk-r8/platforms/android-9/arch-arm/usr/lib/crtbegin_so.o
 .ARM.attributes
                0x00000019       0x2d release/FuseAPI_platform.os
 .ARM.attributes
                0x00000046       0x2b release/FuseAPI.os
 .ARM.attributes
                0x00000071       0x2b release/FuseAPI_register.os
 .ARM.attributes
                0x0000009c       0x2b release/cfu.os
 .ARM.attributes
                0x000000c7       0x2b release/cfuconf.os
 .ARM.attributes
                0x000000f2       0x2d release/cfuhash.os
 .ARM.attributes
                0x0000011f       0x2b release/cfulist.os
 .ARM.attributes
                0x0000014a       0x2b release/cfuopt.os
 .ARM.attributes
                0x00000175       0x2d release/cfustring.os
 .ARM.attributes
                0x000001a2       0x2b release/cfuthread_queue.os
 .ARM.attributes
                0x000001cd       0x2d release/cfutime.os
 .ARM.attributes
                0x000001fa       0x29 release/libcfu-config.os
 .ARM.attributes
                0x00000223       0x2b /Applications/Marmalade.app/Contents/s3e/edk/lib/android/libedk.a(edk_helpers.o)
 .ARM.attributes
                0x0000024e       0x29 /Developer/android-ndk-r8/sources/cxx-stl/gnu-libstdc++/libs/armeabi/libgnustl_static.a(del_op.o)
 .ARM.attributes
                0x00000277       0x19 /Developer/android-ndk-r8/toolchains/arm-linux-androideabi-4.4.3/prebuilt/darwin-x86/bin/../lib/gcc/arm-linux-androideabi/4.4.3/libgcc.a(_udivsi3.o)
 .ARM.attributes
                0x00000290       0x19 /Developer/android-ndk-r8/toolchains/arm-linux-androideabi-4.4.3/prebuilt/darwin-x86/bin/../lib/gcc/arm-linux-androideabi/4.4.3/libgcc.a(_dvmd_lnx.o)
 .ARM.attributes
                0x000002a9       0x17 /Developer/android-ndk-r8/platforms/android-9/arch-arm/usr/lib/crtend_so.o
