Archive member included because of file (symbol)

/Applications/Marmalade.app/Contents/s3e/edk/lib/android/libedk.a(IwDebug.o)
                              debug/FuseAPI_platform.os (IwDebugTraceSetTraceChannel)
/Applications/Marmalade.app/Contents/s3e/edk/lib/android/libedk.a(edk_helpers.o)
                              debug/FuseAPI_platform.os (s3eEdkThreadRunOnOS)
/Developer/android-ndk-r8/sources/cxx-stl/gnu-libstdc++/libs/armeabi/libgnustl_static.a(del_op.o)
                              debug/FuseAPI_platform.os (_ZdlPv)
/Developer/android-ndk-r8/toolchains/arm-linux-androideabi-4.4.3/prebuilt/darwin-x86/bin/../lib/gcc/arm-linux-androideabi/4.4.3/libgcc.a(_udivsi3.o)
                              debug/cfuhash.os (__aeabi_uidiv)
/Developer/android-ndk-r8/toolchains/arm-linux-androideabi-4.4.3/prebuilt/darwin-x86/bin/../lib/gcc/arm-linux-androideabi/4.4.3/libgcc.a(_aeabi_ldivmod.o)
                              /Applications/Marmalade.app/Contents/s3e/edk/lib/android/libedk.a(IwDebug.o) (__aeabi_ldivmod)
/Developer/android-ndk-r8/toolchains/arm-linux-androideabi-4.4.3/prebuilt/darwin-x86/bin/../lib/gcc/arm-linux-androideabi/4.4.3/libgcc.a(_dvmd_lnx.o)
                              /Developer/android-ndk-r8/toolchains/arm-linux-androideabi-4.4.3/prebuilt/darwin-x86/bin/../lib/gcc/arm-linux-androideabi/4.4.3/libgcc.a(_udivsi3.o) (__div0)
/Developer/android-ndk-r8/toolchains/arm-linux-androideabi-4.4.3/prebuilt/darwin-x86/bin/../lib/gcc/arm-linux-androideabi/4.4.3/libgcc.a(bpabi.o)
                              /Developer/android-ndk-r8/toolchains/arm-linux-androideabi-4.4.3/prebuilt/darwin-x86/bin/../lib/gcc/arm-linux-androideabi/4.4.3/libgcc.a(_aeabi_ldivmod.o) (__gnu_ldivmod_helper)
/Developer/android-ndk-r8/toolchains/arm-linux-androideabi-4.4.3/prebuilt/darwin-x86/bin/../lib/gcc/arm-linux-androideabi/4.4.3/libgcc.a(unwind-arm.o)
                              /Developer/android-ndk-r8/toolchains/arm-linux-androideabi-4.4.3/prebuilt/darwin-x86/bin/../lib/gcc/arm-linux-androideabi/4.4.3/libgcc.a(bpabi.o) (__aeabi_unwind_cpp_pr0)
/Developer/android-ndk-r8/toolchains/arm-linux-androideabi-4.4.3/prebuilt/darwin-x86/bin/../lib/gcc/arm-linux-androideabi/4.4.3/libgcc.a(libunwind.o)
                              /Developer/android-ndk-r8/toolchains/arm-linux-androideabi-4.4.3/prebuilt/darwin-x86/bin/../lib/gcc/arm-linux-androideabi/4.4.3/libgcc.a(unwind-arm.o) (restore_core_regs)
/Developer/android-ndk-r8/toolchains/arm-linux-androideabi-4.4.3/prebuilt/darwin-x86/bin/../lib/gcc/arm-linux-androideabi/4.4.3/libgcc.a(pr-support.o)
                              /Developer/android-ndk-r8/toolchains/arm-linux-androideabi-4.4.3/prebuilt/darwin-x86/bin/../lib/gcc/arm-linux-androideabi/4.4.3/libgcc.a(unwind-arm.o) (__gnu_unwind_execute)
/Developer/android-ndk-r8/toolchains/arm-linux-androideabi-4.4.3/prebuilt/darwin-x86/bin/../lib/gcc/arm-linux-androideabi/4.4.3/libgcc.a(_divdi3.o)
                              /Developer/android-ndk-r8/toolchains/arm-linux-androideabi-4.4.3/prebuilt/darwin-x86/bin/../lib/gcc/arm-linux-androideabi/4.4.3/libgcc.a(bpabi.o) (__divdi3)
/Developer/android-ndk-r8/toolchains/arm-linux-androideabi-4.4.3/prebuilt/darwin-x86/bin/../lib/gcc/arm-linux-androideabi/4.4.3/libgcc.a(_udivdi3.o)
                              /Developer/android-ndk-r8/toolchains/arm-linux-androideabi-4.4.3/prebuilt/darwin-x86/bin/../lib/gcc/arm-linux-androideabi/4.4.3/libgcc.a(bpabi.o) (__udivdi3)

Discarded input sections

 _ZN7_JNIEnv9FindClassEPKc
                0x00000000        0x0 debug/FuseAPI_platform.os
 _ZN7_JNIEnv17ExceptionOccurredEv
                0x00000000        0x0 debug/FuseAPI_platform.os
 _ZN7_JNIEnv17ExceptionDescribeEv
                0x00000000        0x0 debug/FuseAPI_platform.os
 _ZN7_JNIEnv14ExceptionClearEv
                0x00000000        0x0 debug/FuseAPI_platform.os
 _ZN7_JNIEnv12NewGlobalRefEP8_jobject
                0x00000000        0x0 debug/FuseAPI_platform.os
 _ZN7_JNIEnv15DeleteGlobalRefEP8_jobject
                0x00000000        0x0 debug/FuseAPI_platform.os
 _ZN7_JNIEnv14DeleteLocalRefEP8_jobject
                0x00000000        0x0 debug/FuseAPI_platform.os
 _ZN7_JNIEnv9NewObjectEP7_jclassP10_jmethodIDz
                0x00000000        0x0 debug/FuseAPI_platform.os
 _ZN7_JNIEnv11GetMethodIDEP7_jclassPKcS3_
                0x00000000        0x0 debug/FuseAPI_platform.os
 _ZN7_JNIEnv16CallObjectMethodEP8_jobjectP10_jmethodIDz
                0x00000000        0x0 debug/FuseAPI_platform.os
 _ZN7_JNIEnv17CallBooleanMethodEP8_jobjectP10_jmethodIDz
                0x00000000        0x0 debug/FuseAPI_platform.os
 _ZN7_JNIEnv13CallIntMethodEP8_jobjectP10_jmethodIDz
                0x00000000        0x0 debug/FuseAPI_platform.os
 _ZN7_JNIEnv14CallVoidMethodEP8_jobjectP10_jmethodIDz
                0x00000000        0x0 debug/FuseAPI_platform.os
 _ZN7_JNIEnv12NewStringUTFEPKc
                0x00000000        0x0 debug/FuseAPI_platform.os
 _ZN7_JNIEnv15RegisterNativesEP7_jclassPK15JNINativeMethodi
                0x00000000        0x0 debug/FuseAPI_platform.os
 _ZN7_JavaVM6GetEnvEPPvi
                0x00000000        0x0 debug/FuseAPI_platform.os
 .note.GNU-stack
                0x00000000        0x0 debug/FuseAPI_platform.os
 .note.GNU-stack
                0x00000000        0x0 debug/FuseAPI.os
 .note.GNU-stack
                0x00000000        0x0 debug/FuseAPI_register.os
 .note.GNU-stack
                0x00000000        0x0 debug/cfu.os
 .note.GNU-stack
                0x00000000        0x0 debug/cfuconf.os
 .note.GNU-stack
                0x00000000        0x0 debug/cfuhash.os
 .note.GNU-stack
                0x00000000        0x0 debug/cfulist.os
 .note.GNU-stack
                0x00000000        0x0 debug/cfuopt.os
 .note.GNU-stack
                0x00000000        0x0 debug/cfustring.os
 .note.GNU-stack
                0x00000000        0x0 debug/cfuthread_queue.os
 .note.GNU-stack
                0x00000000        0x0 debug/cfutime.os
 .note.GNU-stack
                0x00000000        0x0 debug/libcfu-config.os
 .note.GNU-stack
                0x00000000        0x0 /Applications/Marmalade.app/Contents/s3e/edk/lib/android/libedk.a(IwDebug.o)
 .note.GNU-stack
                0x00000000        0x0 /Applications/Marmalade.app/Contents/s3e/edk/lib/android/libedk.a(edk_helpers.o)
 .note.GNU-stack
                0x00000000        0x0 /Developer/android-ndk-r8/sources/cxx-stl/gnu-libstdc++/libs/armeabi/libgnustl_static.a(del_op.o)
 .note.GNU-stack
                0x00000000        0x0 /Developer/android-ndk-r8/toolchains/arm-linux-androideabi-4.4.3/prebuilt/darwin-x86/bin/../lib/gcc/arm-linux-androideabi/4.4.3/libgcc.a(_udivsi3.o)
 .note.GNU-stack
                0x00000000        0x0 /Developer/android-ndk-r8/toolchains/arm-linux-androideabi-4.4.3/prebuilt/darwin-x86/bin/../lib/gcc/arm-linux-androideabi/4.4.3/libgcc.a(_aeabi_ldivmod.o)
 .note.GNU-stack
                0x00000000        0x0 /Developer/android-ndk-r8/toolchains/arm-linux-androideabi-4.4.3/prebuilt/darwin-x86/bin/../lib/gcc/arm-linux-androideabi/4.4.3/libgcc.a(_dvmd_lnx.o)
 .note.GNU-stack
                0x00000000        0x0 /Developer/android-ndk-r8/toolchains/arm-linux-androideabi-4.4.3/prebuilt/darwin-x86/bin/../lib/gcc/arm-linux-androideabi/4.4.3/libgcc.a(bpabi.o)
 .note.GNU-stack
                0x00000000        0x0 /Developer/android-ndk-r8/toolchains/arm-linux-androideabi-4.4.3/prebuilt/darwin-x86/bin/../lib/gcc/arm-linux-androideabi/4.4.3/libgcc.a(unwind-arm.o)
 .note.GNU-stack
                0x00000000        0x0 /Developer/android-ndk-r8/toolchains/arm-linux-androideabi-4.4.3/prebuilt/darwin-x86/bin/../lib/gcc/arm-linux-androideabi/4.4.3/libgcc.a(libunwind.o)
 .note.GNU-stack
                0x00000000        0x0 /Developer/android-ndk-r8/toolchains/arm-linux-androideabi-4.4.3/prebuilt/darwin-x86/bin/../lib/gcc/arm-linux-androideabi/4.4.3/libgcc.a(pr-support.o)
 .note.GNU-stack
                0x00000000        0x0 /Developer/android-ndk-r8/toolchains/arm-linux-androideabi-4.4.3/prebuilt/darwin-x86/bin/../lib/gcc/arm-linux-androideabi/4.4.3/libgcc.a(_divdi3.o)
 .note.GNU-stack
                0x00000000        0x0 /Developer/android-ndk-r8/toolchains/arm-linux-androideabi-4.4.3/prebuilt/darwin-x86/bin/../lib/gcc/arm-linux-androideabi/4.4.3/libgcc.a(_udivdi3.o)

Memory Configuration

Name             Origin             Length             Attributes
*default*        0x00000000         0xffffffff

Linker script and memory map

LOAD /Developer/android-ndk-r8/platforms/android-9/arch-arm/usr/lib/crtbegin_so.o
LOAD debug/FuseAPI_platform.os
LOAD debug/FuseAPI.os
LOAD debug/FuseAPI_register.os
LOAD debug/cfu.os
LOAD debug/cfuconf.os
LOAD debug/cfuhash.os
LOAD debug/cfulist.os
LOAD debug/cfuopt.os
LOAD debug/cfustring.os
LOAD debug/cfuthread_queue.os
LOAD debug/cfutime.os
LOAD debug/libcfu-config.os
LOAD /Applications/Marmalade.app/Contents/s3e/edk/lib/android/libedk.a
LOAD /Applications/Marmalade.app/Contents/s3e/edk/lib/android/libplaceholderplaceholderplaceholderplaceholderplaceholder.so
LOAD /Developer/android-ndk-r8/platforms/android-9/arch-arm/usr/lib/liblog.so
LOAD /Developer/android-ndk-r8/sources/cxx-stl/gnu-libstdc++/libs/armeabi/libgnustl_static.a
LOAD /Developer/android-ndk-r8/toolchains/arm-linux-androideabi-4.4.3/prebuilt/darwin-x86/bin/../lib/gcc/arm-linux-androideabi/4.4.3/libgcc.a
LOAD /Developer/android-ndk-r8/platforms/android-9/arch-arm/usr/lib/libstdc++.so
LOAD /Developer/android-ndk-r8/platforms/android-9/arch-arm/usr/lib/libm.so
LOAD /Developer/android-ndk-r8/platforms/android-9/arch-arm/usr/lib/libc.so
LOAD /Developer/android-ndk-r8/toolchains/arm-linux-androideabi-4.4.3/prebuilt/darwin-x86/bin/../lib/gcc/arm-linux-androideabi/4.4.3/libgcc.a
LOAD /Developer/android-ndk-r8/platforms/android-9/arch-arm/usr/lib/libc.so
LOAD /Developer/android-ndk-r8/platforms/android-9/arch-arm/usr/lib/libdl.so
LOAD /Developer/android-ndk-r8/toolchains/arm-linux-androideabi-4.4.3/prebuilt/darwin-x86/bin/../lib/gcc/arm-linux-androideabi/4.4.3/libgcc.a
LOAD /Developer/android-ndk-r8/platforms/android-9/arch-arm/usr/lib/crtend_so.o
                0x000000d4                . = (0x0 + SIZEOF_HEADERS)

.note.gnu.build-id
 *(.note.gnu.build-id)

.hash           0x000000d4      0x39c
 *(.hash)
 .hash          0x000000d4      0x39c /Developer/android-ndk-r8/platforms/android-9/arch-arm/usr/lib/crtbegin_so.o

.gnu.hash
 *(.gnu.hash)

.dynsym         0x00000470      0x840
 *(.dynsym)
 .dynsym        0x00000470      0x840 /Developer/android-ndk-r8/platforms/android-9/arch-arm/usr/lib/crtbegin_so.o

.dynstr         0x00000cb0      0x82c
 *(.dynstr)
 .dynstr        0x00000cb0      0x82c /Developer/android-ndk-r8/platforms/android-9/arch-arm/usr/lib/crtbegin_so.o

.gnu.version    0x000014dc        0x0
 *(.gnu.version)
 .gnu.version   0x00000000        0x0 /Developer/android-ndk-r8/platforms/android-9/arch-arm/usr/lib/crtbegin_so.o

.gnu.version_d  0x000014dc        0x0
 *(.gnu.version_d)
 .gnu.version_d
                0x00000000        0x0 /Developer/android-ndk-r8/platforms/android-9/arch-arm/usr/lib/crtbegin_so.o

.gnu.version_r  0x000014dc        0x0
 *(.gnu.version_r)
 .gnu.version_r
                0x00000000        0x0 /Developer/android-ndk-r8/platforms/android-9/arch-arm/usr/lib/crtbegin_so.o

.rel.dyn        0x000014dc      0x530
 *(.rel.init)
 *(.rel.text .rel.text.* .rel.gnu.linkonce.t.*)
 .rel.text      0x000014dc        0x8 /Developer/android-ndk-r8/platforms/android-9/arch-arm/usr/lib/crtbegin_so.o
 *(.rel.fini)
 *(.rel.rodata .rel.rodata.* .rel.gnu.linkonce.r.*)
 *(.rel.data.rel.ro* .rel.gnu.linkonce.d.rel.ro.*)
 .rel.data.rel.ro
                0x000014e4      0x318 /Developer/android-ndk-r8/platforms/android-9/arch-arm/usr/lib/crtbegin_so.o
 *(.rel.data .rel.data.* .rel.gnu.linkonce.d.*)
 *(.rel.tdata .rel.tdata.* .rel.gnu.linkonce.td.*)
 *(.rel.tbss .rel.tbss.* .rel.gnu.linkonce.tb.*)
 *(.rel.ctors)
 *(.rel.dtors)
 *(.rel.got)
 .rel.got       0x000017fc      0x1f8 /Developer/android-ndk-r8/platforms/android-9/arch-arm/usr/lib/crtbegin_so.o
 *(.rel.bss .rel.bss.* .rel.gnu.linkonce.b.*)
 .rel.fini_array
                0x000019f4        0x8 /Developer/android-ndk-r8/platforms/android-9/arch-arm/usr/lib/crtbegin_so.o
 .rel.init_array
                0x000019fc       0x10 /Developer/android-ndk-r8/platforms/android-9/arch-arm/usr/lib/crtbegin_so.o

.rela.dyn
 *(.rela.init)
 *(.rela.text .rela.text.* .rela.gnu.linkonce.t.*)
 *(.rela.fini)
 *(.rela.rodata .rela.rodata.* .rela.gnu.linkonce.r.*)
 *(.rela.data .rela.data.* .rela.gnu.linkonce.d.*)
 *(.rela.tdata .rela.tdata.* .rela.gnu.linkonce.td.*)
 *(.rela.tbss .rela.tbss.* .rela.gnu.linkonce.tb.*)
 *(.rela.ctors)
 *(.rela.dtors)
 *(.rela.got)
 *(.rela.bss .rela.bss.* .rela.gnu.linkonce.b.*)

.rel.plt        0x00001a0c      0x1f0
 *(.rel.plt)
 .rel.plt       0x00001a0c      0x1f0 /Developer/android-ndk-r8/platforms/android-9/arch-arm/usr/lib/crtbegin_so.o

.rela.plt
 *(.rela.plt)

.init
 *(.init)

.plt            0x00001bfc      0x2fc
 *(.plt)
 .plt           0x00001bfc      0x2fc /Developer/android-ndk-r8/platforms/android-9/arch-arm/usr/lib/crtbegin_so.o

.text           0x00001ef8    0x137fc
 *(.text .stub .text.* .gnu.linkonce.t.*)
 .text          0x00001ef8       0x10 /Developer/android-ndk-r8/platforms/android-9/arch-arm/usr/lib/crtbegin_so.o
 .text          0x00001f08     0x50b4 debug/FuseAPI_platform.os
                0x000065e0                _Z27FuseAPIGetGameData_platformPKcS0_PS0_i
                0x00002194                _Z29FuseAPIAdAvailabilityResponseP7_JNIEnvP8_jobjectii
                0x0000686c                _Z28FuseAPIRejectFriend_platformPKc
                0x00003074                _Z20FuseFriendsListErrorP7_JNIEnvP8_jobjecti
                0x00005fd8                _Z25FuseAPIFuseLogin_platformPKcS0_
                0x00002310                _Z18FuseAPIAdDisplayedP7_JNIEnvP8_jobject
                0x00006d30                _Z41FuseAPIGetGameConfigurationValue_platformPKc
                0x00006eb0                _Z35FuseAPIRegisterFlurryClick_platformv
                0x00003b14                _Z26FuseAPIGameDataReceivedKVPP7_JNIEnvP8_jobjectbP8_jstringS4_
                0x0000382c                _Z26FuseGameConfigurationStartP7_JNIEnvP8_jobjecti
                0x00005d28                _Z22FuseAPIShowAd_platformv
                0x00005780                _Z38FuseAPIRegisterEventWithParam_platformPKcS0_S0_S0_PKd
                0x000063d4                _Z26FuseAPIEnableData_platformb
                0x00002028                _Z27FuseAPISessionStartReceivedP7_JNIEnvP8_jobject
                0x00002c94                _Z29FuseAPIFriendsListUpdateStartP7_JNIEnvP8_jobjecti
                0x00005cc0                _Z40FuseAPIRegisterInAppPurchaseiOS_platform20FusePurchaseStateiOSPKciPdS1_S1_S1_
                0x000061b4                _Z38FuseAPIGetOriginalAccountType_platformv
                0x0000376c                _Z17FuseMailListErrorP7_JNIEnvP8_jobjecti
                0x000026cc                _Z17FuseGameDataErrorP7_JNIEnvP8_jobjectii
                0x00006bbc                _Z32FuseAPISendMailWithGift_platformPKcS0_ii
                0x0000330c                _Z21FuseAPIMailListUpdateP7_JNIEnvP8_jobjectiP8_jstringS4_S4_S4_
                0x000036ac                _Z13FuseMailErrorP7_JNIEnvP8_jobjecti
                0x00006a78                _Z30FuseAPIGetFriendsList_platformPi
                0x00002468                _Z25FuseAPINotificationActionP7_JNIEnvP8_jobjectP8_jstring
                0x00005e0c                _Z30FuseAPIRegisterGender_platformi
                0x00006b00                _Z43FuseAPIGetMailListFriendFromServer_platformPKc
                0x00006060                _Z31FuseAPIGameCenterLogin_platformv
                0x0000679c                _Z28FuseAPIRemoveFriend_platformPKc
                0x000062c0                _Z30FuseAPILibraryVersion_platformv
                0x00005e60                _Z29FuseAPIFacebookLogin_platformPKcS0_S0_
                0x000023bc                _Z16FuseAPIAdClickedP7_JNIEnvP8_jobject
                0x00005564                _Z28FuseAPIStartSession_platformPKc
                0x00006804                _Z28FuseAPIAcceptFriend_platformPKc
                0x000069c4                _Z39FuseAPIFriendsPushNotification_platformPKc
                0x00005ba4                _Z44FuseAPIRegisterInAppPurchaseAndroid_platform24FusePurchaseStateAndroidPKcS1_S1_lS1_PKdS1_
                0x0000285c                _Z15FuseFriendAddedP7_JNIEnvP8_jobjectP8_jstringi
                0x00002d80                _Z30FuseAPIFriendsListUpdatePlayerP7_JNIEnvP8_jobjectP8_jstringS4_S4_S4_iib
                0x00003d18                _Z9FusePausePvS_
                0x00005dc0                _Z32FuseAPIDisplayMoreGames_platformv
                0x00005a28                _Z43FuseAPIRegisterEventWithDictionary_platformPKcP13cfuhash_table
                0x00006734                _Z25FuseAPIAddFriend_platformPKc
                0x00005514                _Z25FuseAPITerminate_platformv
                0x00003da4                _Z20FuseAPIInit_platformv
                0x00006b68                _Z33FuseAPISetMailAsReceived_platformi
                0x00005d74                _Z36FuseAPIDisplayNotifications_platformv
                0x00006e04                _Z32FuseAPIRegisterCurrency_platformii
                0x00005618                _Z29FuseAPIResumeSession_platformv
                0x0000279c                _Z27FuseGameDataSetAcknowledgedP7_JNIEnvP8_jobjecti
                0x00005f70                _Z27FuseAPIDeviceLogin_platformPKc
                0x00002a0c                _Z18FuseFriendAcceptedP7_JNIEnvP8_jobjectP8_jstringi
                0x00006388                _Z30FuseAPITimeFromServer_platformv
                0x000038f4                _Z29FuseGameConfigurationKeyValueP7_JNIEnvP8_jobjectP8_jstringS4_
                0x000068d4                _Z30FuseAPIMigrateFriends_platformPKc
                0x000060ec                _Z36FuseAPIGetOriginalAccountId_platformv
                0x0000626c                _Z27FuseAPIgamesPlayed_platformv
                0x000035e0                _Z20FuseMailListReceivedP7_JNIEnvP8_jobjectP8_jstring
                0x00003a88                _Z28FuseAPIGameDataReceivedStartP7_JNIEnvP8_jobject
                0x00003d80                _Z10FuseResumePvS_
                0x00005718                _Z29FuseAPIRegisterEvent_platformPKc
                0x0000321c                _Z26FuseAPIMailListUpdateStartP7_JNIEnvP8_jobjecti
                0x00002fc8                _Z27FuseAPIFriendsListUpdateEndP7_JNIEnvP8_jobject
                0x00006424                _Z27FuseAPISetGameData_platformPKcS0_P13cfuhash_table
                0x00005664                _Z32FuseAPITerminateSession_platformv
                0x00005cdc                _Z32FuseAPICheckAdAvailable_platformv
                0x00006ab4                _Z37FuseAPIGetMailListFromServer_platformv
                0x00006208                _Z25FuseAPIGetFuseID_platformv
                0x0000693c                _Z36FuseAPIUserPushNotification_platformPKcS0_
                0x000039c4                _Z29FuseGameConfigurationReceivedP7_JNIEnvP8_jobject
                0x00003c20                _Z26FuseAPIGameDataReceivedEndP7_JNIEnvP8_jobjectP8_jstringi
                0x00005864                _Z42FuseAPIRegisterEventWithEventData_platformPKcS0_S0_P13cfuhash_table
                0x00006efc                _Z36FuseAPIRegisterTapjoyReward_platformi
                0x00002bbc                _Z19FuseFriendsMigratedP7_JNIEnvP8_jobjectP8_jstringi
                0x00003134                _Z20FuseMailAcknowledgedP7_JNIEnvP8_jobjectiP8_jstringi
                0x000056b0                _Z44FuseAPIRegisterForPushNotifications_platformPKc
                0x000055cc                _Z28FuseAPIPauseSession_platformv
                0x00006064                _Z31FuseAPIGooglePlayLogin_platformPKcS0_
                0x00006e64                _Z34FuseAPIRegisterFlurryView_platformv
                0x00006324                _Z25FuseAPIConnected_platformv
                0x00002264                _Z18FuseAPIAdWillCloseP7_JNIEnvP8_jobject
                0x00002ae4                _Z18FuseFriendRejectedP7_JNIEnvP8_jobjectP8_jstringi
                0x00002934                _Z17FuseFriendRemovedP7_JNIEnvP8_jobjectP8_jstringi
                0x00006cf4                _Z27FuseAPIGetMailList_platformPi
                0x0000348c                _Z25FuseAPIMailListUpdateGiftP7_JNIEnvP8_jobjectiP8_jstringS4_i
                0x000020d4                _Z17FuseAPILoginErrorP7_JNIEnvP8_jobjecti
                0x00002534                _Z27FuseAPIAccountLoginCompleteP7_JNIEnvP8_jobjectiP8_jstring
                0x00006c64                _Z24FuseAPISendMail_platformPKcS0_
                0x00005f08                _Z28FuseAPITwitterLogin_platformPKc
                0x00006db0                _Z29FuseAPIRegisterLevel_platformi
                0x00006150                _Z39FuseAPIGetOriginalAccountAlias_platformv
                0x00006a2c                _Z43FuseAPIUpdateFriendsListFromServer_platformv
                0x0000260c                _Z18FuseAPITimeUpdatedP7_JNIEnvP8_jobjecti
 .text._ZN7_JNIEnv9FindClassEPKc
                0x00006fbc       0x38 debug/FuseAPI_platform.os
                0x00006fbc                _ZN7_JNIEnv9FindClassEPKc
 .text._ZN7_JNIEnv17ExceptionOccurredEv
                0x00006ff4       0x30 debug/FuseAPI_platform.os
                0x00006ff4                _ZN7_JNIEnv17ExceptionOccurredEv
 .text._ZN7_JNIEnv17ExceptionDescribeEv
                0x00007024       0x28 debug/FuseAPI_platform.os
                0x00007024                _ZN7_JNIEnv17ExceptionDescribeEv
 .text._ZN7_JNIEnv14ExceptionClearEv
                0x0000704c       0x28 debug/FuseAPI_platform.os
                0x0000704c                _ZN7_JNIEnv14ExceptionClearEv
 .text._ZN7_JNIEnv12NewGlobalRefEP8_jobject
                0x00007074       0x38 debug/FuseAPI_platform.os
                0x00007074                _ZN7_JNIEnv12NewGlobalRefEP8_jobject
 .text._ZN7_JNIEnv15DeleteGlobalRefEP8_jobject
                0x000070ac       0x30 debug/FuseAPI_platform.os
                0x000070ac                _ZN7_JNIEnv15DeleteGlobalRefEP8_jobject
 .text._ZN7_JNIEnv14DeleteLocalRefEP8_jobject
                0x000070dc       0x30 debug/FuseAPI_platform.os
                0x000070dc                _ZN7_JNIEnv14DeleteLocalRefEP8_jobject
 .text._ZN7_JNIEnv9NewObjectEP7_jclassP10_jmethodIDz
                0x0000710c       0x5c debug/FuseAPI_platform.os
                0x0000710c                _ZN7_JNIEnv9NewObjectEP7_jclassP10_jmethodIDz
 .text._ZN7_JNIEnv11GetMethodIDEP7_jclassPKcS3_
                0x00007168       0x48 debug/FuseAPI_platform.os
                0x00007168                _ZN7_JNIEnv11GetMethodIDEP7_jclassPKcS3_
 .text._ZN7_JNIEnv16CallObjectMethodEP8_jobjectP10_jmethodIDz
                0x000071b0       0x5c debug/FuseAPI_platform.os
                0x000071b0                _ZN7_JNIEnv16CallObjectMethodEP8_jobjectP10_jmethodIDz
 .text._ZN7_JNIEnv17CallBooleanMethodEP8_jobjectP10_jmethodIDz
                0x0000720c       0x5c debug/FuseAPI_platform.os
                0x0000720c                _ZN7_JNIEnv17CallBooleanMethodEP8_jobjectP10_jmethodIDz
 .text._ZN7_JNIEnv13CallIntMethodEP8_jobjectP10_jmethodIDz
                0x00007268       0x5c debug/FuseAPI_platform.os
                0x00007268                _ZN7_JNIEnv13CallIntMethodEP8_jobjectP10_jmethodIDz
 .text._ZN7_JNIEnv14CallVoidMethodEP8_jobjectP10_jmethodIDz
                0x000072c4       0x4c debug/FuseAPI_platform.os
                0x000072c4                _ZN7_JNIEnv14CallVoidMethodEP8_jobjectP10_jmethodIDz
 .text._ZN7_JNIEnv12NewStringUTFEPKc
                0x00007310       0x38 debug/FuseAPI_platform.os
                0x00007310                _ZN7_JNIEnv12NewStringUTFEPKc
 .text._ZN7_JNIEnv15RegisterNativesEP7_jclassPK15JNINativeMethodi
                0x00007348       0x48 debug/FuseAPI_platform.os
                0x00007348                _ZN7_JNIEnv15RegisterNativesEP7_jclassPK15JNINativeMethodi
 .text._ZN7_JavaVM6GetEnvEPPvi
                0x00007390       0x40 debug/FuseAPI_platform.os
                0x00007390                _ZN7_JavaVM6GetEnvEPPvi
 .text          0x000073d0      0x680 debug/FuseAPI.os
                0x00007994                FuseAPIGetMailList
                0x0000792c                FuseAPISendMailWithGift
                0x000078f4                FuseAPIGetMailListFriendFromServer
                0x0000789c                FuseAPIFriendsPushNotification
                0x0000745c                FuseAPIRegisterEvent
                0x00007758                FuseAPIEnableData
                0x000078e8                FuseAPIGetMailListFromServer
                0x000078b8                FuseAPIUpdateFriendsListFromServer
                0x000075bc                FuseAPICheckAdAvailable
                0x00007724                FuseAPILibraryVersion
                0x00007840                FuseAPIRejectFriend
                0x00007910                FuseAPISetMailAsReceived
                0x00007678                FuseAPIFuseLogin
                0x000075ec                FuseAPIRegisterGender
                0x00007478                FuseAPIRegisterEventWithParam
                0x000079dc                FuseAPIRegisterLevel
                0x000079b8                FuseAPIGetGameConfigurationValue
                0x00007634                FuseAPITwitterLogin
                0x00007434                FuseAPITerminateSession
                0x00007808                FuseAPIRemoveFriend
                0x00007738                FuseAPIConnected
                0x0000765c                FuseAPIDeviceLogin
                0x0000774c                FuseAPITimeFromServer
                0x000075e0                FuseAPIDisplayMoreGames
                0x00007a34                FuseAPIRegisterTapjoyReward
                0x00007428                FuseAPIResumeSession
                0x000073d0                _Z11FuseAPIInitv
                0x0000785c                FuseAPIMigrateFriends
                0x000077b0                FuseAPIGetGameData
                0x0000751c                FuseAPIRegisterInAppPurchaseAndroid
                0x000075c8                FuseAPIShowAd
                0x000073f4                _Z16FuseAPITerminatev
                0x000074f8                FuseAPIRegisterEventWithDictionary
                0x000076fc                FuseAPIGetFuseID
                0x000076c0                FuseAPIGetOriginalAccountId
                0x000078c4                FuseAPIGetFriendsList
                0x00007440                FuseAPIRegisterForPushNotifications
                0x000079f8                FuseAPIRegisterCurrency
                0x000076d4                FuseAPIGetOriginalAccountAlias
                0x00007608                FuseAPIFacebookLogin
                0x000077ec                FuseAPIAddFriend
                0x00007878                FuseAPIUserPushNotification
                0x00007710                FuseAPIgamesPlayed
                0x000075d4                FuseAPIDisplayNotifications
                0x000074bc                FuseAPIRegisterEventWithEventData
                0x00007570                FuseAPIRegisterInAppPurchaseiOS
                0x00007a28                FuseAPIRegisterFlurryClick
                0x00007650                FuseAPIGameCenterLogin
                0x000076e8                FuseAPIGetOriginalAccountType
                0x00007968                FuseAPISendMail
                0x0000777c                FuseAPISetGameData
                0x0000769c                FuseAPIGooglePlayLogin
                0x00007400                FuseAPIStartSession
                0x0000741c                FuseAPIPauseSession
                0x00007a1c                FuseAPIRegisterFlurryView
                0x00007824                FuseAPIAcceptFriend
 .text          0x00007a50     0x2578 debug/FuseAPI_register.os
                0x00009b74                FuseAPIUnRegister
                0x00009b24                FuseAPIRegister
                0x00009fbc                RegisterExt
                0x00009bb8                _Z18FuseAPIRegisterExtv
 .text          0x00009fc8      0x148 debug/cfu.os
                0x00009fc8                cfu_get_type
                0x0000a0d8                cfu_is_conf
                0x0000a030                cfu_is_list
                0x0000a0a0                cfu_is_time
                0x0000a068                cfu_is_string
                0x00009ff8                cfu_is_hash
 .text          0x0000a110     0x19b4 debug/cfuconf.os
                0x0000a330                cfuconf_get_directives
                0x0000b5c4                cfuconf_parse_buffer
                0x0000a244                cfuconf_destroy
                0x0000b4ac                cfuconf_parse_file
                0x0000a458                cfuconf_get_directive_one_arg
                0x0000a300                cfuconf_get_containers
                0x0000a4fc                cfuconf_get_directive_two_args
                0x0000ba98                cfuconf_pretty_print_conf
                0x0000a540                cfuconf_get_directive_n_args
 .text          0x0000bac4     0x2364 debug/cfuhash.os
                0x0000be80                cfuhash_new_with_free_fn
                0x0000d888                cfuhash_pretty_print
                0x0000d644                cfuhash_each
                0x0000d93c                cfuhash_rehash
                0x0000d6e4                cfuhash_destroy_with_free_fn
                0x0000d088                cfuhash_keys
                0x0000d11c                cfuhash_next_data
                0x0000cbb0                cfuhash_delete_data
                0x0000ca28                cfuhash_clear
                0x0000c0fc                cfuhash_clear_flag
                0x0000c530                cfuhash_get_data
                0x0000dbfc                cfuhash_bencode_strings
                0x0000c13c                cfuhash_set_thresholds
                0x0000d0c0                cfuhash_each_data
                0x0000db24                cfuhash_num_buckets
                0x0000c6a0                cfuhash_get
                0x0000c0c0                cfuhash_set_flag
                0x0000be50                cfuhash_new_with_flags
                0x0000ce0c                cfuhash_keys_data
                0x0000daf4                cfuhash_num_entries
                0x0000bebc                cfuhash_copy
                0x0000c79c                cfuhash_put_data
                0x0000c9c4                cfuhash_put
                0x0000d4fc                cfuhash_foreach
                0x0000c708                cfuhash_exists_data
                0x0000be14                cfuhash_new_with_initial_size
                0x0000db54                cfuhash_num_buckets_used
                0x0000d31c                cfuhash_foreach_remove
                0x0000d7ec                cfuhash_destroy
                0x0000c76c                cfuhash_exists
                0x0000d694                cfuhash_next
                0x0000c0a4                cfuhash_get_flags
                0x0000cddc                cfuhash_delete
                0x0000bdf8                cfuhash_new
                0x0000c264                cfuhash_set_free_function
                0x0000c208                cfuhash_set_hash_function
                0x0000c36c                cfuhash_unlock
                0x0000c00c                cfuhash_merge
                0x0000c340                cfuhash_lock
 .text          0x0000de28     0x1144 debug/cfulist.os
                0x0000eb60                cfulist_push_string
                0x0000eb10                cfulist_enqueue
                0x0000e608                cfulist_nth_data
                0x0000e540                cfulist_last_data
                0x0000e028                cfulist_pop_data
                0x0000ebdc                cfulist_unshift_string
                0x0000ec58                cfulist_enqueue_string
                0x0000eea0                cfulist_destroy_with_free_fn
                0x0000eac4                cfulist_shift
                0x0000dea8                cfulist_num_entries
                0x0000ea94                cfulist_unshift
                0x0000e1b4                cfulist_unshift_data
                0x0000e410                cfulist_enqueue_data
                0x0000ed2c                cfulist_join
                0x0000e2b4                cfulist_shift_data
                0x0000e78c                cfulist_each_data
                0x0000e444                cfulist_dequeue_data
                0x0000de28                cfulist_new
                0x0000e758                cfulist_reset_each
                0x0000e7dc                cfulist_next_data
                0x0000ec84                cfulist_dequeue_string
                0x0000de74                cfulist_new_with_free_fn
                0x0000eb90                cfulist_pop_string
                0x0000e870                cfulist_foreach
                0x0000df28                cfulist_push_data
                0x0000ea48                cfulist_pop
                0x0000ea18                cfulist_push
                0x0000e9b4                cfulist_map
                0x0000edd0                cfulist_destroy
                0x0000eb3c                cfulist_dequeue
                0x0000e478                cfulist_first_data
                0x0000ec0c                cfulist_shift_string
 .text          0x0000ef6c     0x14bc debug/cfuopt.os
                0x0000fecc                cfuopt_pretty_print
                0x0000fce4                cfuopt_destroy
                0x00010314                cfuopt_get_help_str
                0x0000f850                cfuopt_parse
                0x0000ff20                _param_map_fn
                0x0000ef9c                cfuopt_new
                0x0000f3a4                cfuopt_add_entry
 .text          0x00010428     0x1b78 debug/cfustring.os
                0x00011ec8                cfustring_c_str_split
                0x000105b0                cfustring_append_n
                0x000109bc                cfustring_dup_c_str_n
                0x000104f0                cfustring_dup
                0x000111bc                cfustring_split_to_c_str
                0x0001056c                cfustring_clear
                0x00011278                cfustring_sprintf_c_str
                0x00010998                cfustring_dup_c_str
                0x00010804                cfustring_append
                0x00010428                cfustring_new
                0x00011038                cfustring_split
                0x000112e0                cfustring_sprintf
                0x00010850                cfustring_get_buffer_copy
                0x00010834                cfustring_get_buffer
                0x000104bc                cfustring_new_from_string
                0x00010440                cfustring_new_with_initial_size
                0x00011e94                cfustring_destroy
                0x000115d4                cfustring_vsprintf
 .text          0x00011fa0      0x404 debug/cfuthread_queue.os
                0x00012254                cfuthread_queue_new
                0x0001216c                cfuthread_queue_new_with_cleanup
                0x0001233c                cfuthread_queue_destroy
                0x0001228c                cfuthread_queue_make_request
 *fill*         0x000123a4        0x4 00000000
 .text          0x000123a8      0x128 debug/cfutime.os
                0x000123a8                cfutime_new
                0x00012410                cfutime_end
                0x000123e0                cfutime_begin
                0x00012440                cfutime_elapsed
                0x000124b0                cfutime_free
 .text          0x000124d0        0x0 debug/libcfu-config.os
 .text          0x000124d0        0x0 /Applications/Marmalade.app/Contents/s3e/edk/lib/android/libedk.a(IwDebug.o)
 .text.IwAssertRegisterTextCallback
                0x000124d0       0x1c /Applications/Marmalade.app/Contents/s3e/edk/lib/android/libedk.a(IwDebug.o)
                0x000124d0                IwAssertRegisterTextCallback
 .text.IwAssertRegisterCallback
                0x000124ec       0x1c /Applications/Marmalade.app/Contents/s3e/edk/lib/android/libedk.a(IwDebug.o)
                0x000124ec                IwAssertRegisterCallback
 .text.IwDebugTraceSetTraceChannel
                0x00012508       0x1c /Applications/Marmalade.app/Contents/s3e/edk/lib/android/libedk.a(IwDebug.o)
                0x00012508                IwDebugTraceSetTraceChannel
 .text.IwDebugErrorRegisterCallback
                0x00012524       0x1c /Applications/Marmalade.app/Contents/s3e/edk/lib/android/libedk.a(IwDebug.o)
                0x00012524                IwDebugErrorRegisterCallback
 .text.IwDebugAssertSetUID
                0x00012540       0x14 /Applications/Marmalade.app/Contents/s3e/edk/lib/android/libedk.a(IwDebug.o)
                0x00012540                IwDebugAssertSetUID
 .text._GLOBAL__I_Y__sdk_modules_iwcore_source_IwDebug.cpp
                0x00012554       0xa4 /Applications/Marmalade.app/Contents/s3e/edk/lib/android/libedk.a(IwDebug.o)
 .text.IwDebugClearConfigCache
                0x000125f8       0x80 /Applications/Marmalade.app/Contents/s3e/edk/lib/android/libedk.a(IwDebug.o)
                0x000125f8                IwDebugClearConfigCache
 .text.IwDebugErrorShow
                0x00012678       0xec /Applications/Marmalade.app/Contents/s3e/edk/lib/android/libedk.a(IwDebug.o)
                0x00012678                IwDebugErrorShow
 .text.IwDebugTraceLineVPrintf
                0x00012764       0xfc /Applications/Marmalade.app/Contents/s3e/edk/lib/android/libedk.a(IwDebug.o)
                0x00012764                IwDebugTraceLineVPrintf
 .text.IwDebugAssertIsChannelOn
                0x00012860      0x204 /Applications/Marmalade.app/Contents/s3e/edk/lib/android/libedk.a(IwDebug.o)
                0x00012860                IwDebugAssertIsChannelOn
 .text.IwDebugTraceDisable
                0x00012a64       0x10 /Applications/Marmalade.app/Contents/s3e/edk/lib/android/libedk.a(IwDebug.o)
                0x00012a64                IwDebugTraceDisable
 .text.IwDebugAssertSetMessage
                0x00012a74       0xfc /Applications/Marmalade.app/Contents/s3e/edk/lib/android/libedk.a(IwDebug.o)
                0x00012a74                IwDebugAssertSetMessage
 .text.IwDebugAssertSetSolution
                0x00012b70       0xa0 /Applications/Marmalade.app/Contents/s3e/edk/lib/android/libedk.a(IwDebug.o)
                0x00012b70                IwDebugAssertSetSolution
 .text.IwDebugAssertShow
                0x00012c10      0x2d0 /Applications/Marmalade.app/Contents/s3e/edk/lib/android/libedk.a(IwDebug.o)
                0x00012c10                IwDebugAssertShow
 .text.IwDebugTraceIsChannelOn
                0x00012ee0      0x2b8 /Applications/Marmalade.app/Contents/s3e/edk/lib/android/libedk.a(IwDebug.o)
                0x00012ee0                IwDebugTraceIsChannelOn
 .text.IwDebugTraceChannelSwitch
                0x00013198      0x4c4 /Applications/Marmalade.app/Contents/s3e/edk/lib/android/libedk.a(IwDebug.o)
                0x00013198                IwDebugTraceChannelSwitch
 .text.IwDebugTraceLinePrintf
                0x0001365c      0x10c /Applications/Marmalade.app/Contents/s3e/edk/lib/android/libedk.a(IwDebug.o)
                0x0001365c                IwDebugTraceLinePrintf
 .text          0x00013768        0x0 /Applications/Marmalade.app/Contents/s3e/edk/lib/android/libedk.a(edk_helpers.o)
 .text.s3eEdkThreadRunOnOSAsync
                0x00013768       0x30 /Applications/Marmalade.app/Contents/s3e/edk/lib/android/libedk.a(edk_helpers.o)
                0x00013768                s3eEdkThreadRunOnOSAsync
 .text.s3eEdkThreadRunOnOS
                0x00013798       0x30 /Applications/Marmalade.app/Contents/s3e/edk/lib/android/libedk.a(edk_helpers.o)
                0x00013798                s3eEdkThreadRunOnOS
 .text.s3eEdkErrorSetString
                0x000137c8       0x30 /Applications/Marmalade.app/Contents/s3e/edk/lib/android/libedk.a(edk_helpers.o)
                0x000137c8                s3eEdkErrorSetString
 .text          0x000137f8        0x0 /Developer/android-ndk-r8/sources/cxx-stl/gnu-libstdc++/libs/armeabi/libgnustl_static.a(del_op.o)
 .text._ZdlPv   0x000137f8        0xc /Developer/android-ndk-r8/sources/cxx-stl/gnu-libstdc++/libs/armeabi/libgnustl_static.a(del_op.o)
                0x000137f8                _ZdlPv
 .text          0x00013804       0xc4 /Developer/android-ndk-r8/toolchains/arm-linux-androideabi-4.4.3/prebuilt/darwin-x86/bin/../lib/gcc/arm-linux-androideabi/4.4.3/libgcc.a(_udivsi3.o)
                0x00013804                __udivsi3
                0x00013804                __aeabi_uidiv
                0x000138b0                __aeabi_uidivmod
 .text          0x000138c8       0x1c /Developer/android-ndk-r8/toolchains/arm-linux-androideabi-4.4.3/prebuilt/darwin-x86/bin/../lib/gcc/arm-linux-androideabi/4.4.3/libgcc.a(_aeabi_ldivmod.o)
                0x000138c8                __aeabi_ldivmod
 .text          0x000138e4       0x10 /Developer/android-ndk-r8/toolchains/arm-linux-androideabi-4.4.3/prebuilt/darwin-x86/bin/../lib/gcc/arm-linux-androideabi/4.4.3/libgcc.a(_dvmd_lnx.o)
                0x000138e4                __div0
 .text          0x000138f4       0x88 /Developer/android-ndk-r8/toolchains/arm-linux-androideabi-4.4.3/prebuilt/darwin-x86/bin/../lib/gcc/arm-linux-androideabi/4.4.3/libgcc.a(bpabi.o)
                0x000138f4                __gnu_uldivmod_helper
                0x00013938                __gnu_ldivmod_helper
 .text          0x0001397c      0xec4 /Developer/android-ndk-r8/toolchains/arm-linux-androideabi-4.4.3/prebuilt/darwin-x86/bin/../lib/gcc/arm-linux-androideabi/4.4.3/libgcc.a(unwind-arm.o)
                0x000143a4                __gnu_Unwind_RaiseException
                0x00013efc                __aeabi_unwind_cpp_pr0
                0x00013a2c                _Unwind_GetCFA
                0x000139c8                _Unwind_VRS_Set
                0x00014140                __gnu_Unwind_Backtrace
                0x000144d4                _Unwind_VRS_Pop
                0x00013eec                __aeabi_unwind_cpp_pr2
                0x00013a38                _Unwind_DeleteException
                0x00013a34                _Unwind_Complete
                0x00014468                __gnu_Unwind_Resume
                0x00014330                __gnu_Unwind_ForcedUnwind
                0x00014448                __gnu_Unwind_Resume_or_Rethrow
                0x0001397c                _Unwind_VRS_Get
                0x00013ef4                __aeabi_unwind_cpp_pr1
 .text          0x00014840      0x1a8 /Developer/android-ndk-r8/toolchains/arm-linux-androideabi-4.4.3/prebuilt/darwin-x86/bin/../lib/gcc/arm-linux-androideabi/4.4.3/libgcc.a(libunwind.o)
                0x000149a0                ___Unwind_ForcedUnwind
                0x0001485c                __gnu_Unwind_Save_VFP
                0x0001497c                _Unwind_Resume_or_Rethrow
                0x0001497c                ___Unwind_Resume_or_Rethrow
                0x000149c4                _Unwind_Backtrace
                0x00014840                __restore_core_regs
                0x0001487c                __gnu_Unwind_Save_VFP_D_16_to_31
                0x0001486c                __gnu_Unwind_Save_VFP_D
                0x000149c4                ___Unwind_Backtrace
                0x00014934                ___Unwind_RaiseException
                0x00014958                ___Unwind_Resume
                0x00014884                __gnu_Unwind_Restore_WMMXD
                0x00014854                __gnu_Unwind_Restore_VFP
                0x00014958                _Unwind_Resume
                0x00014864                __gnu_Unwind_Restore_VFP_D
                0x00014874                __gnu_Unwind_Restore_VFP_D_16_to_31
                0x00014934                _Unwind_RaiseException
                0x00014840                restore_core_regs
                0x00014920                __gnu_Unwind_Save_WMMXC
                0x0001490c                __gnu_Unwind_Restore_WMMXC
                0x000149a0                _Unwind_ForcedUnwind
                0x000148c8                __gnu_Unwind_Save_WMMXD
 .text          0x000149e8      0x484 /Developer/android-ndk-r8/toolchains/arm-linux-androideabi-4.4.3/prebuilt/darwin-x86/bin/../lib/gcc/arm-linux-androideabi/4.4.3/libgcc.a(pr-support.o)
                0x00014a88                _Unwind_GetRegionStart
                0x00014ab4                __gnu_unwind_execute
                0x00014a40                _Unwind_GetTextRelBase
                0x00014a50                _Unwind_GetLanguageSpecificData
                0x00014e2c                __gnu_unwind_frame
                0x00014a48                _Unwind_GetDataRelBase
 .text          0x00014e6c      0x47c /Developer/android-ndk-r8/toolchains/arm-linux-androideabi-4.4.3/prebuilt/darwin-x86/bin/../lib/gcc/arm-linux-androideabi/4.4.3/libgcc.a(_divdi3.o)
                0x00014e6c                __divdi3
 .text          0x000152e8      0x40c /Developer/android-ndk-r8/toolchains/arm-linux-androideabi-4.4.3/prebuilt/darwin-x86/bin/../lib/gcc/arm-linux-androideabi/4.4.3/libgcc.a(_udivdi3.o)
                0x000152e8                __udivdi3
 .text          0x000156f4        0x0 /Developer/android-ndk-r8/platforms/android-9/arch-arm/usr/lib/crtend_so.o
 *(.gnu.warning)
 *(.glue_7t)
 .glue_7t       0x00000000        0x0 linker stubs
 *(.glue_7)
 .glue_7        0x00000000        0x0 linker stubs
 *(.vfp11_veneer)
 .vfp11_veneer  0x00000000        0x0 linker stubs
 *(.v4_bx)
 .v4_bx         0x00000000        0x0 linker stubs

.fini
 *(.fini)
                0x000156f4                PROVIDE (__etext, .)
                0x000156f4                PROVIDE (_etext, .)
                0x000156f4                PROVIDE (etext, .)

.rodata         0x000156f4     0x20dc
 *(.rodata .rodata.* .gnu.linkonce.r.*)
 .rodata        0x000156f4     0x10c8 debug/FuseAPI_platform.os
 .rodata        0x000167bc      0xd5c debug/FuseAPI_register.os
 .rodata        0x00017518       0xb8 debug/cfuconf.os
 .rodata        0x000175d0       0x24 debug/cfuhash.os
 .rodata        0x000175f4       0xb8 debug/cfuopt.os
 .rodata        0x000176ac        0x8 debug/cfustring.os
 .rodata.str1.4
                0x000176b4      0x11c /Applications/Marmalade.app/Contents/s3e/edk/lib/android/libedk.a(IwDebug.o)
                                0x120 (size before relaxing)

.rodata1
 *(.rodata1)

.ARM.extab      0x000177d0       0x24
 *(.ARM.extab* .gnu.linkonce.armextab.*)
 .ARM.extab.text._ZdlPv
                0x000177d0        0x0 /Developer/android-ndk-r8/sources/cxx-stl/gnu-libstdc++/libs/armeabi/libgnustl_static.a(del_op.o)
 .ARM.extab     0x000177d0        0x0 /Developer/android-ndk-r8/toolchains/arm-linux-androideabi-4.4.3/prebuilt/darwin-x86/bin/../lib/gcc/arm-linux-androideabi/4.4.3/libgcc.a(bpabi.o)
 .ARM.extab     0x000177d0       0x24 /Developer/android-ndk-r8/toolchains/arm-linux-androideabi-4.4.3/prebuilt/darwin-x86/bin/../lib/gcc/arm-linux-androideabi/4.4.3/libgcc.a(unwind-arm.o)
 .ARM.extab     0x000177f4        0x0 /Developer/android-ndk-r8/toolchains/arm-linux-androideabi-4.4.3/prebuilt/darwin-x86/bin/../lib/gcc/arm-linux-androideabi/4.4.3/libgcc.a(pr-support.o)
 .ARM.extab     0x000177f4        0x0 /Developer/android-ndk-r8/toolchains/arm-linux-androideabi-4.4.3/prebuilt/darwin-x86/bin/../lib/gcc/arm-linux-androideabi/4.4.3/libgcc.a(_divdi3.o)
 .ARM.extab     0x000177f4        0x0 /Developer/android-ndk-r8/toolchains/arm-linux-androideabi-4.4.3/prebuilt/darwin-x86/bin/../lib/gcc/arm-linux-androideabi/4.4.3/libgcc.a(_udivdi3.o)
                0x000177f4                __exidx_start = .

.ARM.exidx      0x000177f4      0x100
 *(.ARM.exidx* .gnu.linkonce.armexidx.*)
 .ARM.exidx.text._ZdlPv
                0x000177f4        0x8 /Developer/android-ndk-r8/sources/cxx-stl/gnu-libstdc++/libs/armeabi/libgnustl_static.a(del_op.o)
 .ARM.exidx     0x000177fc       0x10 /Developer/android-ndk-r8/toolchains/arm-linux-androideabi-4.4.3/prebuilt/darwin-x86/bin/../lib/gcc/arm-linux-androideabi/4.4.3/libgcc.a(bpabi.o)
 .ARM.exidx     0x0001780c       0xa0 /Developer/android-ndk-r8/toolchains/arm-linux-androideabi-4.4.3/prebuilt/darwin-x86/bin/../lib/gcc/arm-linux-androideabi/4.4.3/libgcc.a(unwind-arm.o)
 .ARM.exidx     0x000178ac       0x38 /Developer/android-ndk-r8/toolchains/arm-linux-androideabi-4.4.3/prebuilt/darwin-x86/bin/../lib/gcc/arm-linux-androideabi/4.4.3/libgcc.a(pr-support.o)
 .ARM.exidx     0x000178e4        0x8 /Developer/android-ndk-r8/toolchains/arm-linux-androideabi-4.4.3/prebuilt/darwin-x86/bin/../lib/gcc/arm-linux-androideabi/4.4.3/libgcc.a(_divdi3.o)
 .ARM.exidx     0x000178ec        0x8 /Developer/android-ndk-r8/toolchains/arm-linux-androideabi-4.4.3/prebuilt/darwin-x86/bin/../lib/gcc/arm-linux-androideabi/4.4.3/libgcc.a(_udivdi3.o)
                0x000178f4                __exidx_end = .

.eh_frame_hdr
 *(.eh_frame_hdr)

.eh_frame
 *(.eh_frame)

.gcc_except_table
 *(.gcc_except_table .gcc_except_table.*)
                0x000178f4                . = (ALIGN (0x1000) - ((0x1000 - .) & 0xfff))
                0x00018000                . = (0x1000 DATA_SEGMENT_ALIGN 0x1000)

.eh_frame
 *(.eh_frame)

.gcc_except_table
 *(.gcc_except_table .gcc_except_table.*)

.tdata
 *(.tdata .tdata.* .gnu.linkonce.td.*)

.tbss
 *(.tbss .tbss.* .gnu.linkonce.tb.*)
 *(.tcommon)

.preinit_array
 *(.preinit_array)

.init_array     0x00018000       0x10
 *(SORT(.init_array.*))
 *(.init_array)
 .init_array    0x00018000        0x4 /Developer/android-ndk-r8/platforms/android-9/arch-arm/usr/lib/crtbegin_so.o
                0x00018000                __INIT_ARRAY__
 .init_array    0x00018004        0x4 debug/FuseAPI_platform.os
 .init_array    0x00018008        0x4 /Applications/Marmalade.app/Contents/s3e/edk/lib/android/libedk.a(IwDebug.o)
 .init_array    0x0001800c        0x4 /Developer/android-ndk-r8/platforms/android-9/arch-arm/usr/lib/crtend_so.o

.fini_array     0x00018010        0xc
 *(.fini_array)
 .fini_array    0x00018010        0x8 /Developer/android-ndk-r8/platforms/android-9/arch-arm/usr/lib/crtbegin_so.o
                0x00018010                __FINI_ARRAY__
 .fini_array    0x00018018        0x4 /Developer/android-ndk-r8/platforms/android-9/arch-arm/usr/lib/crtend_so.o
 *(SORT(.fini_array.*))

.ctors
 *crtbegin.o(.ctors)
 *crtbegin?.o(.ctors)
 *(EXCLUDE_FILE(*crtend?.o *crtend.o) .ctors)
 *(SORT(.ctors.*))
 *(.ctors)

.dtors
 *crtbegin.o(.dtors)
 *crtbegin?.o(.dtors)
 *(EXCLUDE_FILE(*crtend?.o *crtend.o) .dtors)
 *(SORT(.dtors.*))
 *(.dtors)

.jcr
 *(.jcr)

.data.rel.ro    0x0001801c      0x18c
 *(.data.rel.ro.local* .gnu.linkonce.d.rel.ro.local.*)
 *(.data.rel.ro* .gnu.linkonce.d.rel.ro.*)
 .data.rel.ro   0x0001801c      0x18c debug/FuseAPI_platform.os

.dynamic        0x000181a8       0xf0
 *(.dynamic)
 .dynamic       0x000181a8       0xf0 /Developer/android-ndk-r8/platforms/android-9/arch-arm/usr/lib/crtbegin_so.o
                0x000181a8                _DYNAMIC
                0x00018298                . = (. DATA_SEGMENT_RELRO_END 0x0)

.got            0x00018298      0x200
 *(.got.plt)
 .got.plt       0x00018298      0x104 /Developer/android-ndk-r8/platforms/android-9/arch-arm/usr/lib/crtbegin_so.o
                0x00018298                _GLOBAL_OFFSET_TABLE_
 *(.got)
 .got           0x0001839c       0xfc /Developer/android-ndk-r8/platforms/android-9/arch-arm/usr/lib/crtbegin_so.o

.data           0x00018498        0x0
                0x00018498                __data_start = .
 *(.data .data.* .gnu.linkonce.d.*)
 .data          0x00018498        0x0 /Developer/android-ndk-r8/platforms/android-9/arch-arm/usr/lib/crtbegin_so.o
 .data          0x00018498        0x0 debug/FuseAPI_platform.os
 .data          0x00018498        0x0 debug/FuseAPI.os
 .data          0x00018498        0x0 debug/FuseAPI_register.os
 .data          0x00018498        0x0 debug/cfu.os
 .data          0x00018498        0x0 debug/cfuconf.os
 .data          0x00018498        0x0 debug/cfuhash.os
 .data          0x00018498        0x0 debug/cfulist.os
 .data          0x00018498        0x0 debug/cfuopt.os
 .data          0x00018498        0x0 debug/cfustring.os
 .data          0x00018498        0x0 debug/cfuthread_queue.os
 .data          0x00018498        0x0 debug/cfutime.os
 .data          0x00018498        0x0 debug/libcfu-config.os
 .data          0x00018498        0x0 /Applications/Marmalade.app/Contents/s3e/edk/lib/android/libedk.a(IwDebug.o)
 .data          0x00018498        0x0 /Applications/Marmalade.app/Contents/s3e/edk/lib/android/libedk.a(edk_helpers.o)
 .data          0x00018498        0x0 /Developer/android-ndk-r8/sources/cxx-stl/gnu-libstdc++/libs/armeabi/libgnustl_static.a(del_op.o)
 .data          0x00018498        0x0 /Developer/android-ndk-r8/toolchains/arm-linux-androideabi-4.4.3/prebuilt/darwin-x86/bin/../lib/gcc/arm-linux-androideabi/4.4.3/libgcc.a(_udivsi3.o)
 .data          0x00018498        0x0 /Developer/android-ndk-r8/toolchains/arm-linux-androideabi-4.4.3/prebuilt/darwin-x86/bin/../lib/gcc/arm-linux-androideabi/4.4.3/libgcc.a(_aeabi_ldivmod.o)
 .data          0x00018498        0x0 /Developer/android-ndk-r8/toolchains/arm-linux-androideabi-4.4.3/prebuilt/darwin-x86/bin/../lib/gcc/arm-linux-androideabi/4.4.3/libgcc.a(_dvmd_lnx.o)
 .data          0x00018498        0x0 /Developer/android-ndk-r8/toolchains/arm-linux-androideabi-4.4.3/prebuilt/darwin-x86/bin/../lib/gcc/arm-linux-androideabi/4.4.3/libgcc.a(bpabi.o)
 .data          0x00018498        0x0 /Developer/android-ndk-r8/toolchains/arm-linux-androideabi-4.4.3/prebuilt/darwin-x86/bin/../lib/gcc/arm-linux-androideabi/4.4.3/libgcc.a(unwind-arm.o)
 .data          0x00018498        0x0 /Developer/android-ndk-r8/toolchains/arm-linux-androideabi-4.4.3/prebuilt/darwin-x86/bin/../lib/gcc/arm-linux-androideabi/4.4.3/libgcc.a(libunwind.o)
 .data          0x00018498        0x0 /Developer/android-ndk-r8/toolchains/arm-linux-androideabi-4.4.3/prebuilt/darwin-x86/bin/../lib/gcc/arm-linux-androideabi/4.4.3/libgcc.a(pr-support.o)
 .data          0x00018498        0x0 /Developer/android-ndk-r8/toolchains/arm-linux-androideabi-4.4.3/prebuilt/darwin-x86/bin/../lib/gcc/arm-linux-androideabi/4.4.3/libgcc.a(_divdi3.o)
 .data          0x00018498        0x0 /Developer/android-ndk-r8/toolchains/arm-linux-androideabi-4.4.3/prebuilt/darwin-x86/bin/../lib/gcc/arm-linux-androideabi/4.4.3/libgcc.a(_udivdi3.o)
 .data          0x00018498        0x0 /Developer/android-ndk-r8/platforms/android-9/arch-arm/usr/lib/crtend_so.o

.data1
 *(.data1)
                0x00018498                _edata = .
                0x00018498                PROVIDE (edata, .)
                0x00018498                __bss_start = .
                0x00018498                __bss_start__ = .

.bss            0x000184a0     0x1b3c
 *(.dynbss)
 .dynbss        0x00000000        0x0 /Developer/android-ndk-r8/platforms/android-9/arch-arm/usr/lib/crtbegin_so.o
 *(.bss .bss.* .gnu.linkonce.b.*)
 .bss           0x000184a0       0x10 /Developer/android-ndk-r8/platforms/android-9/arch-arm/usr/lib/crtbegin_so.o
                0x000184a0                __dso_handle
 .bss           0x000184b0      0x104 debug/FuseAPI_platform.os
                0x000184b0                g_playerList
                0x000184b4                g_playerIndex
                0x000184bc                g_numMailEntries
                0x000184b8                g_mailList
                0x000184c4                gameData
                0x000184c0                gameConfig
 .bss           0x000185b4        0x0 debug/FuseAPI.os
 .bss           0x000185b4        0x0 debug/FuseAPI_register.os
 .bss           0x000185b4        0x0 debug/cfu.os
 .bss           0x000185b4        0x0 debug/cfuconf.os
 .bss           0x000185b4        0x0 debug/cfuhash.os
 .bss           0x000185b4        0x0 debug/cfulist.os
 .bss           0x000185b4        0x0 debug/cfuopt.os
 .bss           0x000185b4        0x0 debug/cfustring.os
 .bss           0x000185b4        0x0 debug/cfuthread_queue.os
 .bss           0x000185b4        0x0 debug/cfutime.os
 .bss           0x000185b4        0x0 debug/libcfu-config.os
 .bss           0x000185b4     0x1a28 /Applications/Marmalade.app/Contents/s3e/edk/lib/android/libedk.a(IwDebug.o)
                0x000185b4                g_DebugGlobals
 .bss           0x00019fdc        0x0 /Applications/Marmalade.app/Contents/s3e/edk/lib/android/libedk.a(edk_helpers.o)
 .bss           0x00019fdc        0x0 /Developer/android-ndk-r8/sources/cxx-stl/gnu-libstdc++/libs/armeabi/libgnustl_static.a(del_op.o)
 .bss           0x00019fdc        0x0 /Developer/android-ndk-r8/toolchains/arm-linux-androideabi-4.4.3/prebuilt/darwin-x86/bin/../lib/gcc/arm-linux-androideabi/4.4.3/libgcc.a(_udivsi3.o)
 .bss           0x00019fdc        0x0 /Developer/android-ndk-r8/toolchains/arm-linux-androideabi-4.4.3/prebuilt/darwin-x86/bin/../lib/gcc/arm-linux-androideabi/4.4.3/libgcc.a(_aeabi_ldivmod.o)
 .bss           0x00019fdc        0x0 /Developer/android-ndk-r8/toolchains/arm-linux-androideabi-4.4.3/prebuilt/darwin-x86/bin/../lib/gcc/arm-linux-androideabi/4.4.3/libgcc.a(_dvmd_lnx.o)
 .bss           0x00019fdc        0x0 /Developer/android-ndk-r8/toolchains/arm-linux-androideabi-4.4.3/prebuilt/darwin-x86/bin/../lib/gcc/arm-linux-androideabi/4.4.3/libgcc.a(bpabi.o)
 .bss           0x00019fdc        0x0 /Developer/android-ndk-r8/toolchains/arm-linux-androideabi-4.4.3/prebuilt/darwin-x86/bin/../lib/gcc/arm-linux-androideabi/4.4.3/libgcc.a(unwind-arm.o)
 .bss           0x00019fdc        0x0 /Developer/android-ndk-r8/toolchains/arm-linux-androideabi-4.4.3/prebuilt/darwin-x86/bin/../lib/gcc/arm-linux-androideabi/4.4.3/libgcc.a(libunwind.o)
 .bss           0x00019fdc        0x0 /Developer/android-ndk-r8/toolchains/arm-linux-androideabi-4.4.3/prebuilt/darwin-x86/bin/../lib/gcc/arm-linux-androideabi/4.4.3/libgcc.a(pr-support.o)
 .bss           0x00019fdc        0x0 /Developer/android-ndk-r8/toolchains/arm-linux-androideabi-4.4.3/prebuilt/darwin-x86/bin/../lib/gcc/arm-linux-androideabi/4.4.3/libgcc.a(_divdi3.o)
 .bss           0x00019fdc        0x0 /Developer/android-ndk-r8/toolchains/arm-linux-androideabi-4.4.3/prebuilt/darwin-x86/bin/../lib/gcc/arm-linux-androideabi/4.4.3/libgcc.a(_udivdi3.o)
 .bss           0x00019fdc        0x0 /Developer/android-ndk-r8/platforms/android-9/arch-arm/usr/lib/crtend_so.o
 *(COMMON)
                0x00019fdc                . = ALIGN ((. != 0x0)?0x4:0x1)
                0x00019fdc                _bss_end__ = .
                0x00019fdc                __bss_end__ = .
                0x00019fdc                . = ALIGN (0x4)
                0x00019fdc                . = ALIGN (0x4)
                0x00019fdc                __end__ = .
                0x00019fdc                _end = .
                0x00019fdc                PROVIDE (end, .)
                0x00019fdc                . = DATA_SEGMENT_END (.)

.stab
 *(.stab)

.stabstr
 *(.stabstr)

.stab.excl
 *(.stab.excl)

.stab.exclstr
 *(.stab.exclstr)

.stab.index
 *(.stab.index)

.stab.indexstr
 *(.stab.indexstr)

.comment        0x00000000      0x168
 *(.comment)
 .comment       0x00000000       0x12 debug/FuseAPI_platform.os
 .comment       0x00000012       0x12 debug/FuseAPI.os
 .comment       0x00000024       0x12 debug/FuseAPI_register.os
 .comment       0x00000036       0x12 debug/cfu.os
 .comment       0x00000048       0x12 debug/cfuconf.os
 .comment       0x0000005a       0x12 debug/cfuhash.os
 .comment       0x0000006c       0x12 debug/cfulist.os
 .comment       0x0000007e       0x12 debug/cfuopt.os
 .comment       0x00000090       0x12 debug/cfustring.os
 .comment       0x000000a2       0x12 debug/cfuthread_queue.os
 .comment       0x000000b4       0x12 debug/cfutime.os
 .comment       0x000000c6       0x12 debug/libcfu-config.os
 .comment       0x000000d8       0x12 /Applications/Marmalade.app/Contents/s3e/edk/lib/android/libedk.a(IwDebug.o)
 .comment       0x000000ea       0x12 /Applications/Marmalade.app/Contents/s3e/edk/lib/android/libedk.a(edk_helpers.o)
 .comment       0x000000fc       0x12 /Developer/android-ndk-r8/sources/cxx-stl/gnu-libstdc++/libs/armeabi/libgnustl_static.a(del_op.o)
 .comment       0x0000010e       0x12 /Developer/android-ndk-r8/toolchains/arm-linux-androideabi-4.4.3/prebuilt/darwin-x86/bin/../lib/gcc/arm-linux-androideabi/4.4.3/libgcc.a(bpabi.o)
 .comment       0x00000120       0x12 /Developer/android-ndk-r8/toolchains/arm-linux-androideabi-4.4.3/prebuilt/darwin-x86/bin/../lib/gcc/arm-linux-androideabi/4.4.3/libgcc.a(unwind-arm.o)
 .comment       0x00000132       0x12 /Developer/android-ndk-r8/toolchains/arm-linux-androideabi-4.4.3/prebuilt/darwin-x86/bin/../lib/gcc/arm-linux-androideabi/4.4.3/libgcc.a(pr-support.o)
 .comment       0x00000144       0x12 /Developer/android-ndk-r8/toolchains/arm-linux-androideabi-4.4.3/prebuilt/darwin-x86/bin/../lib/gcc/arm-linux-androideabi/4.4.3/libgcc.a(_divdi3.o)
 .comment       0x00000156       0x12 /Developer/android-ndk-r8/toolchains/arm-linux-androideabi-4.4.3/prebuilt/darwin-x86/bin/../lib/gcc/arm-linux-androideabi/4.4.3/libgcc.a(_udivdi3.o)

.debug
 *(.debug)

.line
 *(.line)

.debug_srcinfo
 *(.debug_srcinfo)

.debug_sfnames
 *(.debug_sfnames)

.debug_aranges  0x00000000      0x300
 *(.debug_aranges)
 .debug_aranges
                0x00000000       0xa0 debug/FuseAPI_platform.os
 .debug_aranges
                0x000000a0       0x20 debug/FuseAPI.os
 .debug_aranges
                0x000000c0       0x20 debug/FuseAPI_register.os
 .debug_aranges
                0x000000e0       0x20 debug/cfu.os
 .debug_aranges
                0x00000100       0x20 debug/cfuconf.os
 .debug_aranges
                0x00000120       0x20 debug/cfuhash.os
 .debug_aranges
                0x00000140       0x20 debug/cfulist.os
 .debug_aranges
                0x00000160       0x20 debug/cfuopt.os
 .debug_aranges
                0x00000180       0x20 debug/cfustring.os
 .debug_aranges
                0x000001a0       0x20 debug/cfuthread_queue.os
 .debug_aranges
                0x000001c0       0x20 debug/cfutime.os
 .debug_aranges
                0x000001e0       0x20 /Developer/android-ndk-r8/toolchains/arm-linux-androideabi-4.4.3/prebuilt/darwin-x86/bin/../lib/gcc/arm-linux-androideabi/4.4.3/libgcc.a(_udivsi3.o)
 .debug_aranges
                0x00000200       0x20 /Developer/android-ndk-r8/toolchains/arm-linux-androideabi-4.4.3/prebuilt/darwin-x86/bin/../lib/gcc/arm-linux-androideabi/4.4.3/libgcc.a(_aeabi_ldivmod.o)
 .debug_aranges
                0x00000220       0x20 /Developer/android-ndk-r8/toolchains/arm-linux-androideabi-4.4.3/prebuilt/darwin-x86/bin/../lib/gcc/arm-linux-androideabi/4.4.3/libgcc.a(_dvmd_lnx.o)
 .debug_aranges
                0x00000240       0x20 /Developer/android-ndk-r8/toolchains/arm-linux-androideabi-4.4.3/prebuilt/darwin-x86/bin/../lib/gcc/arm-linux-androideabi/4.4.3/libgcc.a(bpabi.o)
 .debug_aranges
                0x00000260       0x20 /Developer/android-ndk-r8/toolchains/arm-linux-androideabi-4.4.3/prebuilt/darwin-x86/bin/../lib/gcc/arm-linux-androideabi/4.4.3/libgcc.a(unwind-arm.o)
 .debug_aranges
                0x00000280       0x20 /Developer/android-ndk-r8/toolchains/arm-linux-androideabi-4.4.3/prebuilt/darwin-x86/bin/../lib/gcc/arm-linux-androideabi/4.4.3/libgcc.a(libunwind.o)
 .debug_aranges
                0x000002a0       0x20 /Developer/android-ndk-r8/toolchains/arm-linux-androideabi-4.4.3/prebuilt/darwin-x86/bin/../lib/gcc/arm-linux-androideabi/4.4.3/libgcc.a(pr-support.o)
 .debug_aranges
                0x000002c0       0x20 /Developer/android-ndk-r8/toolchains/arm-linux-androideabi-4.4.3/prebuilt/darwin-x86/bin/../lib/gcc/arm-linux-androideabi/4.4.3/libgcc.a(_divdi3.o)
 .debug_aranges
                0x000002e0       0x20 /Developer/android-ndk-r8/toolchains/arm-linux-androideabi-4.4.3/prebuilt/darwin-x86/bin/../lib/gcc/arm-linux-androideabi/4.4.3/libgcc.a(_udivdi3.o)

.debug_pubnames
                0x00000000     0x2255
 *(.debug_pubnames)
 .debug_pubnames
                0x00000000      0xddd debug/FuseAPI_platform.os
 .debug_pubnames
                0x00000ddd      0x62b debug/FuseAPI.os
 .debug_pubnames
                0x00001408       0x63 debug/FuseAPI_register.os
 .debug_pubnames
                0x0000146b       0x75 debug/cfu.os
 .debug_pubnames
                0x000014e0      0x110 debug/cfuconf.os
 .debug_pubnames
                0x000015f0      0x37c debug/cfuhash.os
 .debug_pubnames
                0x0000196c      0x2db debug/cfulist.os
 .debug_pubnames
                0x00001c47       0x9c debug/cfuopt.os
 .debug_pubnames
                0x00001ce3      0x1cb debug/cfustring.os
 .debug_pubnames
                0x00001eae       0x8c debug/cfuthread_queue.os
 .debug_pubnames
                0x00001f3a       0x69 debug/cfutime.os
 .debug_pubnames
                0x00001fa3       0x45 /Developer/android-ndk-r8/toolchains/arm-linux-androideabi-4.4.3/prebuilt/darwin-x86/bin/../lib/gcc/arm-linux-androideabi/4.4.3/libgcc.a(bpabi.o)
 .debug_pubnames
                0x00001fe8      0x177 /Developer/android-ndk-r8/toolchains/arm-linux-androideabi-4.4.3/prebuilt/darwin-x86/bin/../lib/gcc/arm-linux-androideabi/4.4.3/libgcc.a(unwind-arm.o)
 .debug_pubnames
                0x0000215f       0xb7 /Developer/android-ndk-r8/toolchains/arm-linux-androideabi-4.4.3/prebuilt/darwin-x86/bin/../lib/gcc/arm-linux-androideabi/4.4.3/libgcc.a(pr-support.o)
 .debug_pubnames
                0x00002216       0x1f /Developer/android-ndk-r8/toolchains/arm-linux-androideabi-4.4.3/prebuilt/darwin-x86/bin/../lib/gcc/arm-linux-androideabi/4.4.3/libgcc.a(_divdi3.o)
 .debug_pubnames
                0x00002235       0x20 /Developer/android-ndk-r8/toolchains/arm-linux-androideabi-4.4.3/prebuilt/darwin-x86/bin/../lib/gcc/arm-linux-androideabi/4.4.3/libgcc.a(_udivdi3.o)

.debug_info     0x00000000    0x11e76
 *(.debug_info .gnu.linkonce.wi.*)
 .debug_info    0x00000000     0x85cd debug/FuseAPI_platform.os
 .debug_info    0x000085cd      0xb9d debug/FuseAPI.os
 .debug_info    0x0000916a      0xd13 debug/FuseAPI_register.os
 .debug_info    0x00009e7d      0x1cf debug/cfu.os
 .debug_info    0x0000a04c     0x103e debug/cfuconf.os
 .debug_info    0x0000b08a     0x175b debug/cfuhash.os
 .debug_info    0x0000c7e5      0xd70 debug/cfulist.os
 .debug_info    0x0000d555      0xc41 debug/cfuopt.os
 .debug_info    0x0000e196      0xb6d debug/cfustring.os
 .debug_info    0x0000ed03      0x444 debug/cfuthread_queue.os
 .debug_info    0x0000f147      0x262 debug/cfutime.os
 .debug_info    0x0000f3a9        0x0 debug/libcfu-config.os
 .debug_info    0x0000f3a9       0xf3 /Developer/android-ndk-r8/toolchains/arm-linux-androideabi-4.4.3/prebuilt/darwin-x86/bin/../lib/gcc/arm-linux-androideabi/4.4.3/libgcc.a(_udivsi3.o)
 .debug_info    0x0000f49c       0xed /Developer/android-ndk-r8/toolchains/arm-linux-androideabi-4.4.3/prebuilt/darwin-x86/bin/../lib/gcc/arm-linux-androideabi/4.4.3/libgcc.a(_aeabi_ldivmod.o)
 .debug_info    0x0000f589       0xf3 /Developer/android-ndk-r8/toolchains/arm-linux-androideabi-4.4.3/prebuilt/darwin-x86/bin/../lib/gcc/arm-linux-androideabi/4.4.3/libgcc.a(_dvmd_lnx.o)
 .debug_info    0x0000f67c       0xde /Developer/android-ndk-r8/toolchains/arm-linux-androideabi-4.4.3/prebuilt/darwin-x86/bin/../lib/gcc/arm-linux-androideabi/4.4.3/libgcc.a(bpabi.o)
 .debug_info    0x0000f75a     0x1424 /Developer/android-ndk-r8/toolchains/arm-linux-androideabi-4.4.3/prebuilt/darwin-x86/bin/../lib/gcc/arm-linux-androideabi/4.4.3/libgcc.a(unwind-arm.o)
 .debug_info    0x00010b7e       0xf1 /Developer/android-ndk-r8/toolchains/arm-linux-androideabi-4.4.3/prebuilt/darwin-x86/bin/../lib/gcc/arm-linux-androideabi/4.4.3/libgcc.a(libunwind.o)
 .debug_info    0x00010c6f      0x636 /Developer/android-ndk-r8/toolchains/arm-linux-androideabi-4.4.3/prebuilt/darwin-x86/bin/../lib/gcc/arm-linux-androideabi/4.4.3/libgcc.a(pr-support.o)
 .debug_info    0x000112a5      0x606 /Developer/android-ndk-r8/toolchains/arm-linux-androideabi-4.4.3/prebuilt/darwin-x86/bin/../lib/gcc/arm-linux-androideabi/4.4.3/libgcc.a(_divdi3.o)
 .debug_info    0x000118ab      0x5cb /Developer/android-ndk-r8/toolchains/arm-linux-androideabi-4.4.3/prebuilt/darwin-x86/bin/../lib/gcc/arm-linux-androideabi/4.4.3/libgcc.a(_udivdi3.o)

.debug_abbrev   0x00000000     0x1eff
 *(.debug_abbrev)
 .debug_abbrev  0x00000000      0x345 debug/FuseAPI_platform.os
 .debug_abbrev  0x00000345      0x1c8 debug/FuseAPI.os
 .debug_abbrev  0x0000050d      0x1e9 debug/FuseAPI_register.os
 .debug_abbrev  0x000006f6       0xba debug/cfu.os
 .debug_abbrev  0x000007b0      0x29f debug/cfuconf.os
 .debug_abbrev  0x00000a4f      0x276 debug/cfuhash.os
 .debug_abbrev  0x00000cc5      0x223 debug/cfulist.os
 .debug_abbrev  0x00000ee8      0x23b debug/cfuopt.os
 .debug_abbrev  0x00001123      0x1d8 debug/cfustring.os
 .debug_abbrev  0x000012fb      0x17f debug/cfuthread_queue.os
 .debug_abbrev  0x0000147a       0xf7 debug/cfutime.os
 .debug_abbrev  0x00001571        0x1 debug/libcfu-config.os
 .debug_abbrev  0x00001572       0x14 /Developer/android-ndk-r8/toolchains/arm-linux-androideabi-4.4.3/prebuilt/darwin-x86/bin/../lib/gcc/arm-linux-androideabi/4.4.3/libgcc.a(_udivsi3.o)
 .debug_abbrev  0x00001586       0x14 /Developer/android-ndk-r8/toolchains/arm-linux-androideabi-4.4.3/prebuilt/darwin-x86/bin/../lib/gcc/arm-linux-androideabi/4.4.3/libgcc.a(_aeabi_ldivmod.o)
 .debug_abbrev  0x0000159a       0x14 /Developer/android-ndk-r8/toolchains/arm-linux-androideabi-4.4.3/prebuilt/darwin-x86/bin/../lib/gcc/arm-linux-androideabi/4.4.3/libgcc.a(_dvmd_lnx.o)
 .debug_abbrev  0x000015ae       0x6a /Developer/android-ndk-r8/toolchains/arm-linux-androideabi-4.4.3/prebuilt/darwin-x86/bin/../lib/gcc/arm-linux-androideabi/4.4.3/libgcc.a(bpabi.o)
 .debug_abbrev  0x00001618      0x3bb /Developer/android-ndk-r8/toolchains/arm-linux-androideabi-4.4.3/prebuilt/darwin-x86/bin/../lib/gcc/arm-linux-androideabi/4.4.3/libgcc.a(unwind-arm.o)
 .debug_abbrev  0x000019d3       0x14 /Developer/android-ndk-r8/toolchains/arm-linux-androideabi-4.4.3/prebuilt/darwin-x86/bin/../lib/gcc/arm-linux-androideabi/4.4.3/libgcc.a(libunwind.o)
 .debug_abbrev  0x000019e7      0x220 /Developer/android-ndk-r8/toolchains/arm-linux-androideabi-4.4.3/prebuilt/darwin-x86/bin/../lib/gcc/arm-linux-androideabi/4.4.3/libgcc.a(pr-support.o)
 .debug_abbrev  0x00001c07      0x18b /Developer/android-ndk-r8/toolchains/arm-linux-androideabi-4.4.3/prebuilt/darwin-x86/bin/../lib/gcc/arm-linux-androideabi/4.4.3/libgcc.a(_divdi3.o)
 .debug_abbrev  0x00001d92      0x16d /Developer/android-ndk-r8/toolchains/arm-linux-androideabi-4.4.3/prebuilt/darwin-x86/bin/../lib/gcc/arm-linux-androideabi/4.4.3/libgcc.a(_udivdi3.o)

.debug_line     0x00000000     0x2f60
 *(.debug_line)
 .debug_line    0x00000000      0x6b6 debug/FuseAPI_platform.os
 .debug_line    0x000006b6      0x181 debug/FuseAPI.os
 .debug_line    0x00000837      0x2dc debug/FuseAPI_register.os
 .debug_line    0x00000b13       0xb8 debug/cfu.os
 .debug_line    0x00000bcb      0x450 debug/cfuconf.os
 .debug_line    0x0000101b      0x51f debug/cfuhash.os
 .debug_line    0x0000153a      0x2f8 debug/cfulist.os
 .debug_line    0x00001832      0x325 debug/cfuopt.os
 .debug_line    0x00001b57      0x362 debug/cfustring.os
 .debug_line    0x00001eb9      0x15f debug/cfuthread_queue.os
 .debug_line    0x00002018      0x1c4 debug/cfutime.os
 .debug_line    0x000021dc        0x0 debug/libcfu-config.os
 .debug_line    0x000021dc       0xd0 /Developer/android-ndk-r8/toolchains/arm-linux-androideabi-4.4.3/prebuilt/darwin-x86/bin/../lib/gcc/arm-linux-androideabi/4.4.3/libgcc.a(_udivsi3.o)
 .debug_line    0x000022ac       0xa9 /Developer/android-ndk-r8/toolchains/arm-linux-androideabi-4.4.3/prebuilt/darwin-x86/bin/../lib/gcc/arm-linux-androideabi/4.4.3/libgcc.a(_aeabi_ldivmod.o)
 .debug_line    0x00002355       0xaf /Developer/android-ndk-r8/toolchains/arm-linux-androideabi-4.4.3/prebuilt/darwin-x86/bin/../lib/gcc/arm-linux-androideabi/4.4.3/libgcc.a(_dvmd_lnx.o)
 .debug_line    0x00002404       0xaf /Developer/android-ndk-r8/toolchains/arm-linux-androideabi-4.4.3/prebuilt/darwin-x86/bin/../lib/gcc/arm-linux-androideabi/4.4.3/libgcc.a(bpabi.o)
 .debug_line    0x000024b3      0x4ca /Developer/android-ndk-r8/toolchains/arm-linux-androideabi-4.4.3/prebuilt/darwin-x86/bin/../lib/gcc/arm-linux-androideabi/4.4.3/libgcc.a(unwind-arm.o)
 .debug_line    0x0000297d       0xf5 /Developer/android-ndk-r8/toolchains/arm-linux-androideabi-4.4.3/prebuilt/darwin-x86/bin/../lib/gcc/arm-linux-androideabi/4.4.3/libgcc.a(libunwind.o)
 .debug_line    0x00002a72      0x1ca /Developer/android-ndk-r8/toolchains/arm-linux-androideabi-4.4.3/prebuilt/darwin-x86/bin/../lib/gcc/arm-linux-androideabi/4.4.3/libgcc.a(pr-support.o)
 .debug_line    0x00002c3c      0x19a /Developer/android-ndk-r8/toolchains/arm-linux-androideabi-4.4.3/prebuilt/darwin-x86/bin/../lib/gcc/arm-linux-androideabi/4.4.3/libgcc.a(_divdi3.o)
 .debug_line    0x00002dd6      0x18a /Developer/android-ndk-r8/toolchains/arm-linux-androideabi-4.4.3/prebuilt/darwin-x86/bin/../lib/gcc/arm-linux-androideabi/4.4.3/libgcc.a(_udivdi3.o)

.debug_frame    0x00000000     0x31a0
 *(.debug_frame)
 .debug_frame   0x00000000      0xc78 debug/FuseAPI_platform.os
 .debug_frame   0x00000c78      0x630 debug/FuseAPI.os
 .debug_frame   0x000012a8      0x66c debug/FuseAPI_register.os
 .debug_frame   0x00001914       0xb0 debug/cfu.os
 .debug_frame   0x000019c4      0x384 debug/cfuconf.os
 .debug_frame   0x00001d48      0x558 debug/cfuhash.os
 .debug_frame   0x000022a0      0x404 debug/cfulist.os
 .debug_frame   0x000026a4      0x254 debug/cfuopt.os
 .debug_frame   0x000028f8      0x2dc debug/cfustring.os
 .debug_frame   0x00002bd4       0xd4 debug/cfuthread_queue.os
 .debug_frame   0x00002ca8       0x94 debug/cfutime.os
 .debug_frame   0x00002d3c       0x28 /Developer/android-ndk-r8/toolchains/arm-linux-androideabi-4.4.3/prebuilt/darwin-x86/bin/../lib/gcc/arm-linux-androideabi/4.4.3/libgcc.a(_udivsi3.o)
 .debug_frame   0x00002d64       0x60 /Developer/android-ndk-r8/toolchains/arm-linux-androideabi-4.4.3/prebuilt/darwin-x86/bin/../lib/gcc/arm-linux-androideabi/4.4.3/libgcc.a(bpabi.o)
 .debug_frame   0x00002dc4      0x248 /Developer/android-ndk-r8/toolchains/arm-linux-androideabi-4.4.3/prebuilt/darwin-x86/bin/../lib/gcc/arm-linux-androideabi/4.4.3/libgcc.a(unwind-arm.o)
 .debug_frame   0x0000300c      0x108 /Developer/android-ndk-r8/toolchains/arm-linux-androideabi-4.4.3/prebuilt/darwin-x86/bin/../lib/gcc/arm-linux-androideabi/4.4.3/libgcc.a(pr-support.o)
 .debug_frame   0x00003114       0x44 /Developer/android-ndk-r8/toolchains/arm-linux-androideabi-4.4.3/prebuilt/darwin-x86/bin/../lib/gcc/arm-linux-androideabi/4.4.3/libgcc.a(_divdi3.o)
 .debug_frame   0x00003158       0x48 /Developer/android-ndk-r8/toolchains/arm-linux-androideabi-4.4.3/prebuilt/darwin-x86/bin/../lib/gcc/arm-linux-androideabi/4.4.3/libgcc.a(_udivdi3.o)

.debug_str      0x00000000     0x9d98
 *(.debug_str)
 .debug_str     0x00000000     0x70af debug/FuseAPI_platform.os
                               0x7268 (size before relaxing)
 .debug_str     0x000070af      0x186 debug/FuseAPI.os
                                0x961 (size before relaxing)
 .debug_str     0x00007235      0x6fb debug/FuseAPI_register.os
                                0xd80 (size before relaxing)
 .debug_str     0x00007930      0x11b debug/cfu.os
                                0x20c (size before relaxing)
 .debug_str     0x00007a4b      0x496 debug/cfuconf.os
                                0x6dc (size before relaxing)
 .debug_str     0x00007ee1      0x569 debug/cfuhash.os
                                0x849 (size before relaxing)
 .debug_str     0x0000844a      0x3a4 debug/cfulist.os
                                0x5b8 (size before relaxing)
 .debug_str     0x000087ee      0x43c debug/cfuopt.os
                                0x68f (size before relaxing)
 .debug_str     0x00008c2a      0x2b4 debug/cfustring.os
                                0x4cc (size before relaxing)
 .debug_str     0x00008ede      0x23e debug/cfuthread_queue.os
                                0x37e (size before relaxing)
 .debug_str     0x0000911c      0x128 debug/cfutime.os
                                0x2a7 (size before relaxing)
 .debug_str     0x00009244       0xb1 /Developer/android-ndk-r8/toolchains/arm-linux-androideabi-4.4.3/prebuilt/darwin-x86/bin/../lib/gcc/arm-linux-androideabi/4.4.3/libgcc.a(bpabi.o)
                                 0xe2 (size before relaxing)
 .debug_str     0x000092f5      0x800 /Developer/android-ndk-r8/toolchains/arm-linux-androideabi-4.4.3/prebuilt/darwin-x86/bin/../lib/gcc/arm-linux-androideabi/4.4.3/libgcc.a(unwind-arm.o)
                                0x8f8 (size before relaxing)
 .debug_str     0x00009af5      0x141 /Developer/android-ndk-r8/toolchains/arm-linux-androideabi-4.4.3/prebuilt/darwin-x86/bin/../lib/gcc/arm-linux-androideabi/4.4.3/libgcc.a(pr-support.o)
                                0x45e (size before relaxing)
 .debug_str     0x00009c36      0x158 /Developer/android-ndk-r8/toolchains/arm-linux-androideabi-4.4.3/prebuilt/darwin-x86/bin/../lib/gcc/arm-linux-androideabi/4.4.3/libgcc.a(_divdi3.o)
                                0x20d (size before relaxing)
 .debug_str     0x00009d8e        0xa /Developer/android-ndk-r8/toolchains/arm-linux-androideabi-4.4.3/prebuilt/darwin-x86/bin/../lib/gcc/arm-linux-androideabi/4.4.3/libgcc.a(_udivdi3.o)
                                0x20e (size before relaxing)

.debug_loc      0x00000000     0x6483
 *(.debug_loc)
 .debug_loc     0x00000000     0x1319 debug/FuseAPI_platform.os
 .debug_loc     0x00001319      0x8a4 debug/FuseAPI.os
 .debug_loc     0x00001bbd      0x8fd debug/FuseAPI_register.os
 .debug_loc     0x000024ba       0xfc debug/cfu.os
 .debug_loc     0x000025b6      0x577 debug/cfuconf.os
 .debug_loc     0x00002b2d      0x841 debug/cfuhash.os
 .debug_loc     0x0000336e      0x62c debug/cfulist.os
 .debug_loc     0x0000399a      0x392 debug/cfuopt.os
 .debug_loc     0x00003d2c      0x446 debug/cfustring.os
 .debug_loc     0x00004172      0x134 debug/cfuthread_queue.os
 .debug_loc     0x000042a6       0xd0 debug/cfutime.os
 .debug_loc     0x00004376      0x120 /Developer/android-ndk-r8/toolchains/arm-linux-androideabi-4.4.3/prebuilt/darwin-x86/bin/../lib/gcc/arm-linux-androideabi/4.4.3/libgcc.a(bpabi.o)
 .debug_loc     0x00004496      0xfef /Developer/android-ndk-r8/toolchains/arm-linux-androideabi-4.4.3/prebuilt/darwin-x86/bin/../lib/gcc/arm-linux-androideabi/4.4.3/libgcc.a(unwind-arm.o)
 .debug_loc     0x00005485      0x2f9 /Developer/android-ndk-r8/toolchains/arm-linux-androideabi-4.4.3/prebuilt/darwin-x86/bin/../lib/gcc/arm-linux-androideabi/4.4.3/libgcc.a(pr-support.o)
 .debug_loc     0x0000577e      0x6cf /Developer/android-ndk-r8/toolchains/arm-linux-androideabi-4.4.3/prebuilt/darwin-x86/bin/../lib/gcc/arm-linux-androideabi/4.4.3/libgcc.a(_divdi3.o)
 .debug_loc     0x00005e4d      0x636 /Developer/android-ndk-r8/toolchains/arm-linux-androideabi-4.4.3/prebuilt/darwin-x86/bin/../lib/gcc/arm-linux-androideabi/4.4.3/libgcc.a(_udivdi3.o)

.debug_macinfo
 *(.debug_macinfo)

.debug_weaknames
 *(.debug_weaknames)

.debug_funcnames
 *(.debug_funcnames)

.debug_typenames
 *(.debug_typenames)

.debug_varnames
 *(.debug_varnames)

.debug_pubtypes
 *(.debug_pubtypes)

.debug_ranges   0x00000000      0x740
 *(.debug_ranges)
 .debug_ranges  0x00000000      0x390 debug/FuseAPI_platform.os
 .debug_ranges  0x00000390       0x18 debug/cfuconf.os
 .debug_ranges  0x000003a8       0x18 debug/cfuopt.os
 .debug_ranges  0x000003c0       0x30 debug/cfustring.os
 .debug_ranges  0x000003f0      0x1f8 /Developer/android-ndk-r8/toolchains/arm-linux-androideabi-4.4.3/prebuilt/darwin-x86/bin/../lib/gcc/arm-linux-androideabi/4.4.3/libgcc.a(unwind-arm.o)
 .debug_ranges  0x000005e8       0x30 /Developer/android-ndk-r8/toolchains/arm-linux-androideabi-4.4.3/prebuilt/darwin-x86/bin/../lib/gcc/arm-linux-androideabi/4.4.3/libgcc.a(pr-support.o)
 .debug_ranges  0x00000618       0xa0 /Developer/android-ndk-r8/toolchains/arm-linux-androideabi-4.4.3/prebuilt/darwin-x86/bin/../lib/gcc/arm-linux-androideabi/4.4.3/libgcc.a(_divdi3.o)
 .debug_ranges  0x000006b8       0x88 /Developer/android-ndk-r8/toolchains/arm-linux-androideabi-4.4.3/prebuilt/darwin-x86/bin/../lib/gcc/arm-linux-androideabi/4.4.3/libgcc.a(_udivdi3.o)

.gnu.attributes
 *(.gnu.attributes)

.note.gnu.arm.ident
 *(.note.gnu.arm.ident)

/DISCARD/
 *(.note.GNU-stack)
 *(.gnu_debuglink)
OUTPUT(/Applications/Marmalade.app/Contents/extensions/FuseAPI/lib/android/libFuseAPI_d.so elf32-littlearm)

.ARM.attributes
                0x00000000       0x2b
 .ARM.attributes
                0x00000000       0x19 /Developer/android-ndk-r8/platforms/android-9/arch-arm/usr/lib/crtbegin_so.o
 .ARM.attributes
                0x00000019       0x2d debug/FuseAPI_platform.os
 .ARM.attributes
                0x00000046       0x2b debug/FuseAPI.os
 .ARM.attributes
                0x00000071       0x2b debug/FuseAPI_register.os
 .ARM.attributes
                0x0000009c       0x2b debug/cfu.os
 .ARM.attributes
                0x000000c7       0x2b debug/cfuconf.os
 .ARM.attributes
                0x000000f2       0x2d debug/cfuhash.os
 .ARM.attributes
                0x0000011f       0x2b debug/cfulist.os
 .ARM.attributes
                0x0000014a       0x2d debug/cfuopt.os
 .ARM.attributes
                0x00000177       0x2d debug/cfustring.os
 .ARM.attributes
                0x000001a4       0x2b debug/cfuthread_queue.os
 .ARM.attributes
                0x000001cf       0x2d debug/cfutime.os
 .ARM.attributes
                0x000001fc       0x29 debug/libcfu-config.os
 .ARM.attributes
                0x00000225       0x2b /Applications/Marmalade.app/Contents/s3e/edk/lib/android/libedk.a(IwDebug.o)
 .ARM.attributes
                0x00000250       0x2b /Applications/Marmalade.app/Contents/s3e/edk/lib/android/libedk.a(edk_helpers.o)
 .ARM.attributes
                0x0000027b       0x29 /Developer/android-ndk-r8/sources/cxx-stl/gnu-libstdc++/libs/armeabi/libgnustl_static.a(del_op.o)
 .ARM.attributes
                0x000002a4       0x19 /Developer/android-ndk-r8/toolchains/arm-linux-androideabi-4.4.3/prebuilt/darwin-x86/bin/../lib/gcc/arm-linux-androideabi/4.4.3/libgcc.a(_udivsi3.o)
 .ARM.attributes
                0x000002bd       0x19 /Developer/android-ndk-r8/toolchains/arm-linux-androideabi-4.4.3/prebuilt/darwin-x86/bin/../lib/gcc/arm-linux-androideabi/4.4.3/libgcc.a(_aeabi_ldivmod.o)
 .ARM.attributes
                0x000002d6       0x19 /Developer/android-ndk-r8/toolchains/arm-linux-androideabi-4.4.3/prebuilt/darwin-x86/bin/../lib/gcc/arm-linux-androideabi/4.4.3/libgcc.a(_dvmd_lnx.o)
 .ARM.attributes
                0x000002ef       0x29 /Developer/android-ndk-r8/toolchains/arm-linux-androideabi-4.4.3/prebuilt/darwin-x86/bin/../lib/gcc/arm-linux-androideabi/4.4.3/libgcc.a(bpabi.o)
 .ARM.attributes
                0x00000318       0x29 /Developer/android-ndk-r8/toolchains/arm-linux-androideabi-4.4.3/prebuilt/darwin-x86/bin/../lib/gcc/arm-linux-androideabi/4.4.3/libgcc.a(unwind-arm.o)
 .ARM.attributes
                0x00000341       0x19 /Developer/android-ndk-r8/toolchains/arm-linux-androideabi-4.4.3/prebuilt/darwin-x86/bin/../lib/gcc/arm-linux-androideabi/4.4.3/libgcc.a(libunwind.o)
 .ARM.attributes
                0x0000035a       0x29 /Developer/android-ndk-r8/toolchains/arm-linux-androideabi-4.4.3/prebuilt/darwin-x86/bin/../lib/gcc/arm-linux-androideabi/4.4.3/libgcc.a(pr-support.o)
 .ARM.attributes
                0x00000383       0x29 /Developer/android-ndk-r8/toolchains/arm-linux-androideabi-4.4.3/prebuilt/darwin-x86/bin/../lib/gcc/arm-linux-androideabi/4.4.3/libgcc.a(_divdi3.o)
 .ARM.attributes
                0x000003ac       0x29 /Developer/android-ndk-r8/toolchains/arm-linux-androideabi-4.4.3/prebuilt/darwin-x86/bin/../lib/gcc/arm-linux-androideabi/4.4.3/libgcc.a(_udivdi3.o)
 .ARM.attributes
                0x000003d5       0x17 /Developer/android-ndk-r8/platforms/android-9/arch-arm/usr/lib/crtend_so.o
