Archive member included because of file (symbol)

/Applications/Marmalade.app/Contents/s3e/edk/lib/android/libedk.a(edk_helpers.o)
                              release/FuseAPI_platform.os (s3eEdkThreadRunOnOS)
/Developer/android-ndk-r8/sources/cxx-stl/gnu-libstdc++/libs/armeabi/libgnustl_static.a(del_op.o)
                              release/FuseAPI_platform.os (_ZdlPv)
/Developer/android-ndk-r8/toolchains/arm-linux-androideabi-4.4.3/prebuilt/darwin-x86/bin/../lib/gcc/arm-linux-androideabi/4.4.3/libgcc.a(_udivsi3.o)
                              release/cfuhash.os (__aeabi_uidiv)
/Developer/android-ndk-r8/toolchains/arm-linux-androideabi-4.4.3/prebuilt/darwin-x86/bin/../lib/gcc/arm-linux-androideabi/4.4.3/libgcc.a(_dvmd_lnx.o)
                              /Developer/android-ndk-r8/toolchains/arm-linux-androideabi-4.4.3/prebuilt/darwin-x86/bin/../lib/gcc/arm-linux-androideabi/4.4.3/libgcc.a(_udivsi3.o) (__div0)

Discarded input sections

 _ZN7_JNIEnv11GetMethodIDEP7_jclassPKcS3_
                0x00000000        0x0 release/FuseAPI_platform.os
 _ZN7_JNIEnv14CallVoidMethodEP8_jobjectP10_jmethodIDz
                0x00000000        0x0 release/FuseAPI_platform.os
 _ZN7_JNIEnv16CallObjectMethodEP8_jobjectP10_jmethodIDz
                0x00000000        0x0 release/FuseAPI_platform.os
 _ZN7_JNIEnv13CallIntMethodEP8_jobjectP10_jmethodIDz
                0x00000000        0x0 release/FuseAPI_platform.os
 _ZN7_JNIEnv17CallBooleanMethodEP8_jobjectP10_jmethodIDz
                0x00000000        0x0 release/FuseAPI_platform.os
 _ZN7_JNIEnv9NewObjectEP7_jclassP10_jmethodIDz
                0x00000000        0x0 release/FuseAPI_platform.os
 .note.GNU-stack
                0x00000000        0x0 release/FuseAPI_platform.os
 .note.GNU-stack
                0x00000000        0x0 release/FuseAPI.os
 .note.GNU-stack
                0x00000000        0x0 release/FuseAPI_register.os
 .note.GNU-stack
                0x00000000        0x0 release/cfu.os
 .note.GNU-stack
                0x00000000        0x0 release/cfuconf.os
 .note.GNU-stack
                0x00000000        0x0 release/cfuhash.os
 .note.GNU-stack
                0x00000000        0x0 release/cfulist.os
 .note.GNU-stack
                0x00000000        0x0 release/cfuopt.os
 .note.GNU-stack
                0x00000000        0x0 release/cfustring.os
 .note.GNU-stack
                0x00000000        0x0 release/cfuthread_queue.os
 .note.GNU-stack
                0x00000000        0x0 release/cfutime.os
 .note.GNU-stack
                0x00000000        0x0 release/libcfu-config.os
 .note.GNU-stack
                0x00000000        0x0 /Applications/Marmalade.app/Contents/s3e/edk/lib/android/libedk.a(edk_helpers.o)
 .note.GNU-stack
                0x00000000        0x0 /Developer/android-ndk-r8/sources/cxx-stl/gnu-libstdc++/libs/armeabi/libgnustl_static.a(del_op.o)
 .note.GNU-stack
                0x00000000        0x0 /Developer/android-ndk-r8/toolchains/arm-linux-androideabi-4.4.3/prebuilt/darwin-x86/bin/../lib/gcc/arm-linux-androideabi/4.4.3/libgcc.a(_udivsi3.o)
 .note.GNU-stack
                0x00000000        0x0 /Developer/android-ndk-r8/toolchains/arm-linux-androideabi-4.4.3/prebuilt/darwin-x86/bin/../lib/gcc/arm-linux-androideabi/4.4.3/libgcc.a(_dvmd_lnx.o)

Memory Configuration

Name             Origin             Length             Attributes
*default*        0x00000000         0xffffffff

Linker script and memory map

LOAD /Developer/android-ndk-r8/platforms/android-9/arch-arm/usr/lib/crtbegin_so.o
LOAD release/FuseAPI_platform.os
LOAD release/FuseAPI.os
LOAD release/FuseAPI_register.os
LOAD release/cfu.os
LOAD release/cfuconf.os
LOAD release/cfuhash.os
LOAD release/cfulist.os
LOAD release/cfuopt.os
LOAD release/cfustring.os
LOAD release/cfuthread_queue.os
LOAD release/cfutime.os
LOAD release/libcfu-config.os
LOAD /Applications/Marmalade.app/Contents/s3e/edk/lib/android/libedk.a
LOAD /Applications/Marmalade.app/Contents/s3e/edk/lib/android/libplaceholderplaceholderplaceholderplaceholderplaceholder.so
LOAD /Developer/android-ndk-r8/platforms/android-9/arch-arm/usr/lib/liblog.so
LOAD /Developer/android-ndk-r8/sources/cxx-stl/gnu-libstdc++/libs/armeabi/libgnustl_static.a
LOAD /Developer/android-ndk-r8/toolchains/arm-linux-androideabi-4.4.3/prebuilt/darwin-x86/bin/../lib/gcc/arm-linux-androideabi/4.4.3/libgcc.a
LOAD /Developer/android-ndk-r8/platforms/android-9/arch-arm/usr/lib/libstdc++.so
LOAD /Developer/android-ndk-r8/platforms/android-9/arch-arm/usr/lib/libm.so
LOAD /Developer/android-ndk-r8/platforms/android-9/arch-arm/usr/lib/libc.so
LOAD /Developer/android-ndk-r8/toolchains/arm-linux-androideabi-4.4.3/prebuilt/darwin-x86/bin/../lib/gcc/arm-linux-androideabi/4.4.3/libgcc.a
LOAD /Developer/android-ndk-r8/platforms/android-9/arch-arm/usr/lib/libc.so
LOAD /Developer/android-ndk-r8/platforms/android-9/arch-arm/usr/lib/libdl.so
LOAD /Developer/android-ndk-r8/toolchains/arm-linux-androideabi-4.4.3/prebuilt/darwin-x86/bin/../lib/gcc/arm-linux-androideabi/4.4.3/libgcc.a
LOAD /Developer/android-ndk-r8/platforms/android-9/arch-arm/usr/lib/crtend_so.o
                0x000000d4                . = (0x0 + SIZEOF_HEADERS)

.note.gnu.build-id
 *(.note.gnu.build-id)

.hash           0x000000d4      0x1ac
 *(.hash)
 .hash          0x000000d4      0x1ac /Developer/android-ndk-r8/platforms/android-9/arch-arm/usr/lib/crtbegin_so.o

.gnu.hash
 *(.gnu.hash)

.dynsym         0x00000280      0x440
 *(.dynsym)
 .dynsym        0x00000280      0x440 /Developer/android-ndk-r8/platforms/android-9/arch-arm/usr/lib/crtbegin_so.o

.dynstr         0x000006c0      0x397
 *(.dynstr)
 .dynstr        0x000006c0      0x397 /Developer/android-ndk-r8/platforms/android-9/arch-arm/usr/lib/crtbegin_so.o

.gnu.version    0x00000a58        0x0 load address 0x00000a57
 *(.gnu.version)
 .gnu.version   0x00000000        0x0 /Developer/android-ndk-r8/platforms/android-9/arch-arm/usr/lib/crtbegin_so.o

.gnu.version_d  0x00000a58        0x0 load address 0x00000a57
 *(.gnu.version_d)
 .gnu.version_d
                0x00000000        0x0 /Developer/android-ndk-r8/platforms/android-9/arch-arm/usr/lib/crtbegin_so.o

.gnu.version_r  0x00000a58        0x0 load address 0x00000a57
 *(.gnu.version_r)
 .gnu.version_r
                0x00000000        0x0 /Developer/android-ndk-r8/platforms/android-9/arch-arm/usr/lib/crtbegin_so.o

.rel.dyn        0x00000a58      0x4f0
 *(.rel.init)
 *(.rel.text .rel.text.* .rel.gnu.linkonce.t.*)
 .rel.text      0x00000a58        0x8 /Developer/android-ndk-r8/platforms/android-9/arch-arm/usr/lib/crtbegin_so.o
 *(.rel.fini)
 *(.rel.rodata .rel.rodata.* .rel.gnu.linkonce.r.*)
 *(.rel.data.rel.ro* .rel.gnu.linkonce.d.rel.ro.*)
 .rel.data.rel.ro
                0x00000a60      0x318 /Developer/android-ndk-r8/platforms/android-9/arch-arm/usr/lib/crtbegin_so.o
 *(.rel.data .rel.data.* .rel.gnu.linkonce.d.*)
 *(.rel.tdata .rel.tdata.* .rel.gnu.linkonce.td.*)
 *(.rel.tbss .rel.tbss.* .rel.gnu.linkonce.tb.*)
 *(.rel.ctors)
 *(.rel.dtors)
 *(.rel.got)
 .rel.got       0x00000d78      0x1c0 /Developer/android-ndk-r8/platforms/android-9/arch-arm/usr/lib/crtbegin_so.o
 *(.rel.bss .rel.bss.* .rel.gnu.linkonce.b.*)
 .rel.fini_array
                0x00000f38        0x8 /Developer/android-ndk-r8/platforms/android-9/arch-arm/usr/lib/crtbegin_so.o
 .rel.init_array
                0x00000f40        0x8 /Developer/android-ndk-r8/platforms/android-9/arch-arm/usr/lib/crtbegin_so.o

.rela.dyn
 *(.rela.init)
 *(.rela.text .rela.text.* .rela.gnu.linkonce.t.*)
 *(.rela.fini)
 *(.rela.rodata .rela.rodata.* .rela.gnu.linkonce.r.*)
 *(.rela.data .rela.data.* .rela.gnu.linkonce.d.*)
 *(.rela.tdata .rela.tdata.* .rela.gnu.linkonce.td.*)
 *(.rela.tbss .rela.tbss.* .rela.gnu.linkonce.tb.*)
 *(.rela.ctors)
 *(.rela.dtors)
 *(.rela.got)
 *(.rela.bss .rela.bss.* .rela.gnu.linkonce.b.*)

.rel.plt        0x00000f48      0x170
 *(.rel.plt)
 .rel.plt       0x00000f48      0x170 /Developer/android-ndk-r8/platforms/android-9/arch-arm/usr/lib/crtbegin_so.o

.rela.plt
 *(.rela.plt)

.init
 *(.init)

.plt            0x000010b8      0x23c
 *(.plt)
 .plt           0x000010b8      0x23c /Developer/android-ndk-r8/platforms/android-9/arch-arm/usr/lib/crtbegin_so.o

.text           0x000012f8     0xd558
 *(.text .stub .text.* .gnu.linkonce.t.*)
 .text          0x000012f8       0x10 /Developer/android-ndk-r8/platforms/android-9/arch-arm/usr/lib/crtbegin_so.o
 .text          0x00001308     0x3118 release/FuseAPI_platform.os
                0x000031b0                _Z27FuseAPIGetGameData_platformPKcS0_PS0_i
                0x00001b50                _Z29FuseAPIAdAvailabilityResponseP7_JNIEnvP8_jobjectii
                0x00002ac4                _Z28FuseAPIRejectFriend_platformPKc
                0x00001740                _Z20FuseFriendsListErrorP7_JNIEnvP8_jobjecti
                0x00002c88                _Z25FuseAPIFuseLogin_platformPKcS0_
                0x00001ad8                _Z18FuseAPIAdDisplayedP7_JNIEnvP8_jobject
                0x00002c14                _Z41FuseAPIGetGameConfigurationValue_platformPKc
                0x0000223c                _Z35FuseAPIRegisterFlurryClick_platformv
                0x00001c14                _Z26FuseAPIGameDataReceivedKVPP7_JNIEnvP8_jobjectbP8_jstringS4_
                0x00001ca8                _Z26FuseGameConfigurationStartP7_JNIEnvP8_jobjecti
                0x0000219c                _Z22FuseAPIShowAd_platformv
                0x00003018                _Z38FuseAPIRegisterEventWithParam_platformPKcS0_S0_S0_PKd
                0x00001eb4                _Z26FuseAPIEnableData_platformb
                0x00001bd8                _Z27FuseAPISessionStartReceivedP7_JNIEnvP8_jobject
                0x00001d28                _Z29FuseAPIFriendsListUpdateStartP7_JNIEnvP8_jobjecti
                0x00001308                _Z40FuseAPIRegisterInAppPurchaseiOS_platform20FusePurchaseStateiOSPKciPdS1_S1_S1_
                0x000024dc                _Z38FuseAPIGetOriginalAccountType_platformv
                0x0000161c                _Z17FuseMailListErrorP7_JNIEnvP8_jobjecti
                0x00001980                _Z17FuseGameDataErrorP7_JNIEnvP8_jobjectii
                0x00002ec8                _Z32FuseAPISendMailWithGift_platformPKcS0_ii
                0x000013ec                _Z21FuseAPIMailListUpdateP7_JNIEnvP8_jobjectiP8_jstringS4_S4_S4_
                0x00001660                _Z13FuseMailErrorP7_JNIEnvP8_jobjecti
                0x00001310                _Z30FuseAPIGetFriendsList_platformPi
                0x00001a54                _Z25FuseAPINotificationActionP7_JNIEnvP8_jobjectP8_jstring
                0x00001f5c                _Z30FuseAPIRegisterGender_platformi
                0x00002b34                _Z43FuseAPIGetMailListFriendFromServer_platformPKc
                0x0000130c                _Z31FuseAPIGameCenterLogin_platformv
                0x00002ba4                _Z28FuseAPIRemoveFriend_platformPKc
                0x00002584                _Z30FuseAPILibraryVersion_platformv
                0x00002f68                _Z29FuseAPIFacebookLogin_platformPKcS0_S0_
                0x00001a9c                _Z16FuseAPIAdClickedP7_JNIEnvP8_jobject
                0x00002744                _Z28FuseAPIStartSession_platformPKc
                0x000027b4                _Z28FuseAPIAcceptFriend_platformPKc
                0x000029e4                _Z39FuseAPIFriendsPushNotification_platformPKc
                0x000032b0                _Z44FuseAPIRegisterInAppPurchaseAndroid_platform24FusePurchaseStateAndroidPKcS1_S1_lS1_PKdS1_
                0x000018f0                _Z15FuseFriendAddedP7_JNIEnvP8_jobjectP8_jstringi
                0x00001480                _Z30FuseAPIFriendsListUpdatePlayerP7_JNIEnvP8_jobjectP8_jstringS4_S4_S4_iib
                0x00001dc8                _Z9FusePausePvS_
                0x00001fb4                _Z32FuseAPIDisplayMoreGames_platformv
                0x000033c4                _Z43FuseAPIRegisterEventWithDictionary_platformPKcP13cfuhash_table
                0x00002894                _Z25FuseAPIAddFriend_platformPKc
                0x00001e40                _Z25FuseAPITerminate_platformv
                0x000037c8                _Z20FuseAPIInit_platformv
                0x000022dc                _Z33FuseAPISetMailAsReceived_platformi
                0x0000205c                _Z36FuseAPIDisplayNotifications_platformv
                0x00002334                _Z32FuseAPIRegisterCurrency_platformii
                0x000020fc                _Z29FuseAPIResumeSession_platformv
                0x0000193c                _Z27FuseGameDataSetAcknowledgedP7_JNIEnvP8_jobjecti
                0x00002824                _Z27FuseAPIDeviceLogin_platformPKc
                0x00001858                _Z18FuseFriendAcceptedP7_JNIEnvP8_jobjectP8_jstringi
                0x00001f0c                _Z30FuseAPITimeFromServer_platformv
                0x00001c54                _Z29FuseGameConfigurationKeyValueP7_JNIEnvP8_jobjectP8_jstringS4_
                0x00002974                _Z30FuseAPIMigrateFriends_platformPKc
                0x00002680                _Z36FuseAPIGetOriginalAccountId_platformv
                0x0000248c                _Z27FuseAPIgamesPlayed_platformv
                0x000016a4                _Z20FuseMailListReceivedP7_JNIEnvP8_jobjectP8_jstring
                0x00001c94                _Z28FuseAPIGameDataReceivedStartP7_JNIEnvP8_jobject
                0x00001d74                _Z10FuseResumePvS_
                0x000026d4                _Z29FuseAPIRegisterEvent_platformPKc
                0x00001cdc                _Z26FuseAPIMailListUpdateStartP7_JNIEnvP8_jobjecti
                0x00001784                _Z27FuseAPIFriendsListUpdateEndP7_JNIEnvP8_jobject
                0x000034f0                _Z27FuseAPISetGameData_platformPKcS0_P13cfuhash_table
                0x000020ac                _Z32FuseAPITerminateSession_platformv
                0x0000214c                _Z32FuseAPICheckAdAvailable_platformv
                0x000023ec                _Z37FuseAPIGetMailListFromServer_platformv
                0x000025d8                _Z25FuseAPIGetFuseID_platformv
                0x00002da8                _Z36FuseAPIUserPushNotification_platformPKcS0_
                0x000015cc                _Z29FuseGameConfigurationReceivedP7_JNIEnvP8_jobject
                0x00001568                _Z26FuseAPIGameDataReceivedEndP7_JNIEnvP8_jobjectP8_jstringi
                0x00003650                _Z42FuseAPIRegisterEventWithEventData_platformPKcS0_S0_P13cfuhash_table
                0x00002004                _Z36FuseAPIRegisterTapjoyReward_platformi
                0x000017c0                _Z19FuseFriendsMigratedP7_JNIEnvP8_jobjectP8_jstringi
                0x000016ec                _Z20FuseMailAcknowledgedP7_JNIEnvP8_jobjectiP8_jstringi
                0x00002904                _Z44FuseAPIRegisterForPushNotifications_platformPKc
                0x000021ec                _Z28FuseAPIPauseSession_platformv
                0x00002d18                _Z31FuseAPIGooglePlayLogin_platformPKcS0_
                0x0000228c                _Z34FuseAPIRegisterFlurryView_platformv
                0x0000252c                _Z25FuseAPIConnected_platformv
                0x00001b14                _Z18FuseAPIAdWillCloseP7_JNIEnvP8_jobject
                0x0000180c                _Z18FuseFriendRejectedP7_JNIEnvP8_jobjectP8_jstringi
                0x000018a4                _Z17FuseFriendRemovedP7_JNIEnvP8_jobjectP8_jstringi
                0x0000132c                _Z27FuseAPIGetMailList_platformPi
                0x00001368                _Z25FuseAPIMailListUpdateGiftP7_JNIEnvP8_jobjectiP8_jstringS4_i
                0x00001b94                _Z17FuseAPILoginErrorP7_JNIEnvP8_jobjecti
                0x00001a08                _Z27FuseAPIAccountLoginCompleteP7_JNIEnvP8_jobjectiP8_jstring
                0x00002e38                _Z24FuseAPISendMail_platformPKcS0_
                0x00002a54                _Z28FuseAPITwitterLogin_platformPKc
                0x00002394                _Z29FuseAPIRegisterLevel_platformi
                0x0000262c                _Z39FuseAPIGetOriginalAccountAlias_platformv
                0x0000243c                _Z43FuseAPIUpdateFriendsListFromServer_platformv
                0x000019c4                _Z18FuseAPITimeUpdatedP7_JNIEnvP8_jobjecti
 .text._ZN7_JNIEnv11GetMethodIDEP7_jclassPKcS3_
                0x00004420       0x14 release/FuseAPI_platform.os
                0x00004420                _ZN7_JNIEnv11GetMethodIDEP7_jclassPKcS3_
 .text._ZN7_JNIEnv14CallVoidMethodEP8_jobjectP10_jmethodIDz
                0x00004434       0x34 release/FuseAPI_platform.os
                0x00004434                _ZN7_JNIEnv14CallVoidMethodEP8_jobjectP10_jmethodIDz
 .text._ZN7_JNIEnv16CallObjectMethodEP8_jobjectP10_jmethodIDz
                0x00004468       0x34 release/FuseAPI_platform.os
                0x00004468                _ZN7_JNIEnv16CallObjectMethodEP8_jobjectP10_jmethodIDz
 .text._ZN7_JNIEnv13CallIntMethodEP8_jobjectP10_jmethodIDz
                0x0000449c       0x34 release/FuseAPI_platform.os
                0x0000449c                _ZN7_JNIEnv13CallIntMethodEP8_jobjectP10_jmethodIDz
 .text._ZN7_JNIEnv17CallBooleanMethodEP8_jobjectP10_jmethodIDz
                0x000044d0       0x34 release/FuseAPI_platform.os
                0x000044d0                _ZN7_JNIEnv17CallBooleanMethodEP8_jobjectP10_jmethodIDz
 .text._ZN7_JNIEnv9NewObjectEP7_jclassP10_jmethodIDz
                0x00004504       0x34 release/FuseAPI_platform.os
                0x00004504                _ZN7_JNIEnv9NewObjectEP7_jclassP10_jmethodIDz
 .text          0x00004538       0xe0 release/FuseAPI.os
                0x00004550                FuseAPIGetMailList
                0x00004558                FuseAPISendMailWithGift
                0x00004560                FuseAPIGetMailListFriendFromServer
                0x00004570                FuseAPIFriendsPushNotification
                0x000045f8                FuseAPIRegisterEvent
                0x00004594                FuseAPIEnableData
                0x00004564                FuseAPIGetMailListFromServer
                0x0000456c                FuseAPIUpdateFriendsListFromServer
                0x000045e0                FuseAPICheckAdAvailable
                0x000045a0                FuseAPILibraryVersion
                0x0000457c                FuseAPIRejectFriend
                0x0000455c                FuseAPISetMailAsReceived
                0x000045bc                FuseAPIFuseLogin
                0x000045d0                FuseAPIRegisterGender
                0x000045f4                FuseAPIRegisterEventWithParam
                0x00004548                FuseAPIRegisterLevel
                0x0000454c                FuseAPIGetGameConfigurationValue
                0x000045c8                FuseAPITwitterLogin
                0x00004600                FuseAPITerminateSession
                0x00004584                FuseAPIRemoveFriend
                0x0000459c                FuseAPIConnected
                0x000045c0                FuseAPIDeviceLogin
                0x00004598                FuseAPITimeFromServer
                0x000045d4                FuseAPIDisplayMoreGames
                0x00004538                FuseAPIRegisterTapjoyReward
                0x00004604                FuseAPIResumeSession
                0x00004614                _Z11FuseAPIInitv
                0x00004578                FuseAPIMigrateFriends
                0x0000458c                FuseAPIGetGameData
                0x000045e8                FuseAPIRegisterInAppPurchaseAndroid
                0x000045dc                FuseAPIShowAd
                0x00004610                _Z16FuseAPITerminatev
                0x000045ec                FuseAPIRegisterEventWithDictionary
                0x000045a8                FuseAPIGetFuseID
                0x000045b4                FuseAPIGetOriginalAccountId
                0x00004568                FuseAPIGetFriendsList
                0x000045fc                FuseAPIRegisterForPushNotifications
                0x00004544                FuseAPIRegisterCurrency
                0x000045b0                FuseAPIGetOriginalAccountAlias
                0x000045cc                FuseAPIFacebookLogin
                0x00004588                FuseAPIAddFriend
                0x00004574                FuseAPIUserPushNotification
                0x000045a4                FuseAPIgamesPlayed
                0x000045d8                FuseAPIDisplayNotifications
                0x000045f0                FuseAPIRegisterEventWithEventData
                0x000045e4                FuseAPIRegisterInAppPurchaseiOS
                0x0000453c                FuseAPIRegisterFlurryClick
                0x000045c4                FuseAPIGameCenterLogin
                0x000045ac                FuseAPIGetOriginalAccountType
                0x00004554                FuseAPISendMail
                0x00004590                FuseAPISetGameData
                0x000045b8                FuseAPIGooglePlayLogin
                0x0000460c                FuseAPIStartSession
                0x00004608                FuseAPIPauseSession
                0x00004540                FuseAPIRegisterFlurryView
                0x00004580                FuseAPIAcceptFriend
 .text          0x00004618     0x13f4 release/FuseAPI_register.os
                0x000052ec                FuseAPIUnRegister
                0x0000531c                FuseAPIRegister
                0x00005350                RegisterExt
                0x00004618                _Z18FuseAPIRegisterExtv
 .text          0x00005a0c       0x98 release/cfu.os
                0x00005a0c                cfu_get_type
                0x00005a88                cfu_is_conf
                0x00005a34                cfu_is_list
                0x00005a6c                cfu_is_time
                0x00005a50                cfu_is_string
                0x00005a18                cfu_is_hash
 .text          0x00005aa4     0x101c release/cfuconf.os
                0x00005ab0                cfuconf_get_directives
                0x000066ec                cfuconf_parse_buffer
                0x00005df0                cfuconf_destroy
                0x000067bc                cfuconf_parse_file
                0x00006924                cfuconf_get_directive_one_arg
                0x00005aa4                cfuconf_get_containers
                0x00005dd0                cfuconf_get_directive_two_args
                0x000069c8                cfuconf_pretty_print_conf
                0x00005cd4                cfuconf_get_directive_n_args
 .text          0x00006ac0     0x3e8c release/cfuhash.os
                0x00007e10                cfuhash_new_with_free_fn
                0x0000733c                cfuhash_pretty_print
                0x00006d08                cfuhash_each
                0x000076c0                cfuhash_rehash
                0x00006ecc                cfuhash_destroy_with_free_fn
                0x00008590                cfuhash_keys
                0x00006bb4                cfuhash_next_data
                0x00009a88                cfuhash_delete_data
                0x00009754                cfuhash_clear
                0x00006b1c                cfuhash_clear_flag
                0x00007998                cfuhash_get_data
                0x00007ec8                cfuhash_bencode_strings
                0x00006b30                cfuhash_set_thresholds
                0x000078ec                cfuhash_each_data
                0x00006c9c                cfuhash_num_buckets
                0x00008aac                cfuhash_get
                0x00006b08                cfuhash_set_flag
                0x00007c8c                cfuhash_new_with_flags
                0x0000742c                cfuhash_keys_data
                0x00006c90                cfuhash_num_entries
                0x00008cac                cfuhash_copy
                0x00009f5c                cfuhash_put_data
                0x0000a480                cfuhash_put
                0x00007174                cfuhash_foreach
                0x000088bc                cfuhash_exists_data
                0x00007d3c                cfuhash_new_with_initial_size
                0x00006e48                cfuhash_num_buckets_used
                0x00006ff8                cfuhash_foreach_remove
                0x00007244                cfuhash_destroy
                0x000086dc                cfuhash_exists
                0x00006d90                cfuhash_next
                0x00006b00                cfuhash_get_flags
                0x000082ec                cfuhash_delete
                0x00007be0                cfuhash_new
                0x00006ba4                cfuhash_set_free_function
                0x00006b6c                cfuhash_set_hash_function
                0x00006cbc                cfuhash_unlock
                0x00009648                cfuhash_merge
                0x00006ca8                cfuhash_lock
 .text          0x0000a94c     0x10d4 release/cfulist.os
                0x0000b578                cfulist_push_string
                0x0000b458                cfulist_enqueue
                0x0000ac74                cfulist_nth_data
                0x0000ab98                cfulist_last_data
                0x0000af04                cfulist_pop_data
                0x0000b2dc                cfulist_unshift_string
                0x0000b3dc                cfulist_enqueue_string
                0x0000ad30                cfulist_destroy_with_free_fn
                0x0000b6e0                cfulist_shift
                0x0000a94c                cfulist_num_entries
                0x0000b7d8                cfulist_unshift
                0x0000aa24                cfulist_unshift_data
                0x0000b354                cfulist_enqueue_data
                0x0000b228                cfulist_join
                0x0000adc4                cfulist_shift_data
                0x0000afe0                cfulist_each_data
                0x0000b4cc                cfulist_dequeue_data
                0x0000a9f4                cfulist_new
                0x0000a954                cfulist_reset_each
                0x0000a964                cfulist_next_data
                0x0000b848                cfulist_dequeue_string
                0x0000b030                cfulist_new_with_free_fn
                0x0000b068                cfulist_pop_string
                0x0000ac00                cfulist_foreach
                0x0000aaa8                cfulist_push_data
                0x0000ae70                cfulist_pop
                0x0000b5f4                cfulist_push
                0x0000b100                cfulist_map
                0x0000b970                cfulist_destroy
                0x0000b75c                cfulist_dequeue
                0x0000ab30                cfulist_first_data
                0x0000b668                cfulist_shift_string
 .text          0x0000ba20      0xb48 release/cfuopt.os
                0x0000bd04                cfuopt_pretty_print
                0x0000be10                cfuopt_destroy
                0x0000ba3c                cfuopt_get_help_str
                0x0000c104                cfuopt_parse
                0x0000bc3c                _param_map_fn
                0x0000c0d0                cfuopt_new
                0x0000be54                cfuopt_add_entry
 .text          0x0000c568     0x1e74 release/cfustring.os
                0x0000d4bc                cfustring_c_str_split
                0x0000c668                cfustring_append_n
                0x0000c810                cfustring_dup_c_str_n
                0x0000cfbc                cfustring_dup
                0x0000d0e0                cfustring_split_to_c_str
                0x0000c568                cfustring_clear
                0x0000e354                cfustring_sprintf_c_str
                0x0000c5fc                cfustring_dup_c_str
                0x0000cde4                cfustring_append
                0x0000c850                cfustring_new
                0x0000c86c                cfustring_split
                0x0000e324                cfustring_sprintf
                0x0000c630                cfustring_get_buffer_copy
                0x0000c588                cfustring_get_buffer
                0x0000cebc                cfustring_new_from_string
                0x0000c590                cfustring_new_with_initial_size
                0x0000c5dc                cfustring_destroy
                0x0000d9e0                cfustring_vsprintf
 .text          0x0000e3dc      0x284 release/cfuthread_queue.os
                0x0000e5e8                cfuthread_queue_new
                0x0000e4c0                cfuthread_queue_new_with_cleanup
                0x0000e3dc                cfuthread_queue_destroy
                0x0000e424                cfuthread_queue_make_request
 .text          0x0000e660       0x80 release/cfutime.os
                0x0000e6c4                cfutime_new
                0x0000e6ac                cfutime_end
                0x0000e6b8                cfutime_begin
                0x0000e660                cfutime_elapsed
                0x0000e6a8                cfutime_free
 .text          0x0000e6e0        0x0 release/libcfu-config.os
 .text          0x0000e6e0        0x0 /Applications/Marmalade.app/Contents/s3e/edk/lib/android/libedk.a(edk_helpers.o)
 .text.s3eEdkThreadRunOnOSAsync
                0x0000e6e0       0x30 /Applications/Marmalade.app/Contents/s3e/edk/lib/android/libedk.a(edk_helpers.o)
                0x0000e6e0                s3eEdkThreadRunOnOSAsync
 .text.s3eEdkThreadRunOnOS
                0x0000e710       0x30 /Applications/Marmalade.app/Contents/s3e/edk/lib/android/libedk.a(edk_helpers.o)
                0x0000e710                s3eEdkThreadRunOnOS
 .text.s3eEdkErrorSetString
                0x0000e740       0x30 /Applications/Marmalade.app/Contents/s3e/edk/lib/android/libedk.a(edk_helpers.o)
                0x0000e740                s3eEdkErrorSetString
 .text          0x0000e770        0x0 /Developer/android-ndk-r8/sources/cxx-stl/gnu-libstdc++/libs/armeabi/libgnustl_static.a(del_op.o)
 .text._ZdlPv   0x0000e770        0xc /Developer/android-ndk-r8/sources/cxx-stl/gnu-libstdc++/libs/armeabi/libgnustl_static.a(del_op.o)
                0x0000e770                _ZdlPv
 .text          0x0000e77c       0xc4 /Developer/android-ndk-r8/toolchains/arm-linux-androideabi-4.4.3/prebuilt/darwin-x86/bin/../lib/gcc/arm-linux-androideabi/4.4.3/libgcc.a(_udivsi3.o)
                0x0000e77c                __udivsi3
                0x0000e77c                __aeabi_uidiv
                0x0000e828                __aeabi_uidivmod
 .text          0x0000e840       0x10 /Developer/android-ndk-r8/toolchains/arm-linux-androideabi-4.4.3/prebuilt/darwin-x86/bin/../lib/gcc/arm-linux-androideabi/4.4.3/libgcc.a(_dvmd_lnx.o)
                0x0000e840                __div0
 .text          0x0000e850        0x0 /Developer/android-ndk-r8/platforms/android-9/arch-arm/usr/lib/crtend_so.o
 *(.gnu.warning)
 *(.glue_7t)
 .glue_7t       0x00000000        0x0 linker stubs
 *(.glue_7)
 .glue_7        0x00000000        0x0 linker stubs
 *(.vfp11_veneer)
 .vfp11_veneer  0x00000000        0x0 linker stubs
 *(.v4_bx)
 .v4_bx         0x00000000        0x0 linker stubs

.fini
 *(.fini)
                0x0000e850                PROVIDE (__etext, .)
                0x0000e850                PROVIDE (_etext, .)
                0x0000e850                PROVIDE (etext, .)

.rodata         0x0000e850      0xe44
 *(.rodata .rodata.* .gnu.linkonce.r.*)
 .rodata.str1.4
                0x0000e850      0xcbd release/FuseAPI_platform.os
                                0xcc0 (size before relaxing)
 *fill*         0x0000f50d        0x3 00
 .rodata.str1.4
                0x0000f510        0x8 release/FuseAPI_register.os
 .rodata.str1.4
                0x0000f518       0xaf release/cfuconf.os
                                 0xb8 (size before relaxing)
 *fill*         0x0000f5c7        0x1 00
 .rodata.str1.4
                0x0000f5c8       0x1c release/cfuhash.os
                                 0x24 (size before relaxing)
 .rodata.str1.4
                0x0000f5e4       0xa6 release/cfuopt.os
                                 0xb4 (size before relaxing)
 *fill*         0x0000f68a        0x2 00
 .rodata.str1.4
                0x0000f68c        0x8 release/cfustring.os

.rodata1
 *(.rodata1)

.ARM.extab      0x0000f694        0x0
 *(.ARM.extab* .gnu.linkonce.armextab.*)
 .ARM.extab.text._ZdlPv
                0x0000f694        0x0 /Developer/android-ndk-r8/sources/cxx-stl/gnu-libstdc++/libs/armeabi/libgnustl_static.a(del_op.o)
                0x0000f694                __exidx_start = .

.ARM.exidx      0x0000f694        0x8
 *(.ARM.exidx* .gnu.linkonce.armexidx.*)
 .ARM.exidx.text._ZdlPv
                0x0000f694        0x8 /Developer/android-ndk-r8/sources/cxx-stl/gnu-libstdc++/libs/armeabi/libgnustl_static.a(del_op.o)
                0x0000f69c                __exidx_end = .

.eh_frame_hdr
 *(.eh_frame_hdr)

.eh_frame
 *(.eh_frame)

.gcc_except_table
 *(.gcc_except_table .gcc_except_table.*)
                0x0000f69c                . = (ALIGN (0x1000) - ((0x1000 - .) & 0xfff))
                0x0001069c                . = (0x1000 DATA_SEGMENT_ALIGN 0x1000)

.eh_frame
 *(.eh_frame)

.gcc_except_table
 *(.gcc_except_table .gcc_except_table.*)

.tdata
 *(.tdata .tdata.* .gnu.linkonce.td.*)

.tbss
 *(.tbss .tbss.* .gnu.linkonce.tb.*)
 *(.tcommon)

.preinit_array
 *(.preinit_array)

.init_array     0x0001069c        0xc
 *(SORT(.init_array.*))
 *(.init_array)
 .init_array    0x0001069c        0x4 /Developer/android-ndk-r8/platforms/android-9/arch-arm/usr/lib/crtbegin_so.o
                0x0001069c                __INIT_ARRAY__
 .init_array    0x000106a0        0x4 release/FuseAPI_platform.os
 .init_array    0x000106a4        0x4 /Developer/android-ndk-r8/platforms/android-9/arch-arm/usr/lib/crtend_so.o

.fini_array     0x000106a8        0xc
 *(.fini_array)
 .fini_array    0x000106a8        0x8 /Developer/android-ndk-r8/platforms/android-9/arch-arm/usr/lib/crtbegin_so.o
                0x000106a8                __FINI_ARRAY__
 .fini_array    0x000106b0        0x4 /Developer/android-ndk-r8/platforms/android-9/arch-arm/usr/lib/crtend_so.o
 *(SORT(.fini_array.*))

.ctors
 *crtbegin.o(.ctors)
 *crtbegin?.o(.ctors)
 *(EXCLUDE_FILE(*crtend?.o *crtend.o) .ctors)
 *(SORT(.ctors.*))
 *(.ctors)

.dtors
 *crtbegin.o(.dtors)
 *crtbegin?.o(.dtors)
 *(EXCLUDE_FILE(*crtend?.o *crtend.o) .dtors)
 *(SORT(.dtors.*))
 *(.dtors)

.jcr
 *(.jcr)

.data.rel.ro    0x000106b4      0x18c
 *(.data.rel.ro.local* .gnu.linkonce.d.rel.ro.local.*)
 *(.data.rel.ro* .gnu.linkonce.d.rel.ro.*)
 .data.rel.ro   0x000106b4      0x18c release/FuseAPI_platform.os

.dynamic        0x00010840       0xf0
 *(.dynamic)
 .dynamic       0x00010840       0xf0 /Developer/android-ndk-r8/platforms/android-9/arch-arm/usr/lib/crtbegin_so.o
                0x00010840                _DYNAMIC
                0x00010930                . = (. DATA_SEGMENT_RELRO_END 0x0)

.got            0x00010930      0x1a4
 *(.got.plt)
 .got.plt       0x00010930       0xc4 /Developer/android-ndk-r8/platforms/android-9/arch-arm/usr/lib/crtbegin_so.o
                0x00010930                _GLOBAL_OFFSET_TABLE_
 *(.got)
 .got           0x000109f4       0xe0 /Developer/android-ndk-r8/platforms/android-9/arch-arm/usr/lib/crtbegin_so.o

.data           0x00010ad4        0x0
                0x00010ad4                __data_start = .
 *(.data .data.* .gnu.linkonce.d.*)
 .data          0x00010ad4        0x0 /Developer/android-ndk-r8/platforms/android-9/arch-arm/usr/lib/crtbegin_so.o
 .data          0x00010ad4        0x0 release/FuseAPI_platform.os
 .data          0x00010ad4        0x0 release/FuseAPI.os
 .data          0x00010ad4        0x0 release/FuseAPI_register.os
 .data          0x00010ad4        0x0 release/cfu.os
 .data          0x00010ad4        0x0 release/cfuconf.os
 .data          0x00010ad4        0x0 release/cfuhash.os
 .data          0x00010ad4        0x0 release/cfulist.os
 .data          0x00010ad4        0x0 release/cfuopt.os
 .data          0x00010ad4        0x0 release/cfustring.os
 .data          0x00010ad4        0x0 release/cfuthread_queue.os
 .data          0x00010ad4        0x0 release/cfutime.os
 .data          0x00010ad4        0x0 release/libcfu-config.os
 .data          0x00010ad4        0x0 /Applications/Marmalade.app/Contents/s3e/edk/lib/android/libedk.a(edk_helpers.o)
 .data          0x00010ad4        0x0 /Developer/android-ndk-r8/sources/cxx-stl/gnu-libstdc++/libs/armeabi/libgnustl_static.a(del_op.o)
 .data          0x00010ad4        0x0 /Developer/android-ndk-r8/toolchains/arm-linux-androideabi-4.4.3/prebuilt/darwin-x86/bin/../lib/gcc/arm-linux-androideabi/4.4.3/libgcc.a(_udivsi3.o)
 .data          0x00010ad4        0x0 /Developer/android-ndk-r8/toolchains/arm-linux-androideabi-4.4.3/prebuilt/darwin-x86/bin/../lib/gcc/arm-linux-androideabi/4.4.3/libgcc.a(_dvmd_lnx.o)
 .data          0x00010ad4        0x0 /Developer/android-ndk-r8/platforms/android-9/arch-arm/usr/lib/crtend_so.o

.data1
 *(.data1)
                0x00010ad4                _edata = .
                0x00010ad4                PROVIDE (edata, .)
                0x00010ad4                __bss_start = .
                0x00010ad4                __bss_start__ = .

.bss            0x00010ae0      0x114
 *(.dynbss)
 .dynbss        0x00000000        0x0 /Developer/android-ndk-r8/platforms/android-9/arch-arm/usr/lib/crtbegin_so.o
 *(.bss .bss.* .gnu.linkonce.b.*)
 .bss           0x00010ae0       0x10 /Developer/android-ndk-r8/platforms/android-9/arch-arm/usr/lib/crtbegin_so.o
                0x00010ae0                __dso_handle
 .bss           0x00010af0      0x104 release/FuseAPI_platform.os
                0x00010af4                g_playerList
                0x00010af0                g_playerIndex
                0x00010af8                g_numMailEntries
                0x00010afc                g_mailList
                0x00010b00                gameData
                0x00010b04                gameConfig
 .bss           0x00010bf4        0x0 release/FuseAPI.os
 .bss           0x00010bf4        0x0 release/FuseAPI_register.os
 .bss           0x00010bf4        0x0 release/cfu.os
 .bss           0x00010bf4        0x0 release/cfuconf.os
 .bss           0x00010bf4        0x0 release/cfuhash.os
 .bss           0x00010bf4        0x0 release/cfulist.os
 .bss           0x00010bf4        0x0 release/cfuopt.os
 .bss           0x00010bf4        0x0 release/cfustring.os
 .bss           0x00010bf4        0x0 release/cfuthread_queue.os
 .bss           0x00010bf4        0x0 release/cfutime.os
 .bss           0x00010bf4        0x0 release/libcfu-config.os
 .bss           0x00010bf4        0x0 /Applications/Marmalade.app/Contents/s3e/edk/lib/android/libedk.a(edk_helpers.o)
 .bss           0x00010bf4        0x0 /Developer/android-ndk-r8/sources/cxx-stl/gnu-libstdc++/libs/armeabi/libgnustl_static.a(del_op.o)
 .bss           0x00010bf4        0x0 /Developer/android-ndk-r8/toolchains/arm-linux-androideabi-4.4.3/prebuilt/darwin-x86/bin/../lib/gcc/arm-linux-androideabi/4.4.3/libgcc.a(_udivsi3.o)
 .bss           0x00010bf4        0x0 /Developer/android-ndk-r8/toolchains/arm-linux-androideabi-4.4.3/prebuilt/darwin-x86/bin/../lib/gcc/arm-linux-androideabi/4.4.3/libgcc.a(_dvmd_lnx.o)
 .bss           0x00010bf4        0x0 /Developer/android-ndk-r8/platforms/android-9/arch-arm/usr/lib/crtend_so.o
 *(COMMON)
                0x00010bf4                . = ALIGN ((. != 0x0)?0x4:0x1)
                0x00010bf4                _bss_end__ = .
                0x00010bf4                __bss_end__ = .
                0x00010bf4                . = ALIGN (0x4)
                0x00010bf4                . = ALIGN (0x4)
                0x00010bf4                __end__ = .
                0x00010bf4                _end = .
                0x00010bf4                PROVIDE (end, .)
                0x00010bf4                . = DATA_SEGMENT_END (.)

.stab
 *(.stab)

.stabstr
 *(.stabstr)

.stab.excl
 *(.stab.excl)

.stab.exclstr
 *(.stab.exclstr)

.stab.index
 *(.stab.index)

.stab.indexstr
 *(.stab.indexstr)

.comment        0x00000000       0xfc
 *(.comment)
 .comment       0x00000000       0x12 release/FuseAPI_platform.os
 .comment       0x00000012       0x12 release/FuseAPI.os
 .comment       0x00000024       0x12 release/FuseAPI_register.os
 .comment       0x00000036       0x12 release/cfu.os
 .comment       0x00000048       0x12 release/cfuconf.os
 .comment       0x0000005a       0x12 release/cfuhash.os
 .comment       0x0000006c       0x12 release/cfulist.os
 .comment       0x0000007e       0x12 release/cfuopt.os
 .comment       0x00000090       0x12 release/cfustring.os
 .comment       0x000000a2       0x12 release/cfuthread_queue.os
 .comment       0x000000b4       0x12 release/cfutime.os
 .comment       0x000000c6       0x12 release/libcfu-config.os
 .comment       0x000000d8       0x12 /Applications/Marmalade.app/Contents/s3e/edk/lib/android/libedk.a(edk_helpers.o)
 .comment       0x000000ea       0x12 /Developer/android-ndk-r8/sources/cxx-stl/gnu-libstdc++/libs/armeabi/libgnustl_static.a(del_op.o)

.debug
 *(.debug)

.line
 *(.line)

.debug_srcinfo
 *(.debug_srcinfo)

.debug_sfnames
 *(.debug_sfnames)

.debug_aranges  0x00000000       0x40
 *(.debug_aranges)
 .debug_aranges
                0x00000000       0x20 /Developer/android-ndk-r8/toolchains/arm-linux-androideabi-4.4.3/prebuilt/darwin-x86/bin/../lib/gcc/arm-linux-androideabi/4.4.3/libgcc.a(_udivsi3.o)
 .debug_aranges
                0x00000020       0x20 /Developer/android-ndk-r8/toolchains/arm-linux-androideabi-4.4.3/prebuilt/darwin-x86/bin/../lib/gcc/arm-linux-androideabi/4.4.3/libgcc.a(_dvmd_lnx.o)

.debug_pubnames
 *(.debug_pubnames)

.debug_info     0x00000000      0x1e6
 *(.debug_info .gnu.linkonce.wi.*)
 .debug_info    0x00000000       0xf3 /Developer/android-ndk-r8/toolchains/arm-linux-androideabi-4.4.3/prebuilt/darwin-x86/bin/../lib/gcc/arm-linux-androideabi/4.4.3/libgcc.a(_udivsi3.o)
 .debug_info    0x000000f3       0xf3 /Developer/android-ndk-r8/toolchains/arm-linux-androideabi-4.4.3/prebuilt/darwin-x86/bin/../lib/gcc/arm-linux-androideabi/4.4.3/libgcc.a(_dvmd_lnx.o)

.debug_abbrev   0x00000000       0x28
 *(.debug_abbrev)
 .debug_abbrev  0x00000000       0x14 /Developer/android-ndk-r8/toolchains/arm-linux-androideabi-4.4.3/prebuilt/darwin-x86/bin/../lib/gcc/arm-linux-androideabi/4.4.3/libgcc.a(_udivsi3.o)
 .debug_abbrev  0x00000014       0x14 /Developer/android-ndk-r8/toolchains/arm-linux-androideabi-4.4.3/prebuilt/darwin-x86/bin/../lib/gcc/arm-linux-androideabi/4.4.3/libgcc.a(_dvmd_lnx.o)

.debug_line     0x00000000      0x17f
 *(.debug_line)
 .debug_line    0x00000000       0xd0 /Developer/android-ndk-r8/toolchains/arm-linux-androideabi-4.4.3/prebuilt/darwin-x86/bin/../lib/gcc/arm-linux-androideabi/4.4.3/libgcc.a(_udivsi3.o)
 .debug_line    0x000000d0       0xaf /Developer/android-ndk-r8/toolchains/arm-linux-androideabi-4.4.3/prebuilt/darwin-x86/bin/../lib/gcc/arm-linux-androideabi/4.4.3/libgcc.a(_dvmd_lnx.o)

.debug_frame    0x00000000       0x28
 *(.debug_frame)
 .debug_frame   0x00000000       0x28 /Developer/android-ndk-r8/toolchains/arm-linux-androideabi-4.4.3/prebuilt/darwin-x86/bin/../lib/gcc/arm-linux-androideabi/4.4.3/libgcc.a(_udivsi3.o)

.debug_str
 *(.debug_str)

.debug_loc
 *(.debug_loc)

.debug_macinfo
 *(.debug_macinfo)

.debug_weaknames
 *(.debug_weaknames)

.debug_funcnames
 *(.debug_funcnames)

.debug_typenames
 *(.debug_typenames)

.debug_varnames
 *(.debug_varnames)

.debug_pubtypes
 *(.debug_pubtypes)

.debug_ranges
 *(.debug_ranges)

.gnu.attributes
 *(.gnu.attributes)

.note.gnu.arm.ident
 *(.note.gnu.arm.ident)

/DISCARD/
 *(.note.GNU-stack)
 *(.gnu_debuglink)
OUTPUT(/Applications/Marmalade.app/Contents/extensions/FuseAPI/lib/android/libFuseAPI.so elf32-littlearm)

.ARM.attributes
                0x00000000       0x2b
 .ARM.attributes
                0x00000000       0x19 /Developer/android-ndk-r8/platforms/android-9/arch-arm/usr/lib/crtbegin_so.o
 .ARM.attributes
                0x00000019       0x2d release/FuseAPI_platform.os
 .ARM.attributes
                0x00000046       0x2b release/FuseAPI.os
 .ARM.attributes
                0x00000071       0x2b release/FuseAPI_register.os
 .ARM.attributes
                0x0000009c       0x2b release/cfu.os
 .ARM.attributes
                0x000000c7       0x2b release/cfuconf.os
 .ARM.attributes
                0x000000f2       0x2d release/cfuhash.os
 .ARM.attributes
                0x0000011f       0x2b release/cfulist.os
 .ARM.attributes
                0x0000014a       0x2b release/cfuopt.os
 .ARM.attributes
                0x00000175       0x2d release/cfustring.os
 .ARM.attributes
                0x000001a2       0x2b release/cfuthread_queue.os
 .ARM.attributes
                0x000001cd       0x2d release/cfutime.os
 .ARM.attributes
                0x000001fa       0x29 release/libcfu-config.os
 .ARM.attributes
                0x00000223       0x2b /Applications/Marmalade.app/Contents/s3e/edk/lib/android/libedk.a(edk_helpers.o)
 .ARM.attributes
                0x0000024e       0x29 /Developer/android-ndk-r8/sources/cxx-stl/gnu-libstdc++/libs/armeabi/libgnustl_static.a(del_op.o)
 .ARM.attributes
                0x00000277       0x19 /Developer/android-ndk-r8/toolchains/arm-linux-androideabi-4.4.3/prebuilt/darwin-x86/bin/../lib/gcc/arm-linux-androideabi/4.4.3/libgcc.a(_udivsi3.o)
 .ARM.attributes
                0x00000290       0x19 /Developer/android-ndk-r8/toolchains/arm-linux-androideabi-4.4.3/prebuilt/darwin-x86/bin/../lib/gcc/arm-linux-androideabi/4.4.3/libgcc.a(_dvmd_lnx.o)
 .ARM.attributes
                0x000002a9       0x17 /Developer/android-ndk-r8/platforms/android-9/arch-arm/usr/lib/crtend_so.o
