Archive member included because of file (symbol)

C:\depot\Projects\Marmalade\6.3\s3e\edk\lib\android\libedk.a(edk_helpers.o)
                              release\FuseAPI_platform.os (s3eEdkThreadRunOnOS)
C:\android-ndk-r8d\sources\cxx-stl\gnu-libstdc++\4.4.3\libs\armeabi\libgnustl_static.a(del_op.o)
                              release\FuseAPI_platform.os (operator delete(void*))
c:/android-ndk-r8d/toolchains/arm-linux-androideabi-4.4.3/prebuilt/windows/bin/../lib/gcc/arm-linux-androideabi/4.4.3\libgcc.a(_udivsi3.o)
                              release\cfuhash.os (__aeabi_uidiv)
c:/android-ndk-r8d/toolchains/arm-linux-androideabi-4.4.3/prebuilt/windows/bin/../lib/gcc/arm-linux-androideabi/4.4.3\libgcc.a(_dvmd_lnx.o)
                              c:/android-ndk-r8d/toolchains/arm-linux-androideabi-4.4.3/prebuilt/windows/bin/../lib/gcc/arm-linux-androideabi/4.4.3\libgcc.a(_udivsi3.o) (__div0)
c:/android-ndk-r8d/toolchains/arm-linux-androideabi-4.4.3/prebuilt/windows/bin/../lib/gcc/arm-linux-androideabi/4.4.3\libgcc.a(unwind-arm.o)
                              C:\android-ndk-r8d\sources\cxx-stl\gnu-libstdc++\4.4.3\libs\armeabi\libgnustl_static.a(del_op.o) (__aeabi_unwind_cpp_pr0)
c:/android-ndk-r8d/toolchains/arm-linux-androideabi-4.4.3/prebuilt/windows/bin/../lib/gcc/arm-linux-androideabi/4.4.3\libgcc.a(libunwind.o)
                              c:/android-ndk-r8d/toolchains/arm-linux-androideabi-4.4.3/prebuilt/windows/bin/../lib/gcc/arm-linux-androideabi/4.4.3\libgcc.a(unwind-arm.o) (restore_core_regs)
c:/android-ndk-r8d/toolchains/arm-linux-androideabi-4.4.3/prebuilt/windows/bin/../lib/gcc/arm-linux-androideabi/4.4.3\libgcc.a(pr-support.o)
                              c:/android-ndk-r8d/toolchains/arm-linux-androideabi-4.4.3/prebuilt/windows/bin/../lib/gcc/arm-linux-androideabi/4.4.3\libgcc.a(unwind-arm.o) (__gnu_unwind_execute)

Discarded input sections

 .text          0x00000000        0x0 C:/android-ndk-r8d/platforms/android-9/arch-arm/usr/lib/crtbegin_so.o
 .bss           0x00000000        0x0 C:/android-ndk-r8d/platforms/android-9/arch-arm/usr/lib/crtbegin_so.o
 .note.GNU-stack
                0x00000000        0x0 C:/android-ndk-r8d/platforms/android-9/arch-arm/usr/lib/crtbegin_so.o
 _ZN7_JNIEnv11GetMethodIDEP7_jclassPKcS3_
                0x00000000        0x0 release\FuseAPI_platform.os
 _ZN7_JNIEnv14CallVoidMethodEP8_jobjectP10_jmethodIDz
                0x00000000        0x0 release\FuseAPI_platform.os
 _ZN7_JNIEnv16CallObjectMethodEP8_jobjectP10_jmethodIDz
                0x00000000        0x0 release\FuseAPI_platform.os
 _ZN7_JNIEnv13CallIntMethodEP8_jobjectP10_jmethodIDz
                0x00000000        0x0 release\FuseAPI_platform.os
 _ZN7_JNIEnv17CallBooleanMethodEP8_jobjectP10_jmethodIDz
                0x00000000        0x0 release\FuseAPI_platform.os
 _ZN7_JNIEnv9NewObjectEP7_jclassP10_jmethodIDz
                0x00000000        0x0 release\FuseAPI_platform.os
 .text          0x00000000        0x0 release\FuseAPI_platform.os
 .data          0x00000000        0x0 release\FuseAPI_platform.os
 .note.GNU-stack
                0x00000000        0x0 release\FuseAPI_platform.os
 .text          0x00000000        0x0 release\FuseAPI.os
 .data          0x00000000        0x0 release\FuseAPI.os
 .bss           0x00000000        0x0 release\FuseAPI.os
 .note.GNU-stack
                0x00000000        0x0 release\FuseAPI.os
 .text          0x00000000        0x0 release\FuseAPI_register.os
 .data          0x00000000        0x0 release\FuseAPI_register.os
 .bss           0x00000000        0x0 release\FuseAPI_register.os
 .text._Z18FuseAPIRegisterExtv
                0x00000000        0x0 release\FuseAPI_register.os
 .note.GNU-stack
                0x00000000        0x0 release\FuseAPI_register.os
 .text          0x00000000        0x0 release\cfu.os
 .data          0x00000000        0x0 release\cfu.os
 .bss           0x00000000        0x0 release\cfu.os
 .text.cfu_get_type
                0x00000000        0x0 release\cfu.os
 .text.cfu_is_hash
                0x00000000        0x0 release\cfu.os
 .text.cfu_is_list
                0x00000000        0x0 release\cfu.os
 .text.cfu_is_string
                0x00000000        0x0 release\cfu.os
 .text.cfu_is_time
                0x00000000        0x0 release\cfu.os
 .text.cfu_is_conf
                0x00000000        0x0 release\cfu.os
 .note.GNU-stack
                0x00000000        0x0 release\cfu.os
 .text          0x00000000        0x0 release\cfuconf.os
 .data          0x00000000        0x0 release\cfuconf.os
 .bss           0x00000000        0x0 release\cfuconf.os
 .text.cfuconf_get_containers
                0x00000000        0x0 release\cfuconf.os
 .text.cfuconf_get_directives
                0x00000000        0x0 release\cfuconf.os
 .text._free_val_fn
                0x00000000        0x0 release\cfuconf.os
 .text.print_container_foreach_fn
                0x00000000        0x0 release\cfuconf.os
 .text.print_sub_container_foreach_fn
                0x00000000        0x0 release\cfuconf.os
 .text.print_conf_foreach_directive
                0x00000000        0x0 release\cfuconf.os
 .text.print_directive_list_foreach_fn
                0x00000000        0x0 release\cfuconf.os
 .text.cfuconf_get_directive_n_args
                0x00000000        0x0 release\cfuconf.os
 .text.cfuconf_get_directive_two_args
                0x00000000        0x0 release\cfuconf.os
 .text.cfuconf_destroy
                0x00000000        0x0 release\cfuconf.os
 .text._container_free_hashes_fn
                0x00000000        0x0 release\cfuconf.os
 .text._directive_free_fn
                0x00000000        0x0 release\cfuconf.os
 .text._directive_free_val_list_fn
                0x00000000        0x0 release\cfuconf.os
 .text._cfuconf_parse_list
                0x00000000        0x0 release\cfuconf.os
 .text.cfuconf_parse_buffer
                0x00000000        0x0 release\cfuconf.os
 .text.cfuconf_parse_file
                0x00000000        0x0 release\cfuconf.os
 .text.cfuconf_get_directive_one_arg
                0x00000000        0x0 release\cfuconf.os
 .text.cfuconf_pretty_print_conf
                0x00000000        0x0 release\cfuconf.os
 .text._container_free_fn
                0x00000000        0x0 release\cfuconf.os
 .rodata.str1.4
                0x00000000        0x0 release\cfuconf.os
 .note.GNU-stack
                0x00000000        0x0 release\cfuconf.os
 .text          0x00000000        0x0 release\cfuhash.os
 .data          0x00000000        0x0 release\cfuhash.os
 .bss           0x00000000        0x0 release\cfuhash.os
 .text.cfuhash_get_flags
                0x00000000        0x0 release\cfuhash.os
 .text.cfuhash_set_flag
                0x00000000        0x0 release\cfuhash.os
 .text.cfuhash_clear_flag
                0x00000000        0x0 release\cfuhash.os
 .text.cfuhash_set_thresholds
                0x00000000        0x0 release\cfuhash.os
 .text.cfuhash_set_hash_function
                0x00000000        0x0 release\cfuhash.os
 .text.cfuhash_set_free_function
                0x00000000        0x0 release\cfuhash.os
 .text.cfuhash_next_data
                0x00000000        0x0 release\cfuhash.os
 .text.cfuhash_num_buckets
                0x00000000        0x0 release\cfuhash.os
 .text.cfuhash_lock
                0x00000000        0x0 release\cfuhash.os
 .text.cfuhash_unlock
                0x00000000        0x0 release\cfuhash.os
 .text._pretty_print_foreach
                0x00000000        0x0 release\cfuhash.os
 .text.cfuhash_num_buckets_used
                0x00000000        0x0 release\cfuhash.os
 .text.cfuhash_destroy_with_free_fn
                0x00000000        0x0 release\cfuhash.os
 .text.cfuhash_foreach_remove
                0x00000000        0x0 release\cfuhash.os
 .text.cfuhash_foreach
                0x00000000        0x0 release\cfuhash.os
 .text.cfuhash_pretty_print
                0x00000000        0x0 release\cfuhash.os
 .text.cfuhash_keys_data
                0x00000000        0x0 release\cfuhash.os
 .text.cfuhash_rehash
                0x00000000        0x0 release\cfuhash.os
 .text.cfuhash_each_data
                0x00000000        0x0 release\cfuhash.os
 .text.cfuhash_get_data
                0x00000000        0x0 release\cfuhash.os
 .text.cfuhash_new
                0x00000000        0x0 release\cfuhash.os
 .text.cfuhash_new_with_flags
                0x00000000        0x0 release\cfuhash.os
 .text.cfuhash_new_with_free_fn
                0x00000000        0x0 release\cfuhash.os
 .text.cfuhash_bencode_strings
                0x00000000        0x0 release\cfuhash.os
 .text.cfuhash_delete
                0x00000000        0x0 release\cfuhash.os
 .text.cfuhash_keys
                0x00000000        0x0 release\cfuhash.os
 .text.cfuhash_exists
                0x00000000        0x0 release\cfuhash.os
 .text.cfuhash_exists_data
                0x00000000        0x0 release\cfuhash.os
 .text.cfuhash_get
                0x00000000        0x0 release\cfuhash.os
 .text.cfuhash_copy
                0x00000000        0x0 release\cfuhash.os
 .text.cfuhash_merge
                0x00000000        0x0 release\cfuhash.os
 .text.cfuhash_delete_data
                0x00000000        0x0 release\cfuhash.os
 .text.cfuhash_put_data
                0x00000000        0x0 release\cfuhash.os
 .rodata.str1.4
                0x00000000        0x0 release\cfuhash.os
 .note.GNU-stack
                0x00000000        0x0 release\cfuhash.os
 .text          0x00000000        0x0 release\cfulist.os
 .data          0x00000000        0x0 release\cfulist.os
 .bss           0x00000000        0x0 release\cfulist.os
 .text.cfulist_num_entries
                0x00000000        0x0 release\cfulist.os
 .text.cfulist_reset_each
                0x00000000        0x0 release\cfulist.os
 .text.cfulist_next_data
                0x00000000        0x0 release\cfulist.os
 .text._join_foreach_fn
                0x00000000        0x0 release\cfulist.os
 .text.cfulist_new
                0x00000000        0x0 release\cfulist.os
 .text.cfulist_unshift_data
                0x00000000        0x0 release\cfulist.os
 .text.cfulist_push_data
                0x00000000        0x0 release\cfulist.os
 .text.cfulist_first_data
                0x00000000        0x0 release\cfulist.os
 .text.cfulist_last_data
                0x00000000        0x0 release\cfulist.os
 .text.cfulist_foreach
                0x00000000        0x0 release\cfulist.os
 .text.cfulist_nth_data
                0x00000000        0x0 release\cfulist.os
 .text.cfulist_destroy_with_free_fn
                0x00000000        0x0 release\cfulist.os
 .text.cfulist_shift_data
                0x00000000        0x0 release\cfulist.os
 .text.cfulist_pop
                0x00000000        0x0 release\cfulist.os
 .text.cfulist_pop_data
                0x00000000        0x0 release\cfulist.os
 .text.cfulist_each_data
                0x00000000        0x0 release\cfulist.os
 .text.cfulist_new_with_free_fn
                0x00000000        0x0 release\cfulist.os
 .text.cfulist_pop_string
                0x00000000        0x0 release\cfulist.os
 .text.cfulist_map
                0x00000000        0x0 release\cfulist.os
 .text.cfulist_join
                0x00000000        0x0 release\cfulist.os
 .text.cfulist_unshift_string
                0x00000000        0x0 release\cfulist.os
 .text.cfulist_enqueue_data
                0x00000000        0x0 release\cfulist.os
 .text.cfulist_enqueue_string
                0x00000000        0x0 release\cfulist.os
 .text.cfulist_enqueue
                0x00000000        0x0 release\cfulist.os
 .text.cfulist_dequeue_data
                0x00000000        0x0 release\cfulist.os
 .text.cfulist_push_string
                0x00000000        0x0 release\cfulist.os
 .text.cfulist_push
                0x00000000        0x0 release\cfulist.os
 .text.cfulist_shift_string
                0x00000000        0x0 release\cfulist.os
 .text.cfulist_shift
                0x00000000        0x0 release\cfulist.os
 .text.cfulist_dequeue
                0x00000000        0x0 release\cfulist.os
 .text.cfulist_unshift
                0x00000000        0x0 release\cfulist.os
 .text.cfulist_dequeue_string
                0x00000000        0x0 release\cfulist.os
 .text._cfulist_map_foreach
                0x00000000        0x0 release\cfulist.os
 .text.cfulist_destroy
                0x00000000        0x0 release\cfulist.os
 .note.GNU-stack
                0x00000000        0x0 release\cfulist.os
 .text          0x00000000        0x0 release\cfuopt.os
 .data          0x00000000        0x0 release\cfuopt.os
 .bss           0x00000000        0x0 release\cfuopt.os
 .text._update_extra
                0x00000000        0x0 release\cfuopt.os
 .text.cfuopt_get_help_str
                0x00000000        0x0 release\cfuopt.os
 .text._simple_list_free_fn
                0x00000000        0x0 release\cfuopt.os
 .text._desc_list_free
                0x00000000        0x0 release\cfuopt.os
 .text._list_simple_free_fn
                0x00000000        0x0 release\cfuopt.os
 .text._opt_list_free_fn
                0x00000000        0x0 release\cfuopt.os
 .text._get_help_lines
                0x00000000        0x0 release\cfuopt.os
 .text._find_foreach_fn
                0x00000000        0x0 release\cfuopt.os
 .text._param_map_fn
                0x00000000        0x0 release\cfuopt.os
 .text.cfuopt_pretty_print
                0x00000000        0x0 release\cfuopt.os
 .text._cfuopt_pretty_print_foreach
                0x00000000        0x0 release\cfuopt.os
 .text.cfuopt_destroy
                0x00000000        0x0 release\cfuopt.os
 .text.cfuopt_add_entry
                0x00000000        0x0 release\cfuopt.os
 .text._add_to_option_map
                0x00000000        0x0 release\cfuopt.os
 .text.cfuopt_new
                0x00000000        0x0 release\cfuopt.os
 .text.cfuopt_parse
                0x00000000        0x0 release\cfuopt.os
 .rodata.str1.4
                0x00000000        0x0 release\cfuopt.os
 .note.GNU-stack
                0x00000000        0x0 release\cfuopt.os
 .text          0x00000000        0x0 release\cfustring.os
 .data          0x00000000        0x0 release\cfustring.os
 .bss           0x00000000        0x0 release\cfustring.os
 .text.cfustring_clear
                0x00000000        0x0 release\cfustring.os
 .text.cfustring_get_buffer
                0x00000000        0x0 release\cfustring.os
 .text.cfustring_new_with_initial_size
                0x00000000        0x0 release\cfustring.os
 .text.cfustring_destroy
                0x00000000        0x0 release\cfustring.os
 .text.cfustring_dup_c_str
                0x00000000        0x0 release\cfustring.os
 .text.cfustring_get_buffer_copy
                0x00000000        0x0 release\cfustring.os
 .text.cfustring_append_n
                0x00000000        0x0 release\cfustring.os
 .text._safe_sprintf
                0x00000000        0x0 release\cfustring.os
 .text.cfustring_dup_c_str_n
                0x00000000        0x0 release\cfustring.os
 .text.cfustring_new
                0x00000000        0x0 release\cfustring.os
 .text.cfustring_split
                0x00000000        0x0 release\cfustring.os
 .text.cfustring_append
                0x00000000        0x0 release\cfustring.os
 .text.cfustring_new_from_string
                0x00000000        0x0 release\cfustring.os
 .text.cfustring_dup
                0x00000000        0x0 release\cfustring.os
 .text.cfustring_split_to_c_str
                0x00000000        0x0 release\cfustring.os
 .text.cfustring_c_str_split
                0x00000000        0x0 release\cfustring.os
 .text.cfustring_vsprintf
                0x00000000        0x0 release\cfustring.os
 .text.cfustring_sprintf
                0x00000000        0x0 release\cfustring.os
 .text.cfustring_sprintf_c_str
                0x00000000        0x0 release\cfustring.os
 .rodata.str1.4
                0x00000000        0x0 release\cfustring.os
 .note.GNU-stack
                0x00000000        0x0 release\cfustring.os
 .text          0x00000000        0x0 release\cfuthread_queue.os
 .data          0x00000000        0x0 release\cfuthread_queue.os
 .bss           0x00000000        0x0 release\cfuthread_queue.os
 .text.cfuthread_queue_destroy
                0x00000000        0x0 release\cfuthread_queue.os
 .text.cfuthread_queue_make_request
                0x00000000        0x0 release\cfuthread_queue.os
 .text.cfuthread_queue_new_with_cleanup
                0x00000000        0x0 release\cfuthread_queue.os
 .text._run_queue
                0x00000000        0x0 release\cfuthread_queue.os
 .text.cfuthread_queue_new
                0x00000000        0x0 release\cfuthread_queue.os
 .note.GNU-stack
                0x00000000        0x0 release\cfuthread_queue.os
 .text          0x00000000        0x0 release\cfutime.os
 .data          0x00000000        0x0 release\cfutime.os
 .bss           0x00000000        0x0 release\cfutime.os
 .text.cfutime_elapsed
                0x00000000        0x0 release\cfutime.os
 .text.cfutime_free
                0x00000000        0x0 release\cfutime.os
 .text.cfutime_end
                0x00000000        0x0 release\cfutime.os
 .text.cfutime_begin
                0x00000000        0x0 release\cfutime.os
 .text.cfutime_new
                0x00000000        0x0 release\cfutime.os
 .note.GNU-stack
                0x00000000        0x0 release\cfutime.os
 .text          0x00000000        0x0 release\libcfu-config.os
 .data          0x00000000        0x0 release\libcfu-config.os
 .bss           0x00000000        0x0 release\libcfu-config.os
 .note.GNU-stack
                0x00000000        0x0 release\libcfu-config.os
 .text          0x00000000        0x0 C:\depot\Projects\Marmalade\6.3\s3e\edk\lib\android\libedk.a(edk_helpers.o)
 .data          0x00000000        0x0 C:\depot\Projects\Marmalade\6.3\s3e\edk\lib\android\libedk.a(edk_helpers.o)
 .bss           0x00000000        0x0 C:\depot\Projects\Marmalade\6.3\s3e\edk\lib\android\libedk.a(edk_helpers.o)
 .text.s3eEdkThreadRunOnOSAsync
                0x00000000        0x0 C:\depot\Projects\Marmalade\6.3\s3e\edk\lib\android\libedk.a(edk_helpers.o)
 .text.s3eEdkErrorSetString
                0x00000000        0x0 C:\depot\Projects\Marmalade\6.3\s3e\edk\lib\android\libedk.a(edk_helpers.o)
 .note.GNU-stack
                0x00000000        0x0 C:\depot\Projects\Marmalade\6.3\s3e\edk\lib\android\libedk.a(edk_helpers.o)
 .text          0x00000000        0x0 C:\android-ndk-r8d\sources\cxx-stl\gnu-libstdc++\4.4.3\libs\armeabi\libgnustl_static.a(del_op.o)
 .data          0x00000000        0x0 C:\android-ndk-r8d\sources\cxx-stl\gnu-libstdc++\4.4.3\libs\armeabi\libgnustl_static.a(del_op.o)
 .bss           0x00000000        0x0 C:\android-ndk-r8d\sources\cxx-stl\gnu-libstdc++\4.4.3\libs\armeabi\libgnustl_static.a(del_op.o)
 .ARM.extab.text._ZdlPv
                0x00000000        0x0 C:\android-ndk-r8d\sources\cxx-stl\gnu-libstdc++\4.4.3\libs\armeabi\libgnustl_static.a(del_op.o)
 .note.GNU-stack
                0x00000000        0x0 C:\android-ndk-r8d\sources\cxx-stl\gnu-libstdc++\4.4.3\libs\armeabi\libgnustl_static.a(del_op.o)
 .data          0x00000000        0x0 c:/android-ndk-r8d/toolchains/arm-linux-androideabi-4.4.3/prebuilt/windows/bin/../lib/gcc/arm-linux-androideabi/4.4.3\libgcc.a(_udivsi3.o)
 .bss           0x00000000        0x0 c:/android-ndk-r8d/toolchains/arm-linux-androideabi-4.4.3/prebuilt/windows/bin/../lib/gcc/arm-linux-androideabi/4.4.3\libgcc.a(_udivsi3.o)
 .note.GNU-stack
                0x00000000        0x0 c:/android-ndk-r8d/toolchains/arm-linux-androideabi-4.4.3/prebuilt/windows/bin/../lib/gcc/arm-linux-androideabi/4.4.3\libgcc.a(_udivsi3.o)
 .data          0x00000000        0x0 c:/android-ndk-r8d/toolchains/arm-linux-androideabi-4.4.3/prebuilt/windows/bin/../lib/gcc/arm-linux-androideabi/4.4.3\libgcc.a(_dvmd_lnx.o)
 .bss           0x00000000        0x0 c:/android-ndk-r8d/toolchains/arm-linux-androideabi-4.4.3/prebuilt/windows/bin/../lib/gcc/arm-linux-androideabi/4.4.3\libgcc.a(_dvmd_lnx.o)
 .note.GNU-stack
                0x00000000        0x0 c:/android-ndk-r8d/toolchains/arm-linux-androideabi-4.4.3/prebuilt/windows/bin/../lib/gcc/arm-linux-androideabi/4.4.3\libgcc.a(_dvmd_lnx.o)
 .data          0x00000000        0x0 c:/android-ndk-r8d/toolchains/arm-linux-androideabi-4.4.3/prebuilt/windows/bin/../lib/gcc/arm-linux-androideabi/4.4.3\libgcc.a(unwind-arm.o)
 .bss           0x00000000        0x0 c:/android-ndk-r8d/toolchains/arm-linux-androideabi-4.4.3/prebuilt/windows/bin/../lib/gcc/arm-linux-androideabi/4.4.3\libgcc.a(unwind-arm.o)
 .note.GNU-stack
                0x00000000        0x0 c:/android-ndk-r8d/toolchains/arm-linux-androideabi-4.4.3/prebuilt/windows/bin/../lib/gcc/arm-linux-androideabi/4.4.3\libgcc.a(unwind-arm.o)
 .data          0x00000000        0x0 c:/android-ndk-r8d/toolchains/arm-linux-androideabi-4.4.3/prebuilt/windows/bin/../lib/gcc/arm-linux-androideabi/4.4.3\libgcc.a(libunwind.o)
 .bss           0x00000000        0x0 c:/android-ndk-r8d/toolchains/arm-linux-androideabi-4.4.3/prebuilt/windows/bin/../lib/gcc/arm-linux-androideabi/4.4.3\libgcc.a(libunwind.o)
 .note.GNU-stack
                0x00000000        0x0 c:/android-ndk-r8d/toolchains/arm-linux-androideabi-4.4.3/prebuilt/windows/bin/../lib/gcc/arm-linux-androideabi/4.4.3\libgcc.a(libunwind.o)
 .data          0x00000000        0x0 c:/android-ndk-r8d/toolchains/arm-linux-androideabi-4.4.3/prebuilt/windows/bin/../lib/gcc/arm-linux-androideabi/4.4.3\libgcc.a(pr-support.o)
 .bss           0x00000000        0x0 c:/android-ndk-r8d/toolchains/arm-linux-androideabi-4.4.3/prebuilt/windows/bin/../lib/gcc/arm-linux-androideabi/4.4.3\libgcc.a(pr-support.o)
 .ARM.extab     0x00000000        0x0 c:/android-ndk-r8d/toolchains/arm-linux-androideabi-4.4.3/prebuilt/windows/bin/../lib/gcc/arm-linux-androideabi/4.4.3\libgcc.a(pr-support.o)
 .note.GNU-stack
                0x00000000        0x0 c:/android-ndk-r8d/toolchains/arm-linux-androideabi-4.4.3/prebuilt/windows/bin/../lib/gcc/arm-linux-androideabi/4.4.3\libgcc.a(pr-support.o)
 .text          0x00000000        0x0 C:/android-ndk-r8d/platforms/android-9/arch-arm/usr/lib/crtend_so.o
 .data          0x00000000        0x0 C:/android-ndk-r8d/platforms/android-9/arch-arm/usr/lib/crtend_so.o
 .bss           0x00000000        0x0 C:/android-ndk-r8d/platforms/android-9/arch-arm/usr/lib/crtend_so.o
 .note.GNU-stack
                0x00000000        0x0 C:/android-ndk-r8d/platforms/android-9/arch-arm/usr/lib/crtend_so.o

Memory Configuration

Name             Origin             Length             Attributes
*default*        0x00000000         0xffffffff

Linker script and memory map

LOAD C:/android-ndk-r8d/platforms/android-9/arch-arm/usr/lib/crtbegin_so.o
LOAD release\FuseAPI_platform.os
LOAD release\FuseAPI.os
LOAD release\FuseAPI_register.os
LOAD release\cfu.os
LOAD release\cfuconf.os
LOAD release\cfuhash.os
LOAD release\cfulist.os
LOAD release\cfuopt.os
LOAD release\cfustring.os
LOAD release\cfuthread_queue.os
LOAD release\cfutime.os
LOAD release\libcfu-config.os
LOAD C:\depot\Projects\Marmalade\6.3\s3e\edk\lib\android\libedk.a
LOAD C:\depot\Projects\Marmalade\6.3\s3e\edk\lib\android/libplaceholderplaceholderplaceholderplaceholderplaceholder.so
LOAD C:\android-ndk-r8d\platforms\android-9\arch-arm\usr\lib/liblog.so
LOAD C:\android-ndk-r8d\sources\cxx-stl\gnu-libstdc++\4.4.3\libs\armeabi\libgnustl_static.a
LOAD c:/android-ndk-r8d/toolchains/arm-linux-androideabi-4.4.3/prebuilt/windows/bin/../lib/gcc/arm-linux-androideabi/4.4.3\libgcc.a
LOAD C:\android-ndk-r8d\platforms\android-9\arch-arm\usr\lib/libstdc++.so
LOAD C:\android-ndk-r8d\platforms\android-9\arch-arm\usr\lib/libm.so
LOAD C:\android-ndk-r8d\platforms\android-9\arch-arm\usr\lib/libc.so
LOAD c:/android-ndk-r8d/toolchains/arm-linux-androideabi-4.4.3/prebuilt/windows/bin/../lib/gcc/arm-linux-androideabi/4.4.3\libgcc.a
LOAD C:\android-ndk-r8d\platforms\android-9\arch-arm\usr\lib/libc.so
LOAD C:\android-ndk-r8d\platforms\android-9\arch-arm\usr\lib/libdl.so
LOAD c:/android-ndk-r8d/toolchains/arm-linux-androideabi-4.4.3/prebuilt/windows/bin/../lib/gcc/arm-linux-androideabi/4.4.3\libgcc.a
LOAD C:/android-ndk-r8d/platforms/android-9/arch-arm/usr/lib/crtend_so.o
                0x000000f4                . = (0x0 + SIZEOF_HEADERS)

.note.gnu.build-id
 *(.note.gnu.build-id)

.hash           0x000000f4      0x354
 *(.hash)
 .hash          0x000000f4      0x354 C:/android-ndk-r8d/platforms/android-9/arch-arm/usr/lib/crtbegin_so.o

.gnu.hash
 *(.gnu.hash)

.dynsym         0x00000448      0x720
 *(.dynsym)
 .dynsym        0x00000448      0x720 C:/android-ndk-r8d/platforms/android-9/arch-arm/usr/lib/crtbegin_so.o

.dynstr         0x00000b68      0x705
 *(.dynstr)
 .dynstr        0x00000b68      0x705 C:/android-ndk-r8d/platforms/android-9/arch-arm/usr/lib/crtbegin_so.o

.gnu.version    0x0000126e        0x0 load address 0x0000126d
 *(.gnu.version)
 .gnu.version   0x00000000        0x0 C:/android-ndk-r8d/platforms/android-9/arch-arm/usr/lib/crtbegin_so.o

.gnu.version_d  0x00001270        0x0 load address 0x0000126d
 *(.gnu.version_d)
 .gnu.version_d
                0x00000000        0x0 C:/android-ndk-r8d/platforms/android-9/arch-arm/usr/lib/crtbegin_so.o

.gnu.version_r  0x00001270        0x0 load address 0x0000126d
 *(.gnu.version_r)
 .gnu.version_r
                0x00000000        0x0 C:/android-ndk-r8d/platforms/android-9/arch-arm/usr/lib/crtbegin_so.o

.rel.dyn        0x00001270      0x470
 *(.rel.init)
 *(.rel.text .rel.text.* .rel.gnu.linkonce.t.*)
 *(.rel.fini)
 *(.rel.rodata .rel.rodata.* .rel.gnu.linkonce.r.*)
 *(.rel.data.rel.ro* .rel.gnu.linkonce.d.rel.ro.*)
 .rel.data.rel.ro
                0x00001270      0x2a0 C:/android-ndk-r8d/platforms/android-9/arch-arm/usr/lib/crtbegin_so.o
 *(.rel.data .rel.data.* .rel.gnu.linkonce.d.*)
 *(.rel.tdata .rel.tdata.* .rel.gnu.linkonce.td.*)
 *(.rel.tbss .rel.tbss.* .rel.gnu.linkonce.tb.*)
 *(.rel.ctors)
 *(.rel.dtors)
 *(.rel.got)
 .rel.got       0x00001510      0x1c0 C:/android-ndk-r8d/platforms/android-9/arch-arm/usr/lib/crtbegin_so.o
 *(.rel.bss .rel.bss.* .rel.gnu.linkonce.b.*)
 .rel.fini_array
                0x000016d0        0x8 C:/android-ndk-r8d/platforms/android-9/arch-arm/usr/lib/crtbegin_so.o
 .rel.init_array
                0x000016d8        0x8 C:/android-ndk-r8d/platforms/android-9/arch-arm/usr/lib/crtbegin_so.o

.rela.dyn
 *(.rela.init)
 *(.rela.text .rela.text.* .rela.gnu.linkonce.t.*)
 *(.rela.fini)
 *(.rela.rodata .rela.rodata.* .rela.gnu.linkonce.r.*)
 *(.rela.data .rela.data.* .rela.gnu.linkonce.d.*)
 *(.rela.tdata .rela.tdata.* .rela.gnu.linkonce.td.*)
 *(.rela.tbss .rela.tbss.* .rela.gnu.linkonce.tb.*)
 *(.rela.ctors)
 *(.rela.dtors)
 *(.rela.got)
 *(.rela.bss .rela.bss.* .rela.gnu.linkonce.b.*)

.rel.plt        0x000016e0       0xd8
 *(.rel.plt)
 .rel.plt       0x000016e0       0xd8 C:/android-ndk-r8d/platforms/android-9/arch-arm/usr/lib/crtbegin_so.o

.rela.plt
 *(.rela.plt)

.init
 *(.init)

.plt            0x000017b8      0x158
 *(.plt)
 .plt           0x000017b8      0x158 C:/android-ndk-r8d/platforms/android-9/arch-arm/usr/lib/crtbegin_so.o

.text           0x00001910     0x5a58
 *(.text .stub .text.* .gnu.linkonce.t.*)
 .text.exit     0x00001910       0x10 C:/android-ndk-r8d/platforms/android-9/arch-arm/usr/lib/crtbegin_so.o
                0x00001910                __on_dlclose
 .text._ZN7_JNIEnv11GetMethodIDEP7_jclassPKcS3_
                0x00001920       0x14 release\FuseAPI_platform.os
                0x00001920                _JNIEnv::GetMethodID(_jclass*, char const*, char const*)
 .text._Z40FuseAPIRegisterInAppPurchaseiOS_platform17FusePurchaseStatePKciPdS1_S1_
                0x00001934        0x4 release\FuseAPI_platform.os
                0x00001934                FuseAPIRegisterInAppPurchaseiOS_platform(FusePurchaseState, char const*, int, double*, char const*, char const*)
 .text._Z31FuseAPIGameCenterLogin_platformv
                0x00001938        0x4 release\FuseAPI_platform.os
                0x00001938                FuseAPIGameCenterLogin_platform()
 .text._Z30FuseAPIGetFriendsList_platformPi
                0x0000193c       0x1c release\FuseAPI_platform.os
                0x0000193c                FuseAPIGetFriendsList_platform(int*)
 .text._Z27FuseAPIGetMailList_platformPi
                0x00001958       0x1c release\FuseAPI_platform.os
                0x00001958                FuseAPIGetMailList_platform(int*)
 .text._GLOBAL__I_C__depot_Projects_Marmalade_6.3_extensions_FuseAPI_source_android_FuseAPI_platform.cpp
                0x00001974       0x20 release\FuseAPI_platform.os
 .text._ZN7_JNIEnv14CallVoidMethodEP8_jobjectP10_jmethodIDz
                0x00001994       0x34 release\FuseAPI_platform.os
                0x00001994                _JNIEnv::CallVoidMethod(_jobject*, _jmethodID*, ...)
 .text._ZN7_JNIEnv16CallObjectMethodEP8_jobjectP10_jmethodIDz
                0x000019c8       0x34 release\FuseAPI_platform.os
                0x000019c8                _JNIEnv::CallObjectMethod(_jobject*, _jmethodID*, ...)
 .text._ZN7_JNIEnv13CallIntMethodEP8_jobjectP10_jmethodIDz
                0x000019fc       0x34 release\FuseAPI_platform.os
                0x000019fc                _JNIEnv::CallIntMethod(_jobject*, _jmethodID*, ...)
 .text._ZN7_JNIEnv17CallBooleanMethodEP8_jobjectP10_jmethodIDz
                0x00001a30       0x34 release\FuseAPI_platform.os
                0x00001a30                _JNIEnv::CallBooleanMethod(_jobject*, _jmethodID*, ...)
 .text._ZN7_JNIEnv9NewObjectEP7_jclassP10_jmethodIDz
                0x00001a64       0x34 release\FuseAPI_platform.os
                0x00001a64                _JNIEnv::NewObject(_jclass*, _jmethodID*, ...)
 .text._Z25FuseAPIMailListUpdateGiftP7_JNIEnvP8_jobjectiP8_jstringS4_i
                0x00001a98       0x84 release\FuseAPI_platform.os
                0x00001a98                FuseAPIMailListUpdateGift(_JNIEnv*, _jobject*, int, _jstring*, _jstring*, int)
 .text._Z21FuseAPIMailListUpdateP7_JNIEnvP8_jobjectiP8_jstringS4_S4_S4_
                0x00001b1c       0x94 release\FuseAPI_platform.os
                0x00001b1c                FuseAPIMailListUpdate(_JNIEnv*, _jobject*, int, _jstring*, _jstring*, _jstring*, _jstring*)
 .text._Z30FuseAPIFriendsListUpdatePlayerP7_JNIEnvP8_jobjectP8_jstringS4_S4_S4_iib
                0x00001bb0       0xe8 release\FuseAPI_platform.os
                0x00001bb0                FuseAPIFriendsListUpdatePlayer(_JNIEnv*, _jobject*, _jstring*, _jstring*, _jstring*, _jstring*, int, int, bool)
 .text._Z26FuseAPIGameDataReceivedEndP7_JNIEnvP8_jobjectP8_jstringi
                0x00001c98       0x78 release\FuseAPI_platform.os
                0x00001c98                FuseAPIGameDataReceivedEnd(_JNIEnv*, _jobject*, _jstring*, int)
 .text._Z29FuseGameConfigurationReceivedP7_JNIEnvP8_jobject
                0x00001d10       0x50 release\FuseAPI_platform.os
                0x00001d10                FuseGameConfigurationReceived(_JNIEnv*, _jobject*)
 .text._Z17FuseMailListErrorP7_JNIEnvP8_jobjecti
                0x00001d60       0x44 release\FuseAPI_platform.os
                0x00001d60                FuseMailListError(_JNIEnv*, _jobject*, int)
 .text._Z13FuseMailErrorP7_JNIEnvP8_jobjecti
                0x00001da4       0x44 release\FuseAPI_platform.os
                0x00001da4                FuseMailError(_JNIEnv*, _jobject*, int)
 .text._Z20FuseMailListReceivedP7_JNIEnvP8_jobjectP8_jstring
                0x00001de8       0x48 release\FuseAPI_platform.os
                0x00001de8                FuseMailListReceived(_JNIEnv*, _jobject*, _jstring*)
 .text._Z20FuseMailAcknowledgedP7_JNIEnvP8_jobjectiP8_jstringi
                0x00001e30       0x54 release\FuseAPI_platform.os
                0x00001e30                FuseMailAcknowledged(_JNIEnv*, _jobject*, int, _jstring*, int)
 .text._Z20FuseFriendsListErrorP7_JNIEnvP8_jobjecti
                0x00001e84       0x44 release\FuseAPI_platform.os
                0x00001e84                FuseFriendsListError(_JNIEnv*, _jobject*, int)
 .text._Z27FuseAPIFriendsListUpdateEndP7_JNIEnvP8_jobject
                0x00001ec8       0x3c release\FuseAPI_platform.os
                0x00001ec8                FuseAPIFriendsListUpdateEnd(_JNIEnv*, _jobject*)
 .text._Z27FuseGameDataSetAcknowledgedP7_JNIEnvP8_jobjecti
                0x00001f04       0x44 release\FuseAPI_platform.os
                0x00001f04                FuseGameDataSetAcknowledged(_JNIEnv*, _jobject*, int)
 .text._Z17FuseGameDataErrorP7_JNIEnvP8_jobjectii
                0x00001f48       0x44 release\FuseAPI_platform.os
                0x00001f48                FuseGameDataError(_JNIEnv*, _jobject*, int, int)
 .text._Z18FuseAPITimeUpdatedP7_JNIEnvP8_jobjecti
                0x00001f8c       0x44 release\FuseAPI_platform.os
                0x00001f8c                FuseAPITimeUpdated(_JNIEnv*, _jobject*, int)
 .text._Z27FuseAPIAccountLoginCompleteP7_JNIEnvP8_jobjectiP8_jstring
                0x00001fd0       0x4c release\FuseAPI_platform.os
                0x00001fd0                FuseAPIAccountLoginComplete(_JNIEnv*, _jobject*, int, _jstring*)
 .text._Z25FuseAPINotificationActionP7_JNIEnvP8_jobjectP8_jstring
                0x0000201c       0x48 release\FuseAPI_platform.os
                0x0000201c                FuseAPINotificationAction(_JNIEnv*, _jobject*, _jstring*)
 .text._Z16FuseAPIAdClickedP7_JNIEnvP8_jobject
                0x00002064       0x3c release\FuseAPI_platform.os
                0x00002064                FuseAPIAdClicked(_JNIEnv*, _jobject*)
 .text._Z18FuseAPIAdDisplayedP7_JNIEnvP8_jobject
                0x000020a0       0x3c release\FuseAPI_platform.os
                0x000020a0                FuseAPIAdDisplayed(_JNIEnv*, _jobject*)
 .text._Z18FuseAPIAdWillCloseP7_JNIEnvP8_jobject
                0x000020dc       0x3c release\FuseAPI_platform.os
                0x000020dc                FuseAPIAdWillClose(_JNIEnv*, _jobject*)
 .text._Z29FuseAPIAdAvailabilityResponseP7_JNIEnvP8_jobjectii
                0x00002118       0x44 release\FuseAPI_platform.os
                0x00002118                FuseAPIAdAvailabilityResponse(_JNIEnv*, _jobject*, int, int)
 .text._Z17FuseAPILoginErrorP7_JNIEnvP8_jobjecti
                0x0000215c       0x44 release\FuseAPI_platform.os
                0x0000215c                FuseAPILoginError(_JNIEnv*, _jobject*, int)
 .text._Z27FuseAPISessionStartReceivedP7_JNIEnvP8_jobject
                0x000021a0       0x3c release\FuseAPI_platform.os
                0x000021a0                FuseAPISessionStartReceived(_JNIEnv*, _jobject*)
 .text._Z26FuseAPIGameDataReceivedKVPP7_JNIEnvP8_jobjectbP8_jstringS4_
                0x000021dc       0x40 release\FuseAPI_platform.os
                0x000021dc                FuseAPIGameDataReceivedKVP(_JNIEnv*, _jobject*, bool, _jstring*, _jstring*)
 .text._Z29FuseGameConfigurationKeyValueP7_JNIEnvP8_jobjectP8_jstringS4_
                0x0000221c       0x40 release\FuseAPI_platform.os
                0x0000221c                FuseGameConfigurationKeyValue(_JNIEnv*, _jobject*, _jstring*, _jstring*)
 .text._Z28FuseAPIGameDataReceivedStartP7_JNIEnvP8_jobject
                0x0000225c       0x34 release\FuseAPI_platform.os
                0x0000225c                FuseAPIGameDataReceivedStart(_JNIEnv*, _jobject*)
 .text._Z26FuseGameConfigurationStartP7_JNIEnvP8_jobjecti
                0x00002290       0x34 release\FuseAPI_platform.os
                0x00002290                FuseGameConfigurationStart(_JNIEnv*, _jobject*, int)
 .text._Z26FuseAPIMailListUpdateStartP7_JNIEnvP8_jobjecti
                0x000022c4       0x4c release\FuseAPI_platform.os
                0x000022c4                FuseAPIMailListUpdateStart(_JNIEnv*, _jobject*, int)
 .text._Z29FuseAPIFriendsListUpdateStartP7_JNIEnvP8_jobjecti
                0x00002310       0x4c release\FuseAPI_platform.os
                0x00002310                FuseAPIFriendsListUpdateStart(_JNIEnv*, _jobject*, int)
 .text._Z32FuseAPIRegisterCurrency_platformii
                0x0000235c       0x60 release\FuseAPI_platform.os
                0x0000235c                FuseAPIRegisterCurrency_platform(int, int)
 .text._Z33FuseAPISetMailAsReceived_platformi
                0x000023bc       0x58 release\FuseAPI_platform.os
                0x000023bc                FuseAPISetMailAsReceived_platform(int)
 .text._Z29FuseAPIRegisterLevel_platformi
                0x00002414       0x58 release\FuseAPI_platform.os
                0x00002414                FuseAPIRegisterLevel_platform(int)
 .text._Z37FuseAPIGetMailListFromServer_platformv
                0x0000246c       0x50 release\FuseAPI_platform.os
                0x0000246c                FuseAPIGetMailListFromServer_platform()
 .text._Z43FuseAPIUpdateFriendsListFromServer_platformv
                0x000024bc       0x50 release\FuseAPI_platform.os
                0x000024bc                FuseAPIUpdateFriendsListFromServer_platform()
 .text._Z26FuseAPIEnableData_platformb
                0x0000250c       0x58 release\FuseAPI_platform.os
                0x0000250c                FuseAPIEnableData_platform(bool)
 .text._Z30FuseAPITimeFromServer_platformv
                0x00002564       0x50 release\FuseAPI_platform.os
                0x00002564                FuseAPITimeFromServer_platform()
 .text._Z36FuseAPIRegisterTapjoyReward_platformi
                0x000025b4       0x58 release\FuseAPI_platform.os
                0x000025b4                FuseAPIRegisterTapjoyReward_platform(int)
 .text._Z35FuseAPIRegisterFlurryClick_platformv
                0x0000260c       0x50 release\FuseAPI_platform.os
                0x0000260c                FuseAPIRegisterFlurryClick_platform()
 .text._Z34FuseAPIRegisterFlurryView_platformv
                0x0000265c       0x50 release\FuseAPI_platform.os
                0x0000265c                FuseAPIRegisterFlurryView_platform()
 .text._Z25FuseAPITerminate_platformv
                0x000026ac       0x74 release\FuseAPI_platform.os
                0x000026ac                FuseAPITerminate_platform()
 .text._Z10FuseResumePvS_
                0x00002720       0x54 release\FuseAPI_platform.os
                0x00002720                FuseResume(void*, void*)
 .text._Z9FusePausePvS_
                0x00002774       0x78 release\FuseAPI_platform.os
                0x00002774                FusePause(void*, void*)
 .text._Z27FuseAPIgamesPlayed_platformv
                0x000027ec       0x50 release\FuseAPI_platform.os
                0x000027ec                FuseAPIgamesPlayed_platform()
 .text._Z38FuseAPIGetOriginalAccountType_platformv
                0x0000283c       0x50 release\FuseAPI_platform.os
                0x0000283c                FuseAPIGetOriginalAccountType_platform()
 .text._Z30FuseAPIRegisterGender_platformi
                0x0000288c       0x58 release\FuseAPI_platform.os
                0x0000288c                FuseAPIRegisterGender_platform(int)
 .text._Z32FuseAPIDisplayMoreGames_platformv
                0x000028e4       0x50 release\FuseAPI_platform.os
                0x000028e4                FuseAPIDisplayMoreGames_platform()
 .text._Z36FuseAPIDisplayNotifications_platformv
                0x00002934       0x50 release\FuseAPI_platform.os
                0x00002934                FuseAPIDisplayNotifications_platform()
 .text._Z22FuseAPIShowAd_platformv
                0x00002984       0x50 release\FuseAPI_platform.os
                0x00002984                FuseAPIShowAd_platform()
 .text._Z32FuseAPICheckAdAvailable_platformv
                0x000029d4       0x50 release\FuseAPI_platform.os
                0x000029d4                FuseAPICheckAdAvailable_platform()
 .text._Z32FuseAPITerminateSession_platformv
                0x00002a24       0x50 release\FuseAPI_platform.os
                0x00002a24                FuseAPITerminateSession_platform()
 .text._Z29FuseAPIResumeSession_platformv
                0x00002a74       0x50 release\FuseAPI_platform.os
                0x00002a74                FuseAPIResumeSession_platform()
 .text._Z28FuseAPIPauseSession_platformv
                0x00002ac4       0x50 release\FuseAPI_platform.os
                0x00002ac4                FuseAPIPauseSession_platform()
 .text._Z25FuseAPIConnected_platformv
                0x00002b14       0x58 release\FuseAPI_platform.os
                0x00002b14                FuseAPIConnected_platform()
 .text._Z30FuseAPILibraryVersion_platformv
                0x00002b6c       0x54 release\FuseAPI_platform.os
                0x00002b6c                FuseAPILibraryVersion_platform()
 .text._Z25FuseAPIGetFuseID_platformv
                0x00002bc0       0x54 release\FuseAPI_platform.os
                0x00002bc0                FuseAPIGetFuseID_platform()
 .text._Z39FuseAPIGetOriginalAccountAlias_platformv
                0x00002c14       0x54 release\FuseAPI_platform.os
                0x00002c14                FuseAPIGetOriginalAccountAlias_platform()
 .text._Z36FuseAPIGetOriginalAccountId_platformv
                0x00002c68       0x54 release\FuseAPI_platform.os
                0x00002c68                FuseAPIGetOriginalAccountId_platform()
 .text._Z43FuseAPIGetMailListFriendFromServer_platformPKc
                0x00002cbc       0x70 release\FuseAPI_platform.os
                0x00002cbc                FuseAPIGetMailListFriendFromServer_platform(char const*)
 .text._Z27FuseAPIDeviceLogin_platformPKc
                0x00002d2c       0x70 release\FuseAPI_platform.os
                0x00002d2c                FuseAPIDeviceLogin_platform(char const*)
 .text._Z44FuseAPIRegisterForPushNotifications_platformPKc
                0x00002d9c       0x70 release\FuseAPI_platform.os
                0x00002d9c                FuseAPIRegisterForPushNotifications_platform(char const*)
 .text._Z28FuseAPITwitterLogin_platformPKc
                0x00002e0c       0x70 release\FuseAPI_platform.os
                0x00002e0c                FuseAPITwitterLogin_platform(char const*)
 .text._Z28FuseAPIStartSession_platformPKc
                0x00002e7c       0x70 release\FuseAPI_platform.os
                0x00002e7c                FuseAPIStartSession_platform(char const*)
 .text._Z29FuseAPIRegisterEvent_platformPKc
                0x00002eec       0x70 release\FuseAPI_platform.os
                0x00002eec                FuseAPIRegisterEvent_platform(char const*)
 .text._Z41FuseAPIGetGameConfigurationValue_platformPKc
                0x00002f5c       0x74 release\FuseAPI_platform.os
                0x00002f5c                FuseAPIGetGameConfigurationValue_platform(char const*)
 .text._Z31FuseAPIGooglePlayLogin_platformPKcS0_
                0x00002fd0       0x90 release\FuseAPI_platform.os
                0x00002fd0                FuseAPIGooglePlayLogin_platform(char const*, char const*)
 .text._Z25FuseAPIFuseLogin_platformPKcS0_
                0x00003060       0x90 release\FuseAPI_platform.os
                0x00003060                FuseAPIFuseLogin_platform(char const*, char const*)
 .text._Z24FuseAPISendMail_platformPKcS0_
                0x000030f0       0x90 release\FuseAPI_platform.os
                0x000030f0                FuseAPISendMail_platform(char const*, char const*)
 .text._Z32FuseAPISendMailWithGift_platformPKcS0_ii
                0x00003180       0xa0 release\FuseAPI_platform.os
                0x00003180                FuseAPISendMailWithGift_platform(char const*, char const*, int, int)
 .text._Z29FuseAPIFacebookLogin_platformPKcS0_S0_
                0x00003220       0xb0 release\FuseAPI_platform.os
                0x00003220                FuseAPIFacebookLogin_platform(char const*, char const*, char const*)
 .text._Z38FuseAPIRegisterEventWithParam_platformPKcS0_S0_S0_PKd
                0x000032d0       0xe0 release\FuseAPI_platform.os
                0x000032d0                FuseAPIRegisterEventWithParam_platform(char const*, char const*, char const*, char const*, double const*)
 .text._ZL27s3eEdkAndroidFindClass_realPKc
                0x000033b0       0xb8 release\FuseAPI_platform.os
 .text._Z27FuseAPIGetGameData_platformPKcS0_PS0_i
                0x00003468      0x100 release\FuseAPI_platform.os
                0x00003468                FuseAPIGetGameData_platform(char const*, char const*, char const**, int)
 .text._Z44FuseAPIRegisterInAppPurchaseAndroid_platform17FusePurchaseStatePKcS1_S1_lS1_PKdS1_
                0x00003568      0x114 release\FuseAPI_platform.os
                0x00003568                FuseAPIRegisterInAppPurchaseAndroid_platform(FusePurchaseState, char const*, char const*, char const*, long, char const*, double const*, char const*)
 .text._Z43FuseAPIRegisterEventWithDictionary_platformPKcP13cfuhash_table
                0x0000367c      0x12c release\FuseAPI_platform.os
                0x0000367c                FuseAPIRegisterEventWithDictionary_platform(char const*, cfuhash_table*)
 .text._Z27FuseAPISetGameData_platformPKcS0_P13cfuhash_table
                0x000037a8      0x160 release\FuseAPI_platform.os
                0x000037a8                FuseAPISetGameData_platform(char const*, char const*, cfuhash_table*)
 .text._Z42FuseAPIRegisterEventWithEventData_platformPKcS0_S0_P13cfuhash_table
                0x00003908      0x178 release\FuseAPI_platform.os
                0x00003908                FuseAPIRegisterEventWithEventData_platform(char const*, char const*, char const*, cfuhash_table*)
 .text._Z20FuseAPIInit_platformv
                0x00003a80      0xb24 release\FuseAPI_platform.os
                0x00003a80                FuseAPIInit_platform()
 .text.FuseAPIRegisterTapjoyReward
                0x000045a4        0x4 release\FuseAPI.os
                0x000045a4                FuseAPIRegisterTapjoyReward
 .text.FuseAPIRegisterFlurryClick
                0x000045a8        0x4 release\FuseAPI.os
                0x000045a8                FuseAPIRegisterFlurryClick
 .text.FuseAPIRegisterFlurryView
                0x000045ac        0x4 release\FuseAPI.os
                0x000045ac                FuseAPIRegisterFlurryView
 .text.FuseAPIRegisterCurrency
                0x000045b0        0x4 release\FuseAPI.os
                0x000045b0                FuseAPIRegisterCurrency
 .text.FuseAPIRegisterLevel
                0x000045b4        0x4 release\FuseAPI.os
                0x000045b4                FuseAPIRegisterLevel
 .text.FuseAPIGetGameConfigurationValue
                0x000045b8        0x4 release\FuseAPI.os
                0x000045b8                FuseAPIGetGameConfigurationValue
 .text.FuseAPIGetMailList
                0x000045bc        0x4 release\FuseAPI.os
                0x000045bc                FuseAPIGetMailList
 .text.FuseAPISendMail
                0x000045c0        0x4 release\FuseAPI.os
                0x000045c0                FuseAPISendMail
 .text.FuseAPISendMailWithGift
                0x000045c4        0x4 release\FuseAPI.os
                0x000045c4                FuseAPISendMailWithGift
 .text.FuseAPISetMailAsReceived
                0x000045c8        0x4 release\FuseAPI.os
                0x000045c8                FuseAPISetMailAsReceived
 .text.FuseAPIGetMailListFriendFromServer
                0x000045cc        0x4 release\FuseAPI.os
                0x000045cc                FuseAPIGetMailListFriendFromServer
 .text.FuseAPIGetMailListFromServer
                0x000045d0        0x4 release\FuseAPI.os
                0x000045d0                FuseAPIGetMailListFromServer
 .text.FuseAPIGetFriendsList
                0x000045d4        0x4 release\FuseAPI.os
                0x000045d4                FuseAPIGetFriendsList
 .text.FuseAPIUpdateFriendsListFromServer
                0x000045d8        0x4 release\FuseAPI.os
                0x000045d8                FuseAPIUpdateFriendsListFromServer
 .text.FuseAPIGetGameData
                0x000045dc        0x4 release\FuseAPI.os
                0x000045dc                FuseAPIGetGameData
 .text.FuseAPISetGameData
                0x000045e0        0x4 release\FuseAPI.os
                0x000045e0                FuseAPISetGameData
 .text.FuseAPIEnableData
                0x000045e4        0x4 release\FuseAPI.os
                0x000045e4                FuseAPIEnableData
 .text.FuseAPITimeFromServer
                0x000045e8        0x4 release\FuseAPI.os
                0x000045e8                FuseAPITimeFromServer
 .text.FuseAPIConnected
                0x000045ec        0x4 release\FuseAPI.os
                0x000045ec                FuseAPIConnected
 .text.FuseAPILibraryVersion
                0x000045f0        0x4 release\FuseAPI.os
                0x000045f0                FuseAPILibraryVersion
 .text.FuseAPIgamesPlayed
                0x000045f4        0x4 release\FuseAPI.os
                0x000045f4                FuseAPIgamesPlayed
 .text.FuseAPIGetFuseID
                0x000045f8        0x4 release\FuseAPI.os
                0x000045f8                FuseAPIGetFuseID
 .text.FuseAPIGetOriginalAccountType
                0x000045fc        0x4 release\FuseAPI.os
                0x000045fc                FuseAPIGetOriginalAccountType
 .text.FuseAPIGetOriginalAccountAlias
                0x00004600        0x4 release\FuseAPI.os
                0x00004600                FuseAPIGetOriginalAccountAlias
 .text.FuseAPIGetOriginalAccountId
                0x00004604        0x4 release\FuseAPI.os
                0x00004604                FuseAPIGetOriginalAccountId
 .text.FuseAPIGooglePlayLogin
                0x00004608        0x4 release\FuseAPI.os
                0x00004608                FuseAPIGooglePlayLogin
 .text.FuseAPIFuseLogin
                0x0000460c        0x4 release\FuseAPI.os
                0x0000460c                FuseAPIFuseLogin
 .text.FuseAPIDeviceLogin
                0x00004610        0x4 release\FuseAPI.os
                0x00004610                FuseAPIDeviceLogin
 .text.FuseAPIGameCenterLogin
                0x00004614        0x4 release\FuseAPI.os
                0x00004614                FuseAPIGameCenterLogin
 .text.FuseAPITwitterLogin
                0x00004618        0x4 release\FuseAPI.os
                0x00004618                FuseAPITwitterLogin
 .text.FuseAPIFacebookLogin
                0x0000461c        0x4 release\FuseAPI.os
                0x0000461c                FuseAPIFacebookLogin
 .text.FuseAPIRegisterGender
                0x00004620        0x4 release\FuseAPI.os
                0x00004620                FuseAPIRegisterGender
 .text.FuseAPIDisplayMoreGames
                0x00004624        0x4 release\FuseAPI.os
                0x00004624                FuseAPIDisplayMoreGames
 .text.FuseAPIDisplayNotifications
                0x00004628        0x4 release\FuseAPI.os
                0x00004628                FuseAPIDisplayNotifications
 .text.FuseAPIShowAd
                0x0000462c        0x4 release\FuseAPI.os
                0x0000462c                FuseAPIShowAd
 .text.FuseAPICheckAdAvailable
                0x00004630        0x4 release\FuseAPI.os
                0x00004630                FuseAPICheckAdAvailable
 .text.FuseAPIRegisterInAppPurchaseiOS
                0x00004634        0x4 release\FuseAPI.os
                0x00004634                FuseAPIRegisterInAppPurchaseiOS
 .text.FuseAPIRegisterInAppPurchaseAndroid
                0x00004638        0x4 release\FuseAPI.os
                0x00004638                FuseAPIRegisterInAppPurchaseAndroid
 .text.FuseAPIRegisterEventWithDictionary
                0x0000463c        0x4 release\FuseAPI.os
                0x0000463c                FuseAPIRegisterEventWithDictionary
 .text.FuseAPIRegisterEventWithEventData
                0x00004640        0x4 release\FuseAPI.os
                0x00004640                FuseAPIRegisterEventWithEventData
 .text.FuseAPIRegisterEventWithParam
                0x00004644        0x4 release\FuseAPI.os
                0x00004644                FuseAPIRegisterEventWithParam
 .text.FuseAPIRegisterEvent
                0x00004648        0x4 release\FuseAPI.os
                0x00004648                FuseAPIRegisterEvent
 .text.FuseAPIRegisterForPushNotifications
                0x0000464c        0x4 release\FuseAPI.os
                0x0000464c                FuseAPIRegisterForPushNotifications
 .text.FuseAPITerminateSession
                0x00004650        0x4 release\FuseAPI.os
                0x00004650                FuseAPITerminateSession
 .text.FuseAPIResumeSession
                0x00004654        0x4 release\FuseAPI.os
                0x00004654                FuseAPIResumeSession
 .text.FuseAPIPauseSession
                0x00004658        0x4 release\FuseAPI.os
                0x00004658                FuseAPIPauseSession
 .text.FuseAPIStartSession
                0x0000465c        0x4 release\FuseAPI.os
                0x0000465c                FuseAPIStartSession
 .text._Z16FuseAPITerminatev
                0x00004660        0x4 release\FuseAPI.os
                0x00004660                FuseAPITerminate()
 .text._Z11FuseAPIInitv
                0x00004664        0x4 release\FuseAPI.os
                0x00004664                FuseAPIInit()
 .text._ZL32FuseAPIRegisterTapjoyReward_wrapi
                0x00004668       0x18 release\FuseAPI_register.os
 .text._ZL31FuseAPIRegisterFlurryClick_wrapv
                0x00004680       0x14 release\FuseAPI_register.os
 .text._ZL30FuseAPIRegisterFlurryView_wrapv
                0x00004694       0x14 release\FuseAPI_register.os
 .text._ZL28FuseAPIRegisterCurrency_wrapii
                0x000046a8       0x1c release\FuseAPI_register.os
 .text._ZL25FuseAPIRegisterLevel_wrapi
                0x000046c4       0x18 release\FuseAPI_register.os
 .text._ZL37FuseAPIGetGameConfigurationValue_wrapPKc
                0x000046dc       0x18 release\FuseAPI_register.os
 .text._ZL23FuseAPIGetMailList_wrapPi
                0x000046f4       0x18 release\FuseAPI_register.os
 .text._ZL20FuseAPISendMail_wrapPKcS0_
                0x0000470c       0x1c release\FuseAPI_register.os
 .text._ZL28FuseAPISendMailWithGift_wrapPKcS0_ii
                0x00004728       0x38 release\FuseAPI_register.os
 .text._ZL29FuseAPISetMailAsReceived_wrapi
                0x00004760       0x18 release\FuseAPI_register.os
 .text._ZL39FuseAPIGetMailListFriendFromServer_wrapPKc
                0x00004778       0x18 release\FuseAPI_register.os
 .text._ZL33FuseAPIGetMailListFromServer_wrapv
                0x00004790       0x14 release\FuseAPI_register.os
 .text._ZL26FuseAPIGetFriendsList_wrapPi
                0x000047a4       0x18 release\FuseAPI_register.os
 .text._ZL39FuseAPIUpdateFriendsListFromServer_wrapv
                0x000047bc       0x14 release\FuseAPI_register.os
 .text._ZL23FuseAPIGetGameData_wrapPKcS0_PS0_i
                0x000047d0       0x38 release\FuseAPI_register.os
 .text._ZL23FuseAPISetGameData_wrapPKcS0_P13cfuhash_table
                0x00004808       0x34 release\FuseAPI_register.os
 .text._ZL22FuseAPIEnableData_wrapb
                0x0000483c       0x18 release\FuseAPI_register.os
 .text._ZL26FuseAPITimeFromServer_wrapv
                0x00004854       0x14 release\FuseAPI_register.os
 .text._ZL21FuseAPIConnected_wrapv
                0x00004868       0x24 release\FuseAPI_register.os
 .text._ZL26FuseAPILibraryVersion_wrapv
                0x0000488c       0x14 release\FuseAPI_register.os
 .text._ZL23FuseAPIgamesPlayed_wrapv
                0x000048a0       0x14 release\FuseAPI_register.os
 .text._ZL21FuseAPIGetFuseID_wrapv
                0x000048b4       0x14 release\FuseAPI_register.os
 .text._ZL34FuseAPIGetOriginalAccountType_wrapv
                0x000048c8       0x14 release\FuseAPI_register.os
 .text._ZL35FuseAPIGetOriginalAccountAlias_wrapv
                0x000048dc       0x14 release\FuseAPI_register.os
 .text._ZL32FuseAPIGetOriginalAccountId_wrapv
                0x000048f0       0x14 release\FuseAPI_register.os
 .text._ZL27FuseAPIGooglePlayLogin_wrapPKcS0_
                0x00004904       0x1c release\FuseAPI_register.os
 .text._ZL27FuseAPIGameCenterLogin_wrapv
                0x00004920       0x14 release\FuseAPI_register.os
 .text._ZL21FuseAPIFuseLogin_wrapPKcS0_
                0x00004934       0x1c release\FuseAPI_register.os
 .text._ZL23FuseAPIDeviceLogin_wrapPKc
                0x00004950       0x18 release\FuseAPI_register.os
 .text._ZL24FuseAPITwitterLogin_wrapPKc
                0x00004968       0x18 release\FuseAPI_register.os
 .text._ZL25FuseAPIFacebookLogin_wrapPKcS0_S0_
                0x00004980       0x34 release\FuseAPI_register.os
 .text._ZL26FuseAPIRegisterGender_wrapi
                0x000049b4       0x18 release\FuseAPI_register.os
 .text._ZL28FuseAPIDisplayMoreGames_wrapv
                0x000049cc       0x14 release\FuseAPI_register.os
 .text._ZL32FuseAPIDisplayNotifications_wrapv
                0x000049e0       0x14 release\FuseAPI_register.os
 .text._ZL18FuseAPIShowAd_wrapv
                0x000049f4       0x14 release\FuseAPI_register.os
 .text._ZL28FuseAPICheckAdAvailable_wrapv
                0x00004a08       0x14 release\FuseAPI_register.os
 .text._ZL36FuseAPIRegisterInAppPurchaseiOS_wrap17FusePurchaseStatePKciPdS1_S1_
                0x00004a1c       0x48 release\FuseAPI_register.os
 .text._ZL40FuseAPIRegisterInAppPurchaseAndroid_wrap17FusePurchaseStatePKcS1_S1_lS1_PKdS1_
                0x00004a64       0x54 release\FuseAPI_register.os
 .text._ZL39FuseAPIRegisterEventWithDictionary_wrapPKcP13cfuhash_table
                0x00004ab8       0x1c release\FuseAPI_register.os
 .text._ZL38FuseAPIRegisterEventWithEventData_wrapPKcS0_S0_P13cfuhash_table
                0x00004ad4       0x38 release\FuseAPI_register.os
 .text._ZL34FuseAPIRegisterEventWithParam_wrapPKcS0_S0_S0_PKd
                0x00004b0c       0x40 release\FuseAPI_register.os
 .text._ZL25FuseAPIRegisterEvent_wrapPKc
                0x00004b4c       0x18 release\FuseAPI_register.os
 .text._ZL40FuseAPIRegisterForPushNotifications_wrapPKc
                0x00004b64       0x18 release\FuseAPI_register.os
 .text._ZL28FuseAPITerminateSession_wrapv
                0x00004b7c       0x14 release\FuseAPI_register.os
 .text._ZL25FuseAPIResumeSession_wrapv
                0x00004b90       0x14 release\FuseAPI_register.os
 .text._ZL24FuseAPIPauseSession_wrapv
                0x00004ba4       0x14 release\FuseAPI_register.os
 .text._ZL24FuseAPIStartSession_wrapPKc
                0x00004bb8       0x18 release\FuseAPI_register.os
 .text.FuseAPIUnRegister
                0x00004bd0       0x30 release\FuseAPI_register.os
                0x00004bd0                FuseAPIUnRegister
 .text.FuseAPIRegister
                0x00004c00       0x34 release\FuseAPI_register.os
                0x00004c00                FuseAPIRegister
 .text.RegisterExt
                0x00004c34      0x5dc release\FuseAPI_register.os
                0x00004c34                RegisterExt
 .text.hash_func
                0x00005210       0x40 release\cfuhash.os
 .text.cfuhash_num_entries
                0x00005250        0xc release\cfuhash.os
                0x00005250                cfuhash_num_entries
 .text.cfuhash_each
                0x0000525c       0x88 release\cfuhash.os
                0x0000525c                cfuhash_each
 .text.cfuhash_next
                0x000052e4       0xb8 release\cfuhash.os
                0x000052e4                cfuhash_next
 .text.cfuhash_destroy
                0x0000539c       0xf8 release\cfuhash.os
                0x0000539c                cfuhash_destroy
 .text.cfuhash_new_with_initial_size
                0x00005494       0xd4 release\cfuhash.os
                0x00005494                cfuhash_new_with_initial_size
 .text.cfuhash_clear
                0x00005568      0x334 release\cfuhash.os
                0x00005568                cfuhash_clear
 .text.cfuhash_put
                0x0000589c      0x4cc release\cfuhash.os
                0x0000589c                cfuhash_put
 .text.s3eEdkThreadRunOnOS
                0x00005d68       0x30 C:\depot\Projects\Marmalade\6.3\s3e\edk\lib\android\libedk.a(edk_helpers.o)
                0x00005d68                s3eEdkThreadRunOnOS
 .text._ZdlPv   0x00005d98        0xc C:\android-ndk-r8d\sources\cxx-stl\gnu-libstdc++\4.4.3\libs\armeabi\libgnustl_static.a(del_op.o)
                0x00005d98                operator delete(void*)
 .text          0x00005da4       0xc4 c:/android-ndk-r8d/toolchains/arm-linux-androideabi-4.4.3/prebuilt/windows/bin/../lib/gcc/arm-linux-androideabi/4.4.3\libgcc.a(_udivsi3.o)
                0x00005da4                __udivsi3
                0x00005da4                __aeabi_uidiv
                0x00005e50                __aeabi_uidivmod
 .text          0x00005e68       0x10 c:/android-ndk-r8d/toolchains/arm-linux-androideabi-4.4.3/prebuilt/windows/bin/../lib/gcc/arm-linux-androideabi/4.4.3\libgcc.a(_dvmd_lnx.o)
                0x00005e68                __div0
 .text          0x00005e78      0xec4 c:/android-ndk-r8d/toolchains/arm-linux-androideabi-4.4.3/prebuilt/windows/bin/../lib/gcc/arm-linux-androideabi/4.4.3\libgcc.a(unwind-arm.o)
                0x000068a0                __gnu_Unwind_RaiseException
                0x000063f8                __aeabi_unwind_cpp_pr0
                0x00005f28                _Unwind_GetCFA
                0x00005ec4                _Unwind_VRS_Set
                0x0000663c                __gnu_Unwind_Backtrace
                0x000069d0                _Unwind_VRS_Pop
                0x000063e8                __aeabi_unwind_cpp_pr2
                0x00005f34                _Unwind_DeleteException
                0x00005f30                _Unwind_Complete
                0x00006964                __gnu_Unwind_Resume
                0x0000682c                __gnu_Unwind_ForcedUnwind
                0x00006944                __gnu_Unwind_Resume_or_Rethrow
                0x00005e78                _Unwind_VRS_Get
                0x000063f0                __aeabi_unwind_cpp_pr1
 .text          0x00006d3c      0x1a8 c:/android-ndk-r8d/toolchains/arm-linux-androideabi-4.4.3/prebuilt/windows/bin/../lib/gcc/arm-linux-androideabi/4.4.3\libgcc.a(libunwind.o)
                0x00006e9c                ___Unwind_ForcedUnwind
                0x00006d58                __gnu_Unwind_Save_VFP
                0x00006e78                _Unwind_Resume_or_Rethrow
                0x00006e78                ___Unwind_Resume_or_Rethrow
                0x00006ec0                _Unwind_Backtrace
                0x00006d3c                __restore_core_regs
                0x00006d78                __gnu_Unwind_Save_VFP_D_16_to_31
                0x00006d68                __gnu_Unwind_Save_VFP_D
                0x00006ec0                ___Unwind_Backtrace
                0x00006e30                ___Unwind_RaiseException
                0x00006e54                ___Unwind_Resume
                0x00006d80                __gnu_Unwind_Restore_WMMXD
                0x00006d50                __gnu_Unwind_Restore_VFP
                0x00006e54                _Unwind_Resume
                0x00006d60                __gnu_Unwind_Restore_VFP_D
                0x00006d70                __gnu_Unwind_Restore_VFP_D_16_to_31
                0x00006e30                _Unwind_RaiseException
                0x00006d3c                restore_core_regs
                0x00006e1c                __gnu_Unwind_Save_WMMXC
                0x00006e08                __gnu_Unwind_Restore_WMMXC
                0x00006e9c                _Unwind_ForcedUnwind
                0x00006dc4                __gnu_Unwind_Save_WMMXD
 .text          0x00006ee4      0x484 c:/android-ndk-r8d/toolchains/arm-linux-androideabi-4.4.3/prebuilt/windows/bin/../lib/gcc/arm-linux-androideabi/4.4.3\libgcc.a(pr-support.o)
                0x00006f84                _Unwind_GetRegionStart
                0x00006fb0                __gnu_unwind_execute
                0x00006f3c                _Unwind_GetTextRelBase
                0x00006f4c                _Unwind_GetLanguageSpecificData
                0x00007328                __gnu_unwind_frame
                0x00006f44                _Unwind_GetDataRelBase
 *(.gnu.warning)
 *(.glue_7t)
 .glue_7t       0x00000000        0x0 linker stubs
 *(.glue_7)
 .glue_7        0x00000000        0x0 linker stubs
 *(.vfp11_veneer)
 .vfp11_veneer  0x00000000        0x0 linker stubs
 *(.v4_bx)
 .v4_bx         0x00000000        0x0 linker stubs

.fini
 *(.fini)
                0x00007368                PROVIDE (__etext, .)
                0x00007368                PROVIDE (_etext, .)
                0x00007368                PROVIDE (etext, .)

.rodata         0x00007368      0xbc4
 *(.rodata .rodata.* .gnu.linkonce.r.*)
 .rodata.str1.4
                0x00007368      0xbb9 release\FuseAPI_platform.os
                                0xbbc (size before relaxing)
 *fill*         0x00007f21        0x3 00
 .rodata.str1.4
                0x00007f24        0x8 release\FuseAPI_register.os

.rodata1
 *(.rodata1)

.ARM.extab      0x00007f2c       0x24
 *(.ARM.extab* .gnu.linkonce.armextab.*)
 .ARM.extab     0x00007f2c       0x24 c:/android-ndk-r8d/toolchains/arm-linux-androideabi-4.4.3/prebuilt/windows/bin/../lib/gcc/arm-linux-androideabi/4.4.3\libgcc.a(unwind-arm.o)
                0x00007f50                __exidx_start = .

.ARM.exidx      0x00007f50       0xe0
 *(.ARM.exidx* .gnu.linkonce.armexidx.*)
 .ARM.exidx.text._ZdlPv
                0x00007f50        0x8 C:\android-ndk-r8d\sources\cxx-stl\gnu-libstdc++\4.4.3\libs\armeabi\libgnustl_static.a(del_op.o)
 .ARM.exidx     0x00007f58       0xa0 c:/android-ndk-r8d/toolchains/arm-linux-androideabi-4.4.3/prebuilt/windows/bin/../lib/gcc/arm-linux-androideabi/4.4.3\libgcc.a(unwind-arm.o)
 .ARM.exidx     0x00007ff8       0x38 c:/android-ndk-r8d/toolchains/arm-linux-androideabi-4.4.3/prebuilt/windows/bin/../lib/gcc/arm-linux-androideabi/4.4.3\libgcc.a(pr-support.o)
                0x00008030                __exidx_end = .

.eh_frame_hdr
 *(.eh_frame_hdr)

.eh_frame
 *(.eh_frame)

.gcc_except_table
 *(.gcc_except_table .gcc_except_table.*)
                0x00008030                . = (ALIGN (0x1000) - ((0x1000 - .) & 0xfff))
                0x00009c70                . = (0x1000 DATA_SEGMENT_ALIGN 0x1000)

.eh_frame
 *(.eh_frame)

.gcc_except_table
 *(.gcc_except_table .gcc_except_table.*)

.tdata
 *(.tdata .tdata.* .gnu.linkonce.td.*)

.tbss
 *(.tbss .tbss.* .gnu.linkonce.tb.*)
 *(.tcommon)

.preinit_array
 *(.preinit_array)

.init_array     0x00009c70        0x8
 *(SORT(.init_array.*))
 *(.init_array)
 .init_array    0x00009c70        0x4 release\FuseAPI_platform.os
 .init_array    0x00009c74        0x4 C:/android-ndk-r8d/platforms/android-9/arch-arm/usr/lib/crtend_so.o

.fini_array     0x00009c78        0x8
 *(.fini_array)
 .fini_array    0x00009c78        0x4 C:/android-ndk-r8d/platforms/android-9/arch-arm/usr/lib/crtbegin_so.o
 .fini_array    0x00009c7c        0x4 C:/android-ndk-r8d/platforms/android-9/arch-arm/usr/lib/crtend_so.o
 *(SORT(.fini_array.*))

.ctors
 *crtbegin.o(.ctors)
 *crtbegin?.o(.ctors)
 *(EXCLUDE_FILE(*crtend?.o *crtend.o) .ctors)
 *(SORT(.ctors.*))
 *(.ctors)

.dtors
 *crtbegin.o(.dtors)
 *crtbegin?.o(.dtors)
 *(EXCLUDE_FILE(*crtend?.o *crtend.o) .dtors)
 *(SORT(.dtors.*))
 *(.dtors)

.jcr
 *(.jcr)

.data.rel.ro    0x00009c80      0x150
 *(.data.rel.ro.local* .gnu.linkonce.d.rel.ro.local.*)
 *(.data.rel.ro* .gnu.linkonce.d.rel.ro.*)
 .data.rel.ro   0x00009c80      0x150 release\FuseAPI_platform.os

.dynamic        0x00009dd0       0xd8
 *(.dynamic)
 .dynamic       0x00009dd0       0xd8 C:/android-ndk-r8d/platforms/android-9/arch-arm/usr/lib/crtbegin_so.o
                0x00009dd0                _DYNAMIC

.got            0x00009ea8      0x158
 *(.got.plt)
 .got.plt       0x00009ea8       0x78 C:/android-ndk-r8d/platforms/android-9/arch-arm/usr/lib/crtbegin_so.o
                0x00009ea8                _GLOBAL_OFFSET_TABLE_
 *(.got)
 .got           0x00009f20       0xe0 C:/android-ndk-r8d/platforms/android-9/arch-arm/usr/lib/crtbegin_so.o
                0x0000a000                . = (. DATA_SEGMENT_RELRO_END 0x0)

.data           0x0000a000        0x4
                0x0000a000                __data_start = .
 *(.data .data.* .gnu.linkonce.d.*)
 .data          0x0000a000        0x4 C:/android-ndk-r8d/platforms/android-9/arch-arm/usr/lib/crtbegin_so.o
                0x0000a000                __dso_handle

.data1
 *(.data1)
                0x0000a004                _edata = .
                0x0000a004                PROVIDE (edata, .)
                0x0000a004                __bss_start = .
                0x0000a004                __bss_start__ = .

.bss            0x0000a004       0xec
 *(.dynbss)
 .dynbss        0x00000000        0x0 C:/android-ndk-r8d/platforms/android-9/arch-arm/usr/lib/crtbegin_so.o
 *(.bss .bss.* .gnu.linkonce.b.*)
 .bss           0x0000a004       0xec release\FuseAPI_platform.os
                0x0000a008                g_playerList
                0x0000a004                g_playerIndex
                0x0000a00c                g_numMailEntries
                0x0000a010                g_mailList
                0x0000a014                gameData
                0x0000a018                lockEnd
                0x0000a019                lockStart
                0x0000a01c                gameConfig
 *(COMMON)
                0x0000a0f0                . = ALIGN ((. != 0x0)?0x4:0x1)
                0x0000a0f0                _bss_end__ = .
                0x0000a0f0                __bss_end__ = .
                0x0000a0f0                . = ALIGN (0x4)
                0x0000a0f0                . = ALIGN (0x4)
                0x0000a0f0                __end__ = .
                0x0000a0f0                _end = .
                0x0000a0f0                PROVIDE (end, .)
                0x0000a0f0                . = DATA_SEGMENT_END (.)

.stab
 *(.stab)

.stabstr
 *(.stabstr)

.stab.excl
 *(.stab.excl)

.stab.exclstr
 *(.stab.exclstr)

.stab.index
 *(.stab.index)

.stab.indexstr
 *(.stab.indexstr)

.comment        0x00000000      0x145
 *(.comment)
 .comment       0x00000000       0x25 C:/android-ndk-r8d/platforms/android-9/arch-arm/usr/lib/crtbegin_so.o
                                 0x26 (size before relaxing)
 .comment       0x00000025       0x12 release\FuseAPI_platform.os
 .comment       0x00000037       0x12 release\FuseAPI.os
 .comment       0x00000049       0x12 release\FuseAPI_register.os
 .comment       0x0000005b       0x12 release\cfu.os
 .comment       0x0000006d       0x12 release\cfuconf.os
 .comment       0x0000007f       0x12 release\cfuhash.os
 .comment       0x00000091       0x12 release\cfulist.os
 .comment       0x000000a3       0x12 release\cfuopt.os
 .comment       0x000000b5       0x12 release\cfustring.os
 .comment       0x000000c7       0x12 release\cfuthread_queue.os
 .comment       0x000000d9       0x12 release\cfutime.os
 .comment       0x000000eb       0x12 release\libcfu-config.os
 .comment       0x000000fd       0x12 C:\depot\Projects\Marmalade\6.3\s3e\edk\lib\android\libedk.a(edk_helpers.o)
 .comment       0x0000010f       0x12 C:\android-ndk-r8d\sources\cxx-stl\gnu-libstdc++\4.4.3\libs\armeabi\libgnustl_static.a(del_op.o)
 .comment       0x00000121       0x12 c:/android-ndk-r8d/toolchains/arm-linux-androideabi-4.4.3/prebuilt/windows/bin/../lib/gcc/arm-linux-androideabi/4.4.3\libgcc.a(unwind-arm.o)
 .comment       0x00000133       0x12 c:/android-ndk-r8d/toolchains/arm-linux-androideabi-4.4.3/prebuilt/windows/bin/../lib/gcc/arm-linux-androideabi/4.4.3\libgcc.a(pr-support.o)

.debug
 *(.debug)

.line
 *(.line)

.debug_srcinfo
 *(.debug_srcinfo)

.debug_sfnames
 *(.debug_sfnames)

.debug_aranges  0x00000000       0xa0
 *(.debug_aranges)
 .debug_aranges
                0x00000000       0x20 c:/android-ndk-r8d/toolchains/arm-linux-androideabi-4.4.3/prebuilt/windows/bin/../lib/gcc/arm-linux-androideabi/4.4.3\libgcc.a(_udivsi3.o)
 .debug_aranges
                0x00000020       0x20 c:/android-ndk-r8d/toolchains/arm-linux-androideabi-4.4.3/prebuilt/windows/bin/../lib/gcc/arm-linux-androideabi/4.4.3\libgcc.a(_dvmd_lnx.o)
 .debug_aranges
                0x00000040       0x20 c:/android-ndk-r8d/toolchains/arm-linux-androideabi-4.4.3/prebuilt/windows/bin/../lib/gcc/arm-linux-androideabi/4.4.3\libgcc.a(unwind-arm.o)
 .debug_aranges
                0x00000060       0x20 c:/android-ndk-r8d/toolchains/arm-linux-androideabi-4.4.3/prebuilt/windows/bin/../lib/gcc/arm-linux-androideabi/4.4.3\libgcc.a(libunwind.o)
 .debug_aranges
                0x00000080       0x20 c:/android-ndk-r8d/toolchains/arm-linux-androideabi-4.4.3/prebuilt/windows/bin/../lib/gcc/arm-linux-androideabi/4.4.3\libgcc.a(pr-support.o)

.debug_pubnames
                0x00000000      0x22e
 *(.debug_pubnames)
 .debug_pubnames
                0x00000000      0x177 c:/android-ndk-r8d/toolchains/arm-linux-androideabi-4.4.3/prebuilt/windows/bin/../lib/gcc/arm-linux-androideabi/4.4.3\libgcc.a(unwind-arm.o)
 .debug_pubnames
                0x00000177       0xb7 c:/android-ndk-r8d/toolchains/arm-linux-androideabi-4.4.3/prebuilt/windows/bin/../lib/gcc/arm-linux-androideabi/4.4.3\libgcc.a(pr-support.o)

.debug_info     0x00000000     0x1ce3
 *(.debug_info .gnu.linkonce.wi.*)
 .debug_info    0x00000000       0xd9 c:/android-ndk-r8d/toolchains/arm-linux-androideabi-4.4.3/prebuilt/windows/bin/../lib/gcc/arm-linux-androideabi/4.4.3\libgcc.a(_udivsi3.o)
 .debug_info    0x000000d9       0xd9 c:/android-ndk-r8d/toolchains/arm-linux-androideabi-4.4.3/prebuilt/windows/bin/../lib/gcc/arm-linux-androideabi/4.4.3\libgcc.a(_dvmd_lnx.o)
 .debug_info    0x000001b2     0x1424 c:/android-ndk-r8d/toolchains/arm-linux-androideabi-4.4.3/prebuilt/windows/bin/../lib/gcc/arm-linux-androideabi/4.4.3\libgcc.a(unwind-arm.o)
 .debug_info    0x000015d6       0xd7 c:/android-ndk-r8d/toolchains/arm-linux-androideabi-4.4.3/prebuilt/windows/bin/../lib/gcc/arm-linux-androideabi/4.4.3\libgcc.a(libunwind.o)
 .debug_info    0x000016ad      0x636 c:/android-ndk-r8d/toolchains/arm-linux-androideabi-4.4.3/prebuilt/windows/bin/../lib/gcc/arm-linux-androideabi/4.4.3\libgcc.a(pr-support.o)

.debug_abbrev   0x00000000      0x617
 *(.debug_abbrev)
 .debug_abbrev  0x00000000       0x14 c:/android-ndk-r8d/toolchains/arm-linux-androideabi-4.4.3/prebuilt/windows/bin/../lib/gcc/arm-linux-androideabi/4.4.3\libgcc.a(_udivsi3.o)
 .debug_abbrev  0x00000014       0x14 c:/android-ndk-r8d/toolchains/arm-linux-androideabi-4.4.3/prebuilt/windows/bin/../lib/gcc/arm-linux-androideabi/4.4.3\libgcc.a(_dvmd_lnx.o)
 .debug_abbrev  0x00000028      0x3bb c:/android-ndk-r8d/toolchains/arm-linux-androideabi-4.4.3/prebuilt/windows/bin/../lib/gcc/arm-linux-androideabi/4.4.3\libgcc.a(unwind-arm.o)
 .debug_abbrev  0x000003e3       0x14 c:/android-ndk-r8d/toolchains/arm-linux-androideabi-4.4.3/prebuilt/windows/bin/../lib/gcc/arm-linux-androideabi/4.4.3\libgcc.a(libunwind.o)
 .debug_abbrev  0x000003f7      0x220 c:/android-ndk-r8d/toolchains/arm-linux-androideabi-4.4.3/prebuilt/windows/bin/../lib/gcc/arm-linux-androideabi/4.4.3\libgcc.a(pr-support.o)

.debug_line     0x00000000      0x862
 *(.debug_line)
 .debug_line    0x00000000       0xaa c:/android-ndk-r8d/toolchains/arm-linux-androideabi-4.4.3/prebuilt/windows/bin/../lib/gcc/arm-linux-androideabi/4.4.3\libgcc.a(_udivsi3.o)
 .debug_line    0x000000aa       0x89 c:/android-ndk-r8d/toolchains/arm-linux-androideabi-4.4.3/prebuilt/windows/bin/../lib/gcc/arm-linux-androideabi/4.4.3\libgcc.a(_dvmd_lnx.o)
 .debug_line    0x00000133      0x4b0 c:/android-ndk-r8d/toolchains/arm-linux-androideabi-4.4.3/prebuilt/windows/bin/../lib/gcc/arm-linux-androideabi/4.4.3\libgcc.a(unwind-arm.o)
 .debug_line    0x000005e3       0xcf c:/android-ndk-r8d/toolchains/arm-linux-androideabi-4.4.3/prebuilt/windows/bin/../lib/gcc/arm-linux-androideabi/4.4.3\libgcc.a(libunwind.o)
 .debug_line    0x000006b2      0x1b0 c:/android-ndk-r8d/toolchains/arm-linux-androideabi-4.4.3/prebuilt/windows/bin/../lib/gcc/arm-linux-androideabi/4.4.3\libgcc.a(pr-support.o)

.debug_frame    0x00000000      0x378
 *(.debug_frame)
 .debug_frame   0x00000000       0x28 c:/android-ndk-r8d/toolchains/arm-linux-androideabi-4.4.3/prebuilt/windows/bin/../lib/gcc/arm-linux-androideabi/4.4.3\libgcc.a(_udivsi3.o)
 .debug_frame   0x00000028      0x248 c:/android-ndk-r8d/toolchains/arm-linux-androideabi-4.4.3/prebuilt/windows/bin/../lib/gcc/arm-linux-androideabi/4.4.3\libgcc.a(unwind-arm.o)
 .debug_frame   0x00000270      0x108 c:/android-ndk-r8d/toolchains/arm-linux-androideabi-4.4.3/prebuilt/windows/bin/../lib/gcc/arm-linux-androideabi/4.4.3\libgcc.a(pr-support.o)

.debug_str      0x00000000      0x983
 *(.debug_str)
 .debug_str     0x00000000      0x862 c:/android-ndk-r8d/toolchains/arm-linux-androideabi-4.4.3/prebuilt/windows/bin/../lib/gcc/arm-linux-androideabi/4.4.3\libgcc.a(unwind-arm.o)
                                0x8d2 (size before relaxing)
 .debug_str     0x00000862      0x121 c:/android-ndk-r8d/toolchains/arm-linux-androideabi-4.4.3/prebuilt/windows/bin/../lib/gcc/arm-linux-androideabi/4.4.3\libgcc.a(pr-support.o)
                                0x438 (size before relaxing)

.debug_loc      0x00000000     0x12e8
 *(.debug_loc)
 .debug_loc     0x00000000      0xfef c:/android-ndk-r8d/toolchains/arm-linux-androideabi-4.4.3/prebuilt/windows/bin/../lib/gcc/arm-linux-androideabi/4.4.3\libgcc.a(unwind-arm.o)
 .debug_loc     0x00000fef      0x2f9 c:/android-ndk-r8d/toolchains/arm-linux-androideabi-4.4.3/prebuilt/windows/bin/../lib/gcc/arm-linux-androideabi/4.4.3\libgcc.a(pr-support.o)

.debug_macinfo
 *(.debug_macinfo)

.debug_weaknames
 *(.debug_weaknames)

.debug_funcnames
 *(.debug_funcnames)

.debug_typenames
 *(.debug_typenames)

.debug_varnames
 *(.debug_varnames)

.debug_pubtypes
 *(.debug_pubtypes)

.debug_ranges   0x00000000      0x228
 *(.debug_ranges)
 .debug_ranges  0x00000000      0x1f8 c:/android-ndk-r8d/toolchains/arm-linux-androideabi-4.4.3/prebuilt/windows/bin/../lib/gcc/arm-linux-androideabi/4.4.3\libgcc.a(unwind-arm.o)
 .debug_ranges  0x000001f8       0x30 c:/android-ndk-r8d/toolchains/arm-linux-androideabi-4.4.3/prebuilt/windows/bin/../lib/gcc/arm-linux-androideabi/4.4.3\libgcc.a(pr-support.o)

.gnu.attributes
 *(.gnu.attributes)

.note.gnu.arm.ident
 *(.note.gnu.arm.ident)

/DISCARD/
 *(.note.GNU-stack)
 *(.gnu_debuglink)
OUTPUT(C:\depot\Projects\Marmalade\6.3\extensions\FuseAPI\lib\android\libFuseAPI.so elf32-littlearm)

.ARM.attributes
                0x00000000       0x31
 .ARM.attributes
                0x00000000       0x2d C:/android-ndk-r8d/platforms/android-9/arch-arm/usr/lib/crtbegin_so.o
 .ARM.attributes
                0x0000002d       0x2d release\FuseAPI_platform.os
 .ARM.attributes
                0x0000005a       0x2b release\FuseAPI.os
 .ARM.attributes
                0x00000085       0x2b release\FuseAPI_register.os
 .ARM.attributes
                0x000000b0       0x2b release\cfu.os
 .ARM.attributes
                0x000000db       0x2b release\cfuconf.os
 .ARM.attributes
                0x00000106       0x2d release\cfuhash.os
 .ARM.attributes
                0x00000133       0x2b release\cfulist.os
 .ARM.attributes
                0x0000015e       0x2b release\cfuopt.os
 .ARM.attributes
                0x00000189       0x2d release\cfustring.os
 .ARM.attributes
                0x000001b6       0x2b release\cfuthread_queue.os
 .ARM.attributes
                0x000001e1       0x2d release\cfutime.os
 .ARM.attributes
                0x0000020e       0x29 release\libcfu-config.os
 .ARM.attributes
                0x00000237       0x2b C:\depot\Projects\Marmalade\6.3\s3e\edk\lib\android\libedk.a(edk_helpers.o)
 .ARM.attributes
                0x00000262       0x29 C:\android-ndk-r8d\sources\cxx-stl\gnu-libstdc++\4.4.3\libs\armeabi\libgnustl_static.a(del_op.o)
 .ARM.attributes
                0x0000028b       0x19 c:/android-ndk-r8d/toolchains/arm-linux-androideabi-4.4.3/prebuilt/windows/bin/../lib/gcc/arm-linux-androideabi/4.4.3\libgcc.a(_udivsi3.o)
 .ARM.attributes
                0x000002a4       0x19 c:/android-ndk-r8d/toolchains/arm-linux-androideabi-4.4.3/prebuilt/windows/bin/../lib/gcc/arm-linux-androideabi/4.4.3\libgcc.a(_dvmd_lnx.o)
 .ARM.attributes
                0x000002bd       0x29 c:/android-ndk-r8d/toolchains/arm-linux-androideabi-4.4.3/prebuilt/windows/bin/../lib/gcc/arm-linux-androideabi/4.4.3\libgcc.a(unwind-arm.o)
 .ARM.attributes
                0x000002e6       0x19 c:/android-ndk-r8d/toolchains/arm-linux-androideabi-4.4.3/prebuilt/windows/bin/../lib/gcc/arm-linux-androideabi/4.4.3\libgcc.a(libunwind.o)
 .ARM.attributes
                0x000002ff       0x29 c:/android-ndk-r8d/toolchains/arm-linux-androideabi-4.4.3/prebuilt/windows/bin/../lib/gcc/arm-linux-androideabi/4.4.3\libgcc.a(pr-support.o)
 .ARM.attributes
                0x00000328       0x1f C:/android-ndk-r8d/platforms/android-9/arch-arm/usr/lib/crtend_so.o
