Archive member included because of file (symbol)

/Applications/Marmalade.app/Contents/s3e/edk/lib/android/libedk.a(IwDebug.o)
                              debug/FuseAPI_platform.os (IwDebugTraceSetTraceChannel)
/Applications/Marmalade.app/Contents/s3e/edk/lib/android/libedk.a(edk_helpers.o)
                              debug/FuseAPI_platform.os (s3eEdkThreadRunOnOS)
/Developer/android-ndk-r8/sources/cxx-stl/gnu-libstdc++/libs/armeabi/libgnustl_static.a(del_op.o)
                              debug/FuseAPI_platform.os (_ZdlPv)
/Developer/android-ndk-r8/toolchains/arm-linux-androideabi-4.4.3/prebuilt/darwin-x86/bin/../lib/gcc/arm-linux-androideabi/4.4.3/libgcc.a(_udivsi3.o)
                              debug/cfuhash.os (__aeabi_uidiv)
/Developer/android-ndk-r8/toolchains/arm-linux-androideabi-4.4.3/prebuilt/darwin-x86/bin/../lib/gcc/arm-linux-androideabi/4.4.3/libgcc.a(_aeabi_ldivmod.o)
                              /Applications/Marmalade.app/Contents/s3e/edk/lib/android/libedk.a(IwDebug.o) (__aeabi_ldivmod)
/Developer/android-ndk-r8/toolchains/arm-linux-androideabi-4.4.3/prebuilt/darwin-x86/bin/../lib/gcc/arm-linux-androideabi/4.4.3/libgcc.a(_dvmd_lnx.o)
                              /Developer/android-ndk-r8/toolchains/arm-linux-androideabi-4.4.3/prebuilt/darwin-x86/bin/../lib/gcc/arm-linux-androideabi/4.4.3/libgcc.a(_udivsi3.o) (__div0)
/Developer/android-ndk-r8/toolchains/arm-linux-androideabi-4.4.3/prebuilt/darwin-x86/bin/../lib/gcc/arm-linux-androideabi/4.4.3/libgcc.a(bpabi.o)
                              /Developer/android-ndk-r8/toolchains/arm-linux-androideabi-4.4.3/prebuilt/darwin-x86/bin/../lib/gcc/arm-linux-androideabi/4.4.3/libgcc.a(_aeabi_ldivmod.o) (__gnu_ldivmod_helper)
/Developer/android-ndk-r8/toolchains/arm-linux-androideabi-4.4.3/prebuilt/darwin-x86/bin/../lib/gcc/arm-linux-androideabi/4.4.3/libgcc.a(unwind-arm.o)
                              /Developer/android-ndk-r8/toolchains/arm-linux-androideabi-4.4.3/prebuilt/darwin-x86/bin/../lib/gcc/arm-linux-androideabi/4.4.3/libgcc.a(bpabi.o) (__aeabi_unwind_cpp_pr0)
/Developer/android-ndk-r8/toolchains/arm-linux-androideabi-4.4.3/prebuilt/darwin-x86/bin/../lib/gcc/arm-linux-androideabi/4.4.3/libgcc.a(libunwind.o)
                              /Developer/android-ndk-r8/toolchains/arm-linux-androideabi-4.4.3/prebuilt/darwin-x86/bin/../lib/gcc/arm-linux-androideabi/4.4.3/libgcc.a(unwind-arm.o) (restore_core_regs)
/Developer/android-ndk-r8/toolchains/arm-linux-androideabi-4.4.3/prebuilt/darwin-x86/bin/../lib/gcc/arm-linux-androideabi/4.4.3/libgcc.a(pr-support.o)
                              /Developer/android-ndk-r8/toolchains/arm-linux-androideabi-4.4.3/prebuilt/darwin-x86/bin/../lib/gcc/arm-linux-androideabi/4.4.3/libgcc.a(unwind-arm.o) (__gnu_unwind_execute)
/Developer/android-ndk-r8/toolchains/arm-linux-androideabi-4.4.3/prebuilt/darwin-x86/bin/../lib/gcc/arm-linux-androideabi/4.4.3/libgcc.a(_divdi3.o)
                              /Developer/android-ndk-r8/toolchains/arm-linux-androideabi-4.4.3/prebuilt/darwin-x86/bin/../lib/gcc/arm-linux-androideabi/4.4.3/libgcc.a(bpabi.o) (__divdi3)
/Developer/android-ndk-r8/toolchains/arm-linux-androideabi-4.4.3/prebuilt/darwin-x86/bin/../lib/gcc/arm-linux-androideabi/4.4.3/libgcc.a(_udivdi3.o)
                              /Developer/android-ndk-r8/toolchains/arm-linux-androideabi-4.4.3/prebuilt/darwin-x86/bin/../lib/gcc/arm-linux-androideabi/4.4.3/libgcc.a(bpabi.o) (__udivdi3)

Discarded input sections

 _ZN7_JNIEnv9FindClassEPKc
                0x00000000        0x0 debug/FuseAPI_platform.os
 _ZN7_JNIEnv17ExceptionOccurredEv
                0x00000000        0x0 debug/FuseAPI_platform.os
 _ZN7_JNIEnv17ExceptionDescribeEv
                0x00000000        0x0 debug/FuseAPI_platform.os
 _ZN7_JNIEnv14ExceptionClearEv
                0x00000000        0x0 debug/FuseAPI_platform.os
 _ZN7_JNIEnv12NewGlobalRefEP8_jobject
                0x00000000        0x0 debug/FuseAPI_platform.os
 _ZN7_JNIEnv15DeleteGlobalRefEP8_jobject
                0x00000000        0x0 debug/FuseAPI_platform.os
 _ZN7_JNIEnv14DeleteLocalRefEP8_jobject
                0x00000000        0x0 debug/FuseAPI_platform.os
 _ZN7_JNIEnv9NewObjectEP7_jclassP10_jmethodIDz
                0x00000000        0x0 debug/FuseAPI_platform.os
 _ZN7_JNIEnv11GetMethodIDEP7_jclassPKcS3_
                0x00000000        0x0 debug/FuseAPI_platform.os
 _ZN7_JNIEnv16CallObjectMethodEP8_jobjectP10_jmethodIDz
                0x00000000        0x0 debug/FuseAPI_platform.os
 _ZN7_JNIEnv17CallBooleanMethodEP8_jobjectP10_jmethodIDz
                0x00000000        0x0 debug/FuseAPI_platform.os
 _ZN7_JNIEnv13CallIntMethodEP8_jobjectP10_jmethodIDz
                0x00000000        0x0 debug/FuseAPI_platform.os
 _ZN7_JNIEnv14CallVoidMethodEP8_jobjectP10_jmethodIDz
                0x00000000        0x0 debug/FuseAPI_platform.os
 _ZN7_JNIEnv12NewStringUTFEPKc
                0x00000000        0x0 debug/FuseAPI_platform.os
 _ZN7_JNIEnv15RegisterNativesEP7_jclassPK15JNINativeMethodi
                0x00000000        0x0 debug/FuseAPI_platform.os
 _ZN7_JavaVM6GetEnvEPPvi
                0x00000000        0x0 debug/FuseAPI_platform.os
 .note.GNU-stack
                0x00000000        0x0 debug/FuseAPI_platform.os
 .note.GNU-stack
                0x00000000        0x0 debug/FuseAPI.os
 .note.GNU-stack
                0x00000000        0x0 debug/FuseAPI_register.os
 .note.GNU-stack
                0x00000000        0x0 debug/cfu.os
 .note.GNU-stack
                0x00000000        0x0 debug/cfuconf.os
 .note.GNU-stack
                0x00000000        0x0 debug/cfuhash.os
 .note.GNU-stack
                0x00000000        0x0 debug/cfulist.os
 .note.GNU-stack
                0x00000000        0x0 debug/cfuopt.os
 .note.GNU-stack
                0x00000000        0x0 debug/cfustring.os
 .note.GNU-stack
                0x00000000        0x0 debug/cfuthread_queue.os
 .note.GNU-stack
                0x00000000        0x0 debug/cfutime.os
 .note.GNU-stack
                0x00000000        0x0 debug/libcfu-config.os
 .note.GNU-stack
                0x00000000        0x0 /Applications/Marmalade.app/Contents/s3e/edk/lib/android/libedk.a(IwDebug.o)
 .note.GNU-stack
                0x00000000        0x0 /Applications/Marmalade.app/Contents/s3e/edk/lib/android/libedk.a(edk_helpers.o)
 .note.GNU-stack
                0x00000000        0x0 /Developer/android-ndk-r8/sources/cxx-stl/gnu-libstdc++/libs/armeabi/libgnustl_static.a(del_op.o)
 .note.GNU-stack
                0x00000000        0x0 /Developer/android-ndk-r8/toolchains/arm-linux-androideabi-4.4.3/prebuilt/darwin-x86/bin/../lib/gcc/arm-linux-androideabi/4.4.3/libgcc.a(_udivsi3.o)
 .note.GNU-stack
                0x00000000        0x0 /Developer/android-ndk-r8/toolchains/arm-linux-androideabi-4.4.3/prebuilt/darwin-x86/bin/../lib/gcc/arm-linux-androideabi/4.4.3/libgcc.a(_aeabi_ldivmod.o)
 .note.GNU-stack
                0x00000000        0x0 /Developer/android-ndk-r8/toolchains/arm-linux-androideabi-4.4.3/prebuilt/darwin-x86/bin/../lib/gcc/arm-linux-androideabi/4.4.3/libgcc.a(_dvmd_lnx.o)
 .note.GNU-stack
                0x00000000        0x0 /Developer/android-ndk-r8/toolchains/arm-linux-androideabi-4.4.3/prebuilt/darwin-x86/bin/../lib/gcc/arm-linux-androideabi/4.4.3/libgcc.a(bpabi.o)
 .note.GNU-stack
                0x00000000        0x0 /Developer/android-ndk-r8/toolchains/arm-linux-androideabi-4.4.3/prebuilt/darwin-x86/bin/../lib/gcc/arm-linux-androideabi/4.4.3/libgcc.a(unwind-arm.o)
 .note.GNU-stack
                0x00000000        0x0 /Developer/android-ndk-r8/toolchains/arm-linux-androideabi-4.4.3/prebuilt/darwin-x86/bin/../lib/gcc/arm-linux-androideabi/4.4.3/libgcc.a(libunwind.o)
 .note.GNU-stack
                0x00000000        0x0 /Developer/android-ndk-r8/toolchains/arm-linux-androideabi-4.4.3/prebuilt/darwin-x86/bin/../lib/gcc/arm-linux-androideabi/4.4.3/libgcc.a(pr-support.o)
 .note.GNU-stack
                0x00000000        0x0 /Developer/android-ndk-r8/toolchains/arm-linux-androideabi-4.4.3/prebuilt/darwin-x86/bin/../lib/gcc/arm-linux-androideabi/4.4.3/libgcc.a(_divdi3.o)
 .note.GNU-stack
                0x00000000        0x0 /Developer/android-ndk-r8/toolchains/arm-linux-androideabi-4.4.3/prebuilt/darwin-x86/bin/../lib/gcc/arm-linux-androideabi/4.4.3/libgcc.a(_udivdi3.o)

Memory Configuration

Name             Origin             Length             Attributes
*default*        0x00000000         0xffffffff

Linker script and memory map

LOAD /Developer/android-ndk-r8/platforms/android-9/arch-arm/usr/lib/crtbegin_so.o
LOAD debug/FuseAPI_platform.os
LOAD debug/FuseAPI.os
LOAD debug/FuseAPI_register.os
LOAD debug/cfu.os
LOAD debug/cfuconf.os
LOAD debug/cfuhash.os
LOAD debug/cfulist.os
LOAD debug/cfuopt.os
LOAD debug/cfustring.os
LOAD debug/cfuthread_queue.os
LOAD debug/cfutime.os
LOAD debug/libcfu-config.os
LOAD /Applications/Marmalade.app/Contents/s3e/edk/lib/android/libedk.a
LOAD /Applications/Marmalade.app/Contents/s3e/edk/lib/android/libplaceholderplaceholderplaceholderplaceholderplaceholder.so
LOAD /Developer/android-ndk-r8/platforms/android-9/arch-arm/usr/lib/liblog.so
LOAD /Developer/android-ndk-r8/sources/cxx-stl/gnu-libstdc++/libs/armeabi/libgnustl_static.a
LOAD /Developer/android-ndk-r8/toolchains/arm-linux-androideabi-4.4.3/prebuilt/darwin-x86/bin/../lib/gcc/arm-linux-androideabi/4.4.3/libgcc.a
LOAD /Developer/android-ndk-r8/platforms/android-9/arch-arm/usr/lib/libstdc++.so
LOAD /Developer/android-ndk-r8/platforms/android-9/arch-arm/usr/lib/libm.so
LOAD /Developer/android-ndk-r8/platforms/android-9/arch-arm/usr/lib/libc.so
LOAD /Developer/android-ndk-r8/toolchains/arm-linux-androideabi-4.4.3/prebuilt/darwin-x86/bin/../lib/gcc/arm-linux-androideabi/4.4.3/libgcc.a
LOAD /Developer/android-ndk-r8/platforms/android-9/arch-arm/usr/lib/libc.so
LOAD /Developer/android-ndk-r8/platforms/android-9/arch-arm/usr/lib/libdl.so
LOAD /Developer/android-ndk-r8/toolchains/arm-linux-androideabi-4.4.3/prebuilt/darwin-x86/bin/../lib/gcc/arm-linux-androideabi/4.4.3/libgcc.a
LOAD /Developer/android-ndk-r8/platforms/android-9/arch-arm/usr/lib/crtend_so.o
                0x000000d4                . = (0x0 + SIZEOF_HEADERS)

.note.gnu.build-id
 *(.note.gnu.build-id)

.hash           0x000000d4      0x39c
 *(.hash)
 .hash          0x000000d4      0x39c /Developer/android-ndk-r8/platforms/android-9/arch-arm/usr/lib/crtbegin_so.o

.gnu.hash
 *(.gnu.hash)

.dynsym         0x00000470      0x840
 *(.dynsym)
 .dynsym        0x00000470      0x840 /Developer/android-ndk-r8/platforms/android-9/arch-arm/usr/lib/crtbegin_so.o

.dynstr         0x00000cb0      0x82c
 *(.dynstr)
 .dynstr        0x00000cb0      0x82c /Developer/android-ndk-r8/platforms/android-9/arch-arm/usr/lib/crtbegin_so.o

.gnu.version    0x000014dc        0x0
 *(.gnu.version)
 .gnu.version   0x00000000        0x0 /Developer/android-ndk-r8/platforms/android-9/arch-arm/usr/lib/crtbegin_so.o

.gnu.version_d  0x000014dc        0x0
 *(.gnu.version_d)
 .gnu.version_d
                0x00000000        0x0 /Developer/android-ndk-r8/platforms/android-9/arch-arm/usr/lib/crtbegin_so.o

.gnu.version_r  0x000014dc        0x0
 *(.gnu.version_r)
 .gnu.version_r
                0x00000000        0x0 /Developer/android-ndk-r8/platforms/android-9/arch-arm/usr/lib/crtbegin_so.o

.rel.dyn        0x000014dc      0x530
 *(.rel.init)
 *(.rel.text .rel.text.* .rel.gnu.linkonce.t.*)
 .rel.text      0x000014dc        0x8 /Developer/android-ndk-r8/platforms/android-9/arch-arm/usr/lib/crtbegin_so.o
 *(.rel.fini)
 *(.rel.rodata .rel.rodata.* .rel.gnu.linkonce.r.*)
 *(.rel.data.rel.ro* .rel.gnu.linkonce.d.rel.ro.*)
 .rel.data.rel.ro
                0x000014e4      0x318 /Developer/android-ndk-r8/platforms/android-9/arch-arm/usr/lib/crtbegin_so.o
 *(.rel.data .rel.data.* .rel.gnu.linkonce.d.*)
 *(.rel.tdata .rel.tdata.* .rel.gnu.linkonce.td.*)
 *(.rel.tbss .rel.tbss.* .rel.gnu.linkonce.tb.*)
 *(.rel.ctors)
 *(.rel.dtors)
 *(.rel.got)
 .rel.got       0x000017fc      0x1f8 /Developer/android-ndk-r8/platforms/android-9/arch-arm/usr/lib/crtbegin_so.o
 *(.rel.bss .rel.bss.* .rel.gnu.linkonce.b.*)
 .rel.fini_array
                0x000019f4        0x8 /Developer/android-ndk-r8/platforms/android-9/arch-arm/usr/lib/crtbegin_so.o
 .rel.init_array
                0x000019fc       0x10 /Developer/android-ndk-r8/platforms/android-9/arch-arm/usr/lib/crtbegin_so.o

.rela.dyn
 *(.rela.init)
 *(.rela.text .rela.text.* .rela.gnu.linkonce.t.*)
 *(.rela.fini)
 *(.rela.rodata .rela.rodata.* .rela.gnu.linkonce.r.*)
 *(.rela.data .rela.data.* .rela.gnu.linkonce.d.*)
 *(.rela.tdata .rela.tdata.* .rela.gnu.linkonce.td.*)
 *(.rela.tbss .rela.tbss.* .rela.gnu.linkonce.tb.*)
 *(.rela.ctors)
 *(.rela.dtors)
 *(.rela.got)
 *(.rela.bss .rela.bss.* .rela.gnu.linkonce.b.*)

.rel.plt        0x00001a0c      0x1f0
 *(.rel.plt)
 .rel.plt       0x00001a0c      0x1f0 /Developer/android-ndk-r8/platforms/android-9/arch-arm/usr/lib/crtbegin_so.o

.rela.plt
 *(.rela.plt)

.init
 *(.init)

.plt            0x00001bfc      0x2fc
 *(.plt)
 .plt           0x00001bfc      0x2fc /Developer/android-ndk-r8/platforms/android-9/arch-arm/usr/lib/crtbegin_so.o

.text           0x00001ef8    0x137ec
 *(.text .stub .text.* .gnu.linkonce.t.*)
 .text          0x00001ef8       0x10 /Developer/android-ndk-r8/platforms/android-9/arch-arm/usr/lib/crtbegin_so.o
 .text          0x00001f08     0x50b4 debug/FuseAPI_platform.os
                0x000065e0                _Z27FuseAPIGetGameData_platformPKcS0_PS0_i
                0x00002194                _Z29FuseAPIAdAvailabilityResponseP7_JNIEnvP8_jobjectii
                0x0000686c                _Z28FuseAPIRejectFriend_platformPKc
                0x00003074                _Z20FuseFriendsListErrorP7_JNIEnvP8_jobjecti
                0x00005fd8                _Z25FuseAPIFuseLogin_platformPKcS0_
                0x00002310                _Z18FuseAPIAdDisplayedP7_JNIEnvP8_jobject
                0x00006d30                _Z41FuseAPIGetGameConfigurationValue_platformPKc
                0x00006eb0                _Z35FuseAPIRegisterFlurryClick_platformv
                0x00003b14                _Z26FuseAPIGameDataReceivedKVPP7_JNIEnvP8_jobjectbP8_jstringS4_
                0x0000382c                _Z26FuseGameConfigurationStartP7_JNIEnvP8_jobjecti
                0x00005d28                _Z22FuseAPIShowAd_platformv
                0x00005780                _Z38FuseAPIRegisterEventWithParam_platformPKcS0_S0_S0_PKd
                0x000063d4                _Z26FuseAPIEnableData_platformb
                0x00002028                _Z27FuseAPISessionStartReceivedP7_JNIEnvP8_jobject
                0x00002c94                _Z29FuseAPIFriendsListUpdateStartP7_JNIEnvP8_jobjecti
                0x000061b4                _Z38FuseAPIGetOriginalAccountType_platformv
                0x0000376c                _Z17FuseMailListErrorP7_JNIEnvP8_jobjecti
                0x000026cc                _Z17FuseGameDataErrorP7_JNIEnvP8_jobjectii
                0x00006bbc                _Z32FuseAPISendMailWithGift_platformPKcS0_ii
                0x0000330c                _Z21FuseAPIMailListUpdateP7_JNIEnvP8_jobjectiP8_jstringS4_S4_S4_
                0x000036ac                _Z13FuseMailErrorP7_JNIEnvP8_jobjecti
                0x00006a78                _Z30FuseAPIGetFriendsList_platformPi
                0x00002468                _Z25FuseAPINotificationActionP7_JNIEnvP8_jobjectP8_jstring
                0x00005e0c                _Z30FuseAPIRegisterGender_platformi
                0x00006b00                _Z43FuseAPIGetMailListFriendFromServer_platformPKc
                0x00006060                _Z31FuseAPIGameCenterLogin_platformv
                0x0000679c                _Z28FuseAPIRemoveFriend_platformPKc
                0x00005cc0                _Z40FuseAPIRegisterInAppPurchaseiOS_platform17FusePurchaseStatePKciPdS1_S1_
                0x000062c0                _Z30FuseAPILibraryVersion_platformv
                0x00005e60                _Z29FuseAPIFacebookLogin_platformPKcS0_S0_
                0x000023bc                _Z16FuseAPIAdClickedP7_JNIEnvP8_jobject
                0x00005564                _Z28FuseAPIStartSession_platformPKc
                0x00006804                _Z28FuseAPIAcceptFriend_platformPKc
                0x000069c4                _Z39FuseAPIFriendsPushNotification_platformPKc
                0x0000285c                _Z15FuseFriendAddedP7_JNIEnvP8_jobjectP8_jstringi
                0x00002d80                _Z30FuseAPIFriendsListUpdatePlayerP7_JNIEnvP8_jobjectP8_jstringS4_S4_S4_iib
                0x00003d18                _Z9FusePausePvS_
                0x00005dc0                _Z32FuseAPIDisplayMoreGames_platformv
                0x00005a28                _Z43FuseAPIRegisterEventWithDictionary_platformPKcP13cfuhash_table
                0x00006734                _Z25FuseAPIAddFriend_platformPKc
                0x00005514                _Z25FuseAPITerminate_platformv
                0x00003da4                _Z20FuseAPIInit_platformv
                0x00006b68                _Z33FuseAPISetMailAsReceived_platformi
                0x00005d74                _Z36FuseAPIDisplayNotifications_platformv
                0x00006e04                _Z32FuseAPIRegisterCurrency_platformii
                0x00005618                _Z29FuseAPIResumeSession_platformv
                0x0000279c                _Z27FuseGameDataSetAcknowledgedP7_JNIEnvP8_jobjecti
                0x00005f70                _Z27FuseAPIDeviceLogin_platformPKc
                0x00002a0c                _Z18FuseFriendAcceptedP7_JNIEnvP8_jobjectP8_jstringi
                0x00006388                _Z30FuseAPITimeFromServer_platformv
                0x000038f4                _Z29FuseGameConfigurationKeyValueP7_JNIEnvP8_jobjectP8_jstringS4_
                0x000068d4                _Z30FuseAPIMigrateFriends_platformPKc
                0x000060ec                _Z36FuseAPIGetOriginalAccountId_platformv
                0x0000626c                _Z27FuseAPIgamesPlayed_platformv
                0x000035e0                _Z20FuseMailListReceivedP7_JNIEnvP8_jobjectP8_jstring
                0x00003a88                _Z28FuseAPIGameDataReceivedStartP7_JNIEnvP8_jobject
                0x00003d80                _Z10FuseResumePvS_
                0x00005718                _Z29FuseAPIRegisterEvent_platformPKc
                0x0000321c                _Z26FuseAPIMailListUpdateStartP7_JNIEnvP8_jobjecti
                0x00002fc8                _Z27FuseAPIFriendsListUpdateEndP7_JNIEnvP8_jobject
                0x00006424                _Z27FuseAPISetGameData_platformPKcS0_P13cfuhash_table
                0x00005664                _Z32FuseAPITerminateSession_platformv
                0x00005cdc                _Z32FuseAPICheckAdAvailable_platformv
                0x00006ab4                _Z37FuseAPIGetMailListFromServer_platformv
                0x00006208                _Z25FuseAPIGetFuseID_platformv
                0x0000693c                _Z36FuseAPIUserPushNotification_platformPKcS0_
                0x000039c4                _Z29FuseGameConfigurationReceivedP7_JNIEnvP8_jobject
                0x00003c20                _Z26FuseAPIGameDataReceivedEndP7_JNIEnvP8_jobjectP8_jstringi
                0x00005864                _Z42FuseAPIRegisterEventWithEventData_platformPKcS0_S0_P13cfuhash_table
                0x00006efc                _Z36FuseAPIRegisterTapjoyReward_platformi
                0x00002bbc                _Z19FuseFriendsMigratedP7_JNIEnvP8_jobjectP8_jstringi
                0x00003134                _Z20FuseMailAcknowledgedP7_JNIEnvP8_jobjectiP8_jstringi
                0x000056b0                _Z44FuseAPIRegisterForPushNotifications_platformPKc
                0x000055cc                _Z28FuseAPIPauseSession_platformv
                0x00006064                _Z31FuseAPIGooglePlayLogin_platformPKcS0_
                0x00006e64                _Z34FuseAPIRegisterFlurryView_platformv
                0x00006324                _Z25FuseAPIConnected_platformv
                0x00002264                _Z18FuseAPIAdWillCloseP7_JNIEnvP8_jobject
                0x00002ae4                _Z18FuseFriendRejectedP7_JNIEnvP8_jobjectP8_jstringi
                0x00002934                _Z17FuseFriendRemovedP7_JNIEnvP8_jobjectP8_jstringi
                0x00006cf4                _Z27FuseAPIGetMailList_platformPi
                0x0000348c                _Z25FuseAPIMailListUpdateGiftP7_JNIEnvP8_jobjectiP8_jstringS4_i
                0x000020d4                _Z17FuseAPILoginErrorP7_JNIEnvP8_jobjecti
                0x00002534                _Z27FuseAPIAccountLoginCompleteP7_JNIEnvP8_jobjectiP8_jstring
                0x00006c64                _Z24FuseAPISendMail_platformPKcS0_
                0x00005f08                _Z28FuseAPITwitterLogin_platformPKc
                0x00006db0                _Z29FuseAPIRegisterLevel_platformi
                0x00006150                _Z39FuseAPIGetOriginalAccountAlias_platformv
                0x00006a2c                _Z43FuseAPIUpdateFriendsListFromServer_platformv
                0x0000260c                _Z18FuseAPITimeUpdatedP7_JNIEnvP8_jobjecti
                0x00005ba4                _Z44FuseAPIRegisterInAppPurchaseAndroid_platform17FusePurchaseStatePKcS1_S1_lS1_PKdS1_
 .text._ZN7_JNIEnv9FindClassEPKc
                0x00006fbc       0x38 debug/FuseAPI_platform.os
                0x00006fbc                _ZN7_JNIEnv9FindClassEPKc
 .text._ZN7_JNIEnv17ExceptionOccurredEv
                0x00006ff4       0x30 debug/FuseAPI_platform.os
                0x00006ff4                _ZN7_JNIEnv17ExceptionOccurredEv
 .text._ZN7_JNIEnv17ExceptionDescribeEv
                0x00007024       0x28 debug/FuseAPI_platform.os
                0x00007024                _ZN7_JNIEnv17ExceptionDescribeEv
 .text._ZN7_JNIEnv14ExceptionClearEv
                0x0000704c       0x28 debug/FuseAPI_platform.os
                0x0000704c                _ZN7_JNIEnv14ExceptionClearEv
 .text._ZN7_JNIEnv12NewGlobalRefEP8_jobject
                0x00007074       0x38 debug/FuseAPI_platform.os
                0x00007074                _ZN7_JNIEnv12NewGlobalRefEP8_jobject
 .text._ZN7_JNIEnv15DeleteGlobalRefEP8_jobject
                0x000070ac       0x30 debug/FuseAPI_platform.os
                0x000070ac                _ZN7_JNIEnv15DeleteGlobalRefEP8_jobject
 .text._ZN7_JNIEnv14DeleteLocalRefEP8_jobject
                0x000070dc       0x30 debug/FuseAPI_platform.os
                0x000070dc                _ZN7_JNIEnv14DeleteLocalRefEP8_jobject
 .text._ZN7_JNIEnv9NewObjectEP7_jclassP10_jmethodIDz
                0x0000710c       0x5c debug/FuseAPI_platform.os
                0x0000710c                _ZN7_JNIEnv9NewObjectEP7_jclassP10_jmethodIDz
 .text._ZN7_JNIEnv11GetMethodIDEP7_jclassPKcS3_
                0x00007168       0x48 debug/FuseAPI_platform.os
                0x00007168                _ZN7_JNIEnv11GetMethodIDEP7_jclassPKcS3_
 .text._ZN7_JNIEnv16CallObjectMethodEP8_jobjectP10_jmethodIDz
                0x000071b0       0x5c debug/FuseAPI_platform.os
                0x000071b0                _ZN7_JNIEnv16CallObjectMethodEP8_jobjectP10_jmethodIDz
 .text._ZN7_JNIEnv17CallBooleanMethodEP8_jobjectP10_jmethodIDz
                0x0000720c       0x5c debug/FuseAPI_platform.os
                0x0000720c                _ZN7_JNIEnv17CallBooleanMethodEP8_jobjectP10_jmethodIDz
 .text._ZN7_JNIEnv13CallIntMethodEP8_jobjectP10_jmethodIDz
                0x00007268       0x5c debug/FuseAPI_platform.os
                0x00007268                _ZN7_JNIEnv13CallIntMethodEP8_jobjectP10_jmethodIDz
 .text._ZN7_JNIEnv14CallVoidMethodEP8_jobjectP10_jmethodIDz
                0x000072c4       0x4c debug/FuseAPI_platform.os
                0x000072c4                _ZN7_JNIEnv14CallVoidMethodEP8_jobjectP10_jmethodIDz
 .text._ZN7_JNIEnv12NewStringUTFEPKc
                0x00007310       0x38 debug/FuseAPI_platform.os
                0x00007310                _ZN7_JNIEnv12NewStringUTFEPKc
 .text._ZN7_JNIEnv15RegisterNativesEP7_jclassPK15JNINativeMethodi
                0x00007348       0x48 debug/FuseAPI_platform.os
                0x00007348                _ZN7_JNIEnv15RegisterNativesEP7_jclassPK15JNINativeMethodi
 .text._ZN7_JavaVM6GetEnvEPPvi
                0x00007390       0x40 debug/FuseAPI_platform.os
                0x00007390                _ZN7_JavaVM6GetEnvEPPvi
 .text          0x000073d0      0x678 debug/FuseAPI.os
                0x0000798c                FuseAPIGetMailList
                0x00007924                FuseAPISendMailWithGift
                0x000078ec                FuseAPIGetMailListFriendFromServer
                0x00007894                FuseAPIFriendsPushNotification
                0x0000745c                FuseAPIRegisterEvent
                0x00007750                FuseAPIEnableData
                0x000078e0                FuseAPIGetMailListFromServer
                0x000078b0                FuseAPIUpdateFriendsListFromServer
                0x000075b4                FuseAPICheckAdAvailable
                0x0000771c                FuseAPILibraryVersion
                0x00007838                FuseAPIRejectFriend
                0x00007908                FuseAPISetMailAsReceived
                0x00007670                FuseAPIFuseLogin
                0x000075e4                FuseAPIRegisterGender
                0x00007478                FuseAPIRegisterEventWithParam
                0x000079d4                FuseAPIRegisterLevel
                0x000079b0                FuseAPIGetGameConfigurationValue
                0x0000762c                FuseAPITwitterLogin
                0x00007434                FuseAPITerminateSession
                0x00007800                FuseAPIRemoveFriend
                0x00007730                FuseAPIConnected
                0x00007654                FuseAPIDeviceLogin
                0x00007744                FuseAPITimeFromServer
                0x000075d8                FuseAPIDisplayMoreGames
                0x00007a2c                FuseAPIRegisterTapjoyReward
                0x00007428                FuseAPIResumeSession
                0x000073d0                _Z11FuseAPIInitv
                0x00007854                FuseAPIMigrateFriends
                0x000077a8                FuseAPIGetGameData
                0x0000751c                FuseAPIRegisterInAppPurchaseAndroid
                0x000075c0                FuseAPIShowAd
                0x000073f4                _Z16FuseAPITerminatev
                0x000074f8                FuseAPIRegisterEventWithDictionary
                0x000076f4                FuseAPIGetFuseID
                0x000076b8                FuseAPIGetOriginalAccountId
                0x000078bc                FuseAPIGetFriendsList
                0x00007440                FuseAPIRegisterForPushNotifications
                0x000079f0                FuseAPIRegisterCurrency
                0x000076cc                FuseAPIGetOriginalAccountAlias
                0x00007600                FuseAPIFacebookLogin
                0x000077e4                FuseAPIAddFriend
                0x00007870                FuseAPIUserPushNotification
                0x00007708                FuseAPIgamesPlayed
                0x000075cc                FuseAPIDisplayNotifications
                0x000074bc                FuseAPIRegisterEventWithEventData
                0x00007570                FuseAPIRegisterInAppPurchaseiOS
                0x00007a20                FuseAPIRegisterFlurryClick
                0x00007648                FuseAPIGameCenterLogin
                0x000076e0                FuseAPIGetOriginalAccountType
                0x00007960                FuseAPISendMail
                0x00007774                FuseAPISetGameData
                0x00007694                FuseAPIGooglePlayLogin
                0x00007400                FuseAPIStartSession
                0x0000741c                FuseAPIPauseSession
                0x00007a14                FuseAPIRegisterFlurryView
                0x0000781c                FuseAPIAcceptFriend
 .text          0x00007a48     0x2570 debug/FuseAPI_register.os
                0x00009b64                FuseAPIUnRegister
                0x00009b14                FuseAPIRegister
                0x00009fac                RegisterExt
                0x00009ba8                _Z18FuseAPIRegisterExtv
 .text          0x00009fb8      0x148 debug/cfu.os
                0x00009fb8                cfu_get_type
                0x0000a0c8                cfu_is_conf
                0x0000a020                cfu_is_list
                0x0000a090                cfu_is_time
                0x0000a058                cfu_is_string
                0x00009fe8                cfu_is_hash
 .text          0x0000a100     0x19b4 debug/cfuconf.os
                0x0000a320                cfuconf_get_directives
                0x0000b5b4                cfuconf_parse_buffer
                0x0000a234                cfuconf_destroy
                0x0000b49c                cfuconf_parse_file
                0x0000a448                cfuconf_get_directive_one_arg
                0x0000a2f0                cfuconf_get_containers
                0x0000a4ec                cfuconf_get_directive_two_args
                0x0000ba88                cfuconf_pretty_print_conf
                0x0000a530                cfuconf_get_directive_n_args
 .text          0x0000bab4     0x2364 debug/cfuhash.os
                0x0000be70                cfuhash_new_with_free_fn
                0x0000d878                cfuhash_pretty_print
                0x0000d634                cfuhash_each
                0x0000d92c                cfuhash_rehash
                0x0000d6d4                cfuhash_destroy_with_free_fn
                0x0000d078                cfuhash_keys
                0x0000d10c                cfuhash_next_data
                0x0000cba0                cfuhash_delete_data
                0x0000ca18                cfuhash_clear
                0x0000c0ec                cfuhash_clear_flag
                0x0000c520                cfuhash_get_data
                0x0000dbec                cfuhash_bencode_strings
                0x0000c12c                cfuhash_set_thresholds
                0x0000d0b0                cfuhash_each_data
                0x0000db14                cfuhash_num_buckets
                0x0000c690                cfuhash_get
                0x0000c0b0                cfuhash_set_flag
                0x0000be40                cfuhash_new_with_flags
                0x0000cdfc                cfuhash_keys_data
                0x0000dae4                cfuhash_num_entries
                0x0000beac                cfuhash_copy
                0x0000c78c                cfuhash_put_data
                0x0000c9b4                cfuhash_put
                0x0000d4ec                cfuhash_foreach
                0x0000c6f8                cfuhash_exists_data
                0x0000be04                cfuhash_new_with_initial_size
                0x0000db44                cfuhash_num_buckets_used
                0x0000d30c                cfuhash_foreach_remove
                0x0000d7dc                cfuhash_destroy
                0x0000c75c                cfuhash_exists
                0x0000d684                cfuhash_next
                0x0000c094                cfuhash_get_flags
                0x0000cdcc                cfuhash_delete
                0x0000bde8                cfuhash_new
                0x0000c254                cfuhash_set_free_function
                0x0000c1f8                cfuhash_set_hash_function
                0x0000c35c                cfuhash_unlock
                0x0000bffc                cfuhash_merge
                0x0000c330                cfuhash_lock
 .text          0x0000de18     0x1144 debug/cfulist.os
                0x0000eb50                cfulist_push_string
                0x0000eb00                cfulist_enqueue
                0x0000e5f8                cfulist_nth_data
                0x0000e530                cfulist_last_data
                0x0000e018                cfulist_pop_data
                0x0000ebcc                cfulist_unshift_string
                0x0000ec48                cfulist_enqueue_string
                0x0000ee90                cfulist_destroy_with_free_fn
                0x0000eab4                cfulist_shift
                0x0000de98                cfulist_num_entries
                0x0000ea84                cfulist_unshift
                0x0000e1a4                cfulist_unshift_data
                0x0000e400                cfulist_enqueue_data
                0x0000ed1c                cfulist_join
                0x0000e2a4                cfulist_shift_data
                0x0000e77c                cfulist_each_data
                0x0000e434                cfulist_dequeue_data
                0x0000de18                cfulist_new
                0x0000e748                cfulist_reset_each
                0x0000e7cc                cfulist_next_data
                0x0000ec74                cfulist_dequeue_string
                0x0000de64                cfulist_new_with_free_fn
                0x0000eb80                cfulist_pop_string
                0x0000e860                cfulist_foreach
                0x0000df18                cfulist_push_data
                0x0000ea38                cfulist_pop
                0x0000ea08                cfulist_push
                0x0000e9a4                cfulist_map
                0x0000edc0                cfulist_destroy
                0x0000eb2c                cfulist_dequeue
                0x0000e468                cfulist_first_data
                0x0000ebfc                cfulist_shift_string
 .text          0x0000ef5c     0x14bc debug/cfuopt.os
                0x0000febc                cfuopt_pretty_print
                0x0000fcd4                cfuopt_destroy
                0x00010304                cfuopt_get_help_str
                0x0000f840                cfuopt_parse
                0x0000ff10                _param_map_fn
                0x0000ef8c                cfuopt_new
                0x0000f394                cfuopt_add_entry
 .text          0x00010418     0x1b78 debug/cfustring.os
                0x00011eb8                cfustring_c_str_split
                0x000105a0                cfustring_append_n
                0x000109ac                cfustring_dup_c_str_n
                0x000104e0                cfustring_dup
                0x000111ac                cfustring_split_to_c_str
                0x0001055c                cfustring_clear
                0x00011268                cfustring_sprintf_c_str
                0x00010988                cfustring_dup_c_str
                0x000107f4                cfustring_append
                0x00010418                cfustring_new
                0x00011028                cfustring_split
                0x000112d0                cfustring_sprintf
                0x00010840                cfustring_get_buffer_copy
                0x00010824                cfustring_get_buffer
                0x000104ac                cfustring_new_from_string
                0x00010430                cfustring_new_with_initial_size
                0x00011e84                cfustring_destroy
                0x000115c4                cfustring_vsprintf
 .text          0x00011f90      0x404 debug/cfuthread_queue.os
                0x00012244                cfuthread_queue_new
                0x0001215c                cfuthread_queue_new_with_cleanup
                0x0001232c                cfuthread_queue_destroy
                0x0001227c                cfuthread_queue_make_request
 *fill*         0x00012394        0x4 00000000
 .text          0x00012398      0x128 debug/cfutime.os
                0x00012398                cfutime_new
                0x00012400                cfutime_end
                0x000123d0                cfutime_begin
                0x00012430                cfutime_elapsed
                0x000124a0                cfutime_free
 .text          0x000124c0        0x0 debug/libcfu-config.os
 .text          0x000124c0        0x0 /Applications/Marmalade.app/Contents/s3e/edk/lib/android/libedk.a(IwDebug.o)
 .text.IwAssertRegisterTextCallback
                0x000124c0       0x1c /Applications/Marmalade.app/Contents/s3e/edk/lib/android/libedk.a(IwDebug.o)
                0x000124c0                IwAssertRegisterTextCallback
 .text.IwAssertRegisterCallback
                0x000124dc       0x1c /Applications/Marmalade.app/Contents/s3e/edk/lib/android/libedk.a(IwDebug.o)
                0x000124dc                IwAssertRegisterCallback
 .text.IwDebugTraceSetTraceChannel
                0x000124f8       0x1c /Applications/Marmalade.app/Contents/s3e/edk/lib/android/libedk.a(IwDebug.o)
                0x000124f8                IwDebugTraceSetTraceChannel
 .text.IwDebugErrorRegisterCallback
                0x00012514       0x1c /Applications/Marmalade.app/Contents/s3e/edk/lib/android/libedk.a(IwDebug.o)
                0x00012514                IwDebugErrorRegisterCallback
 .text.IwDebugAssertSetUID
                0x00012530       0x14 /Applications/Marmalade.app/Contents/s3e/edk/lib/android/libedk.a(IwDebug.o)
                0x00012530                IwDebugAssertSetUID
 .text._GLOBAL__I_Y__sdk_modules_iwcore_source_IwDebug.cpp
                0x00012544       0xa4 /Applications/Marmalade.app/Contents/s3e/edk/lib/android/libedk.a(IwDebug.o)
 .text.IwDebugClearConfigCache
                0x000125e8       0x80 /Applications/Marmalade.app/Contents/s3e/edk/lib/android/libedk.a(IwDebug.o)
                0x000125e8                IwDebugClearConfigCache
 .text.IwDebugErrorShow
                0x00012668       0xec /Applications/Marmalade.app/Contents/s3e/edk/lib/android/libedk.a(IwDebug.o)
                0x00012668                IwDebugErrorShow
 .text.IwDebugTraceLineVPrintf
                0x00012754       0xfc /Applications/Marmalade.app/Contents/s3e/edk/lib/android/libedk.a(IwDebug.o)
                0x00012754                IwDebugTraceLineVPrintf
 .text.IwDebugAssertIsChannelOn
                0x00012850      0x204 /Applications/Marmalade.app/Contents/s3e/edk/lib/android/libedk.a(IwDebug.o)
                0x00012850                IwDebugAssertIsChannelOn
 .text.IwDebugTraceDisable
                0x00012a54       0x10 /Applications/Marmalade.app/Contents/s3e/edk/lib/android/libedk.a(IwDebug.o)
                0x00012a54                IwDebugTraceDisable
 .text.IwDebugAssertSetMessage
                0x00012a64       0xfc /Applications/Marmalade.app/Contents/s3e/edk/lib/android/libedk.a(IwDebug.o)
                0x00012a64                IwDebugAssertSetMessage
 .text.IwDebugAssertSetSolution
                0x00012b60       0xa0 /Applications/Marmalade.app/Contents/s3e/edk/lib/android/libedk.a(IwDebug.o)
                0x00012b60                IwDebugAssertSetSolution
 .text.IwDebugAssertShow
                0x00012c00      0x2d0 /Applications/Marmalade.app/Contents/s3e/edk/lib/android/libedk.a(IwDebug.o)
                0x00012c00                IwDebugAssertShow
 .text.IwDebugTraceIsChannelOn
                0x00012ed0      0x2b8 /Applications/Marmalade.app/Contents/s3e/edk/lib/android/libedk.a(IwDebug.o)
                0x00012ed0                IwDebugTraceIsChannelOn
 .text.IwDebugTraceChannelSwitch
                0x00013188      0x4c4 /Applications/Marmalade.app/Contents/s3e/edk/lib/android/libedk.a(IwDebug.o)
                0x00013188                IwDebugTraceChannelSwitch
 .text.IwDebugTraceLinePrintf
                0x0001364c      0x10c /Applications/Marmalade.app/Contents/s3e/edk/lib/android/libedk.a(IwDebug.o)
                0x0001364c                IwDebugTraceLinePrintf
 .text          0x00013758        0x0 /Applications/Marmalade.app/Contents/s3e/edk/lib/android/libedk.a(edk_helpers.o)
 .text.s3eEdkThreadRunOnOSAsync
                0x00013758       0x30 /Applications/Marmalade.app/Contents/s3e/edk/lib/android/libedk.a(edk_helpers.o)
                0x00013758                s3eEdkThreadRunOnOSAsync
 .text.s3eEdkThreadRunOnOS
                0x00013788       0x30 /Applications/Marmalade.app/Contents/s3e/edk/lib/android/libedk.a(edk_helpers.o)
                0x00013788                s3eEdkThreadRunOnOS
 .text.s3eEdkErrorSetString
                0x000137b8       0x30 /Applications/Marmalade.app/Contents/s3e/edk/lib/android/libedk.a(edk_helpers.o)
                0x000137b8                s3eEdkErrorSetString
 .text          0x000137e8        0x0 /Developer/android-ndk-r8/sources/cxx-stl/gnu-libstdc++/libs/armeabi/libgnustl_static.a(del_op.o)
 .text._ZdlPv   0x000137e8        0xc /Developer/android-ndk-r8/sources/cxx-stl/gnu-libstdc++/libs/armeabi/libgnustl_static.a(del_op.o)
                0x000137e8                _ZdlPv
 .text          0x000137f4       0xc4 /Developer/android-ndk-r8/toolchains/arm-linux-androideabi-4.4.3/prebuilt/darwin-x86/bin/../lib/gcc/arm-linux-androideabi/4.4.3/libgcc.a(_udivsi3.o)
                0x000137f4                __udivsi3
                0x000137f4                __aeabi_uidiv
                0x000138a0                __aeabi_uidivmod
 .text          0x000138b8       0x1c /Developer/android-ndk-r8/toolchains/arm-linux-androideabi-4.4.3/prebuilt/darwin-x86/bin/../lib/gcc/arm-linux-androideabi/4.4.3/libgcc.a(_aeabi_ldivmod.o)
                0x000138b8                __aeabi_ldivmod
 .text          0x000138d4       0x10 /Developer/android-ndk-r8/toolchains/arm-linux-androideabi-4.4.3/prebuilt/darwin-x86/bin/../lib/gcc/arm-linux-androideabi/4.4.3/libgcc.a(_dvmd_lnx.o)
                0x000138d4                __div0
 .text          0x000138e4       0x88 /Developer/android-ndk-r8/toolchains/arm-linux-androideabi-4.4.3/prebuilt/darwin-x86/bin/../lib/gcc/arm-linux-androideabi/4.4.3/libgcc.a(bpabi.o)
                0x000138e4                __gnu_uldivmod_helper
                0x00013928                __gnu_ldivmod_helper
 .text          0x0001396c      0xec4 /Developer/android-ndk-r8/toolchains/arm-linux-androideabi-4.4.3/prebuilt/darwin-x86/bin/../lib/gcc/arm-linux-androideabi/4.4.3/libgcc.a(unwind-arm.o)
                0x00014394                __gnu_Unwind_RaiseException
                0x00013eec                __aeabi_unwind_cpp_pr0
                0x00013a1c                _Unwind_GetCFA
                0x000139b8                _Unwind_VRS_Set
                0x00014130                __gnu_Unwind_Backtrace
                0x000144c4                _Unwind_VRS_Pop
                0x00013edc                __aeabi_unwind_cpp_pr2
                0x00013a28                _Unwind_DeleteException
                0x00013a24                _Unwind_Complete
                0x00014458                __gnu_Unwind_Resume
                0x00014320                __gnu_Unwind_ForcedUnwind
                0x00014438                __gnu_Unwind_Resume_or_Rethrow
                0x0001396c                _Unwind_VRS_Get
                0x00013ee4                __aeabi_unwind_cpp_pr1
 .text          0x00014830      0x1a8 /Developer/android-ndk-r8/toolchains/arm-linux-androideabi-4.4.3/prebuilt/darwin-x86/bin/../lib/gcc/arm-linux-androideabi/4.4.3/libgcc.a(libunwind.o)
                0x00014990                ___Unwind_ForcedUnwind
                0x0001484c                __gnu_Unwind_Save_VFP
                0x0001496c                _Unwind_Resume_or_Rethrow
                0x0001496c                ___Unwind_Resume_or_Rethrow
                0x000149b4                _Unwind_Backtrace
                0x00014830                __restore_core_regs
                0x0001486c                __gnu_Unwind_Save_VFP_D_16_to_31
                0x0001485c                __gnu_Unwind_Save_VFP_D
                0x000149b4                ___Unwind_Backtrace
                0x00014924                ___Unwind_RaiseException
                0x00014948                ___Unwind_Resume
                0x00014874                __gnu_Unwind_Restore_WMMXD
                0x00014844                __gnu_Unwind_Restore_VFP
                0x00014948                _Unwind_Resume
                0x00014854                __gnu_Unwind_Restore_VFP_D
                0x00014864                __gnu_Unwind_Restore_VFP_D_16_to_31
                0x00014924                _Unwind_RaiseException
                0x00014830                restore_core_regs
                0x00014910                __gnu_Unwind_Save_WMMXC
                0x000148fc                __gnu_Unwind_Restore_WMMXC
                0x00014990                _Unwind_ForcedUnwind
                0x000148b8                __gnu_Unwind_Save_WMMXD
 .text          0x000149d8      0x484 /Developer/android-ndk-r8/toolchains/arm-linux-androideabi-4.4.3/prebuilt/darwin-x86/bin/../lib/gcc/arm-linux-androideabi/4.4.3/libgcc.a(pr-support.o)
                0x00014a78                _Unwind_GetRegionStart
                0x00014aa4                __gnu_unwind_execute
                0x00014a30                _Unwind_GetTextRelBase
                0x00014a40                _Unwind_GetLanguageSpecificData
                0x00014e1c                __gnu_unwind_frame
                0x00014a38                _Unwind_GetDataRelBase
 .text          0x00014e5c      0x47c /Developer/android-ndk-r8/toolchains/arm-linux-androideabi-4.4.3/prebuilt/darwin-x86/bin/../lib/gcc/arm-linux-androideabi/4.4.3/libgcc.a(_divdi3.o)
                0x00014e5c                __divdi3
 .text          0x000152d8      0x40c /Developer/android-ndk-r8/toolchains/arm-linux-androideabi-4.4.3/prebuilt/darwin-x86/bin/../lib/gcc/arm-linux-androideabi/4.4.3/libgcc.a(_udivdi3.o)
                0x000152d8                __udivdi3
 .text          0x000156e4        0x0 /Developer/android-ndk-r8/platforms/android-9/arch-arm/usr/lib/crtend_so.o
 *(.gnu.warning)
 *(.glue_7t)
 .glue_7t       0x00000000        0x0 linker stubs
 *(.glue_7)
 .glue_7        0x00000000        0x0 linker stubs
 *(.vfp11_veneer)
 .vfp11_veneer  0x00000000        0x0 linker stubs
 *(.v4_bx)
 .v4_bx         0x00000000        0x0 linker stubs

.fini
 *(.fini)
                0x000156e4                PROVIDE (__etext, .)
                0x000156e4                PROVIDE (_etext, .)
                0x000156e4                PROVIDE (etext, .)

.rodata         0x000156e4     0x20dc
 *(.rodata .rodata.* .gnu.linkonce.r.*)
 .rodata        0x000156e4     0x10c8 debug/FuseAPI_platform.os
 .rodata        0x000167ac      0xd5c debug/FuseAPI_register.os
 .rodata        0x00017508       0xb8 debug/cfuconf.os
 .rodata        0x000175c0       0x24 debug/cfuhash.os
 .rodata        0x000175e4       0xb8 debug/cfuopt.os
 .rodata        0x0001769c        0x8 debug/cfustring.os
 .rodata.str1.4
                0x000176a4      0x11c /Applications/Marmalade.app/Contents/s3e/edk/lib/android/libedk.a(IwDebug.o)
                                0x120 (size before relaxing)

.rodata1
 *(.rodata1)

.ARM.extab      0x000177c0       0x24
 *(.ARM.extab* .gnu.linkonce.armextab.*)
 .ARM.extab.text._ZdlPv
                0x000177c0        0x0 /Developer/android-ndk-r8/sources/cxx-stl/gnu-libstdc++/libs/armeabi/libgnustl_static.a(del_op.o)
 .ARM.extab     0x000177c0        0x0 /Developer/android-ndk-r8/toolchains/arm-linux-androideabi-4.4.3/prebuilt/darwin-x86/bin/../lib/gcc/arm-linux-androideabi/4.4.3/libgcc.a(bpabi.o)
 .ARM.extab     0x000177c0       0x24 /Developer/android-ndk-r8/toolchains/arm-linux-androideabi-4.4.3/prebuilt/darwin-x86/bin/../lib/gcc/arm-linux-androideabi/4.4.3/libgcc.a(unwind-arm.o)
 .ARM.extab     0x000177e4        0x0 /Developer/android-ndk-r8/toolchains/arm-linux-androideabi-4.4.3/prebuilt/darwin-x86/bin/../lib/gcc/arm-linux-androideabi/4.4.3/libgcc.a(pr-support.o)
 .ARM.extab     0x000177e4        0x0 /Developer/android-ndk-r8/toolchains/arm-linux-androideabi-4.4.3/prebuilt/darwin-x86/bin/../lib/gcc/arm-linux-androideabi/4.4.3/libgcc.a(_divdi3.o)
 .ARM.extab     0x000177e4        0x0 /Developer/android-ndk-r8/toolchains/arm-linux-androideabi-4.4.3/prebuilt/darwin-x86/bin/../lib/gcc/arm-linux-androideabi/4.4.3/libgcc.a(_udivdi3.o)
                0x000177e4                __exidx_start = .

.ARM.exidx      0x000177e4      0x100
 *(.ARM.exidx* .gnu.linkonce.armexidx.*)
 .ARM.exidx.text._ZdlPv
                0x000177e4        0x8 /Developer/android-ndk-r8/sources/cxx-stl/gnu-libstdc++/libs/armeabi/libgnustl_static.a(del_op.o)
 .ARM.exidx     0x000177ec       0x10 /Developer/android-ndk-r8/toolchains/arm-linux-androideabi-4.4.3/prebuilt/darwin-x86/bin/../lib/gcc/arm-linux-androideabi/4.4.3/libgcc.a(bpabi.o)
 .ARM.exidx     0x000177fc       0xa0 /Developer/android-ndk-r8/toolchains/arm-linux-androideabi-4.4.3/prebuilt/darwin-x86/bin/../lib/gcc/arm-linux-androideabi/4.4.3/libgcc.a(unwind-arm.o)
 .ARM.exidx     0x0001789c       0x38 /Developer/android-ndk-r8/toolchains/arm-linux-androideabi-4.4.3/prebuilt/darwin-x86/bin/../lib/gcc/arm-linux-androideabi/4.4.3/libgcc.a(pr-support.o)
 .ARM.exidx     0x000178d4        0x8 /Developer/android-ndk-r8/toolchains/arm-linux-androideabi-4.4.3/prebuilt/darwin-x86/bin/../lib/gcc/arm-linux-androideabi/4.4.3/libgcc.a(_divdi3.o)
 .ARM.exidx     0x000178dc        0x8 /Developer/android-ndk-r8/toolchains/arm-linux-androideabi-4.4.3/prebuilt/darwin-x86/bin/../lib/gcc/arm-linux-androideabi/4.4.3/libgcc.a(_udivdi3.o)
                0x000178e4                __exidx_end = .

.eh_frame_hdr
 *(.eh_frame_hdr)

.eh_frame
 *(.eh_frame)

.gcc_except_table
 *(.gcc_except_table .gcc_except_table.*)
                0x000178e4                . = (ALIGN (0x1000) - ((0x1000 - .) & 0xfff))
                0x00018000                . = (0x1000 DATA_SEGMENT_ALIGN 0x1000)

.eh_frame
 *(.eh_frame)

.gcc_except_table
 *(.gcc_except_table .gcc_except_table.*)

.tdata
 *(.tdata .tdata.* .gnu.linkonce.td.*)

.tbss
 *(.tbss .tbss.* .gnu.linkonce.tb.*)
 *(.tcommon)

.preinit_array
 *(.preinit_array)

.init_array     0x00018000       0x10
 *(SORT(.init_array.*))
 *(.init_array)
 .init_array    0x00018000        0x4 /Developer/android-ndk-r8/platforms/android-9/arch-arm/usr/lib/crtbegin_so.o
                0x00018000                __INIT_ARRAY__
 .init_array    0x00018004        0x4 debug/FuseAPI_platform.os
 .init_array    0x00018008        0x4 /Applications/Marmalade.app/Contents/s3e/edk/lib/android/libedk.a(IwDebug.o)
 .init_array    0x0001800c        0x4 /Developer/android-ndk-r8/platforms/android-9/arch-arm/usr/lib/crtend_so.o

.fini_array     0x00018010        0xc
 *(.fini_array)
 .fini_array    0x00018010        0x8 /Developer/android-ndk-r8/platforms/android-9/arch-arm/usr/lib/crtbegin_so.o
                0x00018010                __FINI_ARRAY__
 .fini_array    0x00018018        0x4 /Developer/android-ndk-r8/platforms/android-9/arch-arm/usr/lib/crtend_so.o
 *(SORT(.fini_array.*))

.ctors
 *crtbegin.o(.ctors)
 *crtbegin?.o(.ctors)
 *(EXCLUDE_FILE(*crtend?.o *crtend.o) .ctors)
 *(SORT(.ctors.*))
 *(.ctors)

.dtors
 *crtbegin.o(.dtors)
 *crtbegin?.o(.dtors)
 *(EXCLUDE_FILE(*crtend?.o *crtend.o) .dtors)
 *(SORT(.dtors.*))
 *(.dtors)

.jcr
 *(.jcr)

.data.rel.ro    0x0001801c      0x18c
 *(.data.rel.ro.local* .gnu.linkonce.d.rel.ro.local.*)
 *(.data.rel.ro* .gnu.linkonce.d.rel.ro.*)
 .data.rel.ro   0x0001801c      0x18c debug/FuseAPI_platform.os

.dynamic        0x000181a8       0xf0
 *(.dynamic)
 .dynamic       0x000181a8       0xf0 /Developer/android-ndk-r8/platforms/android-9/arch-arm/usr/lib/crtbegin_so.o
                0x000181a8                _DYNAMIC
                0x00018298                . = (. DATA_SEGMENT_RELRO_END 0x0)

.got            0x00018298      0x200
 *(.got.plt)
 .got.plt       0x00018298      0x104 /Developer/android-ndk-r8/platforms/android-9/arch-arm/usr/lib/crtbegin_so.o
                0x00018298                _GLOBAL_OFFSET_TABLE_
 *(.got)
 .got           0x0001839c       0xfc /Developer/android-ndk-r8/platforms/android-9/arch-arm/usr/lib/crtbegin_so.o

.data           0x00018498        0x0
                0x00018498                __data_start = .
 *(.data .data.* .gnu.linkonce.d.*)
 .data          0x00018498        0x0 /Developer/android-ndk-r8/platforms/android-9/arch-arm/usr/lib/crtbegin_so.o
 .data          0x00018498        0x0 debug/FuseAPI_platform.os
 .data          0x00018498        0x0 debug/FuseAPI.os
 .data          0x00018498        0x0 debug/FuseAPI_register.os
 .data          0x00018498        0x0 debug/cfu.os
 .data          0x00018498        0x0 debug/cfuconf.os
 .data          0x00018498        0x0 debug/cfuhash.os
 .data          0x00018498        0x0 debug/cfulist.os
 .data          0x00018498        0x0 debug/cfuopt.os
 .data          0x00018498        0x0 debug/cfustring.os
 .data          0x00018498        0x0 debug/cfuthread_queue.os
 .data          0x00018498        0x0 debug/cfutime.os
 .data          0x00018498        0x0 debug/libcfu-config.os
 .data          0x00018498        0x0 /Applications/Marmalade.app/Contents/s3e/edk/lib/android/libedk.a(IwDebug.o)
 .data          0x00018498        0x0 /Applications/Marmalade.app/Contents/s3e/edk/lib/android/libedk.a(edk_helpers.o)
 .data          0x00018498        0x0 /Developer/android-ndk-r8/sources/cxx-stl/gnu-libstdc++/libs/armeabi/libgnustl_static.a(del_op.o)
 .data          0x00018498        0x0 /Developer/android-ndk-r8/toolchains/arm-linux-androideabi-4.4.3/prebuilt/darwin-x86/bin/../lib/gcc/arm-linux-androideabi/4.4.3/libgcc.a(_udivsi3.o)
 .data          0x00018498        0x0 /Developer/android-ndk-r8/toolchains/arm-linux-androideabi-4.4.3/prebuilt/darwin-x86/bin/../lib/gcc/arm-linux-androideabi/4.4.3/libgcc.a(_aeabi_ldivmod.o)
 .data          0x00018498        0x0 /Developer/android-ndk-r8/toolchains/arm-linux-androideabi-4.4.3/prebuilt/darwin-x86/bin/../lib/gcc/arm-linux-androideabi/4.4.3/libgcc.a(_dvmd_lnx.o)
 .data          0x00018498        0x0 /Developer/android-ndk-r8/toolchains/arm-linux-androideabi-4.4.3/prebuilt/darwin-x86/bin/../lib/gcc/arm-linux-androideabi/4.4.3/libgcc.a(bpabi.o)
 .data          0x00018498        0x0 /Developer/android-ndk-r8/toolchains/arm-linux-androideabi-4.4.3/prebuilt/darwin-x86/bin/../lib/gcc/arm-linux-androideabi/4.4.3/libgcc.a(unwind-arm.o)
 .data          0x00018498        0x0 /Developer/android-ndk-r8/toolchains/arm-linux-androideabi-4.4.3/prebuilt/darwin-x86/bin/../lib/gcc/arm-linux-androideabi/4.4.3/libgcc.a(libunwind.o)
 .data          0x00018498        0x0 /Developer/android-ndk-r8/toolchains/arm-linux-androideabi-4.4.3/prebuilt/darwin-x86/bin/../lib/gcc/arm-linux-androideabi/4.4.3/libgcc.a(pr-support.o)
 .data          0x00018498        0x0 /Developer/android-ndk-r8/toolchains/arm-linux-androideabi-4.4.3/prebuilt/darwin-x86/bin/../lib/gcc/arm-linux-androideabi/4.4.3/libgcc.a(_divdi3.o)
 .data          0x00018498        0x0 /Developer/android-ndk-r8/toolchains/arm-linux-androideabi-4.4.3/prebuilt/darwin-x86/bin/../lib/gcc/arm-linux-androideabi/4.4.3/libgcc.a(_udivdi3.o)
 .data          0x00018498        0x0 /Developer/android-ndk-r8/platforms/android-9/arch-arm/usr/lib/crtend_so.o

.data1
 *(.data1)
                0x00018498                _edata = .
                0x00018498                PROVIDE (edata, .)
                0x00018498                __bss_start = .
                0x00018498                __bss_start__ = .

.bss            0x000184a0     0x1b3c
 *(.dynbss)
 .dynbss        0x00000000        0x0 /Developer/android-ndk-r8/platforms/android-9/arch-arm/usr/lib/crtbegin_so.o
 *(.bss .bss.* .gnu.linkonce.b.*)
 .bss           0x000184a0       0x10 /Developer/android-ndk-r8/platforms/android-9/arch-arm/usr/lib/crtbegin_so.o
                0x000184a0                __dso_handle
 .bss           0x000184b0      0x104 debug/FuseAPI_platform.os
                0x000184b0                g_playerList
                0x000184b4                g_playerIndex
                0x000184bc                g_numMailEntries
                0x000184b8                g_mailList
                0x000184c4                gameData
                0x000184c0                gameConfig
 .bss           0x000185b4        0x0 debug/FuseAPI.os
 .bss           0x000185b4        0x0 debug/FuseAPI_register.os
 .bss           0x000185b4        0x0 debug/cfu.os
 .bss           0x000185b4        0x0 debug/cfuconf.os
 .bss           0x000185b4        0x0 debug/cfuhash.os
 .bss           0x000185b4        0x0 debug/cfulist.os
 .bss           0x000185b4        0x0 debug/cfuopt.os
 .bss           0x000185b4        0x0 debug/cfustring.os
 .bss           0x000185b4        0x0 debug/cfuthread_queue.os
 .bss           0x000185b4        0x0 debug/cfutime.os
 .bss           0x000185b4        0x0 debug/libcfu-config.os
 .bss           0x000185b4     0x1a28 /Applications/Marmalade.app/Contents/s3e/edk/lib/android/libedk.a(IwDebug.o)
                0x000185b4                g_DebugGlobals
 .bss           0x00019fdc        0x0 /Applications/Marmalade.app/Contents/s3e/edk/lib/android/libedk.a(edk_helpers.o)
 .bss           0x00019fdc        0x0 /Developer/android-ndk-r8/sources/cxx-stl/gnu-libstdc++/libs/armeabi/libgnustl_static.a(del_op.o)
 .bss           0x00019fdc        0x0 /Developer/android-ndk-r8/toolchains/arm-linux-androideabi-4.4.3/prebuilt/darwin-x86/bin/../lib/gcc/arm-linux-androideabi/4.4.3/libgcc.a(_udivsi3.o)
 .bss           0x00019fdc        0x0 /Developer/android-ndk-r8/toolchains/arm-linux-androideabi-4.4.3/prebuilt/darwin-x86/bin/../lib/gcc/arm-linux-androideabi/4.4.3/libgcc.a(_aeabi_ldivmod.o)
 .bss           0x00019fdc        0x0 /Developer/android-ndk-r8/toolchains/arm-linux-androideabi-4.4.3/prebuilt/darwin-x86/bin/../lib/gcc/arm-linux-androideabi/4.4.3/libgcc.a(_dvmd_lnx.o)
 .bss           0x00019fdc        0x0 /Developer/android-ndk-r8/toolchains/arm-linux-androideabi-4.4.3/prebuilt/darwin-x86/bin/../lib/gcc/arm-linux-androideabi/4.4.3/libgcc.a(bpabi.o)
 .bss           0x00019fdc        0x0 /Developer/android-ndk-r8/toolchains/arm-linux-androideabi-4.4.3/prebuilt/darwin-x86/bin/../lib/gcc/arm-linux-androideabi/4.4.3/libgcc.a(unwind-arm.o)
 .bss           0x00019fdc        0x0 /Developer/android-ndk-r8/toolchains/arm-linux-androideabi-4.4.3/prebuilt/darwin-x86/bin/../lib/gcc/arm-linux-androideabi/4.4.3/libgcc.a(libunwind.o)
 .bss           0x00019fdc        0x0 /Developer/android-ndk-r8/toolchains/arm-linux-androideabi-4.4.3/prebuilt/darwin-x86/bin/../lib/gcc/arm-linux-androideabi/4.4.3/libgcc.a(pr-support.o)
 .bss           0x00019fdc        0x0 /Developer/android-ndk-r8/toolchains/arm-linux-androideabi-4.4.3/prebuilt/darwin-x86/bin/../lib/gcc/arm-linux-androideabi/4.4.3/libgcc.a(_divdi3.o)
 .bss           0x00019fdc        0x0 /Developer/android-ndk-r8/toolchains/arm-linux-androideabi-4.4.3/prebuilt/darwin-x86/bin/../lib/gcc/arm-linux-androideabi/4.4.3/libgcc.a(_udivdi3.o)
 .bss           0x00019fdc        0x0 /Developer/android-ndk-r8/platforms/android-9/arch-arm/usr/lib/crtend_so.o
 *(COMMON)
                0x00019fdc                . = ALIGN ((. != 0x0)?0x4:0x1)
                0x00019fdc                _bss_end__ = .
                0x00019fdc                __bss_end__ = .
                0x00019fdc                . = ALIGN (0x4)
                0x00019fdc                . = ALIGN (0x4)
                0x00019fdc                __end__ = .
                0x00019fdc                _end = .
                0x00019fdc                PROVIDE (end, .)
                0x00019fdc                . = DATA_SEGMENT_END (.)

.stab
 *(.stab)

.stabstr
 *(.stabstr)

.stab.excl
 *(.stab.excl)

.stab.exclstr
 *(.stab.exclstr)

.stab.index
 *(.stab.index)

.stab.indexstr
 *(.stab.indexstr)

.comment        0x00000000      0x168
 *(.comment)
 .comment       0x00000000       0x12 debug/FuseAPI_platform.os
 .comment       0x00000012       0x12 debug/FuseAPI.os
 .comment       0x00000024       0x12 debug/FuseAPI_register.os
 .comment       0x00000036       0x12 debug/cfu.os
 .comment       0x00000048       0x12 debug/cfuconf.os
 .comment       0x0000005a       0x12 debug/cfuhash.os
 .comment       0x0000006c       0x12 debug/cfulist.os
 .comment       0x0000007e       0x12 debug/cfuopt.os
 .comment       0x00000090       0x12 debug/cfustring.os
 .comment       0x000000a2       0x12 debug/cfuthread_queue.os
 .comment       0x000000b4       0x12 debug/cfutime.os
 .comment       0x000000c6       0x12 debug/libcfu-config.os
 .comment       0x000000d8       0x12 /Applications/Marmalade.app/Contents/s3e/edk/lib/android/libedk.a(IwDebug.o)
 .comment       0x000000ea       0x12 /Applications/Marmalade.app/Contents/s3e/edk/lib/android/libedk.a(edk_helpers.o)
 .comment       0x000000fc       0x12 /Developer/android-ndk-r8/sources/cxx-stl/gnu-libstdc++/libs/armeabi/libgnustl_static.a(del_op.o)
 .comment       0x0000010e       0x12 /Developer/android-ndk-r8/toolchains/arm-linux-androideabi-4.4.3/prebuilt/darwin-x86/bin/../lib/gcc/arm-linux-androideabi/4.4.3/libgcc.a(bpabi.o)
 .comment       0x00000120       0x12 /Developer/android-ndk-r8/toolchains/arm-linux-androideabi-4.4.3/prebuilt/darwin-x86/bin/../lib/gcc/arm-linux-androideabi/4.4.3/libgcc.a(unwind-arm.o)
 .comment       0x00000132       0x12 /Developer/android-ndk-r8/toolchains/arm-linux-androideabi-4.4.3/prebuilt/darwin-x86/bin/../lib/gcc/arm-linux-androideabi/4.4.3/libgcc.a(pr-support.o)
 .comment       0x00000144       0x12 /Developer/android-ndk-r8/toolchains/arm-linux-androideabi-4.4.3/prebuilt/darwin-x86/bin/../lib/gcc/arm-linux-androideabi/4.4.3/libgcc.a(_divdi3.o)
 .comment       0x00000156       0x12 /Developer/android-ndk-r8/toolchains/arm-linux-androideabi-4.4.3/prebuilt/darwin-x86/bin/../lib/gcc/arm-linux-androideabi/4.4.3/libgcc.a(_udivdi3.o)

.debug
 *(.debug)

.line
 *(.line)

.debug_srcinfo
 *(.debug_srcinfo)

.debug_sfnames
 *(.debug_sfnames)

.debug_aranges  0x00000000      0x300
 *(.debug_aranges)
 .debug_aranges
                0x00000000       0xa0 debug/FuseAPI_platform.os
 .debug_aranges
                0x000000a0       0x20 debug/FuseAPI.os
 .debug_aranges
                0x000000c0       0x20 debug/FuseAPI_register.os
 .debug_aranges
                0x000000e0       0x20 debug/cfu.os
 .debug_aranges
                0x00000100       0x20 debug/cfuconf.os
 .debug_aranges
                0x00000120       0x20 debug/cfuhash.os
 .debug_aranges
                0x00000140       0x20 debug/cfulist.os
 .debug_aranges
                0x00000160       0x20 debug/cfuopt.os
 .debug_aranges
                0x00000180       0x20 debug/cfustring.os
 .debug_aranges
                0x000001a0       0x20 debug/cfuthread_queue.os
 .debug_aranges
                0x000001c0       0x20 debug/cfutime.os
 .debug_aranges
                0x000001e0       0x20 /Developer/android-ndk-r8/toolchains/arm-linux-androideabi-4.4.3/prebuilt/darwin-x86/bin/../lib/gcc/arm-linux-androideabi/4.4.3/libgcc.a(_udivsi3.o)
 .debug_aranges
                0x00000200       0x20 /Developer/android-ndk-r8/toolchains/arm-linux-androideabi-4.4.3/prebuilt/darwin-x86/bin/../lib/gcc/arm-linux-androideabi/4.4.3/libgcc.a(_aeabi_ldivmod.o)
 .debug_aranges
                0x00000220       0x20 /Developer/android-ndk-r8/toolchains/arm-linux-androideabi-4.4.3/prebuilt/darwin-x86/bin/../lib/gcc/arm-linux-androideabi/4.4.3/libgcc.a(_dvmd_lnx.o)
 .debug_aranges
                0x00000240       0x20 /Developer/android-ndk-r8/toolchains/arm-linux-androideabi-4.4.3/prebuilt/darwin-x86/bin/../lib/gcc/arm-linux-androideabi/4.4.3/libgcc.a(bpabi.o)
 .debug_aranges
                0x00000260       0x20 /Developer/android-ndk-r8/toolchains/arm-linux-androideabi-4.4.3/prebuilt/darwin-x86/bin/../lib/gcc/arm-linux-androideabi/4.4.3/libgcc.a(unwind-arm.o)
 .debug_aranges
                0x00000280       0x20 /Developer/android-ndk-r8/toolchains/arm-linux-androideabi-4.4.3/prebuilt/darwin-x86/bin/../lib/gcc/arm-linux-androideabi/4.4.3/libgcc.a(libunwind.o)
 .debug_aranges
                0x000002a0       0x20 /Developer/android-ndk-r8/toolchains/arm-linux-androideabi-4.4.3/prebuilt/darwin-x86/bin/../lib/gcc/arm-linux-androideabi/4.4.3/libgcc.a(pr-support.o)
 .debug_aranges
                0x000002c0       0x20 /Developer/android-ndk-r8/toolchains/arm-linux-androideabi-4.4.3/prebuilt/darwin-x86/bin/../lib/gcc/arm-linux-androideabi/4.4.3/libgcc.a(_divdi3.o)
 .debug_aranges
                0x000002e0       0x20 /Developer/android-ndk-r8/toolchains/arm-linux-androideabi-4.4.3/prebuilt/darwin-x86/bin/../lib/gcc/arm-linux-androideabi/4.4.3/libgcc.a(_udivdi3.o)

.debug_pubnames
                0x00000000     0x2255
 *(.debug_pubnames)
 .debug_pubnames
                0x00000000      0xddd debug/FuseAPI_platform.os
 .debug_pubnames
                0x00000ddd      0x62b debug/FuseAPI.os
 .debug_pubnames
                0x00001408       0x63 debug/FuseAPI_register.os
 .debug_pubnames
                0x0000146b       0x75 debug/cfu.os
 .debug_pubnames
                0x000014e0      0x110 debug/cfuconf.os
 .debug_pubnames
                0x000015f0      0x37c debug/cfuhash.os
 .debug_pubnames
                0x0000196c      0x2db debug/cfulist.os
 .debug_pubnames
                0x00001c47       0x9c debug/cfuopt.os
 .debug_pubnames
                0x00001ce3      0x1cb debug/cfustring.os
 .debug_pubnames
                0x00001eae       0x8c debug/cfuthread_queue.os
 .debug_pubnames
                0x00001f3a       0x69 debug/cfutime.os
 .debug_pubnames
                0x00001fa3       0x45 /Developer/android-ndk-r8/toolchains/arm-linux-androideabi-4.4.3/prebuilt/darwin-x86/bin/../lib/gcc/arm-linux-androideabi/4.4.3/libgcc.a(bpabi.o)
 .debug_pubnames
                0x00001fe8      0x177 /Developer/android-ndk-r8/toolchains/arm-linux-androideabi-4.4.3/prebuilt/darwin-x86/bin/../lib/gcc/arm-linux-androideabi/4.4.3/libgcc.a(unwind-arm.o)
 .debug_pubnames
                0x0000215f       0xb7 /Developer/android-ndk-r8/toolchains/arm-linux-androideabi-4.4.3/prebuilt/darwin-x86/bin/../lib/gcc/arm-linux-androideabi/4.4.3/libgcc.a(pr-support.o)
 .debug_pubnames
                0x00002216       0x1f /Developer/android-ndk-r8/toolchains/arm-linux-androideabi-4.4.3/prebuilt/darwin-x86/bin/../lib/gcc/arm-linux-androideabi/4.4.3/libgcc.a(_divdi3.o)
 .debug_pubnames
                0x00002235       0x20 /Developer/android-ndk-r8/toolchains/arm-linux-androideabi-4.4.3/prebuilt/darwin-x86/bin/../lib/gcc/arm-linux-androideabi/4.4.3/libgcc.a(_udivdi3.o)

.debug_info     0x00000000    0x11dee
 *(.debug_info .gnu.linkonce.wi.*)
 .debug_info    0x00000000     0x859f debug/FuseAPI_platform.os
 .debug_info    0x0000859f      0xb70 debug/FuseAPI.os
 .debug_info    0x0000910f      0xce6 debug/FuseAPI_register.os
 .debug_info    0x00009df5      0x1cf debug/cfu.os
 .debug_info    0x00009fc4     0x103e debug/cfuconf.os
 .debug_info    0x0000b002     0x175b debug/cfuhash.os
 .debug_info    0x0000c75d      0xd70 debug/cfulist.os
 .debug_info    0x0000d4cd      0xc41 debug/cfuopt.os
 .debug_info    0x0000e10e      0xb6d debug/cfustring.os
 .debug_info    0x0000ec7b      0x444 debug/cfuthread_queue.os
 .debug_info    0x0000f0bf      0x262 debug/cfutime.os
 .debug_info    0x0000f321        0x0 debug/libcfu-config.os
 .debug_info    0x0000f321       0xf3 /Developer/android-ndk-r8/toolchains/arm-linux-androideabi-4.4.3/prebuilt/darwin-x86/bin/../lib/gcc/arm-linux-androideabi/4.4.3/libgcc.a(_udivsi3.o)
 .debug_info    0x0000f414       0xed /Developer/android-ndk-r8/toolchains/arm-linux-androideabi-4.4.3/prebuilt/darwin-x86/bin/../lib/gcc/arm-linux-androideabi/4.4.3/libgcc.a(_aeabi_ldivmod.o)
 .debug_info    0x0000f501       0xf3 /Developer/android-ndk-r8/toolchains/arm-linux-androideabi-4.4.3/prebuilt/darwin-x86/bin/../lib/gcc/arm-linux-androideabi/4.4.3/libgcc.a(_dvmd_lnx.o)
 .debug_info    0x0000f5f4       0xde /Developer/android-ndk-r8/toolchains/arm-linux-androideabi-4.4.3/prebuilt/darwin-x86/bin/../lib/gcc/arm-linux-androideabi/4.4.3/libgcc.a(bpabi.o)
 .debug_info    0x0000f6d2     0x1424 /Developer/android-ndk-r8/toolchains/arm-linux-androideabi-4.4.3/prebuilt/darwin-x86/bin/../lib/gcc/arm-linux-androideabi/4.4.3/libgcc.a(unwind-arm.o)
 .debug_info    0x00010af6       0xf1 /Developer/android-ndk-r8/toolchains/arm-linux-androideabi-4.4.3/prebuilt/darwin-x86/bin/../lib/gcc/arm-linux-androideabi/4.4.3/libgcc.a(libunwind.o)
 .debug_info    0x00010be7      0x636 /Developer/android-ndk-r8/toolchains/arm-linux-androideabi-4.4.3/prebuilt/darwin-x86/bin/../lib/gcc/arm-linux-androideabi/4.4.3/libgcc.a(pr-support.o)
 .debug_info    0x0001121d      0x606 /Developer/android-ndk-r8/toolchains/arm-linux-androideabi-4.4.3/prebuilt/darwin-x86/bin/../lib/gcc/arm-linux-androideabi/4.4.3/libgcc.a(_divdi3.o)
 .debug_info    0x00011823      0x5cb /Developer/android-ndk-r8/toolchains/arm-linux-androideabi-4.4.3/prebuilt/darwin-x86/bin/../lib/gcc/arm-linux-androideabi/4.4.3/libgcc.a(_udivdi3.o)

.debug_abbrev   0x00000000     0x1eff
 *(.debug_abbrev)
 .debug_abbrev  0x00000000      0x345 debug/FuseAPI_platform.os
 .debug_abbrev  0x00000345      0x1c8 debug/FuseAPI.os
 .debug_abbrev  0x0000050d      0x1e9 debug/FuseAPI_register.os
 .debug_abbrev  0x000006f6       0xba debug/cfu.os
 .debug_abbrev  0x000007b0      0x29f debug/cfuconf.os
 .debug_abbrev  0x00000a4f      0x276 debug/cfuhash.os
 .debug_abbrev  0x00000cc5      0x223 debug/cfulist.os
 .debug_abbrev  0x00000ee8      0x23b debug/cfuopt.os
 .debug_abbrev  0x00001123      0x1d8 debug/cfustring.os
 .debug_abbrev  0x000012fb      0x17f debug/cfuthread_queue.os
 .debug_abbrev  0x0000147a       0xf7 debug/cfutime.os
 .debug_abbrev  0x00001571        0x1 debug/libcfu-config.os
 .debug_abbrev  0x00001572       0x14 /Developer/android-ndk-r8/toolchains/arm-linux-androideabi-4.4.3/prebuilt/darwin-x86/bin/../lib/gcc/arm-linux-androideabi/4.4.3/libgcc.a(_udivsi3.o)
 .debug_abbrev  0x00001586       0x14 /Developer/android-ndk-r8/toolchains/arm-linux-androideabi-4.4.3/prebuilt/darwin-x86/bin/../lib/gcc/arm-linux-androideabi/4.4.3/libgcc.a(_aeabi_ldivmod.o)
 .debug_abbrev  0x0000159a       0x14 /Developer/android-ndk-r8/toolchains/arm-linux-androideabi-4.4.3/prebuilt/darwin-x86/bin/../lib/gcc/arm-linux-androideabi/4.4.3/libgcc.a(_dvmd_lnx.o)
 .debug_abbrev  0x000015ae       0x6a /Developer/android-ndk-r8/toolchains/arm-linux-androideabi-4.4.3/prebuilt/darwin-x86/bin/../lib/gcc/arm-linux-androideabi/4.4.3/libgcc.a(bpabi.o)
 .debug_abbrev  0x00001618      0x3bb /Developer/android-ndk-r8/toolchains/arm-linux-androideabi-4.4.3/prebuilt/darwin-x86/bin/../lib/gcc/arm-linux-androideabi/4.4.3/libgcc.a(unwind-arm.o)
 .debug_abbrev  0x000019d3       0x14 /Developer/android-ndk-r8/toolchains/arm-linux-androideabi-4.4.3/prebuilt/darwin-x86/bin/../lib/gcc/arm-linux-androideabi/4.4.3/libgcc.a(libunwind.o)
 .debug_abbrev  0x000019e7      0x220 /Developer/android-ndk-r8/toolchains/arm-linux-androideabi-4.4.3/prebuilt/darwin-x86/bin/../lib/gcc/arm-linux-androideabi/4.4.3/libgcc.a(pr-support.o)
 .debug_abbrev  0x00001c07      0x18b /Developer/android-ndk-r8/toolchains/arm-linux-androideabi-4.4.3/prebuilt/darwin-x86/bin/../lib/gcc/arm-linux-androideabi/4.4.3/libgcc.a(_divdi3.o)
 .debug_abbrev  0x00001d92      0x16d /Developer/android-ndk-r8/toolchains/arm-linux-androideabi-4.4.3/prebuilt/darwin-x86/bin/../lib/gcc/arm-linux-androideabi/4.4.3/libgcc.a(_udivdi3.o)

.debug_line     0x00000000     0x2f60
 *(.debug_line)
 .debug_line    0x00000000      0x6b6 debug/FuseAPI_platform.os
 .debug_line    0x000006b6      0x181 debug/FuseAPI.os
 .debug_line    0x00000837      0x2dc debug/FuseAPI_register.os
 .debug_line    0x00000b13       0xb8 debug/cfu.os
 .debug_line    0x00000bcb      0x450 debug/cfuconf.os
 .debug_line    0x0000101b      0x51f debug/cfuhash.os
 .debug_line    0x0000153a      0x2f8 debug/cfulist.os
 .debug_line    0x00001832      0x325 debug/cfuopt.os
 .debug_line    0x00001b57      0x362 debug/cfustring.os
 .debug_line    0x00001eb9      0x15f debug/cfuthread_queue.os
 .debug_line    0x00002018      0x1c4 debug/cfutime.os
 .debug_line    0x000021dc        0x0 debug/libcfu-config.os
 .debug_line    0x000021dc       0xd0 /Developer/android-ndk-r8/toolchains/arm-linux-androideabi-4.4.3/prebuilt/darwin-x86/bin/../lib/gcc/arm-linux-androideabi/4.4.3/libgcc.a(_udivsi3.o)
 .debug_line    0x000022ac       0xa9 /Developer/android-ndk-r8/toolchains/arm-linux-androideabi-4.4.3/prebuilt/darwin-x86/bin/../lib/gcc/arm-linux-androideabi/4.4.3/libgcc.a(_aeabi_ldivmod.o)
 .debug_line    0x00002355       0xaf /Developer/android-ndk-r8/toolchains/arm-linux-androideabi-4.4.3/prebuilt/darwin-x86/bin/../lib/gcc/arm-linux-androideabi/4.4.3/libgcc.a(_dvmd_lnx.o)
 .debug_line    0x00002404       0xaf /Developer/android-ndk-r8/toolchains/arm-linux-androideabi-4.4.3/prebuilt/darwin-x86/bin/../lib/gcc/arm-linux-androideabi/4.4.3/libgcc.a(bpabi.o)
 .debug_line    0x000024b3      0x4ca /Developer/android-ndk-r8/toolchains/arm-linux-androideabi-4.4.3/prebuilt/darwin-x86/bin/../lib/gcc/arm-linux-androideabi/4.4.3/libgcc.a(unwind-arm.o)
 .debug_line    0x0000297d       0xf5 /Developer/android-ndk-r8/toolchains/arm-linux-androideabi-4.4.3/prebuilt/darwin-x86/bin/../lib/gcc/arm-linux-androideabi/4.4.3/libgcc.a(libunwind.o)
 .debug_line    0x00002a72      0x1ca /Developer/android-ndk-r8/toolchains/arm-linux-androideabi-4.4.3/prebuilt/darwin-x86/bin/../lib/gcc/arm-linux-androideabi/4.4.3/libgcc.a(pr-support.o)
 .debug_line    0x00002c3c      0x19a /Developer/android-ndk-r8/toolchains/arm-linux-androideabi-4.4.3/prebuilt/darwin-x86/bin/../lib/gcc/arm-linux-androideabi/4.4.3/libgcc.a(_divdi3.o)
 .debug_line    0x00002dd6      0x18a /Developer/android-ndk-r8/toolchains/arm-linux-androideabi-4.4.3/prebuilt/darwin-x86/bin/../lib/gcc/arm-linux-androideabi/4.4.3/libgcc.a(_udivdi3.o)

.debug_frame    0x00000000     0x31a0
 *(.debug_frame)
 .debug_frame   0x00000000      0xc78 debug/FuseAPI_platform.os
 .debug_frame   0x00000c78      0x630 debug/FuseAPI.os
 .debug_frame   0x000012a8      0x66c debug/FuseAPI_register.os
 .debug_frame   0x00001914       0xb0 debug/cfu.os
 .debug_frame   0x000019c4      0x384 debug/cfuconf.os
 .debug_frame   0x00001d48      0x558 debug/cfuhash.os
 .debug_frame   0x000022a0      0x404 debug/cfulist.os
 .debug_frame   0x000026a4      0x254 debug/cfuopt.os
 .debug_frame   0x000028f8      0x2dc debug/cfustring.os
 .debug_frame   0x00002bd4       0xd4 debug/cfuthread_queue.os
 .debug_frame   0x00002ca8       0x94 debug/cfutime.os
 .debug_frame   0x00002d3c       0x28 /Developer/android-ndk-r8/toolchains/arm-linux-androideabi-4.4.3/prebuilt/darwin-x86/bin/../lib/gcc/arm-linux-androideabi/4.4.3/libgcc.a(_udivsi3.o)
 .debug_frame   0x00002d64       0x60 /Developer/android-ndk-r8/toolchains/arm-linux-androideabi-4.4.3/prebuilt/darwin-x86/bin/../lib/gcc/arm-linux-androideabi/4.4.3/libgcc.a(bpabi.o)
 .debug_frame   0x00002dc4      0x248 /Developer/android-ndk-r8/toolchains/arm-linux-androideabi-4.4.3/prebuilt/darwin-x86/bin/../lib/gcc/arm-linux-androideabi/4.4.3/libgcc.a(unwind-arm.o)
 .debug_frame   0x0000300c      0x108 /Developer/android-ndk-r8/toolchains/arm-linux-androideabi-4.4.3/prebuilt/darwin-x86/bin/../lib/gcc/arm-linux-androideabi/4.4.3/libgcc.a(pr-support.o)
 .debug_frame   0x00003114       0x44 /Developer/android-ndk-r8/toolchains/arm-linux-androideabi-4.4.3/prebuilt/darwin-x86/bin/../lib/gcc/arm-linux-androideabi/4.4.3/libgcc.a(_divdi3.o)
 .debug_frame   0x00003158       0x48 /Developer/android-ndk-r8/toolchains/arm-linux-androideabi-4.4.3/prebuilt/darwin-x86/bin/../lib/gcc/arm-linux-androideabi/4.4.3/libgcc.a(_udivdi3.o)

.debug_str      0x00000000     0x9d3d
 *(.debug_str)
 .debug_str     0x00000000     0x7054 debug/FuseAPI_platform.os
                               0x720d (size before relaxing)
 .debug_str     0x00007054      0x186 debug/FuseAPI.os
                                0x913 (size before relaxing)
 .debug_str     0x000071da      0x6fb debug/FuseAPI_register.os
                                0xd32 (size before relaxing)
 .debug_str     0x000078d5      0x11b debug/cfu.os
                                0x20c (size before relaxing)
 .debug_str     0x000079f0      0x496 debug/cfuconf.os
                                0x6dc (size before relaxing)
 .debug_str     0x00007e86      0x569 debug/cfuhash.os
                                0x849 (size before relaxing)
 .debug_str     0x000083ef      0x3a4 debug/cfulist.os
                                0x5b8 (size before relaxing)
 .debug_str     0x00008793      0x43c debug/cfuopt.os
                                0x68f (size before relaxing)
 .debug_str     0x00008bcf      0x2b4 debug/cfustring.os
                                0x4cc (size before relaxing)
 .debug_str     0x00008e83      0x23e debug/cfuthread_queue.os
                                0x37e (size before relaxing)
 .debug_str     0x000090c1      0x128 debug/cfutime.os
                                0x2a7 (size before relaxing)
 .debug_str     0x000091e9       0xb1 /Developer/android-ndk-r8/toolchains/arm-linux-androideabi-4.4.3/prebuilt/darwin-x86/bin/../lib/gcc/arm-linux-androideabi/4.4.3/libgcc.a(bpabi.o)
                                 0xe2 (size before relaxing)
 .debug_str     0x0000929a      0x800 /Developer/android-ndk-r8/toolchains/arm-linux-androideabi-4.4.3/prebuilt/darwin-x86/bin/../lib/gcc/arm-linux-androideabi/4.4.3/libgcc.a(unwind-arm.o)
                                0x8f8 (size before relaxing)
 .debug_str     0x00009a9a      0x141 /Developer/android-ndk-r8/toolchains/arm-linux-androideabi-4.4.3/prebuilt/darwin-x86/bin/../lib/gcc/arm-linux-androideabi/4.4.3/libgcc.a(pr-support.o)
                                0x45e (size before relaxing)
 .debug_str     0x00009bdb      0x158 /Developer/android-ndk-r8/toolchains/arm-linux-androideabi-4.4.3/prebuilt/darwin-x86/bin/../lib/gcc/arm-linux-androideabi/4.4.3/libgcc.a(_divdi3.o)
                                0x20d (size before relaxing)
 .debug_str     0x00009d33        0xa /Developer/android-ndk-r8/toolchains/arm-linux-androideabi-4.4.3/prebuilt/darwin-x86/bin/../lib/gcc/arm-linux-androideabi/4.4.3/libgcc.a(_udivdi3.o)
                                0x20e (size before relaxing)

.debug_loc      0x00000000     0x6483
 *(.debug_loc)
 .debug_loc     0x00000000     0x1319 debug/FuseAPI_platform.os
 .debug_loc     0x00001319      0x8a4 debug/FuseAPI.os
 .debug_loc     0x00001bbd      0x8fd debug/FuseAPI_register.os
 .debug_loc     0x000024ba       0xfc debug/cfu.os
 .debug_loc     0x000025b6      0x577 debug/cfuconf.os
 .debug_loc     0x00002b2d      0x841 debug/cfuhash.os
 .debug_loc     0x0000336e      0x62c debug/cfulist.os
 .debug_loc     0x0000399a      0x392 debug/cfuopt.os
 .debug_loc     0x00003d2c      0x446 debug/cfustring.os
 .debug_loc     0x00004172      0x134 debug/cfuthread_queue.os
 .debug_loc     0x000042a6       0xd0 debug/cfutime.os
 .debug_loc     0x00004376      0x120 /Developer/android-ndk-r8/toolchains/arm-linux-androideabi-4.4.3/prebuilt/darwin-x86/bin/../lib/gcc/arm-linux-androideabi/4.4.3/libgcc.a(bpabi.o)
 .debug_loc     0x00004496      0xfef /Developer/android-ndk-r8/toolchains/arm-linux-androideabi-4.4.3/prebuilt/darwin-x86/bin/../lib/gcc/arm-linux-androideabi/4.4.3/libgcc.a(unwind-arm.o)
 .debug_loc     0x00005485      0x2f9 /Developer/android-ndk-r8/toolchains/arm-linux-androideabi-4.4.3/prebuilt/darwin-x86/bin/../lib/gcc/arm-linux-androideabi/4.4.3/libgcc.a(pr-support.o)
 .debug_loc     0x0000577e      0x6cf /Developer/android-ndk-r8/toolchains/arm-linux-androideabi-4.4.3/prebuilt/darwin-x86/bin/../lib/gcc/arm-linux-androideabi/4.4.3/libgcc.a(_divdi3.o)
 .debug_loc     0x00005e4d      0x636 /Developer/android-ndk-r8/toolchains/arm-linux-androideabi-4.4.3/prebuilt/darwin-x86/bin/../lib/gcc/arm-linux-androideabi/4.4.3/libgcc.a(_udivdi3.o)

.debug_macinfo
 *(.debug_macinfo)

.debug_weaknames
 *(.debug_weaknames)

.debug_funcnames
 *(.debug_funcnames)

.debug_typenames
 *(.debug_typenames)

.debug_varnames
 *(.debug_varnames)

.debug_pubtypes
 *(.debug_pubtypes)

.debug_ranges   0x00000000      0x740
 *(.debug_ranges)
 .debug_ranges  0x00000000      0x390 debug/FuseAPI_platform.os
 .debug_ranges  0x00000390       0x18 debug/cfuconf.os
 .debug_ranges  0x000003a8       0x18 debug/cfuopt.os
 .debug_ranges  0x000003c0       0x30 debug/cfustring.os
 .debug_ranges  0x000003f0      0x1f8 /Developer/android-ndk-r8/toolchains/arm-linux-androideabi-4.4.3/prebuilt/darwin-x86/bin/../lib/gcc/arm-linux-androideabi/4.4.3/libgcc.a(unwind-arm.o)
 .debug_ranges  0x000005e8       0x30 /Developer/android-ndk-r8/toolchains/arm-linux-androideabi-4.4.3/prebuilt/darwin-x86/bin/../lib/gcc/arm-linux-androideabi/4.4.3/libgcc.a(pr-support.o)
 .debug_ranges  0x00000618       0xa0 /Developer/android-ndk-r8/toolchains/arm-linux-androideabi-4.4.3/prebuilt/darwin-x86/bin/../lib/gcc/arm-linux-androideabi/4.4.3/libgcc.a(_divdi3.o)
 .debug_ranges  0x000006b8       0x88 /Developer/android-ndk-r8/toolchains/arm-linux-androideabi-4.4.3/prebuilt/darwin-x86/bin/../lib/gcc/arm-linux-androideabi/4.4.3/libgcc.a(_udivdi3.o)

.gnu.attributes
 *(.gnu.attributes)

.note.gnu.arm.ident
 *(.note.gnu.arm.ident)

/DISCARD/
 *(.note.GNU-stack)
 *(.gnu_debuglink)
OUTPUT(/Applications/Marmalade.app/Contents/extensions/FuseAPI/lib/android/libFuseAPI_d.so elf32-littlearm)

.ARM.attributes
                0x00000000       0x2b
 .ARM.attributes
                0x00000000       0x19 /Developer/android-ndk-r8/platforms/android-9/arch-arm/usr/lib/crtbegin_so.o
 .ARM.attributes
                0x00000019       0x2d debug/FuseAPI_platform.os
 .ARM.attributes
                0x00000046       0x2b debug/FuseAPI.os
 .ARM.attributes
                0x00000071       0x2b debug/FuseAPI_register.os
 .ARM.attributes
                0x0000009c       0x2b debug/cfu.os
 .ARM.attributes
                0x000000c7       0x2b debug/cfuconf.os
 .ARM.attributes
                0x000000f2       0x2d debug/cfuhash.os
 .ARM.attributes
                0x0000011f       0x2b debug/cfulist.os
 .ARM.attributes
                0x0000014a       0x2d debug/cfuopt.os
 .ARM.attributes
                0x00000177       0x2d debug/cfustring.os
 .ARM.attributes
                0x000001a4       0x2b debug/cfuthread_queue.os
 .ARM.attributes
                0x000001cf       0x2d debug/cfutime.os
 .ARM.attributes
                0x000001fc       0x29 debug/libcfu-config.os
 .ARM.attributes
                0x00000225       0x2b /Applications/Marmalade.app/Contents/s3e/edk/lib/android/libedk.a(IwDebug.o)
 .ARM.attributes
                0x00000250       0x2b /Applications/Marmalade.app/Contents/s3e/edk/lib/android/libedk.a(edk_helpers.o)
 .ARM.attributes
                0x0000027b       0x29 /Developer/android-ndk-r8/sources/cxx-stl/gnu-libstdc++/libs/armeabi/libgnustl_static.a(del_op.o)
 .ARM.attributes
                0x000002a4       0x19 /Developer/android-ndk-r8/toolchains/arm-linux-androideabi-4.4.3/prebuilt/darwin-x86/bin/../lib/gcc/arm-linux-androideabi/4.4.3/libgcc.a(_udivsi3.o)
 .ARM.attributes
                0x000002bd       0x19 /Developer/android-ndk-r8/toolchains/arm-linux-androideabi-4.4.3/prebuilt/darwin-x86/bin/../lib/gcc/arm-linux-androideabi/4.4.3/libgcc.a(_aeabi_ldivmod.o)
 .ARM.attributes
                0x000002d6       0x19 /Developer/android-ndk-r8/toolchains/arm-linux-androideabi-4.4.3/prebuilt/darwin-x86/bin/../lib/gcc/arm-linux-androideabi/4.4.3/libgcc.a(_dvmd_lnx.o)
 .ARM.attributes
                0x000002ef       0x29 /Developer/android-ndk-r8/toolchains/arm-linux-androideabi-4.4.3/prebuilt/darwin-x86/bin/../lib/gcc/arm-linux-androideabi/4.4.3/libgcc.a(bpabi.o)
 .ARM.attributes
                0x00000318       0x29 /Developer/android-ndk-r8/toolchains/arm-linux-androideabi-4.4.3/prebuilt/darwin-x86/bin/../lib/gcc/arm-linux-androideabi/4.4.3/libgcc.a(unwind-arm.o)
 .ARM.attributes
                0x00000341       0x19 /Developer/android-ndk-r8/toolchains/arm-linux-androideabi-4.4.3/prebuilt/darwin-x86/bin/../lib/gcc/arm-linux-androideabi/4.4.3/libgcc.a(libunwind.o)
 .ARM.attributes
                0x0000035a       0x29 /Developer/android-ndk-r8/toolchains/arm-linux-androideabi-4.4.3/prebuilt/darwin-x86/bin/../lib/gcc/arm-linux-androideabi/4.4.3/libgcc.a(pr-support.o)
 .ARM.attributes
                0x00000383       0x29 /Developer/android-ndk-r8/toolchains/arm-linux-androideabi-4.4.3/prebuilt/darwin-x86/bin/../lib/gcc/arm-linux-androideabi/4.4.3/libgcc.a(_divdi3.o)
 .ARM.attributes
                0x000003ac       0x29 /Developer/android-ndk-r8/toolchains/arm-linux-androideabi-4.4.3/prebuilt/darwin-x86/bin/../lib/gcc/arm-linux-androideabi/4.4.3/libgcc.a(_udivdi3.o)
 .ARM.attributes
                0x000003d5       0x17 /Developer/android-ndk-r8/platforms/android-9/arch-arm/usr/lib/crtend_so.o
