Archive member included because of file (symbol)

C:\depot\Projects\Marmalade\6.3\s3e\edk\lib\android\libedk.a(IwDebug.o)
                              debug\FuseAPI_platform.os (IwDebugTraceSetTraceChannel)
C:\depot\Projects\Marmalade\6.3\s3e\edk\lib\android\libedk.a(edk_helpers.o)
                              debug\FuseAPI_platform.os (s3eEdkThreadRunOnOS)
c:/android-ndk-r8d/toolchains/arm-linux-androideabi-4.4.3/prebuilt/windows/bin/../lib/gcc/arm-linux-androideabi/4.4.3\libgcc.a(_aeabi_ldivmod.o)
                              C:\depot\Projects\Marmalade\6.3\s3e\edk\lib\android\libedk.a(IwDebug.o) (__aeabi_ldivmod)
c:/android-ndk-r8d/toolchains/arm-linux-androideabi-4.4.3/prebuilt/windows/bin/../lib/gcc/arm-linux-androideabi/4.4.3\libgcc.a(bpabi.o)
                              c:/android-ndk-r8d/toolchains/arm-linux-androideabi-4.4.3/prebuilt/windows/bin/../lib/gcc/arm-linux-androideabi/4.4.3\libgcc.a(_aeabi_ldivmod.o) (__gnu_ldivmod_helper)
c:/android-ndk-r8d/toolchains/arm-linux-androideabi-4.4.3/prebuilt/windows/bin/../lib/gcc/arm-linux-androideabi/4.4.3\libgcc.a(unwind-arm.o)
                              c:/android-ndk-r8d/toolchains/arm-linux-androideabi-4.4.3/prebuilt/windows/bin/../lib/gcc/arm-linux-androideabi/4.4.3\libgcc.a(bpabi.o) (__aeabi_unwind_cpp_pr0)
c:/android-ndk-r8d/toolchains/arm-linux-androideabi-4.4.3/prebuilt/windows/bin/../lib/gcc/arm-linux-androideabi/4.4.3\libgcc.a(libunwind.o)
                              c:/android-ndk-r8d/toolchains/arm-linux-androideabi-4.4.3/prebuilt/windows/bin/../lib/gcc/arm-linux-androideabi/4.4.3\libgcc.a(unwind-arm.o) (restore_core_regs)
c:/android-ndk-r8d/toolchains/arm-linux-androideabi-4.4.3/prebuilt/windows/bin/../lib/gcc/arm-linux-androideabi/4.4.3\libgcc.a(pr-support.o)
                              c:/android-ndk-r8d/toolchains/arm-linux-androideabi-4.4.3/prebuilt/windows/bin/../lib/gcc/arm-linux-androideabi/4.4.3\libgcc.a(unwind-arm.o) (__gnu_unwind_execute)
c:/android-ndk-r8d/toolchains/arm-linux-androideabi-4.4.3/prebuilt/windows/bin/../lib/gcc/arm-linux-androideabi/4.4.3\libgcc.a(_divdi3.o)
                              c:/android-ndk-r8d/toolchains/arm-linux-androideabi-4.4.3/prebuilt/windows/bin/../lib/gcc/arm-linux-androideabi/4.4.3\libgcc.a(bpabi.o) (__divdi3)
c:/android-ndk-r8d/toolchains/arm-linux-androideabi-4.4.3/prebuilt/windows/bin/../lib/gcc/arm-linux-androideabi/4.4.3\libgcc.a(_udivdi3.o)
                              c:/android-ndk-r8d/toolchains/arm-linux-androideabi-4.4.3/prebuilt/windows/bin/../lib/gcc/arm-linux-androideabi/4.4.3\libgcc.a(bpabi.o) (__udivdi3)
c:/android-ndk-r8d/toolchains/arm-linux-androideabi-4.4.3/prebuilt/windows/bin/../lib/gcc/arm-linux-androideabi/4.4.3\libgcc.a(_udivsi3.o)
                              c:/android-ndk-r8d/toolchains/arm-linux-androideabi-4.4.3/prebuilt/windows/bin/../lib/gcc/arm-linux-androideabi/4.4.3\libgcc.a(_divdi3.o) (__aeabi_uidiv)
c:/android-ndk-r8d/toolchains/arm-linux-androideabi-4.4.3/prebuilt/windows/bin/../lib/gcc/arm-linux-androideabi/4.4.3\libgcc.a(_dvmd_lnx.o)
                              c:/android-ndk-r8d/toolchains/arm-linux-androideabi-4.4.3/prebuilt/windows/bin/../lib/gcc/arm-linux-androideabi/4.4.3\libgcc.a(_udivsi3.o) (__div0)

Discarded input sections

 .text          0x00000000        0x0 C:/android-ndk-r8d/platforms/android-9/arch-arm/usr/lib/crtbegin_so.o
 .bss           0x00000000        0x0 C:/android-ndk-r8d/platforms/android-9/arch-arm/usr/lib/crtbegin_so.o
 .note.GNU-stack
                0x00000000        0x0 C:/android-ndk-r8d/platforms/android-9/arch-arm/usr/lib/crtbegin_so.o
 _ZN7_JNIEnv9FindClassEPKc
                0x00000000        0x0 debug\FuseAPI_platform.os
 _ZN7_JNIEnv17ExceptionOccurredEv
                0x00000000        0x0 debug\FuseAPI_platform.os
 _ZN7_JNIEnv17ExceptionDescribeEv
                0x00000000        0x0 debug\FuseAPI_platform.os
 _ZN7_JNIEnv14ExceptionClearEv
                0x00000000        0x0 debug\FuseAPI_platform.os
 _ZN7_JNIEnv12NewGlobalRefEP8_jobject
                0x00000000        0x0 debug\FuseAPI_platform.os
 _ZN7_JNIEnv15DeleteGlobalRefEP8_jobject
                0x00000000        0x0 debug\FuseAPI_platform.os
 _ZN7_JNIEnv14DeleteLocalRefEP8_jobject
                0x00000000        0x0 debug\FuseAPI_platform.os
 _ZN7_JNIEnv9NewObjectEP7_jclassP10_jmethodIDz
                0x00000000        0x0 debug\FuseAPI_platform.os
 _ZN7_JNIEnv11GetMethodIDEP7_jclassPKcS3_
                0x00000000        0x0 debug\FuseAPI_platform.os
 _ZN7_JNIEnv16CallObjectMethodEP8_jobjectP10_jmethodIDz
                0x00000000        0x0 debug\FuseAPI_platform.os
 _ZN7_JNIEnv17CallBooleanMethodEP8_jobjectP10_jmethodIDz
                0x00000000        0x0 debug\FuseAPI_platform.os
 _ZN7_JNIEnv13CallIntMethodEP8_jobjectP10_jmethodIDz
                0x00000000        0x0 debug\FuseAPI_platform.os
 _ZN7_JNIEnv14CallVoidMethodEP8_jobjectP10_jmethodIDz
                0x00000000        0x0 debug\FuseAPI_platform.os
 _ZN7_JNIEnv12NewStringUTFEPKc
                0x00000000        0x0 debug\FuseAPI_platform.os
 _ZN7_JNIEnv15RegisterNativesEP7_jclassPK15JNINativeMethodi
                0x00000000        0x0 debug\FuseAPI_platform.os
 _ZN7_JavaVM6GetEnvEPPvi
                0x00000000        0x0 debug\FuseAPI_platform.os
 .text          0x00000000        0x0 debug\FuseAPI_platform.os
 .data          0x00000000        0x0 debug\FuseAPI_platform.os
 .text._Z28FuseAPIGameDataReceivedStartP7_JNIEnvP8_jstring
                0x00000000        0x0 debug\FuseAPI_platform.os
 .text._Z26FuseAPIGameDataReceivedKVPP7_JNIEnvbP8_jstringS2_
                0x00000000        0x0 debug\FuseAPI_platform.os
 .text._Z26FuseAPIGameDataReceivedEndP7_JNIEnvi
                0x00000000        0x0 debug\FuseAPI_platform.os
 .note.GNU-stack
                0x00000000        0x0 debug\FuseAPI_platform.os
 .text          0x00000000        0x0 debug\FuseAPI.os
 .data          0x00000000        0x0 debug\FuseAPI.os
 .bss           0x00000000        0x0 debug\FuseAPI.os
 .note.GNU-stack
                0x00000000        0x0 debug\FuseAPI.os
 .text          0x00000000        0x0 debug\FuseAPI_register.os
 .data          0x00000000        0x0 debug\FuseAPI_register.os
 .bss           0x00000000        0x0 debug\FuseAPI_register.os
 .note.GNU-stack
                0x00000000        0x0 debug\FuseAPI_register.os
 .text          0x00000000        0x0 C:\depot\Projects\Marmalade\6.3\s3e\edk\lib\android\libedk.a(IwDebug.o)
 .data          0x00000000        0x0 C:\depot\Projects\Marmalade\6.3\s3e\edk\lib\android\libedk.a(IwDebug.o)
 .text.IwAssertRegisterTextCallback
                0x00000000        0x0 C:\depot\Projects\Marmalade\6.3\s3e\edk\lib\android\libedk.a(IwDebug.o)
 .text.IwAssertRegisterCallback
                0x00000000        0x0 C:\depot\Projects\Marmalade\6.3\s3e\edk\lib\android\libedk.a(IwDebug.o)
 .text.IwDebugErrorRegisterCallback
                0x00000000        0x0 C:\depot\Projects\Marmalade\6.3\s3e\edk\lib\android\libedk.a(IwDebug.o)
 .text.IwDebugAssertSetUID
                0x00000000        0x0 C:\depot\Projects\Marmalade\6.3\s3e\edk\lib\android\libedk.a(IwDebug.o)
 .text.IwDebugErrorShow
                0x00000000        0x0 C:\depot\Projects\Marmalade\6.3\s3e\edk\lib\android\libedk.a(IwDebug.o)
 .text.IwDebugTraceLineVPrintf
                0x00000000        0x0 C:\depot\Projects\Marmalade\6.3\s3e\edk\lib\android\libedk.a(IwDebug.o)
 .text.IwDebugTraceDisable
                0x00000000        0x0 C:\depot\Projects\Marmalade\6.3\s3e\edk\lib\android\libedk.a(IwDebug.o)
 .text.IwDebugAssertSetMessage
                0x00000000        0x0 C:\depot\Projects\Marmalade\6.3\s3e\edk\lib\android\libedk.a(IwDebug.o)
 .text.IwDebugAssertSetSolution
                0x00000000        0x0 C:\depot\Projects\Marmalade\6.3\s3e\edk\lib\android\libedk.a(IwDebug.o)
 .text.IwDebugTraceChannelSwitch
                0x00000000        0x0 C:\depot\Projects\Marmalade\6.3\s3e\edk\lib\android\libedk.a(IwDebug.o)
 .text.IwDebugClearConfigCache
                0x00000000        0x0 C:\depot\Projects\Marmalade\6.3\s3e\edk\lib\android\libedk.a(IwDebug.o)
 .text.IwDebugAssertIsChannelOn
                0x00000000        0x0 C:\depot\Projects\Marmalade\6.3\s3e\edk\lib\android\libedk.a(IwDebug.o)
 .text.IwDebugAssertShow
                0x00000000        0x0 C:\depot\Projects\Marmalade\6.3\s3e\edk\lib\android\libedk.a(IwDebug.o)
 .note.GNU-stack
                0x00000000        0x0 C:\depot\Projects\Marmalade\6.3\s3e\edk\lib\android\libedk.a(IwDebug.o)
 .text          0x00000000        0x0 C:\depot\Projects\Marmalade\6.3\s3e\edk\lib\android\libedk.a(edk_helpers.o)
 .data          0x00000000        0x0 C:\depot\Projects\Marmalade\6.3\s3e\edk\lib\android\libedk.a(edk_helpers.o)
 .bss           0x00000000        0x0 C:\depot\Projects\Marmalade\6.3\s3e\edk\lib\android\libedk.a(edk_helpers.o)
 .text.s3eEdkThreadRunOnOSAsync
                0x00000000        0x0 C:\depot\Projects\Marmalade\6.3\s3e\edk\lib\android\libedk.a(edk_helpers.o)
 .text.s3eEdkErrorSetString
                0x00000000        0x0 C:\depot\Projects\Marmalade\6.3\s3e\edk\lib\android\libedk.a(edk_helpers.o)
 .note.GNU-stack
                0x00000000        0x0 C:\depot\Projects\Marmalade\6.3\s3e\edk\lib\android\libedk.a(edk_helpers.o)
 .data          0x00000000        0x0 c:/android-ndk-r8d/toolchains/arm-linux-androideabi-4.4.3/prebuilt/windows/bin/../lib/gcc/arm-linux-androideabi/4.4.3\libgcc.a(_aeabi_ldivmod.o)
 .bss           0x00000000        0x0 c:/android-ndk-r8d/toolchains/arm-linux-androideabi-4.4.3/prebuilt/windows/bin/../lib/gcc/arm-linux-androideabi/4.4.3\libgcc.a(_aeabi_ldivmod.o)
 .note.GNU-stack
                0x00000000        0x0 c:/android-ndk-r8d/toolchains/arm-linux-androideabi-4.4.3/prebuilt/windows/bin/../lib/gcc/arm-linux-androideabi/4.4.3\libgcc.a(_aeabi_ldivmod.o)
 .data          0x00000000        0x0 c:/android-ndk-r8d/toolchains/arm-linux-androideabi-4.4.3/prebuilt/windows/bin/../lib/gcc/arm-linux-androideabi/4.4.3\libgcc.a(bpabi.o)
 .bss           0x00000000        0x0 c:/android-ndk-r8d/toolchains/arm-linux-androideabi-4.4.3/prebuilt/windows/bin/../lib/gcc/arm-linux-androideabi/4.4.3\libgcc.a(bpabi.o)
 .ARM.extab     0x00000000        0x0 c:/android-ndk-r8d/toolchains/arm-linux-androideabi-4.4.3/prebuilt/windows/bin/../lib/gcc/arm-linux-androideabi/4.4.3\libgcc.a(bpabi.o)
 .note.GNU-stack
                0x00000000        0x0 c:/android-ndk-r8d/toolchains/arm-linux-androideabi-4.4.3/prebuilt/windows/bin/../lib/gcc/arm-linux-androideabi/4.4.3\libgcc.a(bpabi.o)
 .data          0x00000000        0x0 c:/android-ndk-r8d/toolchains/arm-linux-androideabi-4.4.3/prebuilt/windows/bin/../lib/gcc/arm-linux-androideabi/4.4.3\libgcc.a(unwind-arm.o)
 .bss           0x00000000        0x0 c:/android-ndk-r8d/toolchains/arm-linux-androideabi-4.4.3/prebuilt/windows/bin/../lib/gcc/arm-linux-androideabi/4.4.3\libgcc.a(unwind-arm.o)
 .note.GNU-stack
                0x00000000        0x0 c:/android-ndk-r8d/toolchains/arm-linux-androideabi-4.4.3/prebuilt/windows/bin/../lib/gcc/arm-linux-androideabi/4.4.3\libgcc.a(unwind-arm.o)
 .data          0x00000000        0x0 c:/android-ndk-r8d/toolchains/arm-linux-androideabi-4.4.3/prebuilt/windows/bin/../lib/gcc/arm-linux-androideabi/4.4.3\libgcc.a(libunwind.o)
 .bss           0x00000000        0x0 c:/android-ndk-r8d/toolchains/arm-linux-androideabi-4.4.3/prebuilt/windows/bin/../lib/gcc/arm-linux-androideabi/4.4.3\libgcc.a(libunwind.o)
 .note.GNU-stack
                0x00000000        0x0 c:/android-ndk-r8d/toolchains/arm-linux-androideabi-4.4.3/prebuilt/windows/bin/../lib/gcc/arm-linux-androideabi/4.4.3\libgcc.a(libunwind.o)
 .data          0x00000000        0x0 c:/android-ndk-r8d/toolchains/arm-linux-androideabi-4.4.3/prebuilt/windows/bin/../lib/gcc/arm-linux-androideabi/4.4.3\libgcc.a(pr-support.o)
 .bss           0x00000000        0x0 c:/android-ndk-r8d/toolchains/arm-linux-androideabi-4.4.3/prebuilt/windows/bin/../lib/gcc/arm-linux-androideabi/4.4.3\libgcc.a(pr-support.o)
 .ARM.extab     0x00000000        0x0 c:/android-ndk-r8d/toolchains/arm-linux-androideabi-4.4.3/prebuilt/windows/bin/../lib/gcc/arm-linux-androideabi/4.4.3\libgcc.a(pr-support.o)
 .note.GNU-stack
                0x00000000        0x0 c:/android-ndk-r8d/toolchains/arm-linux-androideabi-4.4.3/prebuilt/windows/bin/../lib/gcc/arm-linux-androideabi/4.4.3\libgcc.a(pr-support.o)
 .data          0x00000000        0x0 c:/android-ndk-r8d/toolchains/arm-linux-androideabi-4.4.3/prebuilt/windows/bin/../lib/gcc/arm-linux-androideabi/4.4.3\libgcc.a(_divdi3.o)
 .bss           0x00000000        0x0 c:/android-ndk-r8d/toolchains/arm-linux-androideabi-4.4.3/prebuilt/windows/bin/../lib/gcc/arm-linux-androideabi/4.4.3\libgcc.a(_divdi3.o)
 .ARM.extab     0x00000000        0x0 c:/android-ndk-r8d/toolchains/arm-linux-androideabi-4.4.3/prebuilt/windows/bin/../lib/gcc/arm-linux-androideabi/4.4.3\libgcc.a(_divdi3.o)
 .note.GNU-stack
                0x00000000        0x0 c:/android-ndk-r8d/toolchains/arm-linux-androideabi-4.4.3/prebuilt/windows/bin/../lib/gcc/arm-linux-androideabi/4.4.3\libgcc.a(_divdi3.o)
 .data          0x00000000        0x0 c:/android-ndk-r8d/toolchains/arm-linux-androideabi-4.4.3/prebuilt/windows/bin/../lib/gcc/arm-linux-androideabi/4.4.3\libgcc.a(_udivdi3.o)
 .bss           0x00000000        0x0 c:/android-ndk-r8d/toolchains/arm-linux-androideabi-4.4.3/prebuilt/windows/bin/../lib/gcc/arm-linux-androideabi/4.4.3\libgcc.a(_udivdi3.o)
 .ARM.extab     0x00000000        0x0 c:/android-ndk-r8d/toolchains/arm-linux-androideabi-4.4.3/prebuilt/windows/bin/../lib/gcc/arm-linux-androideabi/4.4.3\libgcc.a(_udivdi3.o)
 .note.GNU-stack
                0x00000000        0x0 c:/android-ndk-r8d/toolchains/arm-linux-androideabi-4.4.3/prebuilt/windows/bin/../lib/gcc/arm-linux-androideabi/4.4.3\libgcc.a(_udivdi3.o)
 .data          0x00000000        0x0 c:/android-ndk-r8d/toolchains/arm-linux-androideabi-4.4.3/prebuilt/windows/bin/../lib/gcc/arm-linux-androideabi/4.4.3\libgcc.a(_udivsi3.o)
 .bss           0x00000000        0x0 c:/android-ndk-r8d/toolchains/arm-linux-androideabi-4.4.3/prebuilt/windows/bin/../lib/gcc/arm-linux-androideabi/4.4.3\libgcc.a(_udivsi3.o)
 .note.GNU-stack
                0x00000000        0x0 c:/android-ndk-r8d/toolchains/arm-linux-androideabi-4.4.3/prebuilt/windows/bin/../lib/gcc/arm-linux-androideabi/4.4.3\libgcc.a(_udivsi3.o)
 .data          0x00000000        0x0 c:/android-ndk-r8d/toolchains/arm-linux-androideabi-4.4.3/prebuilt/windows/bin/../lib/gcc/arm-linux-androideabi/4.4.3\libgcc.a(_dvmd_lnx.o)
 .bss           0x00000000        0x0 c:/android-ndk-r8d/toolchains/arm-linux-androideabi-4.4.3/prebuilt/windows/bin/../lib/gcc/arm-linux-androideabi/4.4.3\libgcc.a(_dvmd_lnx.o)
 .note.GNU-stack
                0x00000000        0x0 c:/android-ndk-r8d/toolchains/arm-linux-androideabi-4.4.3/prebuilt/windows/bin/../lib/gcc/arm-linux-androideabi/4.4.3\libgcc.a(_dvmd_lnx.o)
 .text          0x00000000        0x0 C:/android-ndk-r8d/platforms/android-9/arch-arm/usr/lib/crtend_so.o
 .data          0x00000000        0x0 C:/android-ndk-r8d/platforms/android-9/arch-arm/usr/lib/crtend_so.o
 .bss           0x00000000        0x0 C:/android-ndk-r8d/platforms/android-9/arch-arm/usr/lib/crtend_so.o
 .note.GNU-stack
                0x00000000        0x0 C:/android-ndk-r8d/platforms/android-9/arch-arm/usr/lib/crtend_so.o

Memory Configuration

Name             Origin             Length             Attributes
*default*        0x00000000         0xffffffff

Linker script and memory map

LOAD C:/android-ndk-r8d/platforms/android-9/arch-arm/usr/lib/crtbegin_so.o
LOAD debug\FuseAPI_platform.os
LOAD debug\FuseAPI.os
LOAD debug\FuseAPI_register.os
LOAD C:\depot\Projects\Marmalade\6.3\s3e\edk\lib\android\libedk.a
LOAD C:\depot\Projects\Marmalade\6.3\s3e\edk\lib\android/libplaceholderplaceholderplaceholderplaceholderplaceholder.so
LOAD C:\android-ndk-r8d\platforms\android-9\arch-arm\usr\lib/liblog.so
LOAD C:\android-ndk-r8d\sources\cxx-stl\gnu-libstdc++\4.4.3\libs\armeabi\libgnustl_static.a
LOAD c:/android-ndk-r8d/toolchains/arm-linux-androideabi-4.4.3/prebuilt/windows/bin/../lib/gcc/arm-linux-androideabi/4.4.3\libgcc.a
LOAD C:\android-ndk-r8d\platforms\android-9\arch-arm\usr\lib/libstdc++.so
LOAD C:\android-ndk-r8d\platforms\android-9\arch-arm\usr\lib/libm.so
LOAD C:\android-ndk-r8d\platforms\android-9\arch-arm\usr\lib/libc.so
LOAD c:/android-ndk-r8d/toolchains/arm-linux-androideabi-4.4.3/prebuilt/windows/bin/../lib/gcc/arm-linux-androideabi/4.4.3\libgcc.a
LOAD C:\android-ndk-r8d\platforms\android-9\arch-arm\usr\lib/libc.so
LOAD C:\android-ndk-r8d\platforms\android-9\arch-arm\usr\lib/libdl.so
LOAD c:/android-ndk-r8d/toolchains/arm-linux-androideabi-4.4.3/prebuilt/windows/bin/../lib/gcc/arm-linux-androideabi/4.4.3\libgcc.a
LOAD C:/android-ndk-r8d/platforms/android-9/arch-arm/usr/lib/crtend_so.o
                0x000000f4                . = (0x0 + SIZEOF_HEADERS)

.note.gnu.build-id
 *(.note.gnu.build-id)

.hash           0x000000f4      0x320
 *(.hash)
 .hash          0x000000f4      0x320 C:/android-ndk-r8d/platforms/android-9/arch-arm/usr/lib/crtbegin_so.o

.gnu.hash
 *(.gnu.hash)

.dynsym         0x00000414      0x650
 *(.dynsym)
 .dynsym        0x00000414      0x650 C:/android-ndk-r8d/platforms/android-9/arch-arm/usr/lib/crtbegin_so.o

.dynstr         0x00000a64      0x694
 *(.dynstr)
 .dynstr        0x00000a64      0x694 C:/android-ndk-r8d/platforms/android-9/arch-arm/usr/lib/crtbegin_so.o

.gnu.version    0x000010f8        0x0
 *(.gnu.version)
 .gnu.version   0x00000000        0x0 C:/android-ndk-r8d/platforms/android-9/arch-arm/usr/lib/crtbegin_so.o

.gnu.version_d  0x000010f8        0x0
 *(.gnu.version_d)
 .gnu.version_d
                0x00000000        0x0 C:/android-ndk-r8d/platforms/android-9/arch-arm/usr/lib/crtbegin_so.o

.gnu.version_r  0x000010f8        0x0
 *(.gnu.version_r)
 .gnu.version_r
                0x00000000        0x0 C:/android-ndk-r8d/platforms/android-9/arch-arm/usr/lib/crtbegin_so.o

.rel.dyn        0x000010f8      0x310
 *(.rel.init)
 *(.rel.text .rel.text.* .rel.gnu.linkonce.t.*)
 *(.rel.fini)
 *(.rel.rodata .rel.rodata.* .rel.gnu.linkonce.r.*)
 *(.rel.data.rel.ro* .rel.gnu.linkonce.d.rel.ro.*)
 .rel.data.rel.ro
                0x000010f8      0x180 C:/android-ndk-r8d/platforms/android-9/arch-arm/usr/lib/crtbegin_so.o
 *(.rel.data .rel.data.* .rel.gnu.linkonce.d.*)
 *(.rel.tdata .rel.tdata.* .rel.gnu.linkonce.td.*)
 *(.rel.tbss .rel.tbss.* .rel.gnu.linkonce.tb.*)
 *(.rel.ctors)
 *(.rel.dtors)
 *(.rel.got)
 .rel.got       0x00001278      0x180 C:/android-ndk-r8d/platforms/android-9/arch-arm/usr/lib/crtbegin_so.o
 *(.rel.bss .rel.bss.* .rel.gnu.linkonce.b.*)
 .rel.fini_array
                0x000013f8        0x8 C:/android-ndk-r8d/platforms/android-9/arch-arm/usr/lib/crtbegin_so.o
 .rel.init_array
                0x00001400        0x8 C:/android-ndk-r8d/platforms/android-9/arch-arm/usr/lib/crtbegin_so.o

.rela.dyn
 *(.rela.init)
 *(.rela.text .rela.text.* .rela.gnu.linkonce.t.*)
 *(.rela.fini)
 *(.rela.rodata .rela.rodata.* .rela.gnu.linkonce.r.*)
 *(.rela.data .rela.data.* .rela.gnu.linkonce.d.*)
 *(.rela.tdata .rela.tdata.* .rela.gnu.linkonce.td.*)
 *(.rela.tbss .rela.tbss.* .rela.gnu.linkonce.tb.*)
 *(.rela.ctors)
 *(.rela.dtors)
 *(.rela.got)
 *(.rela.bss .rela.bss.* .rela.gnu.linkonce.b.*)

.rel.plt        0x00001408       0xc8
 *(.rel.plt)
 .rel.plt       0x00001408       0xc8 C:/android-ndk-r8d/platforms/android-9/arch-arm/usr/lib/crtbegin_so.o

.rela.plt
 *(.rela.plt)

.init
 *(.init)

.plt            0x000014d0      0x140
 *(.plt)
 .plt           0x000014d0      0x140 C:/android-ndk-r8d/platforms/android-9/arch-arm/usr/lib/crtbegin_so.o

.text           0x00001610     0x74dc
 *(.text .stub .text.* .gnu.linkonce.t.*)
 .text.exit     0x00001610       0x10 C:/android-ndk-r8d/platforms/android-9/arch-arm/usr/lib/crtbegin_so.o
                0x00001610                __on_dlclose
 .text._ZN7_JNIEnv9FindClassEPKc
                0x00001620       0x38 debug\FuseAPI_platform.os
                0x00001620                _JNIEnv::FindClass(char const*)
 .text._ZN7_JNIEnv17ExceptionOccurredEv
                0x00001658       0x30 debug\FuseAPI_platform.os
                0x00001658                _JNIEnv::ExceptionOccurred()
 .text._ZN7_JNIEnv17ExceptionDescribeEv
                0x00001688       0x28 debug\FuseAPI_platform.os
                0x00001688                _JNIEnv::ExceptionDescribe()
 .text._ZN7_JNIEnv14ExceptionClearEv
                0x000016b0       0x28 debug\FuseAPI_platform.os
                0x000016b0                _JNIEnv::ExceptionClear()
 .text._ZN7_JNIEnv12NewGlobalRefEP8_jobject
                0x000016d8       0x38 debug\FuseAPI_platform.os
                0x000016d8                _JNIEnv::NewGlobalRef(_jobject*)
 .text._ZN7_JNIEnv15DeleteGlobalRefEP8_jobject
                0x00001710       0x30 debug\FuseAPI_platform.os
                0x00001710                _JNIEnv::DeleteGlobalRef(_jobject*)
 .text._ZN7_JNIEnv14DeleteLocalRefEP8_jobject
                0x00001740       0x30 debug\FuseAPI_platform.os
                0x00001740                _JNIEnv::DeleteLocalRef(_jobject*)
 .text._ZN7_JNIEnv9NewObjectEP7_jclassP10_jmethodIDz
                0x00001770       0x5c debug\FuseAPI_platform.os
                0x00001770                _JNIEnv::NewObject(_jclass*, _jmethodID*, ...)
 .text._ZN7_JNIEnv11GetMethodIDEP7_jclassPKcS3_
                0x000017cc       0x48 debug\FuseAPI_platform.os
                0x000017cc                _JNIEnv::GetMethodID(_jclass*, char const*, char const*)
 .text._ZN7_JNIEnv16CallObjectMethodEP8_jobjectP10_jmethodIDz
                0x00001814       0x5c debug\FuseAPI_platform.os
                0x00001814                _JNIEnv::CallObjectMethod(_jobject*, _jmethodID*, ...)
 .text._ZN7_JNIEnv17CallBooleanMethodEP8_jobjectP10_jmethodIDz
                0x00001870       0x5c debug\FuseAPI_platform.os
                0x00001870                _JNIEnv::CallBooleanMethod(_jobject*, _jmethodID*, ...)
 .text._ZN7_JNIEnv13CallIntMethodEP8_jobjectP10_jmethodIDz
                0x000018cc       0x5c debug\FuseAPI_platform.os
                0x000018cc                _JNIEnv::CallIntMethod(_jobject*, _jmethodID*, ...)
 .text._ZN7_JNIEnv14CallVoidMethodEP8_jobjectP10_jmethodIDz
                0x00001928       0x4c debug\FuseAPI_platform.os
                0x00001928                _JNIEnv::CallVoidMethod(_jobject*, _jmethodID*, ...)
 .text._ZN7_JNIEnv12NewStringUTFEPKc
                0x00001974       0x38 debug\FuseAPI_platform.os
                0x00001974                _JNIEnv::NewStringUTF(char const*)
 .text._ZN7_JNIEnv15RegisterNativesEP7_jclassPK15JNINativeMethodi
                0x000019ac       0x48 debug\FuseAPI_platform.os
                0x000019ac                _JNIEnv::RegisterNatives(_jclass*, JNINativeMethod const*, int)
 .text._ZN7_JavaVM6GetEnvEPPvi
                0x000019f4       0x40 debug\FuseAPI_platform.os
                0x000019f4                _JavaVM::GetEnv(void**, int)
 .text._ZL15s3eEdkJNIGetEnvv
                0x00001a34       0x44 debug\FuseAPI_platform.os
 .text._ZL27s3eEdkAndroidFindClass_realPKc
                0x00001a78       0xa4 debug\FuseAPI_platform.os
 .text._ZL22s3eEdkAndroidFindClassPKc
                0x00001b1c       0x38 debug\FuseAPI_platform.os
 .text._Z27FuseAPISessionStartReceivedP7_JNIEnvP8_jobject
                0x00001b54       0xac debug\FuseAPI_platform.os
                0x00001b54                FuseAPISessionStartReceived(_JNIEnv*, _jobject*)
 .text._Z17FuseAPILoginErrorP7_JNIEnvP8_jobjecti
                0x00001c00       0xc0 debug\FuseAPI_platform.os
                0x00001c00                FuseAPILoginError(_JNIEnv*, _jobject*, int)
 .text._Z29FuseAPIAdAvailabilityResponseP7_JNIEnvP8_jobjectii
                0x00001cc0       0xd0 debug\FuseAPI_platform.os
                0x00001cc0                FuseAPIAdAvailabilityResponse(_JNIEnv*, _jobject*, int, int)
 .text._Z18FuseAPIAdWillCloseP7_JNIEnvP8_jobject
                0x00001d90       0xac debug\FuseAPI_platform.os
                0x00001d90                FuseAPIAdWillClose(_JNIEnv*, _jobject*)
 .text._Z18FuseAPIAdDisplayedP7_JNIEnvP8_jobject
                0x00001e3c       0xac debug\FuseAPI_platform.os
                0x00001e3c                FuseAPIAdDisplayed(_JNIEnv*, _jobject*)
 .text._Z16FuseAPIAdClickedP7_JNIEnvP8_jobject
                0x00001ee8       0xac debug\FuseAPI_platform.os
                0x00001ee8                FuseAPIAdClicked(_JNIEnv*, _jobject*)
 .text._Z25FuseAPINotificationActionP7_JNIEnvP8_jobjectP8_jstring
                0x00001f94       0xcc debug\FuseAPI_platform.os
                0x00001f94                FuseAPINotificationAction(_JNIEnv*, _jobject*, _jstring*)
 .text._Z27FuseAPIAccountLoginCompleteP7_JNIEnvP8_jobjectiP8_jstring
                0x00002060       0xd8 debug\FuseAPI_platform.os
                0x00002060                FuseAPIAccountLoginComplete(_JNIEnv*, _jobject*, int, _jstring*)
 .text._Z18FuseAPITimeUpdatedP7_JNIEnvP8_jobjecti
                0x00002138       0xc0 debug\FuseAPI_platform.os
                0x00002138                FuseAPITimeUpdated(_JNIEnv*, _jobject*, int)
 .text._Z17FuseGameDataErrorP7_JNIEnvP8_jobjectii
                0x000021f8       0xd0 debug\FuseAPI_platform.os
                0x000021f8                FuseGameDataError(_JNIEnv*, _jobject*, int, int)
 .text._Z27FuseGameDataSetAcknowledgedP7_JNIEnvP8_jobjecti
                0x000022c8       0xc0 debug\FuseAPI_platform.os
                0x000022c8                FuseGameDataSetAcknowledged(_JNIEnv*, _jobject*, int)
 .text._Z20FuseFriendsListErrorP7_JNIEnvP8_jobjecti
                0x00002388       0xc0 debug\FuseAPI_platform.os
                0x00002388                FuseFriendsListError(_JNIEnv*, _jobject*, int)
 .text._Z20FuseMailAcknowledgedP7_JNIEnvP8_jobjectiP8_jstringi
                0x00002448       0xe8 debug\FuseAPI_platform.os
                0x00002448                FuseMailAcknowledged(_JNIEnv*, _jobject*, int, _jstring*, int)
 .text._Z13FuseMailErrorP7_JNIEnvP8_jobjecti
                0x00002530       0xc0 debug\FuseAPI_platform.os
                0x00002530                FuseMailError(_JNIEnv*, _jobject*, int)
 .text._Z17FuseMailListErrorP7_JNIEnvP8_jobjecti
                0x000025f0       0xc0 debug\FuseAPI_platform.os
                0x000025f0                FuseMailListError(_JNIEnv*, _jobject*, int)
 .text._Z29FuseGameConfigurationReceivedP7_JNIEnvP8_jobject
                0x000026b0       0xac debug\FuseAPI_platform.os
                0x000026b0                FuseGameConfigurationReceived(_JNIEnv*, _jobject*)
 .text._Z9FusePausePvS_
                0x0000275c       0x24 debug\FuseAPI_platform.os
                0x0000275c                FusePause(void*, void*)
 .text._Z10FuseResumePvS_
                0x00002780       0x24 debug\FuseAPI_platform.os
                0x00002780                FuseResume(void*, void*)
 .text._Z20FuseAPIInit_platformv
                0x000027a4     0x1098 debug\FuseAPI_platform.os
                0x000027a4                FuseAPIInit_platform()
 .text._Z25FuseAPITerminate_platformv
                0x0000383c        0xc debug\FuseAPI_platform.os
                0x0000383c                FuseAPITerminate_platform()
 .text._Z28FuseAPIStartSession_platformPKc
                0x00003848       0x68 debug\FuseAPI_platform.os
                0x00003848                FuseAPIStartSession_platform(char const*)
 .text._Z28FuseAPIPauseSession_platformv
                0x000038b0       0x4c debug\FuseAPI_platform.os
                0x000038b0                FuseAPIPauseSession_platform()
 .text._Z29FuseAPIResumeSession_platformv
                0x000038fc       0x4c debug\FuseAPI_platform.os
                0x000038fc                FuseAPIResumeSession_platform()
 .text._Z32FuseAPITerminateSession_platformv
                0x00003948       0x4c debug\FuseAPI_platform.os
                0x00003948                FuseAPITerminateSession_platform()
 .text._Z44FuseAPIRegisterForPushNotifications_platformPKc
                0x00003994       0x68 debug\FuseAPI_platform.os
                0x00003994                FuseAPIRegisterForPushNotifications_platform(char const*)
 .text._Z29FuseAPIRegisterEvent_platformPKc
                0x000039fc       0x68 debug\FuseAPI_platform.os
                0x000039fc                FuseAPIRegisterEvent_platform(char const*)
 .text._Z38FuseAPIRegisterEventWithParam_platformPKcS0_S0_S0_PKd
                0x00003a64       0xe4 debug\FuseAPI_platform.os
                0x00003a64                FuseAPIRegisterEventWithParam_platform(char const*, char const*, char const*, char const*, double const*)
 .text._Z37FuseAPIRegisterInAppPurchase_platform13PurchaseStatePKcS1_S1_lS1_PKdS1_
                0x00003b48       0xf8 debug\FuseAPI_platform.os
                0x00003b48                FuseAPIRegisterInAppPurchase_platform(PurchaseState, char const*, char const*, char const*, long, char const*, double const*, char const*)
 .text._Z32FuseAPICheckAdAvailable_platformv
                0x00003c40       0x4c debug\FuseAPI_platform.os
                0x00003c40                FuseAPICheckAdAvailable_platform()
 .text._Z22FuseAPIShowAd_platformv
                0x00003c8c       0x4c debug\FuseAPI_platform.os
                0x00003c8c                FuseAPIShowAd_platform()
 .text._Z36FuseAPIDisplayNotifications_platformv
                0x00003cd8       0x4c debug\FuseAPI_platform.os
                0x00003cd8                FuseAPIDisplayNotifications_platform()
 .text._Z32FuseAPIDisplayMoreGames_platformv
                0x00003d24       0x4c debug\FuseAPI_platform.os
                0x00003d24                FuseAPIDisplayMoreGames_platform()
 .text._Z30FuseAPIRegisterGender_platformi
                0x00003d70       0x54 debug\FuseAPI_platform.os
                0x00003d70                FuseAPIRegisterGender_platform(int)
 .text._Z29FuseAPIFacebookLogin_platformPKcS0_S0_
                0x00003dc4       0xa8 debug\FuseAPI_platform.os
                0x00003dc4                FuseAPIFacebookLogin_platform(char const*, char const*, char const*)
 .text._Z28FuseAPITwitterLogin_platformPKc
                0x00003e6c       0x68 debug\FuseAPI_platform.os
                0x00003e6c                FuseAPITwitterLogin_platform(char const*)
 .text._Z27FuseAPIDeviceLogin_platformPKc
                0x00003ed4       0x68 debug\FuseAPI_platform.os
                0x00003ed4                FuseAPIDeviceLogin_platform(char const*)
 .text._Z25FuseAPIFuseLogin_platformPKcS0_
                0x00003f3c       0x88 debug\FuseAPI_platform.os
                0x00003f3c                FuseAPIFuseLogin_platform(char const*, char const*)
 .text._Z31FuseAPIGooglePlayLogin_platformPKcS0_
                0x00003fc4       0x88 debug\FuseAPI_platform.os
                0x00003fc4                FuseAPIGooglePlayLogin_platform(char const*, char const*)
 .text._Z36FuseAPIGetOriginalAccountId_platformv
                0x0000404c       0x64 debug\FuseAPI_platform.os
                0x0000404c                FuseAPIGetOriginalAccountId_platform()
 .text._Z39FuseAPIGetOriginalAccountAlias_platformv
                0x000040b0       0x64 debug\FuseAPI_platform.os
                0x000040b0                FuseAPIGetOriginalAccountAlias_platform()
 .text._Z38FuseAPIGetOriginalAccountType_platformv
                0x00004114       0x54 debug\FuseAPI_platform.os
                0x00004114                FuseAPIGetOriginalAccountType_platform()
 .text._Z25FuseAPIGetFuseID_platformv
                0x00004168       0x64 debug\FuseAPI_platform.os
                0x00004168                FuseAPIGetFuseID_platform()
 .text._Z27FuseAPIgamesPlayed_platformv
                0x000041cc       0x54 debug\FuseAPI_platform.os
                0x000041cc                FuseAPIgamesPlayed_platform()
 .text._Z30FuseAPILibraryVersion_platformv
                0x00004220       0x64 debug\FuseAPI_platform.os
                0x00004220                FuseAPILibraryVersion_platform()
 .text._Z25FuseAPIConnected_platformv
                0x00004284       0x64 debug\FuseAPI_platform.os
                0x00004284                FuseAPIConnected_platform()
 .text._Z30FuseAPITimeFromServer_platformv
                0x000042e8       0x4c debug\FuseAPI_platform.os
                0x000042e8                FuseAPITimeFromServer_platform()
 .text._Z26FuseAPIEnableData_platformb
                0x00004334       0x50 debug\FuseAPI_platform.os
                0x00004334                FuseAPIEnableData_platform(bool)
 .text._Z43FuseAPIUpdateFriendsListFromServer_platformv
                0x00004384       0x4c debug\FuseAPI_platform.os
                0x00004384                FuseAPIUpdateFriendsListFromServer_platform()
 .text._Z37FuseAPIGetMailListFromServer_platformv
                0x000043d0       0x4c debug\FuseAPI_platform.os
                0x000043d0                FuseAPIGetMailListFromServer_platform()
 .text._Z43FuseAPIGetMailListFriendFromServer_platformPKc
                0x0000441c       0x68 debug\FuseAPI_platform.os
                0x0000441c                FuseAPIGetMailListFriendFromServer_platform(char const*)
 .text._Z33FuseAPISetMailAsReceived_platformi
                0x00004484       0x54 debug\FuseAPI_platform.os
                0x00004484                FuseAPISetMailAsReceived_platform(int)
 .text._Z32FuseAPISendMailWithGift_platformPKcS0_ii
                0x000044d8       0xa8 debug\FuseAPI_platform.os
                0x000044d8                FuseAPISendMailWithGift_platform(char const*, char const*, int, int)
 .text._Z24FuseAPISendMail_platformPKcS0_
                0x00004580       0x90 debug\FuseAPI_platform.os
                0x00004580                FuseAPISendMail_platform(char const*, char const*)
 .text._Z41FuseAPIGetGameConfigurationValue_platformPKc
                0x00004610       0x80 debug\FuseAPI_platform.os
                0x00004610                FuseAPIGetGameConfigurationValue_platform(char const*)
 .text._Z29FuseAPIRegisterLevel_platformi
                0x00004690       0x54 debug\FuseAPI_platform.os
                0x00004690                FuseAPIRegisterLevel_platform(int)
 .text._Z32FuseAPIRegisterCurrency_platformii
                0x000046e4       0x60 debug\FuseAPI_platform.os
                0x000046e4                FuseAPIRegisterCurrency_platform(int, int)
 .text._Z34FuseAPIRegisterFlurryView_platformv
                0x00004744       0x4c debug\FuseAPI_platform.os
                0x00004744                FuseAPIRegisterFlurryView_platform()
 .text._Z35FuseAPIRegisterFlurryClick_platformv
                0x00004790       0x4c debug\FuseAPI_platform.os
                0x00004790                FuseAPIRegisterFlurryClick_platform()
 .text._Z36FuseAPIRegisterTapjoyReward_platformi
                0x000047dc       0x54 debug\FuseAPI_platform.os
                0x000047dc                FuseAPIRegisterTapjoyReward_platform(int)
 .text._Z11FuseAPIInitv
                0x00004830       0x14 debug\FuseAPI.os
                0x00004830                FuseAPIInit()
 .text._Z16FuseAPITerminatev
                0x00004844        0xc debug\FuseAPI.os
                0x00004844                FuseAPITerminate()
 .text.FuseAPIStartSession
                0x00004850       0x1c debug\FuseAPI.os
                0x00004850                FuseAPIStartSession
 .text.FuseAPIPauseSession
                0x0000486c        0xc debug\FuseAPI.os
                0x0000486c                FuseAPIPauseSession
 .text.FuseAPIResumeSession
                0x00004878        0xc debug\FuseAPI.os
                0x00004878                FuseAPIResumeSession
 .text.FuseAPITerminateSession
                0x00004884        0xc debug\FuseAPI.os
                0x00004884                FuseAPITerminateSession
 .text.FuseAPIRegisterForPushNotifications
                0x00004890       0x1c debug\FuseAPI.os
                0x00004890                FuseAPIRegisterForPushNotifications
 .text.FuseAPIRegisterEvent
                0x000048ac       0x1c debug\FuseAPI.os
                0x000048ac                FuseAPIRegisterEvent
 .text.FuseAPIRegisterEventWithParam
                0x000048c8       0x44 debug\FuseAPI.os
                0x000048c8                FuseAPIRegisterEventWithParam
 .text.FuseAPIRegisterInAppPurchase
                0x0000490c       0x54 debug\FuseAPI.os
                0x0000490c                FuseAPIRegisterInAppPurchase
 .text.FuseAPICheckAdAvailable
                0x00004960        0xc debug\FuseAPI.os
                0x00004960                FuseAPICheckAdAvailable
 .text.FuseAPIShowAd
                0x0000496c        0xc debug\FuseAPI.os
                0x0000496c                FuseAPIShowAd
 .text.FuseAPIDisplayNotifications
                0x00004978        0xc debug\FuseAPI.os
                0x00004978                FuseAPIDisplayNotifications
 .text.FuseAPIDisplayMoreGames
                0x00004984        0xc debug\FuseAPI.os
                0x00004984                FuseAPIDisplayMoreGames
 .text.FuseAPIRegisterGender
                0x00004990       0x1c debug\FuseAPI.os
                0x00004990                FuseAPIRegisterGender
 .text.FuseAPIFacebookLogin
                0x000049ac       0x2c debug\FuseAPI.os
                0x000049ac                FuseAPIFacebookLogin
 .text.FuseAPITwitterLogin
                0x000049d8       0x1c debug\FuseAPI.os
                0x000049d8                FuseAPITwitterLogin
 .text.FuseAPIDeviceLogin
                0x000049f4       0x1c debug\FuseAPI.os
                0x000049f4                FuseAPIDeviceLogin
 .text.FuseAPIFuseLogin
                0x00004a10       0x24 debug\FuseAPI.os
                0x00004a10                FuseAPIFuseLogin
 .text.FuseAPIGooglePlayLogin
                0x00004a34       0x24 debug\FuseAPI.os
                0x00004a34                FuseAPIGooglePlayLogin
 .text.FuseAPIGetOriginalAccountId
                0x00004a58       0x14 debug\FuseAPI.os
                0x00004a58                FuseAPIGetOriginalAccountId
 .text.FuseAPIGetOriginalAccountAlias
                0x00004a6c       0x14 debug\FuseAPI.os
                0x00004a6c                FuseAPIGetOriginalAccountAlias
 .text.FuseAPIGetOriginalAccountType
                0x00004a80       0x14 debug\FuseAPI.os
                0x00004a80                FuseAPIGetOriginalAccountType
 .text.FuseAPIGetFuseID
                0x00004a94       0x14 debug\FuseAPI.os
                0x00004a94                FuseAPIGetFuseID
 .text.FuseAPIgamesPlayed
                0x00004aa8       0x14 debug\FuseAPI.os
                0x00004aa8                FuseAPIgamesPlayed
 .text.FuseAPILibraryVersion
                0x00004abc       0x14 debug\FuseAPI.os
                0x00004abc                FuseAPILibraryVersion
 .text.FuseAPIConnected
                0x00004ad0       0x14 debug\FuseAPI.os
                0x00004ad0                FuseAPIConnected
 .text.FuseAPITimeFromServer
                0x00004ae4        0xc debug\FuseAPI.os
                0x00004ae4                FuseAPITimeFromServer
 .text.FuseAPIEnableData
                0x00004af0       0x24 debug\FuseAPI.os
                0x00004af0                FuseAPIEnableData
 .text.FuseAPIUpdateFriendsListFromServer
                0x00004b14        0xc debug\FuseAPI.os
                0x00004b14                FuseAPIUpdateFriendsListFromServer
 .text.FuseAPIGetMailListFromServer
                0x00004b20        0xc debug\FuseAPI.os
                0x00004b20                FuseAPIGetMailListFromServer
 .text.FuseAPIGetMailListFriendFromServer
                0x00004b2c       0x1c debug\FuseAPI.os
                0x00004b2c                FuseAPIGetMailListFriendFromServer
 .text.FuseAPISetMailAsReceived
                0x00004b48       0x1c debug\FuseAPI.os
                0x00004b48                FuseAPISetMailAsReceived
 .text.FuseAPISendMailWithGift
                0x00004b64       0x3c debug\FuseAPI.os
                0x00004b64                FuseAPISendMailWithGift
 .text.FuseAPISendMail
                0x00004ba0       0x2c debug\FuseAPI.os
                0x00004ba0                FuseAPISendMail
 .text.FuseAPIGetGameConfigurationValue
                0x00004bcc       0x24 debug\FuseAPI.os
                0x00004bcc                FuseAPIGetGameConfigurationValue
 .text.FuseAPIRegisterLevel
                0x00004bf0       0x1c debug\FuseAPI.os
                0x00004bf0                FuseAPIRegisterLevel
 .text.FuseAPIRegisterCurrency
                0x00004c0c       0x24 debug\FuseAPI.os
                0x00004c0c                FuseAPIRegisterCurrency
 .text.FuseAPIRegisterFlurryView
                0x00004c30        0xc debug\FuseAPI.os
                0x00004c30                FuseAPIRegisterFlurryView
 .text.FuseAPIRegisterFlurryClick
                0x00004c3c        0xc debug\FuseAPI.os
                0x00004c3c                FuseAPIRegisterFlurryClick
 .text.FuseAPIRegisterTapjoyReward
                0x00004c48       0x1c debug\FuseAPI.os
                0x00004c48                FuseAPIRegisterTapjoyReward
 .text._ZL24FuseAPIStartSession_wrapPKc
                0x00004c64       0x98 debug\FuseAPI_register.os
 .text._ZL24FuseAPIPauseSession_wrapv
                0x00004cfc       0x88 debug\FuseAPI_register.os
 .text._ZL25FuseAPIResumeSession_wrapv
                0x00004d84       0x88 debug\FuseAPI_register.os
 .text._ZL28FuseAPITerminateSession_wrapv
                0x00004e0c       0x88 debug\FuseAPI_register.os
 .text._ZL40FuseAPIRegisterForPushNotifications_wrapPKc
                0x00004e94       0x98 debug\FuseAPI_register.os
 .text._ZL25FuseAPIRegisterEvent_wrapPKc
                0x00004f2c       0x98 debug\FuseAPI_register.os
 .text._ZL34FuseAPIRegisterEventWithParam_wrapPKcS0_S0_S0_PKd
                0x00004fc4       0xc8 debug\FuseAPI_register.os
 .text._ZL33FuseAPIRegisterInAppPurchase_wrap13PurchaseStatePKcS1_S1_lS1_PKdS1_
                0x0000508c       0xe0 debug\FuseAPI_register.os
 .text._ZL28FuseAPICheckAdAvailable_wrapv
                0x0000516c       0x88 debug\FuseAPI_register.os
 .text._ZL18FuseAPIShowAd_wrapv
                0x000051f4       0x88 debug\FuseAPI_register.os
 .text._ZL32FuseAPIDisplayNotifications_wrapv
                0x0000527c       0x88 debug\FuseAPI_register.os
 .text._ZL28FuseAPIDisplayMoreGames_wrapv
                0x00005304       0x88 debug\FuseAPI_register.os
 .text._ZL26FuseAPIRegisterGender_wrapi
                0x0000538c       0x98 debug\FuseAPI_register.os
 .text._ZL25FuseAPIFacebookLogin_wrapPKcS0_S0_
                0x00005424       0xac debug\FuseAPI_register.os
 .text._ZL24FuseAPITwitterLogin_wrapPKc
                0x000054d0       0x98 debug\FuseAPI_register.os
 .text._ZL23FuseAPIDeviceLogin_wrapPKc
                0x00005568       0x98 debug\FuseAPI_register.os
 .text._ZL21FuseAPIFuseLogin_wrapPKcS0_
                0x00005600       0xa0 debug\FuseAPI_register.os
 .text._ZL27FuseAPIGooglePlayLogin_wrapPKcS0_
                0x000056a0       0xa0 debug\FuseAPI_register.os
 .text._ZL32FuseAPIGetOriginalAccountId_wrapv
                0x00005740       0x90 debug\FuseAPI_register.os
 .text._ZL35FuseAPIGetOriginalAccountAlias_wrapv
                0x000057d0       0x90 debug\FuseAPI_register.os
 .text._ZL34FuseAPIGetOriginalAccountType_wrapv
                0x00005860       0x90 debug\FuseAPI_register.os
 .text._ZL21FuseAPIGetFuseID_wrapv
                0x000058f0       0x90 debug\FuseAPI_register.os
 .text._ZL23FuseAPIgamesPlayed_wrapv
                0x00005980       0x90 debug\FuseAPI_register.os
 .text._ZL26FuseAPILibraryVersion_wrapv
                0x00005a10       0x90 debug\FuseAPI_register.os
 .text._ZL21FuseAPIConnected_wrapv
                0x00005aa0       0xa0 debug\FuseAPI_register.os
 .text._ZL26FuseAPITimeFromServer_wrapv
                0x00005b40       0x88 debug\FuseAPI_register.os
 .text._ZL22FuseAPIEnableData_wrapb
                0x00005bc8       0xa4 debug\FuseAPI_register.os
 .text._ZL39FuseAPIUpdateFriendsListFromServer_wrapv
                0x00005c6c       0x88 debug\FuseAPI_register.os
 .text._ZL33FuseAPIGetMailListFromServer_wrapv
                0x00005cf4       0x88 debug\FuseAPI_register.os
 .text._ZL39FuseAPIGetMailListFriendFromServer_wrapPKc
                0x00005d7c       0x98 debug\FuseAPI_register.os
 .text._ZL29FuseAPISetMailAsReceived_wrapi
                0x00005e14       0x98 debug\FuseAPI_register.os
 .text._ZL28FuseAPISendMailWithGift_wrapPKcS0_ii
                0x00005eac       0xc0 debug\FuseAPI_register.os
 .text._ZL20FuseAPISendMail_wrapPKcS0_
                0x00005f6c       0xa8 debug\FuseAPI_register.os
 .text._ZL37FuseAPIGetGameConfigurationValue_wrapPKc
                0x00006014       0xa0 debug\FuseAPI_register.os
 .text._ZL25FuseAPIRegisterLevel_wrapi
                0x000060b4       0x98 debug\FuseAPI_register.os
 .text._ZL28FuseAPIRegisterCurrency_wrapii
                0x0000614c       0xa0 debug\FuseAPI_register.os
 .text._ZL30FuseAPIRegisterFlurryView_wrapv
                0x000061ec       0x88 debug\FuseAPI_register.os
 .text._ZL31FuseAPIRegisterFlurryClick_wrapv
                0x00006274       0x88 debug\FuseAPI_register.os
 .text._ZL32FuseAPIRegisterTapjoyReward_wrapi
                0x000062fc       0x98 debug\FuseAPI_register.os
 .text.FuseAPIRegister
                0x00006394       0x50 debug\FuseAPI_register.os
                0x00006394                FuseAPIRegister
 .text.FuseAPIUnRegister
                0x000063e4       0x44 debug\FuseAPI_register.os
                0x000063e4                FuseAPIUnRegister
 .text._Z18FuseAPIRegisterExtv
                0x00006428      0x314 debug\FuseAPI_register.os
                0x00006428                FuseAPIRegisterExt()
 .text.RegisterExt
                0x0000673c        0xc debug\FuseAPI_register.os
                0x0000673c                RegisterExt
 .text.IwDebugTraceSetTraceChannel
                0x00006748       0x1c C:\depot\Projects\Marmalade\6.3\s3e\edk\lib\android\libedk.a(IwDebug.o)
                0x00006748                IwDebugTraceSetTraceChannel
 .text._GLOBAL__I_Z__sdk_modules_iwcore_source_IwDebug.cpp
                0x00006764       0xa4 C:\depot\Projects\Marmalade\6.3\s3e\edk\lib\android\libedk.a(IwDebug.o)
 .text.IwDebugTraceIsChannelOn
                0x00006808      0x2b8 C:\depot\Projects\Marmalade\6.3\s3e\edk\lib\android\libedk.a(IwDebug.o)
                0x00006808                IwDebugTraceIsChannelOn
 .text.IwDebugTraceLinePrintf
                0x00006ac0      0x10c C:\depot\Projects\Marmalade\6.3\s3e\edk\lib\android\libedk.a(IwDebug.o)
                0x00006ac0                IwDebugTraceLinePrintf
 .text.s3eEdkThreadRunOnOS
                0x00006bcc       0x30 C:\depot\Projects\Marmalade\6.3\s3e\edk\lib\android\libedk.a(edk_helpers.o)
                0x00006bcc                s3eEdkThreadRunOnOS
 .text          0x00006bfc       0x1c c:/android-ndk-r8d/toolchains/arm-linux-androideabi-4.4.3/prebuilt/windows/bin/../lib/gcc/arm-linux-androideabi/4.4.3\libgcc.a(_aeabi_ldivmod.o)
                0x00006bfc                __aeabi_ldivmod
 .text          0x00006c18       0x88 c:/android-ndk-r8d/toolchains/arm-linux-androideabi-4.4.3/prebuilt/windows/bin/../lib/gcc/arm-linux-androideabi/4.4.3\libgcc.a(bpabi.o)
                0x00006c18                __gnu_uldivmod_helper
                0x00006c5c                __gnu_ldivmod_helper
 .text          0x00006ca0      0xec4 c:/android-ndk-r8d/toolchains/arm-linux-androideabi-4.4.3/prebuilt/windows/bin/../lib/gcc/arm-linux-androideabi/4.4.3\libgcc.a(unwind-arm.o)
                0x000076c8                __gnu_Unwind_RaiseException
                0x00007220                __aeabi_unwind_cpp_pr0
                0x00006d50                _Unwind_GetCFA
                0x00006cec                _Unwind_VRS_Set
                0x00007464                __gnu_Unwind_Backtrace
                0x000077f8                _Unwind_VRS_Pop
                0x00007210                __aeabi_unwind_cpp_pr2
                0x00006d5c                _Unwind_DeleteException
                0x00006d58                _Unwind_Complete
                0x0000778c                __gnu_Unwind_Resume
                0x00007654                __gnu_Unwind_ForcedUnwind
                0x0000776c                __gnu_Unwind_Resume_or_Rethrow
                0x00006ca0                _Unwind_VRS_Get
                0x00007218                __aeabi_unwind_cpp_pr1
 .text          0x00007b64      0x1a8 c:/android-ndk-r8d/toolchains/arm-linux-androideabi-4.4.3/prebuilt/windows/bin/../lib/gcc/arm-linux-androideabi/4.4.3\libgcc.a(libunwind.o)
                0x00007cc4                ___Unwind_ForcedUnwind
                0x00007b80                __gnu_Unwind_Save_VFP
                0x00007ca0                _Unwind_Resume_or_Rethrow
                0x00007ca0                ___Unwind_Resume_or_Rethrow
                0x00007ce8                _Unwind_Backtrace
                0x00007b64                __restore_core_regs
                0x00007ba0                __gnu_Unwind_Save_VFP_D_16_to_31
                0x00007b90                __gnu_Unwind_Save_VFP_D
                0x00007ce8                ___Unwind_Backtrace
                0x00007c58                ___Unwind_RaiseException
                0x00007c7c                ___Unwind_Resume
                0x00007ba8                __gnu_Unwind_Restore_WMMXD
                0x00007b78                __gnu_Unwind_Restore_VFP
                0x00007c7c                _Unwind_Resume
                0x00007b88                __gnu_Unwind_Restore_VFP_D
                0x00007b98                __gnu_Unwind_Restore_VFP_D_16_to_31
                0x00007c58                _Unwind_RaiseException
                0x00007b64                restore_core_regs
                0x00007c44                __gnu_Unwind_Save_WMMXC
                0x00007c30                __gnu_Unwind_Restore_WMMXC
                0x00007cc4                _Unwind_ForcedUnwind
                0x00007bec                __gnu_Unwind_Save_WMMXD
 .text          0x00007d0c      0x484 c:/android-ndk-r8d/toolchains/arm-linux-androideabi-4.4.3/prebuilt/windows/bin/../lib/gcc/arm-linux-androideabi/4.4.3\libgcc.a(pr-support.o)
                0x00007dac                _Unwind_GetRegionStart
                0x00007dd8                __gnu_unwind_execute
                0x00007d64                _Unwind_GetTextRelBase
                0x00007d74                _Unwind_GetLanguageSpecificData
                0x00008150                __gnu_unwind_frame
                0x00007d6c                _Unwind_GetDataRelBase
 .text          0x00008190      0x47c c:/android-ndk-r8d/toolchains/arm-linux-androideabi-4.4.3/prebuilt/windows/bin/../lib/gcc/arm-linux-androideabi/4.4.3\libgcc.a(_divdi3.o)
                0x00008190                __divdi3
 .text          0x0000860c      0x40c c:/android-ndk-r8d/toolchains/arm-linux-androideabi-4.4.3/prebuilt/windows/bin/../lib/gcc/arm-linux-androideabi/4.4.3\libgcc.a(_udivdi3.o)
                0x0000860c                __udivdi3
 .text          0x00008a18       0xc4 c:/android-ndk-r8d/toolchains/arm-linux-androideabi-4.4.3/prebuilt/windows/bin/../lib/gcc/arm-linux-androideabi/4.4.3\libgcc.a(_udivsi3.o)
                0x00008a18                __udivsi3
                0x00008a18                __aeabi_uidiv
                0x00008ac4                __aeabi_uidivmod
 .text          0x00008adc       0x10 c:/android-ndk-r8d/toolchains/arm-linux-androideabi-4.4.3/prebuilt/windows/bin/../lib/gcc/arm-linux-androideabi/4.4.3\libgcc.a(_dvmd_lnx.o)
                0x00008adc                __div0
 *(.gnu.warning)
 *(.glue_7t)
 .glue_7t       0x00000000        0x0 linker stubs
 *(.glue_7)
 .glue_7        0x00000000        0x0 linker stubs
 *(.vfp11_veneer)
 .vfp11_veneer  0x00000000        0x0 linker stubs
 *(.v4_bx)
 .v4_bx         0x00000000        0x0 linker stubs

.fini
 *(.fini)
                0x00008aec                PROVIDE (__etext, .)
                0x00008aec                PROVIDE (_etext, .)
                0x00008aec                PROVIDE (etext, .)

.rodata         0x00008aec     0x14ec
 *(.rodata .rodata.* .gnu.linkonce.r.*)
 .rodata        0x00008aec      0x9a4 debug\FuseAPI_platform.os
 .rodata        0x00009490      0x9ac debug\FuseAPI_register.os
 .rodata.str1.4
                0x00009e3c      0x19c C:\depot\Projects\Marmalade\6.3\s3e\edk\lib\android\libedk.a(IwDebug.o)
                                0x1a0 (size before relaxing)

.rodata1
 *(.rodata1)

.ARM.extab      0x00009fd8       0x24
 *(.ARM.extab* .gnu.linkonce.armextab.*)
 .ARM.extab     0x00009fd8       0x24 c:/android-ndk-r8d/toolchains/arm-linux-androideabi-4.4.3/prebuilt/windows/bin/../lib/gcc/arm-linux-androideabi/4.4.3\libgcc.a(unwind-arm.o)
                0x00009ffc                __exidx_start = .

.ARM.exidx      0x00009ffc       0xf8
 *(.ARM.exidx* .gnu.linkonce.armexidx.*)
 .ARM.exidx     0x00009ffc       0x10 c:/android-ndk-r8d/toolchains/arm-linux-androideabi-4.4.3/prebuilt/windows/bin/../lib/gcc/arm-linux-androideabi/4.4.3\libgcc.a(bpabi.o)
 .ARM.exidx     0x0000a00c       0xa0 c:/android-ndk-r8d/toolchains/arm-linux-androideabi-4.4.3/prebuilt/windows/bin/../lib/gcc/arm-linux-androideabi/4.4.3\libgcc.a(unwind-arm.o)
 .ARM.exidx     0x0000a0ac       0x38 c:/android-ndk-r8d/toolchains/arm-linux-androideabi-4.4.3/prebuilt/windows/bin/../lib/gcc/arm-linux-androideabi/4.4.3\libgcc.a(pr-support.o)
 .ARM.exidx     0x0000a0e4        0x8 c:/android-ndk-r8d/toolchains/arm-linux-androideabi-4.4.3/prebuilt/windows/bin/../lib/gcc/arm-linux-androideabi/4.4.3\libgcc.a(_divdi3.o)
 .ARM.exidx     0x0000a0ec        0x8 c:/android-ndk-r8d/toolchains/arm-linux-androideabi-4.4.3/prebuilt/windows/bin/../lib/gcc/arm-linux-androideabi/4.4.3\libgcc.a(_udivdi3.o)
                0x0000a0f4                __exidx_end = .

.eh_frame_hdr
 *(.eh_frame_hdr)

.eh_frame
 *(.eh_frame)

.gcc_except_table
 *(.gcc_except_table .gcc_except_table.*)
                0x0000a0f4                . = (ALIGN (0x1000) - ((0x1000 - .) & 0xfff))
                0x0000bd28                . = (0x1000 DATA_SEGMENT_ALIGN 0x1000)

.eh_frame
 *(.eh_frame)

.gcc_except_table
 *(.gcc_except_table .gcc_except_table.*)

.tdata
 *(.tdata .tdata.* .gnu.linkonce.td.*)

.tbss
 *(.tbss .tbss.* .gnu.linkonce.tb.*)
 *(.tcommon)

.preinit_array
 *(.preinit_array)

.init_array     0x0000bd28        0x8
 *(SORT(.init_array.*))
 *(.init_array)
 .init_array    0x0000bd28        0x4 C:\depot\Projects\Marmalade\6.3\s3e\edk\lib\android\libedk.a(IwDebug.o)
 .init_array    0x0000bd2c        0x4 C:/android-ndk-r8d/platforms/android-9/arch-arm/usr/lib/crtend_so.o

.fini_array     0x0000bd30        0x8
 *(.fini_array)
 .fini_array    0x0000bd30        0x4 C:/android-ndk-r8d/platforms/android-9/arch-arm/usr/lib/crtbegin_so.o
 .fini_array    0x0000bd34        0x4 C:/android-ndk-r8d/platforms/android-9/arch-arm/usr/lib/crtend_so.o
 *(SORT(.fini_array.*))

.ctors
 *crtbegin.o(.ctors)
 *crtbegin?.o(.ctors)
 *(EXCLUDE_FILE(*crtend?.o *crtend.o) .ctors)
 *(SORT(.ctors.*))
 *(.ctors)

.dtors
 *crtbegin.o(.dtors)
 *crtbegin?.o(.dtors)
 *(EXCLUDE_FILE(*crtend?.o *crtend.o) .dtors)
 *(SORT(.dtors.*))
 *(.dtors)

.jcr
 *(.jcr)

.data.rel.ro    0x0000bd38       0xc0
 *(.data.rel.ro.local* .gnu.linkonce.d.rel.ro.local.*)
 *(.data.rel.ro* .gnu.linkonce.d.rel.ro.*)
 .data.rel.ro   0x0000bd38       0xc0 debug\FuseAPI_platform.os

.dynamic        0x0000bdf8       0xd8
 *(.dynamic)
 .dynamic       0x0000bdf8       0xd8 C:/android-ndk-r8d/platforms/android-9/arch-arm/usr/lib/crtbegin_so.o
                0x0000bdf8                _DYNAMIC

.got            0x0000bed0      0x130
 *(.got.plt)
 .got.plt       0x0000bed0       0x70 C:/android-ndk-r8d/platforms/android-9/arch-arm/usr/lib/crtbegin_so.o
                0x0000bed0                _GLOBAL_OFFSET_TABLE_
 *(.got)
 .got           0x0000bf40       0xc0 C:/android-ndk-r8d/platforms/android-9/arch-arm/usr/lib/crtbegin_so.o
                0x0000c000                . = (. DATA_SEGMENT_RELRO_END 0x0)

.data           0x0000c000        0x4
                0x0000c000                __data_start = .
 *(.data .data.* .gnu.linkonce.d.*)
 .data          0x0000c000        0x4 C:/android-ndk-r8d/platforms/android-9/arch-arm/usr/lib/crtbegin_so.o
                0x0000c000                __dso_handle

.data1
 *(.data1)
                0x0000c004                _edata = .
                0x0000c004                PROVIDE (edata, .)
                0x0000c004                __bss_start = .
                0x0000c004                __bss_start__ = .

.bss            0x0000c004     0x1ac8
 *(.dynbss)
 .dynbss        0x00000000        0x0 C:/android-ndk-r8d/platforms/android-9/arch-arm/usr/lib/crtbegin_so.o
 *(.bss .bss.* .gnu.linkonce.b.*)
 .bss           0x0000c004       0xa0 debug\FuseAPI_platform.os
 .bss           0x0000c0a4     0x1a28 C:\depot\Projects\Marmalade\6.3\s3e\edk\lib\android\libedk.a(IwDebug.o)
                0x0000c0a4                g_DebugGlobals
 *(COMMON)
                0x0000dacc                . = ALIGN ((. != 0x0)?0x4:0x1)
                0x0000dacc                _bss_end__ = .
                0x0000dacc                __bss_end__ = .
                0x0000dacc                . = ALIGN (0x4)
                0x0000dacc                . = ALIGN (0x4)
                0x0000dacc                __end__ = .
                0x0000dacc                _end = .
                0x0000dacc                PROVIDE (end, .)
                0x0000dacc                . = DATA_SEGMENT_END (.)

.stab
 *(.stab)

.stabstr
 *(.stabstr)

.stab.excl
 *(.stab.excl)

.stab.exclstr
 *(.stab.exclstr)

.stab.index
 *(.stab.index)

.stab.indexstr
 *(.stab.indexstr)

.comment        0x00000000       0xd9
 *(.comment)
 .comment       0x00000000       0x25 C:/android-ndk-r8d/platforms/android-9/arch-arm/usr/lib/crtbegin_so.o
                                 0x26 (size before relaxing)
 .comment       0x00000025       0x12 debug\FuseAPI_platform.os
 .comment       0x00000037       0x12 debug\FuseAPI.os
 .comment       0x00000049       0x12 debug\FuseAPI_register.os
 .comment       0x0000005b       0x12 C:\depot\Projects\Marmalade\6.3\s3e\edk\lib\android\libedk.a(IwDebug.o)
 .comment       0x0000006d       0x12 C:\depot\Projects\Marmalade\6.3\s3e\edk\lib\android\libedk.a(edk_helpers.o)
 .comment       0x0000007f       0x12 c:/android-ndk-r8d/toolchains/arm-linux-androideabi-4.4.3/prebuilt/windows/bin/../lib/gcc/arm-linux-androideabi/4.4.3\libgcc.a(bpabi.o)
 .comment       0x00000091       0x12 c:/android-ndk-r8d/toolchains/arm-linux-androideabi-4.4.3/prebuilt/windows/bin/../lib/gcc/arm-linux-androideabi/4.4.3\libgcc.a(unwind-arm.o)
 .comment       0x000000a3       0x12 c:/android-ndk-r8d/toolchains/arm-linux-androideabi-4.4.3/prebuilt/windows/bin/../lib/gcc/arm-linux-androideabi/4.4.3\libgcc.a(pr-support.o)
 .comment       0x000000b5       0x12 c:/android-ndk-r8d/toolchains/arm-linux-androideabi-4.4.3/prebuilt/windows/bin/../lib/gcc/arm-linux-androideabi/4.4.3\libgcc.a(_divdi3.o)
 .comment       0x000000c7       0x12 c:/android-ndk-r8d/toolchains/arm-linux-androideabi-4.4.3/prebuilt/windows/bin/../lib/gcc/arm-linux-androideabi/4.4.3\libgcc.a(_udivdi3.o)

.debug
 *(.debug)

.line
 *(.line)

.debug_srcinfo
 *(.debug_srcinfo)

.debug_sfnames
 *(.debug_sfnames)

.debug_aranges  0x00000000      0x690
 *(.debug_aranges)
 .debug_aranges
                0x00000000      0x2a0 debug\FuseAPI_platform.os
 .debug_aranges
                0x000002a0      0x160 debug\FuseAPI.os
 .debug_aranges
                0x00000400      0x170 debug\FuseAPI_register.os
 .debug_aranges
                0x00000570       0x20 c:/android-ndk-r8d/toolchains/arm-linux-androideabi-4.4.3/prebuilt/windows/bin/../lib/gcc/arm-linux-androideabi/4.4.3\libgcc.a(_aeabi_ldivmod.o)
 .debug_aranges
                0x00000590       0x20 c:/android-ndk-r8d/toolchains/arm-linux-androideabi-4.4.3/prebuilt/windows/bin/../lib/gcc/arm-linux-androideabi/4.4.3\libgcc.a(bpabi.o)
 .debug_aranges
                0x000005b0       0x20 c:/android-ndk-r8d/toolchains/arm-linux-androideabi-4.4.3/prebuilt/windows/bin/../lib/gcc/arm-linux-androideabi/4.4.3\libgcc.a(unwind-arm.o)
 .debug_aranges
                0x000005d0       0x20 c:/android-ndk-r8d/toolchains/arm-linux-androideabi-4.4.3/prebuilt/windows/bin/../lib/gcc/arm-linux-androideabi/4.4.3\libgcc.a(libunwind.o)
 .debug_aranges
                0x000005f0       0x20 c:/android-ndk-r8d/toolchains/arm-linux-androideabi-4.4.3/prebuilt/windows/bin/../lib/gcc/arm-linux-androideabi/4.4.3\libgcc.a(pr-support.o)
 .debug_aranges
                0x00000610       0x20 c:/android-ndk-r8d/toolchains/arm-linux-androideabi-4.4.3/prebuilt/windows/bin/../lib/gcc/arm-linux-androideabi/4.4.3\libgcc.a(_divdi3.o)
 .debug_aranges
                0x00000630       0x20 c:/android-ndk-r8d/toolchains/arm-linux-androideabi-4.4.3/prebuilt/windows/bin/../lib/gcc/arm-linux-androideabi/4.4.3\libgcc.a(_udivdi3.o)
 .debug_aranges
                0x00000650       0x20 c:/android-ndk-r8d/toolchains/arm-linux-androideabi-4.4.3/prebuilt/windows/bin/../lib/gcc/arm-linux-androideabi/4.4.3\libgcc.a(_udivsi3.o)
 .debug_aranges
                0x00000670       0x20 c:/android-ndk-r8d/toolchains/arm-linux-androideabi-4.4.3/prebuilt/windows/bin/../lib/gcc/arm-linux-androideabi/4.4.3\libgcc.a(_dvmd_lnx.o)

.debug_pubnames
                0x00000000     0x1155
 *(.debug_pubnames)
 .debug_pubnames
                0x00000000      0x9c1 debug\FuseAPI_platform.os
 .debug_pubnames
                0x000009c1      0x47f debug\FuseAPI.os
 .debug_pubnames
                0x00000e40       0x63 debug\FuseAPI_register.os
 .debug_pubnames
                0x00000ea3       0x45 c:/android-ndk-r8d/toolchains/arm-linux-androideabi-4.4.3/prebuilt/windows/bin/../lib/gcc/arm-linux-androideabi/4.4.3\libgcc.a(bpabi.o)
 .debug_pubnames
                0x00000ee8      0x177 c:/android-ndk-r8d/toolchains/arm-linux-androideabi-4.4.3/prebuilt/windows/bin/../lib/gcc/arm-linux-androideabi/4.4.3\libgcc.a(unwind-arm.o)
 .debug_pubnames
                0x0000105f       0xb7 c:/android-ndk-r8d/toolchains/arm-linux-androideabi-4.4.3/prebuilt/windows/bin/../lib/gcc/arm-linux-androideabi/4.4.3\libgcc.a(pr-support.o)
 .debug_pubnames
                0x00001116       0x1f c:/android-ndk-r8d/toolchains/arm-linux-androideabi-4.4.3/prebuilt/windows/bin/../lib/gcc/arm-linux-androideabi/4.4.3\libgcc.a(_divdi3.o)
 .debug_pubnames
                0x00001135       0x20 c:/android-ndk-r8d/toolchains/arm-linux-androideabi-4.4.3/prebuilt/windows/bin/../lib/gcc/arm-linux-androideabi/4.4.3\libgcc.a(_udivdi3.o)

.debug_info     0x00000000     0xadb3
 *(.debug_info .gnu.linkonce.wi.*)
 .debug_info    0x00000000     0x7430 debug\FuseAPI_platform.os
 .debug_info    0x00007430      0x6da debug\FuseAPI.os
 .debug_info    0x00007b0a      0x844 debug\FuseAPI_register.os
 .debug_info    0x0000834e       0xd3 c:/android-ndk-r8d/toolchains/arm-linux-androideabi-4.4.3/prebuilt/windows/bin/../lib/gcc/arm-linux-androideabi/4.4.3\libgcc.a(_aeabi_ldivmod.o)
 .debug_info    0x00008421       0xde c:/android-ndk-r8d/toolchains/arm-linux-androideabi-4.4.3/prebuilt/windows/bin/../lib/gcc/arm-linux-androideabi/4.4.3\libgcc.a(bpabi.o)
 .debug_info    0x000084ff     0x1424 c:/android-ndk-r8d/toolchains/arm-linux-androideabi-4.4.3/prebuilt/windows/bin/../lib/gcc/arm-linux-androideabi/4.4.3\libgcc.a(unwind-arm.o)
 .debug_info    0x00009923       0xd7 c:/android-ndk-r8d/toolchains/arm-linux-androideabi-4.4.3/prebuilt/windows/bin/../lib/gcc/arm-linux-androideabi/4.4.3\libgcc.a(libunwind.o)
 .debug_info    0x000099fa      0x636 c:/android-ndk-r8d/toolchains/arm-linux-androideabi-4.4.3/prebuilt/windows/bin/../lib/gcc/arm-linux-androideabi/4.4.3\libgcc.a(pr-support.o)
 .debug_info    0x0000a030      0x606 c:/android-ndk-r8d/toolchains/arm-linux-androideabi-4.4.3/prebuilt/windows/bin/../lib/gcc/arm-linux-androideabi/4.4.3\libgcc.a(_divdi3.o)
 .debug_info    0x0000a636      0x5cb c:/android-ndk-r8d/toolchains/arm-linux-androideabi-4.4.3/prebuilt/windows/bin/../lib/gcc/arm-linux-androideabi/4.4.3\libgcc.a(_udivdi3.o)
 .debug_info    0x0000ac01       0xd9 c:/android-ndk-r8d/toolchains/arm-linux-androideabi-4.4.3/prebuilt/windows/bin/../lib/gcc/arm-linux-androideabi/4.4.3\libgcc.a(_udivsi3.o)
 .debug_info    0x0000acda       0xd9 c:/android-ndk-r8d/toolchains/arm-linux-androideabi-4.4.3/prebuilt/windows/bin/../lib/gcc/arm-linux-androideabi/4.4.3\libgcc.a(_dvmd_lnx.o)

.debug_abbrev   0x00000000      0xf0c
 *(.debug_abbrev)
 .debug_abbrev  0x00000000      0x2ef debug\FuseAPI_platform.os
 .debug_abbrev  0x000002ef      0x114 debug\FuseAPI.os
 .debug_abbrev  0x00000403      0x17c debug\FuseAPI_register.os
 .debug_abbrev  0x0000057f       0x14 c:/android-ndk-r8d/toolchains/arm-linux-androideabi-4.4.3/prebuilt/windows/bin/../lib/gcc/arm-linux-androideabi/4.4.3\libgcc.a(_aeabi_ldivmod.o)
 .debug_abbrev  0x00000593       0x6a c:/android-ndk-r8d/toolchains/arm-linux-androideabi-4.4.3/prebuilt/windows/bin/../lib/gcc/arm-linux-androideabi/4.4.3\libgcc.a(bpabi.o)
 .debug_abbrev  0x000005fd      0x3bb c:/android-ndk-r8d/toolchains/arm-linux-androideabi-4.4.3/prebuilt/windows/bin/../lib/gcc/arm-linux-androideabi/4.4.3\libgcc.a(unwind-arm.o)
 .debug_abbrev  0x000009b8       0x14 c:/android-ndk-r8d/toolchains/arm-linux-androideabi-4.4.3/prebuilt/windows/bin/../lib/gcc/arm-linux-androideabi/4.4.3\libgcc.a(libunwind.o)
 .debug_abbrev  0x000009cc      0x220 c:/android-ndk-r8d/toolchains/arm-linux-androideabi-4.4.3/prebuilt/windows/bin/../lib/gcc/arm-linux-androideabi/4.4.3\libgcc.a(pr-support.o)
 .debug_abbrev  0x00000bec      0x18b c:/android-ndk-r8d/toolchains/arm-linux-androideabi-4.4.3/prebuilt/windows/bin/../lib/gcc/arm-linux-androideabi/4.4.3\libgcc.a(_divdi3.o)
 .debug_abbrev  0x00000d77      0x16d c:/android-ndk-r8d/toolchains/arm-linux-androideabi-4.4.3/prebuilt/windows/bin/../lib/gcc/arm-linux-androideabi/4.4.3\libgcc.a(_udivdi3.o)
 .debug_abbrev  0x00000ee4       0x14 c:/android-ndk-r8d/toolchains/arm-linux-androideabi-4.4.3/prebuilt/windows/bin/../lib/gcc/arm-linux-androideabi/4.4.3\libgcc.a(_udivsi3.o)
 .debug_abbrev  0x00000ef8       0x14 c:/android-ndk-r8d/toolchains/arm-linux-androideabi-4.4.3/prebuilt/windows/bin/../lib/gcc/arm-linux-androideabi/4.4.3\libgcc.a(_dvmd_lnx.o)

.debug_line     0x00000000     0x1d0c
 *(.debug_line)
 .debug_line    0x00000000      0x92a debug\FuseAPI_platform.os
 .debug_line    0x0000092a      0x376 debug\FuseAPI.os
 .debug_line    0x00000ca0      0x48e debug\FuseAPI_register.os
 .debug_line    0x0000112e       0x83 c:/android-ndk-r8d/toolchains/arm-linux-androideabi-4.4.3/prebuilt/windows/bin/../lib/gcc/arm-linux-androideabi/4.4.3\libgcc.a(_aeabi_ldivmod.o)
 .debug_line    0x000011b1       0x89 c:/android-ndk-r8d/toolchains/arm-linux-androideabi-4.4.3/prebuilt/windows/bin/../lib/gcc/arm-linux-androideabi/4.4.3\libgcc.a(bpabi.o)
 .debug_line    0x0000123a      0x4b0 c:/android-ndk-r8d/toolchains/arm-linux-androideabi-4.4.3/prebuilt/windows/bin/../lib/gcc/arm-linux-androideabi/4.4.3\libgcc.a(unwind-arm.o)
 .debug_line    0x000016ea       0xcf c:/android-ndk-r8d/toolchains/arm-linux-androideabi-4.4.3/prebuilt/windows/bin/../lib/gcc/arm-linux-androideabi/4.4.3\libgcc.a(libunwind.o)
 .debug_line    0x000017b9      0x1b0 c:/android-ndk-r8d/toolchains/arm-linux-androideabi-4.4.3/prebuilt/windows/bin/../lib/gcc/arm-linux-androideabi/4.4.3\libgcc.a(pr-support.o)
 .debug_line    0x00001969      0x140 c:/android-ndk-r8d/toolchains/arm-linux-androideabi-4.4.3/prebuilt/windows/bin/../lib/gcc/arm-linux-androideabi/4.4.3\libgcc.a(_divdi3.o)
 .debug_line    0x00001aa9      0x130 c:/android-ndk-r8d/toolchains/arm-linux-androideabi-4.4.3/prebuilt/windows/bin/../lib/gcc/arm-linux-androideabi/4.4.3\libgcc.a(_udivdi3.o)
 .debug_line    0x00001bd9       0xaa c:/android-ndk-r8d/toolchains/arm-linux-androideabi-4.4.3/prebuilt/windows/bin/../lib/gcc/arm-linux-androideabi/4.4.3\libgcc.a(_udivsi3.o)
 .debug_line    0x00001c83       0x89 c:/android-ndk-r8d/toolchains/arm-linux-androideabi-4.4.3/prebuilt/windows/bin/../lib/gcc/arm-linux-androideabi/4.4.3\libgcc.a(_dvmd_lnx.o)

.debug_frame    0x00000000     0x16b4
 *(.debug_frame)
 .debug_frame   0x00000000      0x8fc debug\FuseAPI_platform.os
 .debug_frame   0x000008fc      0x48c debug\FuseAPI.os
 .debug_frame   0x00000d88      0x4c8 debug\FuseAPI_register.os
 .debug_frame   0x00001250       0x60 c:/android-ndk-r8d/toolchains/arm-linux-androideabi-4.4.3/prebuilt/windows/bin/../lib/gcc/arm-linux-androideabi/4.4.3\libgcc.a(bpabi.o)
 .debug_frame   0x000012b0      0x248 c:/android-ndk-r8d/toolchains/arm-linux-androideabi-4.4.3/prebuilt/windows/bin/../lib/gcc/arm-linux-androideabi/4.4.3\libgcc.a(unwind-arm.o)
 .debug_frame   0x000014f8      0x108 c:/android-ndk-r8d/toolchains/arm-linux-androideabi-4.4.3/prebuilt/windows/bin/../lib/gcc/arm-linux-androideabi/4.4.3\libgcc.a(pr-support.o)
 .debug_frame   0x00001600       0x44 c:/android-ndk-r8d/toolchains/arm-linux-androideabi-4.4.3/prebuilt/windows/bin/../lib/gcc/arm-linux-androideabi/4.4.3\libgcc.a(_divdi3.o)
 .debug_frame   0x00001644       0x48 c:/android-ndk-r8d/toolchains/arm-linux-androideabi-4.4.3/prebuilt/windows/bin/../lib/gcc/arm-linux-androideabi/4.4.3\libgcc.a(_udivdi3.o)
 .debug_frame   0x0000168c       0x28 c:/android-ndk-r8d/toolchains/arm-linux-androideabi-4.4.3/prebuilt/windows/bin/../lib/gcc/arm-linux-androideabi/4.4.3\libgcc.a(_udivsi3.o)

.debug_str      0x00000000     0x738d
 *(.debug_str)
 .debug_str     0x00000000     0x62de debug\FuseAPI_platform.os
                               0x646d (size before relaxing)
 .debug_str     0x000062de       0x92 debug\FuseAPI.os
                                0x6b7 (size before relaxing)
 .debug_str     0x00006370      0x533 debug\FuseAPI_register.os
                                0x9d9 (size before relaxing)
 .debug_str     0x000068a3       0x97 c:/android-ndk-r8d/toolchains/arm-linux-androideabi-4.4.3/prebuilt/windows/bin/../lib/gcc/arm-linux-androideabi/4.4.3\libgcc.a(bpabi.o)
                                 0xbc (size before relaxing)
 .debug_str     0x0000693a      0x7eb c:/android-ndk-r8d/toolchains/arm-linux-androideabi-4.4.3/prebuilt/windows/bin/../lib/gcc/arm-linux-androideabi/4.4.3\libgcc.a(unwind-arm.o)
                                0x8d2 (size before relaxing)
 .debug_str     0x00007125      0x11b c:/android-ndk-r8d/toolchains/arm-linux-androideabi-4.4.3/prebuilt/windows/bin/../lib/gcc/arm-linux-androideabi/4.4.3\libgcc.a(pr-support.o)
                                0x438 (size before relaxing)
 .debug_str     0x00007240      0x143 c:/android-ndk-r8d/toolchains/arm-linux-androideabi-4.4.3/prebuilt/windows/bin/../lib/gcc/arm-linux-androideabi/4.4.3\libgcc.a(_divdi3.o)
                                0x1f3 (size before relaxing)
 .debug_str     0x00007383        0xa c:/android-ndk-r8d/toolchains/arm-linux-androideabi-4.4.3/prebuilt/windows/bin/../lib/gcc/arm-linux-androideabi/4.4.3\libgcc.a(_udivdi3.o)
                                0x1f4 (size before relaxing)

.debug_loc      0x00000000     0x3b8d
 *(.debug_loc)
 .debug_loc     0x00000000      0xdfb debug\FuseAPI_platform.os
 .debug_loc     0x00000dfb      0x610 debug\FuseAPI.os
 .debug_loc     0x0000140b      0x675 debug\FuseAPI_register.os
 .debug_loc     0x00001a80      0x120 c:/android-ndk-r8d/toolchains/arm-linux-androideabi-4.4.3/prebuilt/windows/bin/../lib/gcc/arm-linux-androideabi/4.4.3\libgcc.a(bpabi.o)
 .debug_loc     0x00001ba0      0xfef c:/android-ndk-r8d/toolchains/arm-linux-androideabi-4.4.3/prebuilt/windows/bin/../lib/gcc/arm-linux-androideabi/4.4.3\libgcc.a(unwind-arm.o)
 .debug_loc     0x00002b8f      0x2f9 c:/android-ndk-r8d/toolchains/arm-linux-androideabi-4.4.3/prebuilt/windows/bin/../lib/gcc/arm-linux-androideabi/4.4.3\libgcc.a(pr-support.o)
 .debug_loc     0x00002e88      0x6cf c:/android-ndk-r8d/toolchains/arm-linux-androideabi-4.4.3/prebuilt/windows/bin/../lib/gcc/arm-linux-androideabi/4.4.3\libgcc.a(_divdi3.o)
 .debug_loc     0x00003557      0x636 c:/android-ndk-r8d/toolchains/arm-linux-androideabi-4.4.3/prebuilt/windows/bin/../lib/gcc/arm-linux-androideabi/4.4.3\libgcc.a(_udivdi3.o)

.debug_macinfo
 *(.debug_macinfo)

.debug_weaknames
 *(.debug_weaknames)

.debug_funcnames
 *(.debug_funcnames)

.debug_typenames
 *(.debug_typenames)

.debug_varnames
 *(.debug_varnames)

.debug_pubtypes
 *(.debug_pubtypes)

.debug_ranges   0x00000000      0x890
 *(.debug_ranges)
 .debug_ranges  0x00000000      0x290 debug\FuseAPI_platform.os
 .debug_ranges  0x00000290      0x150 debug\FuseAPI.os
 .debug_ranges  0x000003e0      0x160 debug\FuseAPI_register.os
 .debug_ranges  0x00000540      0x1f8 c:/android-ndk-r8d/toolchains/arm-linux-androideabi-4.4.3/prebuilt/windows/bin/../lib/gcc/arm-linux-androideabi/4.4.3\libgcc.a(unwind-arm.o)
 .debug_ranges  0x00000738       0x30 c:/android-ndk-r8d/toolchains/arm-linux-androideabi-4.4.3/prebuilt/windows/bin/../lib/gcc/arm-linux-androideabi/4.4.3\libgcc.a(pr-support.o)
 .debug_ranges  0x00000768       0xa0 c:/android-ndk-r8d/toolchains/arm-linux-androideabi-4.4.3/prebuilt/windows/bin/../lib/gcc/arm-linux-androideabi/4.4.3\libgcc.a(_divdi3.o)
 .debug_ranges  0x00000808       0x88 c:/android-ndk-r8d/toolchains/arm-linux-androideabi-4.4.3/prebuilt/windows/bin/../lib/gcc/arm-linux-androideabi/4.4.3\libgcc.a(_udivdi3.o)

.gnu.attributes
 *(.gnu.attributes)

.note.gnu.arm.ident
 *(.note.gnu.arm.ident)

/DISCARD/
 *(.note.GNU-stack)
 *(.gnu_debuglink)
OUTPUT(C:\depot\Projects\Marmalade\6.3\extensions\FuseAPI\lib\android\libFuseAPI_d.so elf32-littlearm)

.ARM.attributes
                0x00000000       0x31
 .ARM.attributes
                0x00000000       0x2d C:/android-ndk-r8d/platforms/android-9/arch-arm/usr/lib/crtbegin_so.o
 .ARM.attributes
                0x0000002d       0x2d debug\FuseAPI_platform.os
 .ARM.attributes
                0x0000005a       0x2b debug\FuseAPI.os
 .ARM.attributes
                0x00000085       0x2b debug\FuseAPI_register.os
 .ARM.attributes
                0x000000b0       0x2b C:\depot\Projects\Marmalade\6.3\s3e\edk\lib\android\libedk.a(IwDebug.o)
 .ARM.attributes
                0x000000db       0x2b C:\depot\Projects\Marmalade\6.3\s3e\edk\lib\android\libedk.a(edk_helpers.o)
 .ARM.attributes
                0x00000106       0x19 c:/android-ndk-r8d/toolchains/arm-linux-androideabi-4.4.3/prebuilt/windows/bin/../lib/gcc/arm-linux-androideabi/4.4.3\libgcc.a(_aeabi_ldivmod.o)
 .ARM.attributes
                0x0000011f       0x29 c:/android-ndk-r8d/toolchains/arm-linux-androideabi-4.4.3/prebuilt/windows/bin/../lib/gcc/arm-linux-androideabi/4.4.3\libgcc.a(bpabi.o)
 .ARM.attributes
                0x00000148       0x29 c:/android-ndk-r8d/toolchains/arm-linux-androideabi-4.4.3/prebuilt/windows/bin/../lib/gcc/arm-linux-androideabi/4.4.3\libgcc.a(unwind-arm.o)
 .ARM.attributes
                0x00000171       0x19 c:/android-ndk-r8d/toolchains/arm-linux-androideabi-4.4.3/prebuilt/windows/bin/../lib/gcc/arm-linux-androideabi/4.4.3\libgcc.a(libunwind.o)
 .ARM.attributes
                0x0000018a       0x29 c:/android-ndk-r8d/toolchains/arm-linux-androideabi-4.4.3/prebuilt/windows/bin/../lib/gcc/arm-linux-androideabi/4.4.3\libgcc.a(pr-support.o)
 .ARM.attributes
                0x000001b3       0x29 c:/android-ndk-r8d/toolchains/arm-linux-androideabi-4.4.3/prebuilt/windows/bin/../lib/gcc/arm-linux-androideabi/4.4.3\libgcc.a(_divdi3.o)
 .ARM.attributes
                0x000001dc       0x29 c:/android-ndk-r8d/toolchains/arm-linux-androideabi-4.4.3/prebuilt/windows/bin/../lib/gcc/arm-linux-androideabi/4.4.3\libgcc.a(_udivdi3.o)
 .ARM.attributes
                0x00000205       0x19 c:/android-ndk-r8d/toolchains/arm-linux-androideabi-4.4.3/prebuilt/windows/bin/../lib/gcc/arm-linux-androideabi/4.4.3\libgcc.a(_udivsi3.o)
 .ARM.attributes
                0x0000021e       0x19 c:/android-ndk-r8d/toolchains/arm-linux-androideabi-4.4.3/prebuilt/windows/bin/../lib/gcc/arm-linux-androideabi/4.4.3\libgcc.a(_dvmd_lnx.o)
 .ARM.attributes
                0x00000237       0x1f C:/android-ndk-r8d/platforms/android-9/arch-arm/usr/lib/crtend_so.o
